
Note: No compatibility mode selected!


Circuit: * klt sim -- generated corner deck, do not edit

Doing analysis at TEMP = 27.000000 and TNOM = 27.000000

Using SPARSE 1.3 as Direct Linear Solver

No. of Data Rows : 3

  Measurements for Transient Analysis


Reset re-loads circuit * klt sim -- generated corner deck, do not edit

Circuit: * klt sim -- generated corner deck, do not edit

Doing analysis at TEMP = 27.000000 and TNOM = 27.000000

Using SPARSE 1.3 as Direct Linear Solver

No. of Data Rows : 3

  Measurements for Transient Analysis


Reset re-loads circuit * klt sim -- generated corner deck, do not edit

Circuit: * klt sim -- generated corner deck, do not edit

Doing analysis at TEMP = 27.000000 and TNOM = 27.000000

Using SPARSE 1.3 as Direct Linear Solver

No. of Data Rows : 3

No. of Data Rows : 1

  Measurements for Transient Analysis


m_s11_db_lo = -7.137050914e-01
m_s11_db_mid = -7.606210701e-01
m_s11_db_hi = -8.111563066e-01
m_s21_db_lo = 8.6707626540e+00
m_s21_db_mid = 8.6173751838e+00
m_s21_db_hi = 8.5595589491e+00
m_s22_db_lo = -4.676546300e+00
m_s22_db_mid = -4.724581079e+00
m_s22_db_hi = -4.775392460e+00
m_s12_db_lo = -2.491277029e+01
m_s12_db_mid = -2.414784938e+01
m_s12_db_hi = -2.345801841e+01
m_k_lo = 3.0771918657e-01
m_k_mid = 3.1067652189e-01
m_k_hi = 3.1576135244e-01
m_nf_db_lo = 4.1483032462e+00
m_nf_db_mid = 4.1564732156e+00
m_nf_db_hi = 4.1655135626e+00
Doing analysis at TEMP = 27.000000 and TNOM = 27.000000

Using SPARSE 1.3 as Direct Linear Solver

Initial Transient Solution
--------------------------

Node                                   Voltage
----                                   -------
vdd                                       2.25
coll                                   1.51543
base                                  0.902918
emit                                 0.0367857
xq1.s1                             1.06567e-09
xq1.t                                   17.721
bb                                        0.92
s1n                                          0
p1                                           0
s2n                                          0
p2                                           0
vs2#branch                                   0
vs1#branch                                   0
vbb#branch                        -5.69385e-06
vdd#branch                         -0.00367287


No. of Data Rows : 59

  Measurements for Transient Analysis

lna_rail_v          =  2.25000e+00

ngspice-46 done
