
Note: No compatibility mode selected!


Circuit: * klt sim -- generated corner deck, do not edit

Doing analysis at TEMP = 125.000000 and TNOM = 27.000000

Using SPARSE 1.3 as Direct Linear Solver


The temperature limiting function received NaN.
Please check your power dissipation and improve your heat sink Rth!
    This message will be shown only once.

Note: Starting dynamic gmin stepping
Note: Dynamic gmin stepping completed

No. of Data Rows : 3

  Measurements for Transient Analysis


Reset re-loads circuit * klt sim -- generated corner deck, do not edit

Circuit: * klt sim -- generated corner deck, do not edit

Doing analysis at TEMP = 125.000000 and TNOM = 27.000000

Using SPARSE 1.3 as Direct Linear Solver
Note: Starting dynamic gmin stepping
Note: Dynamic gmin stepping completed

No. of Data Rows : 3

  Measurements for Transient Analysis


Reset re-loads circuit * klt sim -- generated corner deck, do not edit

Circuit: * klt sim -- generated corner deck, do not edit

Doing analysis at TEMP = 125.000000 and TNOM = 27.000000

Using SPARSE 1.3 as Direct Linear Solver
Note: Starting dynamic gmin stepping
Note: Dynamic gmin stepping completed

No. of Data Rows : 3

No. of Data Rows : 1

  Measurements for Transient Analysis


m_s11_db_lo = -8.506317102e-01
m_s11_db_mid = -9.089832464e-01
m_s11_db_hi = -9.716274381e-01
m_s21_db_lo = 8.8853184645e+00
m_s21_db_mid = 8.8192157291e+00
m_s21_db_hi = 8.7479037132e+00
m_s22_db_lo = -4.724691297e+00
m_s22_db_mid = -4.783205015e+00
m_s22_db_hi = -4.845046900e+00
m_s12_db_lo = -2.478456749e+01
m_s12_db_mid = -2.403209763e+01
m_s12_db_hi = -2.335548194e+01
m_k_lo = 3.5606278804e-01
m_k_mid = 3.6084021175e-01
m_k_hi = 3.6796771970e-01
m_nf_db_lo = 4.9054351920e+00
m_nf_db_mid = 4.9183085686e+00
m_nf_db_hi = 4.9324982211e+00
Doing analysis at TEMP = 125.000000 and TNOM = 27.000000

Using SPARSE 1.3 as Direct Linear Solver
Note: Starting dynamic gmin stepping
Note: Dynamic gmin stepping completed

Initial Transient Solution
--------------------------

Node                                   Voltage
----                                   -------
vdd                                        2.5
coll                                   1.39834
base                                  0.866902
emit                                 0.0552598
xq1.s1                             1.22225e-06
xq1.t                                  24.1645
bb                                        0.92
s1n                                          0
p1                                           0
s2n                                          0
p2                                           0
vs2#branch                                   0
vs1#branch                                   0
vbb#branch                        -1.76992e-05
vdd#branch                         -0.00550828


No. of Data Rows : 59

  Measurements for Transient Analysis

lna_rail_v          =  2.50000e+00

ngspice-46 done
