
Note: No compatibility mode selected!


Circuit: * klt sim -- generated corner deck, do not edit

Doing analysis at TEMP = 27.000000 and TNOM = 27.000000

Using SPARSE 1.3 as Direct Linear Solver

No. of Data Rows : 3

  Measurements for Transient Analysis


Reset re-loads circuit * klt sim -- generated corner deck, do not edit

Circuit: * klt sim -- generated corner deck, do not edit

Doing analysis at TEMP = 27.000000 and TNOM = 27.000000

Using SPARSE 1.3 as Direct Linear Solver

No. of Data Rows : 3

  Measurements for Transient Analysis


Reset re-loads circuit * klt sim -- generated corner deck, do not edit

Circuit: * klt sim -- generated corner deck, do not edit

Doing analysis at TEMP = 27.000000 and TNOM = 27.000000

Using SPARSE 1.3 as Direct Linear Solver

No. of Data Rows : 3

No. of Data Rows : 1

  Measurements for Transient Analysis


m_s11_db_lo = -7.673862562e-01
m_s11_db_mid = -8.135091777e-01
m_s11_db_hi = -8.632062114e-01
m_s21_db_lo = 8.9815963409e+00
m_s21_db_mid = 8.9285676327e+00
m_s21_db_hi = 8.8711343561e+00
m_s22_db_lo = -4.769632610e+00
m_s22_db_mid = -4.817250712e+00
m_s22_db_hi = -4.867647882e+00
m_s12_db_lo = -2.514422582e+01
m_s12_db_mid = -2.438009302e+01
m_s12_db_hi = -2.369070395e+01
m_k_lo = 3.4863174377e-01
m_k_mid = 3.4728934388e-01
m_k_hi = 3.4872469540e-01
m_nf_db_lo = 4.0705819917e+00
m_nf_db_mid = 4.0791231407e+00
m_nf_db_hi = 4.0885700776e+00
Doing analysis at TEMP = 27.000000 and TNOM = 27.000000

Using SPARSE 1.3 as Direct Linear Solver

Initial Transient Solution
--------------------------

Node                                   Voltage
----                                   -------
vdd                                       2.75
coll                                   1.88395
base                                  0.913254
emit                                 0.0433252
xq1.s1                             1.37852e-09
xq1.t                                    25.99
bb                                        0.92
s1n                                          0
p1                                           0
s2n                                          0
p2                                           0
vs2#branch                                   0
vs1#branch                                   0
vbb#branch                        -2.24865e-06
vdd#branch                         -0.00433027


No. of Data Rows : 59

  Measurements for Transient Analysis

lna_rail_v          =  2.75000e+00

ngspice-46 done
