
Note: No compatibility mode selected!


Circuit: * klt sim -- generated corner deck, do not edit

Doing analysis at TEMP = 125.000000 and TNOM = 27.000000

Using SPARSE 1.3 as Direct Linear Solver


The temperature limiting function received NaN.
Please check your power dissipation and improve your heat sink Rth!
    This message will be shown only once.

Note: Starting dynamic gmin stepping
Note: Dynamic gmin stepping completed

No. of Data Rows : 3

  Measurements for Transient Analysis


Reset re-loads circuit * klt sim -- generated corner deck, do not edit

Circuit: * klt sim -- generated corner deck, do not edit

Doing analysis at TEMP = 125.000000 and TNOM = 27.000000

Using SPARSE 1.3 as Direct Linear Solver
Note: Starting dynamic gmin stepping
Note: Dynamic gmin stepping completed

No. of Data Rows : 3

  Measurements for Transient Analysis


Reset re-loads circuit * klt sim -- generated corner deck, do not edit

Circuit: * klt sim -- generated corner deck, do not edit

Doing analysis at TEMP = 125.000000 and TNOM = 27.000000

Using SPARSE 1.3 as Direct Linear Solver
Note: Starting dynamic gmin stepping
Note: Dynamic gmin stepping completed

No. of Data Rows : 3

No. of Data Rows : 1

  Measurements for Transient Analysis


m_s11_db_lo = -1.014531388e+00
m_s11_db_mid = -1.080248720e+00
m_s11_db_hi = -1.150749818e+00
m_s21_db_lo = 7.6901751951e+00
m_s21_db_mid = 7.6188068256e+00
m_s21_db_hi = 7.5419836870e+00
m_s22_db_lo = -4.853757902e+00
m_s22_db_mid = -4.915890177e+00
m_s22_db_hi = -4.981473100e+00
m_s12_db_lo = -2.453315744e+01
m_s12_db_mid = -2.378787374e+01
m_s12_db_hi = -2.311828649e+01
m_k_lo = 5.1095513917e-01
m_k_mid = 5.1136242375e-01
m_k_hi = 5.1562603415e-01
m_nf_db_lo = 5.5596098163e+00
m_nf_db_mid = 5.5746063746e+00
m_nf_db_hi = 5.5910984858e+00
Doing analysis at TEMP = 125.000000 and TNOM = 27.000000

Using SPARSE 1.3 as Direct Linear Solver
Note: Starting dynamic gmin stepping
Note: Dynamic gmin stepping completed

Initial Transient Solution
--------------------------

Node                                   Voltage
----                                   -------
vdd                                       2.75
coll                                   1.82303
base                                  0.861157
emit                                 0.0465444
xq1.s1                             1.51864e-06
xq1.t                                  26.8939
bb                                        0.92
s1n                                          0
p1                                           0
s2n                                          0
p2                                           0
vs2#branch                                   0
vs1#branch                                   0
vbb#branch                        -1.96142e-05
vdd#branch                         -0.00463483


No. of Data Rows : 59

  Measurements for Transient Analysis

lna_rail_v          =  2.75000e+00

ngspice-46 done
