
Note: No compatibility mode selected!


Circuit: * klt sim -- generated corner deck, do not edit

Doing analysis at TEMP = 27.000000 and TNOM = 27.000000

Using SPARSE 1.3 as Direct Linear Solver

No. of Data Rows : 3

  Measurements for Transient Analysis


Reset re-loads circuit * klt sim -- generated corner deck, do not edit

Circuit: * klt sim -- generated corner deck, do not edit

Doing analysis at TEMP = 27.000000 and TNOM = 27.000000

Using SPARSE 1.3 as Direct Linear Solver

No. of Data Rows : 3

  Measurements for Transient Analysis


Reset re-loads circuit * klt sim -- generated corner deck, do not edit

Circuit: * klt sim -- generated corner deck, do not edit

Doing analysis at TEMP = 27.000000 and TNOM = 27.000000

Using SPARSE 1.3 as Direct Linear Solver

No. of Data Rows : 3

No. of Data Rows : 1

  Measurements for Transient Analysis


m_s11_db_lo = -7.311709806e-01
m_s11_db_mid = -7.774931912e-01
m_s11_db_hi = -8.273995766e-01
m_s21_db_lo = 8.7845609677e+00
m_s21_db_mid = 8.7316672958e+00
m_s21_db_hi = 8.6743754426e+00
m_s22_db_lo = -4.707510161e+00
m_s22_db_mid = -4.755066699e+00
m_s22_db_hi = -4.805385116e+00
m_s12_db_lo = -2.504044812e+01
m_s12_db_mid = -2.427518494e+01
m_s12_db_hi = -2.358492166e+01
m_k_lo = 3.2312690937e-01
m_k_mid = 3.2440298046e-01
m_k_hi = 3.2805826960e-01
m_nf_db_lo = 4.1209256490e+00
m_nf_db_mid = 4.1292107381e+00
m_nf_db_hi = 4.1383773555e+00
Doing analysis at TEMP = 27.000000 and TNOM = 27.000000

Using SPARSE 1.3 as Direct Linear Solver

Initial Transient Solution
--------------------------

Node                                   Voltage
----                                   -------
vdd                                        2.5
coll                                   1.72034
base                                  0.905884
emit                                   0.03903
xq1.s1                              1.2272e-09
xq1.t                                  21.3805
bb                                        0.92
s1n                                          0
p1                                           0
s2n                                          0
p2                                           0
vs2#branch                                   0
vs1#branch                                   0
vbb#branch                        -4.70543e-06
vdd#branch                          -0.0038983


No. of Data Rows : 59

  Measurements for Transient Analysis

lna_rail_v          =  2.50000e+00

ngspice-46 done
