
Note: No compatibility mode selected!


Circuit: * klt sim -- generated corner deck, do not edit

Doing analysis at TEMP = -40.000000 and TNOM = 27.000000

Using SPARSE 1.3 as Direct Linear Solver

No. of Data Rows : 3

  Measurements for Transient Analysis


Reset re-loads circuit * klt sim -- generated corner deck, do not edit

Circuit: * klt sim -- generated corner deck, do not edit

Doing analysis at TEMP = -40.000000 and TNOM = 27.000000

Using SPARSE 1.3 as Direct Linear Solver

No. of Data Rows : 3

  Measurements for Transient Analysis


Reset re-loads circuit * klt sim -- generated corner deck, do not edit

Circuit: * klt sim -- generated corner deck, do not edit

Doing analysis at TEMP = -40.000000 and TNOM = 27.000000

Using SPARSE 1.3 as Direct Linear Solver

No. of Data Rows : 3

No. of Data Rows : 1

  Measurements for Transient Analysis


m_s11_db_lo = -6.346108640e-01
m_s11_db_mid = -6.734703686e-01
m_s11_db_hi = -7.154362699e-01
m_s21_db_lo = 8.4837351157e+00
m_s21_db_mid = 8.4393706440e+00
m_s21_db_hi = 8.3911836331e+00
m_s22_db_lo = -4.696527213e+00
m_s22_db_mid = -4.736844220e+00
m_s22_db_hi = -4.779490596e+00
m_s12_db_lo = -2.512887701e+01
m_s12_db_mid = -2.435574779e+01
m_s12_db_hi = -2.365694602e+01
m_k_lo = 2.9842441183e-01
m_k_mid = 2.9809881637e-01
m_k_hi = 3.0009000781e-01
m_nf_db_lo = 3.5713270597e+00
m_nf_db_mid = 3.5768757075e+00
m_nf_db_hi = 3.5830393819e+00
Doing analysis at TEMP = -40.000000 and TNOM = 27.000000

Using SPARSE 1.3 as Direct Linear Solver

Initial Transient Solution
--------------------------

Node                                   Voltage
----                                   -------
vdd                                        2.5
coll                                   1.96245
base                                  0.928087
emit                                 0.0268507
xq1.s1                             1.35033e-09
xq1.t                                  16.9513
bb                                        0.92
s1n                                          0
p1                                           0
s2n                                          0
p2                                           0
vs2#branch                                   0
vs1#branch                                   0
vbb#branch                          2.6958e-06
vdd#branch                         -0.00268776


No. of Data Rows : 59

  Measurements for Transient Analysis

lna_rail_v          =  2.50000e+00

ngspice-46 done
