
Note: No compatibility mode selected!


Circuit: * klt sim -- generated corner deck, do not edit

Doing analysis at TEMP = 125.000000 and TNOM = 27.000000

Using SPARSE 1.3 as Direct Linear Solver


The temperature limiting function received NaN.
Please check your power dissipation and improve your heat sink Rth!
    This message will be shown only once.

Note: Starting dynamic gmin stepping
Note: Dynamic gmin stepping completed

No. of Data Rows : 3

  Measurements for Transient Analysis


Reset re-loads circuit * klt sim -- generated corner deck, do not edit

Circuit: * klt sim -- generated corner deck, do not edit

Doing analysis at TEMP = 125.000000 and TNOM = 27.000000

Using SPARSE 1.3 as Direct Linear Solver
Note: Starting dynamic gmin stepping
Note: Dynamic gmin stepping completed

No. of Data Rows : 3

  Measurements for Transient Analysis


Reset re-loads circuit * klt sim -- generated corner deck, do not edit

Circuit: * klt sim -- generated corner deck, do not edit

Doing analysis at TEMP = 125.000000 and TNOM = 27.000000

Using SPARSE 1.3 as Direct Linear Solver
Note: Starting dynamic gmin stepping
Note: Dynamic gmin stepping completed

No. of Data Rows : 3

No. of Data Rows : 1

  Measurements for Transient Analysis


m_s11_db_lo = -8.697861010e-01
m_s11_db_mid = -9.266335876e-01
m_s11_db_hi = -9.876938097e-01
m_s21_db_lo = 8.9131281042e+00
m_s21_db_mid = 8.8486256984e+00
m_s21_db_hi = 8.7790053725e+00
m_s22_db_lo = -4.749265116e+00
m_s22_db_mid = -4.806230675e+00
m_s22_db_hi = -4.866456408e+00
m_s12_db_lo = -2.497123892e+01
m_s12_db_mid = -2.421724177e+01
m_s12_db_hi = -2.353896478e+01
m_k_lo = 3.7753972470e-01
m_k_mid = 3.8011319466e-01
m_k_hi = 3.8537676812e-01
m_nf_db_lo = 4.9053432020e+00
m_nf_db_mid = 4.9182778543e+00
m_nf_db_hi = 4.9325364167e+00
Doing analysis at TEMP = 125.000000 and TNOM = 27.000000

Using SPARSE 1.3 as Direct Linear Solver
Note: Starting dynamic gmin stepping
Note: Dynamic gmin stepping completed

Initial Transient Solution
--------------------------

Node                                   Voltage
----                                   -------
vdd                                       2.75
coll                                   1.61895
base                                  0.866903
emit                                 0.0567296
xq1.s1                             1.77088e-06
xq1.t                                   28.848
bb                                        0.92
s1n                                          0
p1                                           0
s2n                                          0
p2                                           0
vs2#branch                                   0
vs1#branch                                   0
vbb#branch                         -1.7699e-05
vdd#branch                         -0.00565527


No. of Data Rows : 59

  Measurements for Transient Analysis

lna_rail_v          =  2.75000e+00

ngspice-46 done
