
Note: No compatibility mode selected!


Circuit: * klt sim -- generated corner deck, do not edit

Doing analysis at TEMP = 125.000000 and TNOM = 27.000000

Using SPARSE 1.3 as Direct Linear Solver


The temperature limiting function received NaN.
Please check your power dissipation and improve your heat sink Rth!
    This message will be shown only once.

Note: Starting dynamic gmin stepping
Note: Dynamic gmin stepping completed

No. of Data Rows : 3

  Measurements for Transient Analysis


Reset re-loads circuit * klt sim -- generated corner deck, do not edit

Circuit: * klt sim -- generated corner deck, do not edit

Doing analysis at TEMP = 125.000000 and TNOM = 27.000000

Using SPARSE 1.3 as Direct Linear Solver
Note: Starting dynamic gmin stepping
Note: Dynamic gmin stepping completed

No. of Data Rows : 3

  Measurements for Transient Analysis


Reset re-loads circuit * klt sim -- generated corner deck, do not edit

Circuit: * klt sim -- generated corner deck, do not edit

Doing analysis at TEMP = 125.000000 and TNOM = 27.000000

Using SPARSE 1.3 as Direct Linear Solver
Note: Starting dynamic gmin stepping
Note: Dynamic gmin stepping completed

No. of Data Rows : 3

No. of Data Rows : 1

  Measurements for Transient Analysis


m_s11_db_lo = -9.570144381e-01
m_s11_db_mid = -1.023878927e+00
m_s11_db_hi = -1.095582947e+00
m_s21_db_lo = 7.5782201796e+00
m_s21_db_mid = 7.5059472328e+00
m_s21_db_hi = 7.4281697725e+00
m_s22_db_lo = -4.772039408e+00
m_s22_db_mid = -4.835130384e+00
m_s22_db_hi = -4.901705865e+00
m_s12_db_lo = -2.437377712e+01
m_s12_db_mid = -2.362793022e+01
m_s12_db_hi = -2.295821966e+01
m_k_lo = 4.6435843356e-01
m_k_mid = 4.6930333396e-01
m_k_hi = 4.7739800655e-01
m_nf_db_lo = 5.5875667001e+00
m_nf_db_mid = 5.6023657706e+00
m_nf_db_hi = 5.6186390271e+00
Doing analysis at TEMP = 125.000000 and TNOM = 27.000000

Using SPARSE 1.3 as Direct Linear Solver
Note: Starting dynamic gmin stepping
Note: Dynamic gmin stepping completed

Initial Transient Solution
--------------------------

Node                                   Voltage
----                                   -------
vdd                                        2.5
coll                                   1.63704
base                                  0.855552
emit                                  0.043363
xq1.s1                              1.0674e-06
xq1.t                                  22.4739
bb                                        0.92
s1n                                          0
p1                                           0
s2n                                          0
p2                                           0
vs2#branch                                   0
vs1#branch                                   0
vbb#branch                        -2.14828e-05
vdd#branch                         -0.00431482


No. of Data Rows : 59

  Measurements for Transient Analysis

lna_rail_v          =  2.50000e+00

ngspice-46 done
