
Note: No compatibility mode selected!


Circuit: * klt sim -- generated corner deck, do not edit

Doing analysis at TEMP = 27.000000 and TNOM = 27.000000

Using SPARSE 1.3 as Direct Linear Solver

No. of Data Rows : 3

  Measurements for Transient Analysis


Reset re-loads circuit * klt sim -- generated corner deck, do not edit

Circuit: * klt sim -- generated corner deck, do not edit

Doing analysis at TEMP = 27.000000 and TNOM = 27.000000

Using SPARSE 1.3 as Direct Linear Solver

No. of Data Rows : 3

  Measurements for Transient Analysis


Reset re-loads circuit * klt sim -- generated corner deck, do not edit

Circuit: * klt sim -- generated corner deck, do not edit

Doing analysis at TEMP = 27.000000 and TNOM = 27.000000

Using SPARSE 1.3 as Direct Linear Solver

No. of Data Rows : 3

No. of Data Rows : 1

  Measurements for Transient Analysis


m_s11_db_lo = -8.424602023e-01
m_s11_db_mid = -8.973428347e-01
m_s11_db_hi = -9.563871234e-01
m_s21_db_lo = 7.9142095196e+00
m_s21_db_mid = 7.8539041137e+00
m_s21_db_hi = 7.7887800118e+00
m_s22_db_lo = -4.830175004e+00
m_s22_db_mid = -4.884159246e+00
m_s22_db_hi = -4.941240081e+00
m_s12_db_lo = -2.457865626e+01
m_s12_db_mid = -2.382308681e+01
m_s12_db_hi = -2.314245902e+01
m_k_lo = 4.2317874584e-01
m_k_mid = 4.2317296753e-01
m_k_hi = 4.2639241886e-01
m_nf_db_lo = 4.6403572771e+00
m_nf_db_mid = 4.6505564068e+00
m_nf_db_hi = 4.6618054623e+00
Doing analysis at TEMP = 27.000000 and TNOM = 27.000000

Using SPARSE 1.3 as Direct Linear Solver

Initial Transient Solution
--------------------------

Node                                   Voltage
----                                   -------
vdd                                       2.75
coll                                   2.00777
base                                  0.914325
emit                                 0.0371303
xq1.s1                             1.44211e-09
xq1.t                                  23.8472
bb                                        0.92
s1n                                          0
p1                                           0
s2n                                          0
p2                                           0
vs2#branch                                   0
vs1#branch                                   0
vbb#branch                        -1.89176e-06
vdd#branch                         -0.00371114


No. of Data Rows : 59

  Measurements for Transient Analysis

lna_rail_v          =  2.75000e+00

ngspice-46 done
