
Note: No compatibility mode selected!


Circuit: * klt sim -- generated corner deck, do not edit

Doing analysis at TEMP = 125.000000 and TNOM = 27.000000

Using SPARSE 1.3 as Direct Linear Solver


The temperature limiting function received NaN.
Please check your power dissipation and improve your heat sink Rth!
    This message will be shown only once.

Note: Starting dynamic gmin stepping
Note: Dynamic gmin stepping completed

No. of Data Rows : 3

  Measurements for Transient Analysis


Reset re-loads circuit * klt sim -- generated corner deck, do not edit

Circuit: * klt sim -- generated corner deck, do not edit

Doing analysis at TEMP = 125.000000 and TNOM = 27.000000

Using SPARSE 1.3 as Direct Linear Solver
Note: Starting dynamic gmin stepping
Note: Dynamic gmin stepping completed

No. of Data Rows : 3

  Measurements for Transient Analysis


Reset re-loads circuit * klt sim -- generated corner deck, do not edit

Circuit: * klt sim -- generated corner deck, do not edit

Doing analysis at TEMP = 125.000000 and TNOM = 27.000000

Using SPARSE 1.3 as Direct Linear Solver
Note: Starting dynamic gmin stepping
Note: Dynamic gmin stepping completed

No. of Data Rows : 3

No. of Data Rows : 1

  Measurements for Transient Analysis


m_s11_db_lo = -8.595484372e-01
m_s11_db_mid = -9.200452871e-01
m_s11_db_hi = -9.849484641e-01
m_s21_db_lo = 8.8614715426e+00
m_s21_db_mid = 8.7929259016e+00
m_s21_db_hi = 8.7190379591e+00
m_s22_db_lo = -4.734190411e+00
m_s22_db_mid = -4.794995386e+00
m_s22_db_hi = -4.859231373e+00
m_s12_db_lo = -2.453709558e+01
m_s12_db_mid = -2.378717099e+01
m_s12_db_hi = -2.311324309e+01
m_k_lo = 3.5043085246e-01
m_k_mid = 3.5616436091e-01
m_k_hi = 3.6412787389e-01
m_nf_db_lo = 4.9014129993e+00
m_nf_db_mid = 4.9143451764e+00
m_nf_db_hi = 4.9285962632e+00
Doing analysis at TEMP = 125.000000 and TNOM = 27.000000

Using SPARSE 1.3 as Direct Linear Solver
Note: Starting dynamic gmin stepping
Note: Dynamic gmin stepping completed

Initial Transient Solution
--------------------------

Node                                   Voltage
----                                   -------
vdd                                       2.25
coll                                   1.16206
base                                  0.868691
emit                                 0.0545678
xq1.s1                             8.51306e-07
xq1.t                                   19.685
bb                                        0.92
s1n                                          0
p1                                           0
s2n                                          0
p2                                           0
vs2#branch                                   0
vs1#branch                                   0
vbb#branch                         -1.7103e-05
vdd#branch                         -0.00543968


No. of Data Rows : 59

  Measurements for Transient Analysis

lna_rail_v          =  2.25000e+00

ngspice-46 done
