
Note: No compatibility mode selected!


Circuit: * klt sim -- generated corner deck, do not edit

Doing analysis at TEMP = -40.000000 and TNOM = 27.000000

Using SPARSE 1.3 as Direct Linear Solver

No. of Data Rows : 3

  Measurements for Transient Analysis


Reset re-loads circuit * klt sim -- generated corner deck, do not edit

Circuit: * klt sim -- generated corner deck, do not edit

Doing analysis at TEMP = -40.000000 and TNOM = 27.000000

Using SPARSE 1.3 as Direct Linear Solver

No. of Data Rows : 3

  Measurements for Transient Analysis


Reset re-loads circuit * klt sim -- generated corner deck, do not edit

Circuit: * klt sim -- generated corner deck, do not edit

Doing analysis at TEMP = -40.000000 and TNOM = 27.000000

Using SPARSE 1.3 as Direct Linear Solver

No. of Data Rows : 3

No. of Data Rows : 1

  Measurements for Transient Analysis


m_s11_db_lo = -6.314644210e-01
m_s11_db_mid = -6.637077163e-01
m_s11_db_hi = -6.985714776e-01
m_s21_db_lo = 9.9945612542e+00
m_s21_db_mid = 9.9551809104e+00
m_s21_db_hi = 9.9123024636e+00
m_s22_db_lo = -4.733593226e+00
m_s22_db_mid = -4.768889713e+00
m_s22_db_hi = -4.806226344e+00
m_s12_db_lo = -2.588036160e+01
m_s12_db_mid = -2.510315916e+01
m_s12_db_hi = -2.439963069e+01
m_k_lo = 2.7274873112e-01
m_k_mid = 2.6820309318e-01
m_k_hi = 2.6611055413e-01
m_nf_db_lo = 2.9690409354e+00
m_nf_db_mid = 2.9736347001e+00
m_nf_db_hi = 2.9787563926e+00
Doing analysis at TEMP = -40.000000 and TNOM = 27.000000

Using SPARSE 1.3 as Direct Linear Solver

Initial Transient Solution
--------------------------

Node                                   Voltage
----                                   -------
vdd                                       2.75
coll                                   2.00187
base                                  0.937074
emit                                 0.0373497
xq1.s1                             1.37544e-09
xq1.t                                  23.9424
bb                                        0.92
s1n                                          0
p1                                           0
s2n                                          0
p2                                           0
vs2#branch                                   0
vs1#branch                                   0
vbb#branch                         5.69143e-06
vdd#branch                         -0.00374066


No. of Data Rows : 59

  Measurements for Transient Analysis

lna_rail_v          =  2.75000e+00

ngspice-46 done
