
Note: No compatibility mode selected!


Circuit: * klt sim -- generated corner deck, do not edit

Doing analysis at TEMP = -40.000000 and TNOM = 27.000000

Using SPARSE 1.3 as Direct Linear Solver

No. of Data Rows : 3

  Measurements for Transient Analysis


Reset re-loads circuit * klt sim -- generated corner deck, do not edit

Circuit: * klt sim -- generated corner deck, do not edit

Doing analysis at TEMP = -40.000000 and TNOM = 27.000000

Using SPARSE 1.3 as Direct Linear Solver

No. of Data Rows : 3

  Measurements for Transient Analysis


Reset re-loads circuit * klt sim -- generated corner deck, do not edit

Circuit: * klt sim -- generated corner deck, do not edit

Doing analysis at TEMP = -40.000000 and TNOM = 27.000000

Using SPARSE 1.3 as Direct Linear Solver

No. of Data Rows : 3

No. of Data Rows : 1

  Measurements for Transient Analysis


m_s11_db_lo = -6.021190879e-01
m_s11_db_mid = -6.339336440e-01
m_s11_db_hi = -6.683367784e-01
m_s21_db_lo = 9.6159924886e+00
m_s21_db_mid = 9.5776014520e+00
m_s21_db_hi = 9.5357794799e+00
m_s22_db_lo = -4.669742116e+00
m_s22_db_mid = -4.704316776e+00
m_s22_db_hi = -4.740872496e+00
m_s12_db_lo = -2.581333919e+01
m_s12_db_mid = -2.503384818e+01
m_s12_db_hi = -2.432829649e+01
m_k_lo = 2.5680740610e-01
m_k_mid = 2.5405172453e-01
m_k_hi = 2.5349108534e-01
m_nf_db_lo = 3.0537737252e+00
m_nf_db_mid = 3.0581269685e+00
m_nf_db_hi = 3.0629876438e+00
Doing analysis at TEMP = -40.000000 and TNOM = 27.000000

Using SPARSE 1.3 as Direct Linear Solver

Initial Transient Solution
--------------------------

Node                                   Voltage
----                                   -------
vdd                                        2.5
coll                                   1.87545
base                                  0.926795
emit                                 0.0312046
xq1.s1                             1.29132e-09
xq1.t                                  18.7671
bb                                        0.92
s1n                                          0
p1                                           0
s2n                                          0
p2                                           0
vs2#branch                                   0
vs1#branch                                   0
vbb#branch                         2.26496e-06
vdd#branch                         -0.00312273


No. of Data Rows : 59

  Measurements for Transient Analysis

lna_rail_v          =  2.50000e+00

ngspice-46 done
