
Note: No compatibility mode selected!


Circuit: * klt sim -- generated corner deck, do not edit

Doing analysis at TEMP = -40.000000 and TNOM = 27.000000

Using SPARSE 1.3 as Direct Linear Solver

No. of Data Rows : 3

  Measurements for Transient Analysis


Reset re-loads circuit * klt sim -- generated corner deck, do not edit

Circuit: * klt sim -- generated corner deck, do not edit

Doing analysis at TEMP = -40.000000 and TNOM = 27.000000

Using SPARSE 1.3 as Direct Linear Solver

No. of Data Rows : 3

  Measurements for Transient Analysis


Reset re-loads circuit * klt sim -- generated corner deck, do not edit

Circuit: * klt sim -- generated corner deck, do not edit

Doing analysis at TEMP = -40.000000 and TNOM = 27.000000

Using SPARSE 1.3 as Direct Linear Solver

No. of Data Rows : 3

No. of Data Rows : 1

  Measurements for Transient Analysis


m_s11_db_lo = -5.865325440e-01
m_s11_db_mid = -6.181138161e-01
m_s11_db_hi = -6.522660103e-01
m_s21_db_lo = 9.3011946310e+00
m_s21_db_mid = 9.2634071391e+00
m_s21_db_hi = 9.2222314130e+00
m_s22_db_lo = -4.626692858e+00
m_s22_db_mid = -4.660811447e+00
m_s22_db_hi = -4.696869221e+00
m_s12_db_lo = -2.572838437e+01
m_s12_db_mid = -2.494788123e+01
m_s12_db_hi = -2.424139623e+01
m_k_lo = 2.4784998604e-01
m_k_mid = 2.4624486189e-01
m_k_hi = 2.4667598404e-01
m_nf_db_lo = 3.1242540490e+00
m_nf_db_mid = 3.1284721346e+00
m_nf_db_hi = 3.1331869323e+00
Doing analysis at TEMP = -40.000000 and TNOM = 27.000000

Using SPARSE 1.3 as Direct Linear Solver

Initial Transient Solution
--------------------------

Node                                   Voltage
----                                   -------
vdd                                       2.25
coll                                   1.70443
base                                  0.920301
emit                                 0.0272776
xq1.s1                             1.17439e-09
xq1.t                                  14.9141
bb                                        0.92
s1n                                          0
p1                                           0
s2n                                          0
p2                                           0
vs2#branch                                   0
vs1#branch                                   0
vbb#branch                         1.00362e-07
vdd#branch                         -0.00272786


No. of Data Rows : 59

  Measurements for Transient Analysis

lna_rail_v          =  2.25000e+00

ngspice-46 done
