
Note: No compatibility mode selected!


Circuit: * klt sim -- generated corner deck, do not edit

Doing analysis at TEMP = -40.000000 and TNOM = 27.000000

Using SPARSE 1.3 as Direct Linear Solver

No. of Data Rows : 3

  Measurements for Transient Analysis


Reset re-loads circuit * klt sim -- generated corner deck, do not edit

Circuit: * klt sim -- generated corner deck, do not edit

Doing analysis at TEMP = -40.000000 and TNOM = 27.000000

Using SPARSE 1.3 as Direct Linear Solver

No. of Data Rows : 3

  Measurements for Transient Analysis


Reset re-loads circuit * klt sim -- generated corner deck, do not edit

Circuit: * klt sim -- generated corner deck, do not edit

Doing analysis at TEMP = -40.000000 and TNOM = 27.000000

Using SPARSE 1.3 as Direct Linear Solver

No. of Data Rows : 3

No. of Data Rows : 1

  Measurements for Transient Analysis


m_s11_db_lo = -6.650930395e-01
m_s11_db_mid = -7.045036017e-01
m_s11_db_hi = -7.470579970e-01
m_s21_db_lo = 8.9295825823e+00
m_s21_db_mid = 8.8840534891e+00
m_s21_db_hi = 8.8346236263e+00
m_s22_db_lo = -4.766471787e+00
m_s22_db_mid = -4.807766890e+00
m_s22_db_hi = -4.851467260e+00
m_s12_db_lo = -2.519767528e+01
m_s12_db_mid = -2.442714084e+01
m_s12_db_hi = -2.373063265e+01
m_k_lo = 3.1236829213e-01
m_k_mid = 3.1015309489e-01
m_k_hi = 3.1050455246e-01
m_nf_db_lo = 3.4640359994e+00
m_nf_db_mid = 3.4698545002e+00
m_nf_db_hi = 3.4763114482e+00
Doing analysis at TEMP = -40.000000 and TNOM = 27.000000

Using SPARSE 1.3 as Direct Linear Solver

Initial Transient Solution
--------------------------

Node                                   Voltage
----                                   -------
vdd                                       2.75
coll                                   2.08879
base                                  0.940191
emit                                  0.032993
xq1.s1                             1.43326e-09
xq1.t                                  22.1378
bb                                        0.92
s1n                                          0
p1                                           0
s2n                                          0
p2                                           0
vs2#branch                                   0
vs1#branch                                   0
vbb#branch                         6.73048e-06
vdd#branch                         -0.00330604


No. of Data Rows : 59

  Measurements for Transient Analysis

lna_rail_v          =  2.75000e+00

ngspice-46 done
