
Note: No compatibility mode selected!


Circuit: * klt sim -- generated corner deck, do not edit

Doing analysis at TEMP = 125.000000 and TNOM = 27.000000

Using SPARSE 1.3 as Direct Linear Solver


The temperature limiting function received NaN.
Please check your power dissipation and improve your heat sink Rth!
    This message will be shown only once.

Note: Starting dynamic gmin stepping
Note: Dynamic gmin stepping completed

No. of Data Rows : 3

  Measurements for Transient Analysis


Reset re-loads circuit * klt sim -- generated corner deck, do not edit

Circuit: * klt sim -- generated corner deck, do not edit

Doing analysis at TEMP = 125.000000 and TNOM = 27.000000

Using SPARSE 1.3 as Direct Linear Solver
Note: Starting dynamic gmin stepping
Note: Dynamic gmin stepping completed

No. of Data Rows : 3

  Measurements for Transient Analysis


Reset re-loads circuit * klt sim -- generated corner deck, do not edit

Circuit: * klt sim -- generated corner deck, do not edit

Doing analysis at TEMP = 125.000000 and TNOM = 27.000000

Using SPARSE 1.3 as Direct Linear Solver
Note: Starting dynamic gmin stepping
Note: Dynamic gmin stepping completed

No. of Data Rows : 3

No. of Data Rows : 1

  Measurements for Transient Analysis


m_s11_db_lo = -8.058079266e-01
m_s11_db_mid = -8.602881765e-01
m_s11_db_hi = -9.187477785e-01
m_s21_db_lo = 1.0104705244e+01
m_s21_db_mid = 1.0039304927e+01
m_s21_db_hi = 9.9687047377e+00
m_s22_db_lo = -4.734914779e+00
m_s22_db_mid = -4.792850318e+00
m_s22_db_hi = -4.854100315e+00
m_s12_db_lo = -2.469500088e+01
m_s12_db_mid = -2.394183527e+01
m_s12_db_hi = -2.326451147e+01
m_k_lo = 2.7817658117e-01
m_k_mid = 2.8267959864e-01
m_k_hi = 2.8896434719e-01
m_nf_db_lo = 4.2578109983e+00
m_nf_db_mid = 4.2690492742e+00
m_nf_db_hi = 4.2814606330e+00
Doing analysis at TEMP = 125.000000 and TNOM = 27.000000

Using SPARSE 1.3 as Direct Linear Solver
Note: Starting dynamic gmin stepping
Note: Dynamic gmin stepping completed

Initial Transient Solution
--------------------------

Node                                   Voltage
----                                   -------
vdd                                       2.25
coll                                  0.888458
base                                  0.883205
emit                                 0.0681997
xq1.s1                             7.56128e-07
xq1.t                                  18.2366
bb                                        0.92
s1n                                          0
p1                                           0
s2n                                          0
p2                                           0
vs2#branch                                   0
vs1#branch                                   0
vbb#branch                        -1.22652e-05
vdd#branch                         -0.00680771


No. of Data Rows : 59

  Measurements for Transient Analysis

lna_rail_v          =  2.25000e+00

ngspice-46 done
