
Note: No compatibility mode selected!


Circuit: * klt sim -- generated corner deck, do not edit

Doing analysis at TEMP = -40.000000 and TNOM = 27.000000

Using SPARSE 1.3 as Direct Linear Solver

No. of Data Rows : 3

  Measurements for Transient Analysis


Reset re-loads circuit * klt sim -- generated corner deck, do not edit

Circuit: * klt sim -- generated corner deck, do not edit

Doing analysis at TEMP = -40.000000 and TNOM = 27.000000

Using SPARSE 1.3 as Direct Linear Solver

No. of Data Rows : 3

  Measurements for Transient Analysis


Reset re-loads circuit * klt sim -- generated corner deck, do not edit

Circuit: * klt sim -- generated corner deck, do not edit

Doing analysis at TEMP = -40.000000 and TNOM = 27.000000

Using SPARSE 1.3 as Direct Linear Solver

No. of Data Rows : 3

No. of Data Rows : 1

  Measurements for Transient Analysis


m_s11_db_lo = -6.680227660e-01
m_s11_db_mid = -7.145799311e-01
m_s11_db_hi = -7.647855205e-01
m_s21_db_lo = 7.3603501200e+00
m_s21_db_mid = 7.3096353883e+00
m_s21_db_hi = 7.2547095010e+00
m_s22_db_lo = -4.721080128e+00
m_s22_db_mid = -4.767200884e+00
m_s22_db_hi = -4.815968727e+00
m_s12_db_lo = -2.451054268e+01
m_s12_db_mid = -2.374423073e+01
m_s12_db_hi = -2.305265639e+01
m_k_lo = 3.4591729267e-01
m_k_mid = 3.4869098637e-01
m_k_hi = 3.5389059357e-01
m_nf_db_lo = 4.1285120085e+00
m_nf_db_mid = 4.1353036826e+00
m_nf_db_hi = 4.1428194155e+00
Doing analysis at TEMP = -40.000000 and TNOM = 27.000000

Using SPARSE 1.3 as Direct Linear Solver

Initial Transient Solution
--------------------------

Node                                   Voltage
----                                   -------
vdd                                        2.5
coll                                   2.04805
base                                   0.92888
emit                                  0.022568
xq1.s1                             1.40989e-09
xq1.t                                  14.9121
bb                                        0.92
s1n                                          0
p1                                           0
s2n                                          0
p2                                           0
vs2#branch                                   0
vs1#branch                                   0
vbb#branch                         2.96012e-06
vdd#branch                         -0.00225976


No. of Data Rows : 59

  Measurements for Transient Analysis

lna_rail_v          =  2.50000e+00

ngspice-46 done
