
Note: No compatibility mode selected!


Circuit: * klt sim -- generated corner deck, do not edit

Doing analysis at TEMP = 125.000000 and TNOM = 27.000000

Using SPARSE 1.3 as Direct Linear Solver


The temperature limiting function received NaN.
Please check your power dissipation and improve your heat sink Rth!
    This message will be shown only once.

Note: Starting dynamic gmin stepping
Note: Dynamic gmin stepping completed

No. of Data Rows : 3

  Measurements for Transient Analysis


Reset re-loads circuit * klt sim -- generated corner deck, do not edit

Circuit: * klt sim -- generated corner deck, do not edit

Doing analysis at TEMP = 125.000000 and TNOM = 27.000000

Using SPARSE 1.3 as Direct Linear Solver
Note: Starting dynamic gmin stepping
Note: Dynamic gmin stepping completed

No. of Data Rows : 3

  Measurements for Transient Analysis


Reset re-loads circuit * klt sim -- generated corner deck, do not edit

Circuit: * klt sim -- generated corner deck, do not edit

Doing analysis at TEMP = 125.000000 and TNOM = 27.000000

Using SPARSE 1.3 as Direct Linear Solver
Note: Starting dynamic gmin stepping
Note: Dynamic gmin stepping completed

No. of Data Rows : 3

No. of Data Rows : 1

  Measurements for Transient Analysis


m_s11_db_lo = -7.702786788e-01
m_s11_db_mid = -8.190582583e-01
m_s11_db_hi = -8.715025585e-01
m_s21_db_lo = 1.0180407427e+01
m_s21_db_mid = 1.0121835513e+01
m_s21_db_hi = 1.0058464316e+01
m_s22_db_lo = -4.701492008e+00
m_s22_db_mid = -4.753434904e+00
m_s22_db_hi = -4.808399896e+00
m_s12_db_lo = -2.542175035e+01
m_s12_db_mid = -2.466154033e+01
m_s12_db_hi = -2.397675279e+01
m_k_lo = 2.8634583127e-01
m_k_mid = 2.8896565905e-01
m_k_hi = 2.9358065954e-01
m_nf_db_lo = 4.2659062387e+00
m_nf_db_mid = 4.2769823309e+00
m_nf_db_hi = 4.2892218852e+00
Doing analysis at TEMP = 125.000000 and TNOM = 27.000000

Using SPARSE 1.3 as Direct Linear Solver
Note: Starting dynamic gmin stepping
Note: Dynamic gmin stepping completed

Initial Transient Solution
--------------------------

Node                                   Voltage
----                                   -------
vdd                                       2.75
coll                                    1.3444
base                                  0.879531
emit                                 0.0704146
xq1.s1                             1.82363e-06
xq1.t                                  29.2241
bb                                        0.92
s1n                                          0
p1                                           0
s2n                                          0
p2                                           0
vs2#branch                                   0
vs1#branch                                   0
vbb#branch                        -1.34896e-05
vdd#branch                         -0.00702798


No. of Data Rows : 59

  Measurements for Transient Analysis

lna_rail_v          =  2.75000e+00

ngspice-46 done
