
Note: No compatibility mode selected!


Circuit: * klt sim -- generated corner deck, do not edit

Doing analysis at TEMP = 125.000000 and TNOM = 27.000000

Using SPARSE 1.3 as Direct Linear Solver


The temperature limiting function received NaN.
Please check your power dissipation and improve your heat sink Rth!
    This message will be shown only once.

Note: Starting dynamic gmin stepping
Note: Dynamic gmin stepping completed

No. of Data Rows : 3

  Measurements for Transient Analysis


Reset re-loads circuit * klt sim -- generated corner deck, do not edit

Circuit: * klt sim -- generated corner deck, do not edit

Doing analysis at TEMP = 125.000000 and TNOM = 27.000000

Using SPARSE 1.3 as Direct Linear Solver
Note: Starting dynamic gmin stepping
Note: Dynamic gmin stepping completed

No. of Data Rows : 3

  Measurements for Transient Analysis


Reset re-loads circuit * klt sim -- generated corner deck, do not edit

Circuit: * klt sim -- generated corner deck, do not edit

Doing analysis at TEMP = 125.000000 and TNOM = 27.000000

Using SPARSE 1.3 as Direct Linear Solver
Note: Starting dynamic gmin stepping
Note: Dynamic gmin stepping completed

No. of Data Rows : 3

No. of Data Rows : 1

  Measurements for Transient Analysis


m_s11_db_lo = -7.804977796e-01
m_s11_db_mid = -8.311840898e-01
m_s11_db_hi = -8.856426369e-01
m_s21_db_lo = 1.0153915332e+01
m_s21_db_mid = 1.0093047296e+01
m_s21_db_hi = 1.0027244080e+01
m_s22_db_lo = -4.712101054e+00
m_s22_db_mid = -4.766057294e+00
m_s22_db_hi = -4.823131617e+00
m_s12_db_lo = -2.516103813e+01
m_s12_db_mid = -2.440319915e+01
m_s12_db_hi = -2.372092504e+01
m_k_lo = 2.8228909853e-01
m_k_mid = 2.8563294389e-01
m_k_hi = 2.9088278932e-01
m_nf_db_lo = 4.2603642687e+00
m_nf_db_mid = 4.2714470143e+00
m_nf_db_hi = 4.2836916236e+00
Doing analysis at TEMP = 125.000000 and TNOM = 27.000000

Using SPARSE 1.3 as Direct Linear Solver
Note: Starting dynamic gmin stepping
Note: Dynamic gmin stepping completed

Initial Transient Solution
--------------------------

Node                                   Voltage
----                                   -------
vdd                                        2.5
coll                                   1.11674
base                                    0.8814
emit                                 0.0692914
xq1.s1                             1.17284e-06
xq1.t                                   23.651
bb                                        0.92
s1n                                          0
p1                                           0
s2n                                          0
p2                                           0
vs2#branch                                   0
vs1#branch                                   0
vbb#branch                        -1.28666e-05
vdd#branch                         -0.00691628


No. of Data Rows : 59

  Measurements for Transient Analysis

lna_rail_v          =  2.50000e+00

ngspice-46 done
