
Note: No compatibility mode selected!


Circuit: * klt sim -- generated corner deck, do not edit

Doing analysis at TEMP = -40.000000 and TNOM = 27.000000

Using SPARSE 1.3 as Direct Linear Solver

No. of Data Rows : 3

  Measurements for Transient Analysis


Reset re-loads circuit * klt sim -- generated corner deck, do not edit

Circuit: * klt sim -- generated corner deck, do not edit

Doing analysis at TEMP = -40.000000 and TNOM = 27.000000

Using SPARSE 1.3 as Direct Linear Solver

No. of Data Rows : 3

  Measurements for Transient Analysis


Reset re-loads circuit * klt sim -- generated corner deck, do not edit

Circuit: * klt sim -- generated corner deck, do not edit

Doing analysis at TEMP = -40.000000 and TNOM = 27.000000

Using SPARSE 1.3 as Direct Linear Solver

No. of Data Rows : 3

No. of Data Rows : 1

  Measurements for Transient Analysis


m_s11_db_lo = -6.562654402e-01
m_s11_db_mid = -7.022761262e-01
m_s11_db_hi = -7.519006131e-01
m_s21_db_lo = 6.8738810561e+00
m_s21_db_mid = 6.8242357181e+00
m_s21_db_hi = 6.7704550559e+00
m_s22_db_lo = -4.669096534e+00
m_s22_db_mid = -4.714141761e+00
m_s22_db_hi = -4.761748119e+00
m_s12_db_lo = -2.442490777e+01
m_s12_db_mid = -2.365713764e+01
m_s12_db_hi = -2.296419627e+01
m_k_lo = 3.4653598942e-01
m_k_mid = 3.5031661714e-01
m_k_hi = 3.5644791159e-01
m_nf_db_lo = 4.2558772672e+00
m_nf_db_mid = 4.2625714056e+00
m_nf_db_hi = 4.2699822979e+00
Doing analysis at TEMP = -40.000000 and TNOM = 27.000000

Using SPARSE 1.3 as Direct Linear Solver

Initial Transient Solution
--------------------------

Node                                   Voltage
----                                   -------
vdd                                       2.25
coll                                   1.87431
base                                   0.91976
emit                                 0.0187854
xq1.s1                             1.29235e-09
xq1.t                                  11.3629
bb                                        0.92
s1n                                          0
p1                                           0
s2n                                          0
p2                                           0
vs2#branch                                   0
vs1#branch                                   0
vbb#branch                        -8.01559e-08
vdd#branch                         -0.00187846


No. of Data Rows : 59

  Measurements for Transient Analysis

lna_rail_v          =  2.25000e+00

ngspice-46 done
