
Note: No compatibility mode selected!


Circuit: * klt sim -- generated corner deck, do not edit

Doing analysis at TEMP = 27.000000 and TNOM = 27.000000

Using SPARSE 1.3 as Direct Linear Solver

No. of Data Rows : 3

  Measurements for Transient Analysis


Reset re-loads circuit * klt sim -- generated corner deck, do not edit

Circuit: * klt sim -- generated corner deck, do not edit

Doing analysis at TEMP = 27.000000 and TNOM = 27.000000

Using SPARSE 1.3 as Direct Linear Solver

No. of Data Rows : 3

  Measurements for Transient Analysis


Reset re-loads circuit * klt sim -- generated corner deck, do not edit

Circuit: * klt sim -- generated corner deck, do not edit

Doing analysis at TEMP = 27.000000 and TNOM = 27.000000

Using SPARSE 1.3 as Direct Linear Solver

No. of Data Rows : 3

No. of Data Rows : 1

  Measurements for Transient Analysis


m_s11_db_lo = -8.008276412e-01
m_s11_db_mid = -8.557200740e-01
m_s11_db_hi = -9.147732143e-01
m_s21_db_lo = 7.6302276818e+00
m_s21_db_mid = 7.5703765291e+00
m_s21_db_hi = 7.5057345506e+00
m_s22_db_lo = -4.753423673e+00
m_s22_db_mid = -4.806982136e+00
m_s22_db_hi = -4.863596196e+00
m_s12_db_lo = -2.447914141e+01
m_s12_db_mid = -2.372150252e+01
m_s12_db_hi = -2.303920686e+01
m_k_lo = 3.9702922262e-01
m_k_mid = 3.9997848348e-01
m_k_hi = 4.0572780329e-01
m_nf_db_lo = 4.7158087094e+00
m_nf_db_mid = 4.7257207310e+00
m_nf_db_hi = 4.7366543499e+00
Doing analysis at TEMP = 27.000000 and TNOM = 27.000000

Using SPARSE 1.3 as Direct Linear Solver

Initial Transient Solution
--------------------------

Node                                   Voltage
----                                   -------
vdd                                        2.5
coll                                   1.85386
base                                  0.904231
emit                                 0.0323595
xq1.s1                             1.30755e-09
xq1.t                                  19.1999
bb                                        0.92
s1n                                          0
p1                                           0
s2n                                          0
p2                                           0
vs2#branch                                   0
vs1#branch                                   0
vbb#branch                        -5.25644e-06
vdd#branch                         -0.00323069


No. of Data Rows : 59

  Measurements for Transient Analysis

lna_rail_v          =  2.50000e+00

ngspice-46 done
