
Note: No compatibility mode selected!


Circuit: * klt sim -- generated corner deck, do not edit

Doing analysis at TEMP = 125.000000 and TNOM = 27.000000

Using SPARSE 1.3 as Direct Linear Solver


The temperature limiting function received NaN.
Please check your power dissipation and improve your heat sink Rth!
    This message will be shown only once.

Note: Starting dynamic gmin stepping
Note: Dynamic gmin stepping completed

No. of Data Rows : 3

  Measurements for Transient Analysis


Reset re-loads circuit * klt sim -- generated corner deck, do not edit

Circuit: * klt sim -- generated corner deck, do not edit

Doing analysis at TEMP = 125.000000 and TNOM = 27.000000

Using SPARSE 1.3 as Direct Linear Solver
Note: Starting dynamic gmin stepping
Note: Dynamic gmin stepping completed

No. of Data Rows : 3

  Measurements for Transient Analysis


Reset re-loads circuit * klt sim -- generated corner deck, do not edit

Circuit: * klt sim -- generated corner deck, do not edit

Doing analysis at TEMP = 125.000000 and TNOM = 27.000000

Using SPARSE 1.3 as Direct Linear Solver
Note: Starting dynamic gmin stepping
Note: Dynamic gmin stepping completed

No. of Data Rows : 3

No. of Data Rows : 1

  Measurements for Transient Analysis


m_s11_db_lo = -9.390085670e-01
m_s11_db_mid = -1.007594062e+00
m_s11_db_hi = -1.081104768e+00
m_s21_db_lo = 7.5374911995e+00
m_s21_db_mid = 7.4634550574e+00
m_s21_db_hi = 7.3838242173e+00
m_s22_db_lo = -4.746632891e+00
m_s22_db_mid = -4.811492103e+00
m_s22_db_hi = -4.879908210e+00
m_s12_db_lo = -2.418418427e+01
m_s12_db_mid = -2.344004694e+01
m_s12_db_hi = -2.277218834e+01
m_k_lo = 4.4188938928e-01
m_k_mid = 4.4925662629e-01
m_k_hi = 4.5940841365e-01
m_nf_db_lo = 5.5929202420e+00
m_nf_db_mid = 5.6077153434e+00
m_nf_db_hi = 5.6239814643e+00
Doing analysis at TEMP = 125.000000 and TNOM = 27.000000

Using SPARSE 1.3 as Direct Linear Solver
Note: Starting dynamic gmin stepping
Note: Dynamic gmin stepping completed

Initial Transient Solution
--------------------------

Node                                   Voltage
----                                   -------
vdd                                       2.25
coll                                   1.41069
base                                  0.855058
emit                                 0.0421821
xq1.s1                             7.90832e-07
xq1.t                                  18.7795
bb                                        0.92
s1n                                          0
p1                                           0
s2n                                          0
p2                                           0
vs2#branch                                   0
vs1#branch                                   0
vbb#branch                        -2.16473e-05
vdd#branch                         -0.00419656


No. of Data Rows : 59

  Measurements for Transient Analysis

lna_rail_v          =  2.25000e+00

ngspice-46 done
