
Note: No compatibility mode selected!


Circuit: * klt sim -- generated corner deck, do not edit

Doing analysis at TEMP = 27.000000 and TNOM = 27.000000

Using SPARSE 1.3 as Direct Linear Solver

No. of Data Rows : 3

  Measurements for Transient Analysis


Reset re-loads circuit * klt sim -- generated corner deck, do not edit

Circuit: * klt sim -- generated corner deck, do not edit

Doing analysis at TEMP = 27.000000 and TNOM = 27.000000

Using SPARSE 1.3 as Direct Linear Solver

No. of Data Rows : 3

  Measurements for Transient Analysis


Reset re-loads circuit * klt sim -- generated corner deck, do not edit

Circuit: * klt sim -- generated corner deck, do not edit

Doing analysis at TEMP = 27.000000 and TNOM = 27.000000

Using SPARSE 1.3 as Direct Linear Solver

No. of Data Rows : 3

No. of Data Rows : 1

  Measurements for Transient Analysis


m_s11_db_lo = -6.658543690e-01
m_s11_db_mid = -7.042728785e-01
m_s11_db_hi = -7.457173477e-01
m_s21_db_lo = 9.9650099931e+00
m_s21_db_mid = 9.9186328454e+00
m_s21_db_hi = 9.8682550907e+00
m_s22_db_lo = -4.664650639e+00
m_s22_db_mid = -4.706193565e+00
m_s22_db_hi = -4.750159573e+00
m_s12_db_lo = -2.566131481e+01
m_s12_db_mid = -2.488913959e+01
m_s12_db_hi = -2.419158908e+01
m_k_lo = 2.5935970162e-01
m_k_mid = 2.5936809688e-01
m_k_hi = 2.6137312248e-01
m_nf_db_lo = 3.5568886861e+00
m_nf_db_mid = 3.5636079552e+00
m_nf_db_hi = 3.5710697971e+00
Doing analysis at TEMP = 27.000000 and TNOM = 27.000000

Using SPARSE 1.3 as Direct Linear Solver

Initial Transient Solution
--------------------------

Node                                   Voltage
----                                   -------
vdd                                        2.5
coll                                   1.56979
base                                  0.908429
emit                                 0.0465491
xq1.s1                             1.13677e-09
xq1.t                                  23.1084
bb                                        0.92
s1n                                          0
p1                                           0
s2n                                          0
p2                                           0
vs2#branch                                   0
vs1#branch                                   0
vbb#branch                        -3.85706e-06
vdd#branch                         -0.00465105


No. of Data Rows : 59

  Measurements for Transient Analysis

lna_rail_v          =  2.50000e+00

ngspice-46 done
