
Note: No compatibility mode selected!


Circuit: * klt sim -- generated corner deck, do not edit

Doing analysis at TEMP = -40.000000 and TNOM = 27.000000

Using SPARSE 1.3 as Direct Linear Solver

No. of Data Rows : 3

  Measurements for Transient Analysis


Reset re-loads circuit * klt sim -- generated corner deck, do not edit

Circuit: * klt sim -- generated corner deck, do not edit

Doing analysis at TEMP = -40.000000 and TNOM = 27.000000

Using SPARSE 1.3 as Direct Linear Solver

No. of Data Rows : 3

  Measurements for Transient Analysis


Reset re-loads circuit * klt sim -- generated corner deck, do not edit

Circuit: * klt sim -- generated corner deck, do not edit

Doing analysis at TEMP = -40.000000 and TNOM = 27.000000

Using SPARSE 1.3 as Direct Linear Solver

No. of Data Rows : 3

No. of Data Rows : 1

  Measurements for Transient Analysis


m_s11_db_lo = -6.202607143e-01
m_s11_db_mid = -6.587457677e-01
m_s11_db_hi = -7.003116053e-01
m_s21_db_lo = 8.0937657244e+00
m_s21_db_mid = 8.0502085669e+00
m_s21_db_hi = 8.0028860892e+00
m_s22_db_lo = -4.648723003e+00
m_s22_db_mid = -4.688332008e+00
m_s22_db_hi = -4.730210732e+00
m_s12_db_lo = -2.504377403e+01
m_s12_db_mid = -2.426939778e+01
m_s12_db_hi = -2.356943886e+01
m_k_lo = 2.9290717076e-01
m_k_mid = 2.9369115633e-01
m_k_hi = 2.9666267364e-01
m_nf_db_lo = 3.6665630984e+00
m_nf_db_mid = 3.6719750415e+00
m_nf_db_hi = 3.6779912644e+00
Doing analysis at TEMP = -40.000000 and TNOM = 27.000000

Using SPARSE 1.3 as Direct Linear Solver

Initial Transient Solution
--------------------------

Node                                   Voltage
----                                   -------
vdd                                       2.25
coll                                   1.79144
base                                  0.920189
emit                                 0.0229273
xq1.s1                             1.23413e-09
xq1.t                                  13.2184
bb                                        0.92
s1n                                          0
p1                                           0
s2n                                          0
p2                                           0
vs2#branch                                   0
vs1#branch                                   0
vbb#branch                         6.28789e-08
vdd#branch                         -0.00229279


No. of Data Rows : 59

  Measurements for Transient Analysis

lna_rail_v          =  2.25000e+00

ngspice-46 done
