
Note: No compatibility mode selected!


Circuit: * klt sim -- generated corner deck, do not edit

Doing analysis at TEMP = 27.000000 and TNOM = 27.000000

Using SPARSE 1.3 as Direct Linear Solver

No. of Data Rows : 3

  Measurements for Transient Analysis


Reset re-loads circuit * klt sim -- generated corner deck, do not edit

Circuit: * klt sim -- generated corner deck, do not edit

Doing analysis at TEMP = 27.000000 and TNOM = 27.000000

Using SPARSE 1.3 as Direct Linear Solver

No. of Data Rows : 3

  Measurements for Transient Analysis


Reset re-loads circuit * klt sim -- generated corner deck, do not edit

Circuit: * klt sim -- generated corner deck, do not edit

Doing analysis at TEMP = 27.000000 and TNOM = 27.000000

Using SPARSE 1.3 as Direct Linear Solver

No. of Data Rows : 3

No. of Data Rows : 1

  Measurements for Transient Analysis


m_s11_db_lo = -6.575528954e-01
m_s11_db_mid = -6.966663056e-01
m_s11_db_hi = -7.388494407e-01
m_s21_db_lo = 9.9029324325e+00
m_s21_db_mid = 9.8558202550e+00
m_s21_db_hi = 9.8046590043e+00
m_s22_db_lo = -4.650602160e+00
m_s22_db_mid = -4.692782295e+00
m_s22_db_hi = -4.737412392e+00
m_s12_db_lo = -2.552278816e+01
m_s12_db_mid = -2.475133914e+01
m_s12_db_hi = -2.405457918e+01
m_k_lo = 2.4963630393e-01
m_k_mid = 2.5070935420e-01
m_k_hi = 2.5361946954e-01
m_nf_db_lo = 3.5678003614e+00
m_nf_db_mid = 3.5744422297e+00
m_nf_db_hi = 3.5818190869e+00
Doing analysis at TEMP = 27.000000 and TNOM = 27.000000

Using SPARSE 1.3 as Direct Linear Solver

Initial Transient Solution
--------------------------

Node                                   Voltage
----                                   -------
vdd                                       2.25
coll                                   1.35445
base                                  0.907598
emit                                  0.044819
xq1.s1                             9.61019e-10
xq1.t                                   19.129
bb                                        0.92
s1n                                          0
p1                                           0
s2n                                          0
p2                                           0
vs2#branch                                   0
vs1#branch                                   0
vbb#branch                        -4.13401e-06
vdd#branch                         -0.00447777


No. of Data Rows : 59

  Measurements for Transient Analysis

lna_rail_v          =  2.25000e+00

ngspice-46 done
