
Note: No compatibility mode selected!


Circuit: * klt sim -- generated corner deck, do not edit

Doing analysis at TEMP = 27.000000 and TNOM = 27.000000

Using SPARSE 1.3 as Direct Linear Solver

No. of Data Rows : 1

  Measurements for Transient Analysis


Doing analysis at TEMP = 27.000000 and TNOM = 27.000000

Using SPARSE 1.3 as Direct Linear Solver

No. of Data Rows : 3

  Measurements for Transient Analysis


Reset re-loads circuit * klt sim -- generated corner deck, do not edit

Circuit: * klt sim -- generated corner deck, do not edit

Doing analysis at TEMP = 27.000000 and TNOM = 27.000000

Using SPARSE 1.3 as Direct Linear Solver

No. of Data Rows : 3

  Measurements for Transient Analysis


Reset re-loads circuit * klt sim -- generated corner deck, do not edit

Circuit: * klt sim -- generated corner deck, do not edit

Doing analysis at TEMP = 27.000000 and TNOM = 27.000000

Using SPARSE 1.3 as Direct Linear Solver

No. of Data Rows : 3

No. of Data Rows : 1

  Measurements for Transient Analysis


Doing analysis at TEMP = 27.000000 and TNOM = 27.000000

Using SPARSE 1.3 as Direct Linear Solver

No. of Data Rows : 201

  Measurements for Transient Analysis


Reset re-loads circuit * klt sim -- generated corner deck, do not edit

Circuit: * klt sim -- generated corner deck, do not edit

Doing analysis at TEMP = 27.000000 and TNOM = 27.000000

Using SPARSE 1.3 as Direct Linear Solver

No. of Data Rows : 201

  Measurements for Transient Analysis


Reset re-loads circuit * klt sim -- generated corner deck, do not edit

Circuit: * klt sim -- generated corner deck, do not edit

SWEEP_BEGIN
                                                                            * klt sim -- generated corner deck, do not edit
                                                                            AC Analysis  Sat Oct 10 01:28:10  2026
--------------------------------------------------------------------------------------------------------------------------------------------------------------------------------------------------------
Index   frequency       wf              wk              wd              wmu             
--------------------------------------------------------------------------------------------------------------------------------------------------------------------------------------------------------
0	1.0000000000e+09	1.0000000000e+09	3.8334248672e+02	9.5003917210e-01	1.0000010394e+00	
1	1.0232929923e+09	1.0232929923e+09	3.7417459935e+02	9.5002911801e-01	1.0000011399e+00	
2	1.0471285481e+09	1.0471285481e+09	3.6520728788e+02	9.5001858361e-01	1.0000012501e+00	
3	1.0715193052e+09	1.0715193052e+09	3.5643589915e+02	9.5000754537e-01	1.0000013710e+00	
4	1.0964781961e+09	1.0964781961e+09	3.4785589261e+02	9.4999597853e-01	1.0000015036e+00	
5	1.1220184543e+09	1.1220184543e+09	3.3946283974e+02	9.4998385711e-01	1.0000016491e+00	
6	1.1481536215e+09	1.1481536215e+09	3.3125241831e+02	9.4997115379e-01	1.0000018086e+00	
7	1.1748975549e+09	1.1748975549e+09	3.2322041255e+02	9.4995783987e-01	1.0000019836e+00	
8	1.2022644346e+09	1.2022644346e+09	3.1536271055e+02	9.4994388518e-01	1.0000021756e+00	
9	1.2302687708e+09	1.2302687708e+09	3.0767530365e+02	9.4992925800e-01	1.0000023862e+00	
10	1.2589254118e+09	1.2589254118e+09	3.0015428234e+02	9.4991392497e-01	1.0000026172e+00	
11	1.2882495517e+09	1.2882495517e+09	2.9279583637e+02	9.4989785103e-01	1.0000028706e+00	
12	1.3182567386e+09	1.3182567386e+09	2.8559625222e+02	9.4988099927e-01	1.0000031487e+00	
13	1.3489628826e+09	1.3489628826e+09	2.7855191183e+02	9.4986333087e-01	1.0000034537e+00	
14	1.3803842646e+09	1.3803842646e+09	2.7165929064e+02	9.4984480497e-01	1.0000037883e+00	
15	1.4125375446e+09	1.4125375446e+09	2.6491495633e+02	9.4982537857e-01	1.0000041554e+00	
16	1.4454397707e+09	1.4454397707e+09	2.5831556751e+02	9.4980500637e-01	1.0000045582e+00	
17	1.4791083882e+09	1.4791083882e+09	2.5185787158e+02	9.4978364070e-01	1.0000050001e+00	
18	1.5135612484e+09	1.5135612484e+09	2.4553870376e+02	9.4976123130e-01	1.0000054850e+00	
19	1.5488166189e+09	1.5488166189e+09	2.3935498574e+02	9.4973772524e-01	1.0000060171e+00	
20	1.5848931925e+09	1.5848931925e+09	2.3330372416e+02	9.4971306673e-01	1.0000066009e+00	
21	1.6218100974e+09	1.6218100974e+09	2.2738200900e+02	9.4968719694e-01	1.0000072416e+00	
22	1.6595869074e+09	1.6595869074e+09	2.2158701300e+02	9.4966005382e-01	1.0000079447e+00	
23	1.6982436525e+09	1.6982436525e+09	2.1591598948e+02	9.4963157192e-01	1.0000087163e+00	
24	1.7378008287e+09	1.7378008287e+09	2.1036627140e+02	9.4960168216e-01	1.0000095631e+00	
25	1.7782794100e+09	1.7782794100e+09	2.0493527016e+02	9.4957031164e-01	1.0000104925e+00	
26	1.8197008586e+09	1.8197008586e+09	1.9962047403e+02	9.4953738335e-01	1.0000115126e+00	
27	1.8620871367e+09	1.8620871367e+09	1.9441944697e+02	9.4950281593e-01	1.0000126324e+00	
28	1.9054607180e+09	1.9054607180e+09	1.8932982718e+02	9.4946652342e-01	1.0000138615e+00	
29	1.9498445998e+09	1.9498445998e+09	1.8434932570e+02	9.4942841492e-01	1.0000152107e+00	
30	1.9952623150e+09	1.9952623150e+09	1.7947572511e+02	9.4938839431e-01	1.0000166920e+00	
31	2.0417379447e+09	2.0417379447e+09	1.7470687801e+02	9.4934635986e-01	1.0000183183e+00	
32	2.0892961309e+09	2.0892961309e+09	1.7004070557e+02	9.4930220390e-01	1.0000201039e+00	
33	2.1379620895e+09	2.1379620895e+09	1.6547519589e+02	9.4925581240e-01	1.0000220645e+00	
34	2.1877616239e+09	2.1877616239e+09	1.6100840265e+02	9.4920706452e-01	1.0000242175e+00	
35	2.2387211386e+09	2.2387211386e+09	1.5663844323e+02	9.4915583220e-01	1.0000265819e+00	
36	2.2908676528e+09	2.2908676528e+09	1.5236349717e+02	9.4910197959e-01	1.0000291786e+00	
37	2.3442288153e+09	2.3442288153e+09	1.4818180433e+02	9.4904536254e-01	1.0000320308e+00	
38	2.3988329190e+09	2.3988329190e+09	1.4409166315e+02	9.4898582802e-01	1.0000351637e+00	
39	2.4547089157e+09	2.4547089157e+09	1.4009142867e+02	9.4892321346e-01	1.0000386055e+00	
40	2.5118864315e+09	2.5118864315e+09	1.3617951067e+02	9.4885734607e-01	1.0000423867e+00	
41	2.5703957828e+09	2.5703957828e+09	1.3235437154e+02	9.4878804206e-01	1.0000465414e+00	
42	2.6302679919e+09	2.6302679919e+09	1.2861452429e+02	9.4871510587e-01	1.0000511069e+00	
43	2.6915348039e+09	2.6915348039e+09	1.2495853030e+02	9.4863832926e-01	1.0000561242e+00	
44	2.7542287033e+09	2.7542287033e+09	1.2138499715e+02	9.4855749034e-01	1.0000616388e+00	
45	2.8183829313e+09	2.8183829313e+09	1.1789257633e+02	9.4847235250e-01	1.0000677007e+00	
46	2.8840315031e+09	2.8840315031e+09	1.1447996088e+02	9.4838266331e-01	1.0000743650e+00	
47	2.9512092267e+09	2.9512092267e+09	1.1114588301e+02	9.4828815323e-01	1.0000816924e+00	
48	3.0199517204e+09	3.0199517204e+09	1.0788911170e+02	9.4818853424e-01	1.0000897500e+00	
49	3.0902954325e+09	3.0902954325e+09	1.0470845019e+02	9.4808349839e-01	1.0000986120e+00	
50	3.1622776602e+09	3.1622776602e+09	1.0160273353e+02	9.4797271610e-01	1.0001083599e+00	
51	3.2359365693e+09	3.2359365693e+09	9.8570826092e+01	9.4785583439e-01	1.0001190840e+00	
52	3.3113112148e+09	3.3113112148e+09	9.5611619041e+01	9.4773247492e-01	1.0001308841e+00	
53	3.3884415614e+09	3.3884415614e+09	9.2724027869e+01	9.4760223182e-01	1.0001438702e+00	
54	3.4673685045e+09	3.4673685045e+09	8.9906989928e+01	9.4746466932e-01	1.0001581642e+00	
55	3.5481338923e+09	3.5481338923e+09	8.7159462006e+01	9.4731931910e-01	1.0001739008e+00	
56	3.6307805477e+09	3.6307805477e+09	8.4480417954e+01	9.4716567744e-01	1.0001912289e+00	
57	3.7153522910e+09	3.7153522910e+09	8.1868846369e+01	9.4700320203e-01	1.0002103136e+00	
58	3.8018939632e+09	3.8018939632e+09	7.9323748368e+01	9.4683130845e-01	1.0002313374e+00	
59	3.8904514499e+09	3.8904514499e+09	7.6844135442e+01	9.4664936628e-01	1.0002545027e+00	
60	3.9810717055e+09	3.9810717055e+09	7.4429027418e+01	9.4645669481e-01	1.0002800337e+00	
61	4.0738027780e+09	4.0738027780e+09	7.2077450535e+01	9.4625255826e-01	1.0003081793e+00	
62	4.1686938347e+09	4.1686938347e+09	6.9788435652e+01	9.4603616052e-01	1.0003392155e+00	
63	4.2657951880e+09	4.2657951880e+09	6.7561016581e+01	9.4580663923e-01	1.0003734486e+00	
64	4.3651583224e+09	4.3651583224e+09	6.5394228580e+01	9.4556305924e-01	1.0004112192e+00	
65	4.4668359215e+09	4.4668359215e+09	6.3287106983e+01	9.4530440539e-01	1.0004529058e+00	
66	4.5708818961e+09	4.5708818961e+09	6.1238686009e+01	9.4502957427e-01	1.0004989294e+00	
67	4.6773514129e+09	4.6773514129e+09	5.9247997713e+01	9.4473736525e-01	1.0005497587e+00	
68	4.7863009232e+09	4.7863009232e+09	5.7314071120e+01	9.4442647023e-01	1.0006059159e+00	
69	4.8977881937e+09	4.8977881937e+09	5.5435931517e+01	9.4409546233e-01	1.0006679831e+00	
70	5.0118723363e+09	5.0118723363e+09	5.3612599918e+01	9.4374278304e-01	1.0007366102e+00	
71	5.1286138399e+09	5.1286138399e+09	5.1843092689e+01	9.4336672795e-01	1.0008125225e+00	
72	5.2480746025e+09	5.2480746025e+09	5.0126421338e+01	9.4296543052e-01	1.0008965313e+00	
73	5.3703179637e+09	5.3703179637e+09	4.8461592461e+01	9.4253684391e-01	1.0009895440e+00	
74	5.4954087386e+09	5.4954087386e+09	4.6847607832e+01	9.4207872042e-01	1.0010925772e+00	
75	5.6234132519e+09	5.6234132519e+09	4.5283464645e+01	9.4158858818e-01	1.0012067709e+00	
76	5.7543993734e+09	5.7543993734e+09	4.3768155878e+01	9.4106372485e-01	1.0013334047e+00	
77	5.8884365536e+09	5.8884365536e+09	4.2300670787e+01	9.4050112765e-01	1.0014739167e+00	
78	6.0255958607e+09	6.0255958607e+09	4.0879995507e+01	9.3989747938e-01	1.0016299256e+00	
79	6.1659500186e+09	6.1659500186e+09	3.9505113759e+01	9.3924910960e-01	1.0018032550e+00	
80	6.3095734448e+09	6.3095734448e+09	3.8175007639e+01	9.3855195043e-01	1.0019959631e+00	
81	6.4565422903e+09	6.4565422903e+09	3.6888658489e+01	9.3780148591e-01	1.0022103757e+00	
82	6.6069344801e+09	6.6069344801e+09	3.5645047827e+01	9.3699269395e-01	1.0024491254e+00	
83	6.7608297539e+09	6.7608297539e+09	3.4443158334e+01	9.3611997980e-01	1.0027151970e+00	
84	6.9183097092e+09	6.9183097092e+09	3.3281974876e+01	9.3517709924e-01	1.0030119802e+00	
85	7.0794578438e+09	7.0794578438e+09	3.2160485555e+01	9.3415707026e-01	1.0033433323e+00	
86	7.2443596007e+09	7.2443596007e+09	3.1077682781e+01	9.3305207074e-01	1.0037136504e+00	
87	7.4131024130e+09	7.4131024130e+09	3.0032564341e+01	9.3185332002e-01	1.0041279581e+00	
88	7.5857757503e+09	7.5857757503e+09	2.9024134473e+01	9.3055094139e-01	1.0045920065e+00	
89	7.7624711663e+09	7.7624711663e+09	2.8051404919e+01	9.2913380199e-01	1.0051123952e+00	
90	7.9432823472e+09	7.9432823472e+09	2.7113395962e+01	9.2758932606e-01	1.0056967155e+00	
91	8.1283051616e+09	8.1283051616e+09	2.6209137427e+01	9.2590327661e-01	1.0063537222e+00	
92	8.3176377110e+09	8.3176377110e+09	2.5337669652e+01	9.2405949952e-01	1.0070935390e+00	
93	8.5113803820e+09	8.5113803820e+09	2.4498044410e+01	9.2203962285e-01	1.0079279062e+00	
94	8.7096358996e+09	8.7096358996e+09	2.3689325789e+01	9.1982270288e-01	1.0088704801e+00	
95	8.9125093813e+09	8.9125093813e+09	2.2910591014e+01	9.1738480639e-01	1.0099371973e+00	
96	9.1201083936e+09	9.1201083936e+09	2.2160931222e+01	9.1469851664e-01	1.0111467179e+00	
97	9.3325430080e+09	9.3325430080e+09	2.1439452169e+01	9.1173234799e-01	1.0125209701e+00	
98	9.5499258602e+09	9.5499258602e+09	2.0745274887e+01	9.0845005098e-01	1.0140858211e+00	
99	9.7723722096e+09	9.7723722096e+09	2.0077536276e+01	9.0480978607e-01	1.0158719079e+00	
100	1.0000000000e+10	1.0000000000e+10	1.9435389631e+01	9.0076313993e-01	1.0179156728e+00	
101	1.0232929923e+10	1.0232929923e+10	1.8818005116e+01	8.9625395343e-01	1.0202606613e+00	
102	1.0471285481e+10	1.0471285481e+10	1.8224570173e+01	8.9121692484e-01	1.0229591580e+00	
103	1.0715193052e+10	1.0715193052e+10	1.7654289868e+01	8.8557594616e-01	1.0260742639e+00	
104	1.0964781961e+10	1.0964781961e+10	1.7106387190e+01	8.7924212452e-01	1.0296825511e+00	
105	1.1220184543e+10	1.1220184543e+10	1.6580103283e+01	8.7211143626e-01	1.0338774797e+00	
106	1.1481536215e+10	1.1481536215e+10	1.6074697628e+01	8.6406195882e-01	1.0387738314e+00	
107	1.1748975549e+10	1.1748975549e+10	1.5589448181e+01	8.5495062929e-01	1.0445135083e+00	
108	1.2022644346e+10	1.2022644346e+10	1.5123651447e+01	8.4460949145e-01	1.0512731818e+00	
109	1.2302687708e+10	1.2302687708e+10	1.4676622526e+01	8.3284142461e-01	1.0592744794e+00	
110	1.2589254118e+10	1.2589254118e+10	1.4247695099e+01	8.1941540774e-01	1.0687976813e+00	
111	1.2882495517e+10	1.2882495517e+10	1.3836221387e+01	8.0406148164e-01	1.0802003358e+00	
112	1.3182567386e+10	1.3182567386e+10	1.3441572067e+01	7.8646575651e-01	1.0939428519e+00	
113	1.3489628826e+10	1.3489628826e+10	1.3063136151e+01	7.6626611299e-01	1.1106241278e+00	
114	1.3803842646e+10	1.3803842646e+10	1.2700320836e+01	7.4304971539e-01	1.1310318472e+00	
115	1.4125375446e+10	1.4125375446e+10	1.2352551332e+01	7.1635416271e-01	1.1562145954e+00	
116	1.4454397707e+10	1.4454397707e+10	1.2019270647e+01	6.8567511613e-01	1.1875871265e+00	
117	1.4791083882e+10	1.4791083882e+10	1.1699939370e+01	6.5048460693e-01	1.2270872495e+00	
118	1.5135612484e+10	1.5135612484e+10	1.1394035414e+01	6.1026591555e-01	1.2774155233e+00	
119	1.5488166189e+10	1.5488166189e+10	1.1101053752e+01	5.6457273331e-01	1.3424126829e+00	
120	1.5848931925e+10	1.5848931925e+10	1.0820506132e+01	5.1312182595e-01	1.4276764666e+00	
121	1.6218100974e+10	1.6218100974e+10	1.0551920784e+01	4.5592884214e-01	1.5416174606e+00	
122	1.6595869074e+10	1.6595869074e+10	1.0294842102e+01	3.9349516409e-01	1.6973738721e+00	
123	1.6982436525e+10	1.6982436525e+10	1.0048830333e+01	3.2704828414e-01	1.9165436939e+00	
124	1.7378008287e+10	1.7378008287e+10	9.8134612434e+00	2.5882618017e-01	2.2371498907e+00	
125	1.7782794100e+10	1.7782794100e+10	9.5883257890e+00	1.9236978532e-01	2.7327367809e+00	
126	1.8197008586e+10	1.8197008586e+10	9.3730297725e+00	1.3272868632e-01	3.5657692400e+00	
127	1.8620871367e+10	1.8620871367e+10	9.1671935022e+00	8.6342000122e-02	5.1704747702e+00	
128	1.9054607180e+10	1.9054607180e+10	8.9704514472e+00	5.9783687180e-02	8.8832112193e+00	
129	1.9498445998e+10	1.9498445998e+10	8.7824518915e+00	5.5850799534e-02	8.7113691764e+00	
130	1.9952623150e+10	1.9952623150e+10	8.6028565879e+00	7.3088976055e-02	5.2382960752e+00	
131	2.0417379447e+10	2.0417379447e+10	8.4313404147e+00	1.0949634754e-01	3.7566153923e+00	
132	2.0892961309e+10	2.0892961309e+10	8.2675910326e+00	1.5974722525e-01	2.9835894156e+00	
133	2.1379620895e+10	2.1379620895e+10	8.1113085463e+00	2.1695208164e-01	2.5184925177e+00	
134	2.1877616239e+10	2.1877616239e+10	7.9622051690e+00	2.7551974695e-01	2.2123851294e+00	
135	2.2387211386e+10	2.2387211386e+10	7.8200048921e+00	3.3188513678e-01	1.9982442836e+00	
136	2.2908676528e+10	2.2908676528e+10	7.6844431598e+00	3.8417456752e-01	1.8416645744e+00	
137	2.3442288153e+10	2.3442288153e+10	7.5552665494e+00	4.3164052751e-01	1.7232507173e+00	
138	2.3988329190e+10	2.3988329190e+10	7.4322324584e+00	4.7419062703e-01	1.6312821520e+00	
139	2.4547089157e+10	2.4547089157e+10	7.3151087981e+00	5.1207306044e-01	1.5582870178e+00	
140	2.5118864315e+10	2.5118864315e+10	7.2036736940e+00	5.4568890357e-01	1.4992956251e+00	
141	2.5703957828e+10	2.5703957828e+10	7.0977151949e+00	5.7548793230e-01	1.4508865417e+00	
142	2.6302679919e+10	2.6302679919e+10	6.9970309889e+00	6.0191443136e-01	1.4106357989e+00	
143	2.6915348039e+10	2.6915348039e+10	6.9014281277e+00	6.2538137858e-01	1.3767839902e+00	
144	2.7542287033e+10	2.7542287033e+10	6.8107227601e+00	6.4626014264e-01	1.3480272333e+00	
145	2.8183829313e+10	2.8183829313e+10	6.7247398734e+00	6.6487834214e-01	1.3233815885e+00	
146	2.8840315031e+10	2.8840315031e+10	6.6433130437e+00	6.8152176228e-01	1.3020926410e+00	
147	2.9512092267e+10	2.9512092267e+10	6.5662841957e+00	6.9643808314e-01	1.2835737285e+00	
148	3.0199517204e+10	3.0199517204e+10	6.4935033712e+00	7.0984121865e-01	1.2673628330e+00	
149	3.0902954325e+10	3.0902954325e+10	6.4248285068e+00	7.2191564916e-01	1.2530919276e+00	
150	3.1622776602e+10	3.1622776602e+10	6.3601252216e+00	7.3282045154e-01	1.2404648104e+00	
151	3.2359365693e+10	3.2359365693e+10	6.2992666133e+00	7.4269290619e-01	1.2292408315e+00	
152	3.3113112148e+10	3.3113112148e+10	6.2421330647e+00	7.5165165239e-01	1.2192227825e+00	
153	3.3884415614e+10	3.3884415614e+10	6.1886120591e+00	7.5979941020e-01	1.2102477696e+00	
154	3.4673685045e+10	3.4673685045e+10	6.1385980056e+00	7.6722530799e-01	1.2021802581e+00	
155	3.5481338923e+10	3.5481338923e+10	6.0919920741e+00	7.7400686232e-01	1.1949067135e+00	
156	3.6307805477e+10	3.6307805477e+10	6.0487020393e+00	7.8021165703e-01	1.1883314349e+00	
157	3.7153522910e+10	3.7153522910e+10	6.0086421351e+00	7.8589876531e-01	1.1823732842e+00	
158	3.8018939632e+10	3.8018939632e+10	5.9717329181e+00	7.9111995351e-01	1.1769630986e+00	
159	3.8904514499e+10	3.8904514499e+10	5.9379011410e+00	7.9592070094e-01	1.1720416262e+00	
160	3.9810717055e+10	3.9810717055e+10	5.9070796355e+00	8.0034106453e-01	1.1675578686e+00	
161	4.0738027780e+10	4.0738027780e+10	5.8792072052e+00	8.0441641308e-01	1.1634677389e+00	
162	4.1686938347e+10	4.1686938347e+10	5.8542285275e+00	8.0817805188e-01	1.1597329709e+00	
163	4.2657951880e+10	4.2657951880e+10	5.8320940662e+00	8.1165375515e-01	1.1563202240e+00	
164	4.3651583224e+10	4.3651583224e+10	5.8127599926e+00	8.1486822083e-01	1.1532003474e+00	
165	4.4668359215e+10	4.4668359215e+10	5.7961881175e+00	8.1784345999e-01	1.1503477700e+00	
166	4.5708818961e+10	4.5708818961e+10	5.7823458321e+00	8.2059913093e-01	1.1477399923e+00	
167	4.6773514129e+10	4.6773514129e+10	5.7712060590e+00	8.2315282664e-01	1.1453571623e+00	
168	4.7863009232e+10	4.7863009232e+10	5.7627472134e+00	8.2552032258e-01	1.1431817180e+00	
169	4.8977881937e+10	4.8977881937e+10	5.7569531734e+00	8.2771579090e-01	1.1411980868e+00	
170	5.0118723363e+10	5.0118723363e+10	5.7538132609e+00	8.2975198597e-01	1.1393924297e+00	
171	5.1286138399e+10	5.1286138399e+10	5.7533222325e+00	8.3164040558e-01	1.1377524237e+00	
172	5.2480746025e+10	5.2480746025e+10	5.7554802801e+00	8.3339143118e-01	1.1362670767e+00	
173	5.3703179637e+10	5.3703179637e+10	5.7602930420e+00	8.3501445031e-01	1.1349265675e+00	
174	5.4954087386e+10	5.4954087386e+10	5.7677716248e+00	8.3651796364e-01	1.1337221091e+00	
175	5.6234132519e+10	5.6234132519e+10	5.7779326345e+00	8.3790967884e-01	1.1326458297e+00	
176	5.7543993734e+10	5.7543993734e+10	5.7907982201e+00	8.3919659302e-01	1.1316906700e+00	
177	5.8884365536e+10	5.8884365536e+10	5.8063961259e+00	8.4038506538e-01	1.1308502935e+00	
178	6.0255958607e+10	6.0255958607e+10	5.8247597567e+00	8.4148088129e-01	1.1301190086e+00	
179	6.1659500186e+10	6.1659500186e+10	5.8459282528e+00	8.4248930905e-01	1.1294916998e+00	
180	6.3095734448e+10	6.3095734448e+10	5.8699465776e+00	8.4341515018e-01	1.1289637670e+00	
181	6.4565422903e+10	6.4565422903e+10	5.8968656156e+00	8.4426278415e-01	1.1285310727e+00	
182	6.6069344801e+10	6.6069344801e+10	5.9267422834e+00	8.4503620827e-01	1.1281898944e+00	
183	6.7608297539e+10	6.7608297539e+10	5.9596396531e+00	8.4573907326e-01	1.1279368826e+00	
184	6.9183097092e+10	6.9183097092e+10	5.9956270869e+00	8.4637471520e-01	1.1277690228e+00	
185	7.0794578438e+10	7.0794578438e+10	6.0347803869e+00	8.4694618414e-01	1.1276836023e+00	
186	7.2443596007e+10	7.2443596007e+10	6.0771819561e+00	8.4745626995e-01	1.1276781791e+00	
187	7.4131024130e+10	7.4131024130e+10	6.1229209751e+00	8.4790752562e-01	1.1277505545e+00	
188	7.5857757503e+10	7.5857757503e+10	6.1720935918e+00	8.4830228838e-01	1.1278987480e+00	
189	7.7624711663e+10	7.7624711663e+10	6.2248031267e+00	8.4864269893e-01	1.1281209738e+00	
190	7.9432823472e+10	7.9432823472e+10	6.2811602937e+00	8.4893071893e-01	1.1284156203e+00	
191	8.1283051616e+10	8.1283051616e+10	6.3412834368e+00	8.4916814707e-01	1.1287812299e+00	
192	8.3176377110e+10	8.3176377110e+10	6.4052987831e+00	8.4935663377e-01	1.1292164807e+00	
193	8.5113803820e+10	8.5113803820e+10	6.4733407146e+00	8.4949769486e-01	1.1297201701e+00	
194	8.7096358996e+10	8.7096358996e+10	6.5455520571e+00	8.4959272407e-01	1.1302911978e+00	
195	8.9125093813e+10	8.9125093813e+10	6.6220843893e+00	8.4964300485e-01	1.1309285515e+00	
196	9.1201083936e+10	9.1201083936e+10	6.7030983711e+00	8.4964972124e-01	1.1316312920e+00	
197	9.3325430080e+10	9.3325430080e+10	6.7887640948e+00	8.4961396819e-01	1.1323985398e+00	
198	9.5499258602e+10	9.5499258602e+10	6.8792614574e+00	8.4953676123e-01	1.1332294619e+00	
199	9.7723722096e+10	9.7723722096e+10	6.9747805569e+00	8.4941904563e-01	1.1341232590e+00	
200	1.0000000000e+11	1.0000000000e+11	7.0755221149e+00	8.4926170507e-01	1.1350791538e+00	
SWEEP_END
m_s11_db_lo = -6.191065748e+00
m_s11_db_mid = -2.330498460e+01
m_s11_db_hi = -4.720598949e+00
m_s21_db_lo = 2.1078449002e+01
m_s21_db_mid = 2.2357947022e+01
m_s21_db_hi = 1.9724828927e+01
m_s22_db_lo = -8.972266458e+00
m_s22_db_mid = -2.616411592e+01
m_s22_db_hi = -9.823969517e+00
m_s12_db_lo = -5.018649334e+01
m_s12_db_mid = -4.730568891e+01
m_s12_db_hi = -4.846978653e+01
m_k_lo = 9.6331471824e+00
m_k_mid = 8.8023524032e+00
m_k_hi = 8.1677243329e+00
m_nf_db_lo = 3.2583489587e+00
m_nf_db_mid = 3.5185042984e+00
m_nf_db_hi = 3.9107641764e+00
m_q1_vce = 1.2425068294e+00
m_q1_vbe = 8.0930432774e-01
m_q1_ic = 1.5625151589e-03
m_q1_icfrac = 6.5104798288e-02
m_q1_dtj = 3.3942336456e+00
m_q1_ft = 1.8183208515e+02
m_q2_vce = 1.2527998068e+00
m_q2_vbe = 8.0923869730e-01
m_q2_ic = 1.5605847380e-03
m_q2_icfrac = 6.5024364083e-02
m_q2_dtj = 3.4180889300e+00
m_q2_ft = 1.8443250680e+02
m_qr_vce = 8.1287672888e-01
m_qr_vbe = 8.1287672888e-01
m_qr_ic = 2.0806213173e-04
m_qr_icfrac = 6.9354043911e-02
m_qr_dtj = 1.9223587129e+00
m_qr_ft = 1.7150828199e+02
m_idd_ma = 2.0665575779e+00
m_pdc_mw = 5.1663939447e+00
m_d_lo = 2.0547421413e-01
m_mu_lo = 2.6123815908e+00
m_msg_db_lo = 7.1264942343e+01
m_d_mid = 5.5228278902e-02
m_mu_mid = 9.2770589646e+00
m_msg_db_mid = 6.9663635933e+01
m_d_hi = 1.9558127532e-01
m_mu_hi = 2.6651931749e+00
m_msg_db_hi = 6.8194615456e+01
m_sw_n = 2.0100000000e+02
m_sw_kmin = 5.7533222325e+00
m_sw_fkmin_ghz = 5.1286138399e+01
m_sw_kmin_hi = 5.7533222325e+00
m_sw_kmin_lo = 9.8134612434e+00
m_sw_dmax = 9.5003917210e-01
m_sw_mumin = 1.0000010394e+00
m_sw_nunst = 0.0000000000e+00
Doing analysis at TEMP = 27.000000 and TNOM = 27.000000

Using SPARSE 1.3 as Direct Linear Solver

Initial Transient Solution
--------------------------

Node                                   Voltage
----                                   -------
vdd                                        2.5
xdut.nr                               0.817877
xdut.er                             0.00499982
xdut.xqr.s1                        3.23833e-10
xdut.xqr.t                             1.92236
xdut.b1                               0.813998
xdut.oc                                    2.5
xdut.b2                                2.05644
xdut.c1                                 1.2472
xdut.xq2.s1                        2.76046e-09
xdut.xq2.t                             3.41809
xdut.e1                             0.00469336
xdut.xq1.s1                        1.38231e-09
xdut.xq1.t                             3.39423
p1                                           0
xdut.in2                                     0
p2                                           0
s1n                                          0
s2n                                          0
l.xdut.lin#branch                            0
l.xdut.lfeed#branch                 0.00156058
vs2#branch                                   0
vs1#branch                                   0
vdd#branch                         -0.00206656


No. of Data Rows : 59

  Measurements for Transient Analysis

lna_rail_v          =  2.50000e+00

ngspice-46 done
