
Note: No compatibility mode selected!


Circuit: * klt sim -- generated corner deck, do not edit

Doing analysis at TEMP = 27.000000 and TNOM = 27.000000

Using SPARSE 1.3 as Direct Linear Solver

No. of Data Rows : 1

  Measurements for Transient Analysis


Doing analysis at TEMP = 27.000000 and TNOM = 27.000000

Using SPARSE 1.3 as Direct Linear Solver

No. of Data Rows : 3

  Measurements for Transient Analysis


Reset re-loads circuit * klt sim -- generated corner deck, do not edit

Circuit: * klt sim -- generated corner deck, do not edit

Doing analysis at TEMP = 27.000000 and TNOM = 27.000000

Using SPARSE 1.3 as Direct Linear Solver

No. of Data Rows : 3

  Measurements for Transient Analysis


Reset re-loads circuit * klt sim -- generated corner deck, do not edit

Circuit: * klt sim -- generated corner deck, do not edit

Doing analysis at TEMP = 27.000000 and TNOM = 27.000000

Using SPARSE 1.3 as Direct Linear Solver

No. of Data Rows : 3

No. of Data Rows : 1

  Measurements for Transient Analysis


Doing analysis at TEMP = 27.000000 and TNOM = 27.000000

Using SPARSE 1.3 as Direct Linear Solver

No. of Data Rows : 201

  Measurements for Transient Analysis


Reset re-loads circuit * klt sim -- generated corner deck, do not edit

Circuit: * klt sim -- generated corner deck, do not edit

Doing analysis at TEMP = 27.000000 and TNOM = 27.000000

Using SPARSE 1.3 as Direct Linear Solver

No. of Data Rows : 201

  Measurements for Transient Analysis


Reset re-loads circuit * klt sim -- generated corner deck, do not edit

Circuit: * klt sim -- generated corner deck, do not edit

SWEEP_BEGIN
                                                                            * klt sim -- generated corner deck, do not edit
                                                                            AC Analysis  Sat Oct 10 01:29:02  2026
--------------------------------------------------------------------------------------------------------------------------------------------------------------------------------------------------------
Index   frequency       wf              wk              wd              wmu             
--------------------------------------------------------------------------------------------------------------------------------------------------------------------------------------------------------
0	1.0000000000e+09	1.0000000000e+09	3.5448329777e+02	9.4595824375e-01	1.0000010395e+00	
1	1.0232929923e+09	1.0232929923e+09	3.4586924405e+02	9.4594488205e-01	1.0000011400e+00	
2	1.0471285481e+09	1.0471285481e+09	3.3744171747e+02	9.4593088504e-01	1.0000012503e+00	
3	1.0715193052e+09	1.0715193052e+09	3.2919644024e+02	9.4591622165e-01	1.0000013712e+00	
4	1.0964781961e+09	1.0964781961e+09	3.2112923955e+02	9.4590085930e-01	1.0000015038e+00	
5	1.1220184543e+09	1.1220184543e+09	3.1323604962e+02	9.4588476374e-01	1.0000016493e+00	
6	1.1481536215e+09	1.1481536215e+09	3.0551290677e+02	9.4586789905e-01	1.0000018088e+00	
7	1.1748975549e+09	1.1748975549e+09	2.9795594944e+02	9.4585022747e-01	1.0000019839e+00	
8	1.2022644346e+09	1.2022644346e+09	2.9056141753e+02	9.4583170934e-01	1.0000021758e+00	
9	1.2302687708e+09	1.2302687708e+09	2.8332564851e+02	9.4581230301e-01	1.0000023865e+00	
10	1.2589254118e+09	1.2589254118e+09	2.7624507656e+02	9.4579196470e-01	1.0000026175e+00	
11	1.2882495517e+09	1.2882495517e+09	2.6931623283e+02	9.4577064839e-01	1.0000028709e+00	
12	1.3182567386e+09	1.3182567386e+09	2.6253574148e+02	9.4574830571e-01	1.0000031490e+00	
13	1.3489628826e+09	1.3489628826e+09	2.5590031964e+02	9.4572488581e-01	1.0000034540e+00	
14	1.3803842646e+09	1.3803842646e+09	2.4940677527e+02	9.4570033520e-01	1.0000037886e+00	
15	1.4125375446e+09	1.4125375446e+09	2.4305200662e+02	9.4567459764e-01	1.0000041558e+00	
16	1.4454397707e+09	1.4454397707e+09	2.3683299952e+02	9.4564761393e-01	1.0000045586e+00	
17	1.4791083882e+09	1.4791083882e+09	2.3074682724e+02	9.4561932180e-01	1.0000050006e+00	
18	1.5135612484e+09	1.5135612484e+09	2.2479064837e+02	9.4558965570e-01	1.0000054855e+00	
19	1.5488166189e+09	1.5488166189e+09	2.1896170552e+02	9.4555854662e-01	1.0000060176e+00	
20	1.5848931925e+09	1.5848931925e+09	2.1325732395e+02	9.4552592188e-01	1.0000066015e+00	
21	1.6218100974e+09	1.6218100974e+09	2.0767491006e+02	9.4549170493e-01	1.0000072422e+00	
22	1.6595869074e+09	1.6595869074e+09	2.0221195033e+02	9.4545581511e-01	1.0000079453e+00	
23	1.6982436525e+09	1.6982436525e+09	1.9686600903e+02	9.4541816743e-01	1.0000087169e+00	
24	1.7378008287e+09	1.7378008287e+09	1.9163472732e+02	9.4537867227e-01	1.0000095638e+00	
25	1.7782794100e+09	1.7782794100e+09	1.8651582153e+02	9.4533723512e-01	1.0000104932e+00	
26	1.8197008586e+09	1.8197008586e+09	1.8150708145e+02	9.4529375630e-01	1.0000115133e+00	
27	1.8620871367e+09	1.8620871367e+09	1.7660636869e+02	9.4524813062e-01	1.0000126331e+00	
28	1.9054607180e+09	1.9054607180e+09	1.7181161498e+02	9.4520024703e-01	1.0000138622e+00	
29	1.9498445998e+09	1.9498445998e+09	1.6712082026e+02	9.4514998827e-01	1.0000152115e+00	
30	1.9952623150e+09	1.9952623150e+09	1.6253205092e+02	9.4509723049e-01	1.0000166927e+00	
31	2.0417379447e+09	2.0417379447e+09	1.5804343790e+02	9.4504184278e-01	1.0000183190e+00	
32	2.0892961309e+09	2.0892961309e+09	1.5365317451e+02	9.4498368677e-01	1.0000201045e+00	
33	2.1379620895e+09	2.1379620895e+09	1.4935951447e+02	9.4492261610e-01	1.0000220651e+00	
34	2.1877616239e+09	2.1877616239e+09	1.4516076970e+02	9.4485847593e-01	1.0000242180e+00	
35	2.2387211386e+09	2.2387211386e+09	1.4105530807e+02	9.4479110232e-01	1.0000265823e+00	
36	2.2908676528e+09	2.2908676528e+09	1.3704155110e+02	9.4472032170e-01	1.0000291789e+00	
37	2.3442288153e+09	2.3442288153e+09	1.3311797160e+02	9.4464595012e-01	1.0000320309e+00	
38	2.3988329190e+09	2.3988329190e+09	1.2928309110e+02	9.4456779260e-01	1.0000351636e+00	
39	2.4547089157e+09	2.4547089157e+09	1.2553547745e+02	9.4448564235e-01	1.0000386051e+00	
40	2.5118864315e+09	2.5118864315e+09	1.2187374221e+02	9.4439927990e-01	1.0000423859e+00	
41	2.5703957828e+09	2.5703957828e+09	1.1829653797e+02	9.4430847225e-01	1.0000465402e+00	
42	2.6302679919e+09	2.6302679919e+09	1.1480255571e+02	9.4421297184e-01	1.0000511051e+00	
43	2.6915348039e+09	2.6915348039e+09	1.1139052211e+02	9.4411251552e-01	1.0000561217e+00	
44	2.7542287033e+09	2.7542287033e+09	1.0805919681e+02	9.4400682339e-01	1.0000616355e+00	
45	2.8183829313e+09	2.8183829313e+09	1.0480736970e+02	9.4389559754e-01	1.0000676964e+00	
46	2.8840315031e+09	2.8840315031e+09	1.0163385814e+02	9.4377852065e-01	1.0000743594e+00	
47	2.9512092267e+09	2.9512092267e+09	9.8537504332e+01	9.4365525457e-01	1.0000816854e+00	
48	3.0199517204e+09	3.0199517204e+09	9.5517172584e+01	9.4352543862e-01	1.0000897413e+00	
49	3.0902954325e+09	3.0902954325e+09	9.2571746713e+01	9.4338868789e-01	1.0000986011e+00	
50	3.1622776602e+09	3.1622776602e+09	8.9700127464e+01	9.4324459120e-01	1.0001083466e+00	
51	3.2359365693e+09	3.2359365693e+09	8.6901230036e+01	9.4309270909e-01	1.0001190679e+00	
52	3.3113112148e+09	3.3113112148e+09	8.4173981685e+01	9.4293257139e-01	1.0001308645e+00	
53	3.3884415614e+09	3.3884415614e+09	8.1517319428e+01	9.4276367474e-01	1.0001438467e+00	
54	3.4673685045e+09	3.4673685045e+09	7.8930187885e+01	9.4258547975e-01	1.0001581360e+00	
55	3.5481338923e+09	3.5481338923e+09	7.6411537234e+01	9.4239740793e-01	1.0001738671e+00	
56	3.6307805477e+09	3.6307805477e+09	7.3960321333e+01	9.4219883829e-01	1.0001911889e+00	
57	3.7153522910e+09	3.7153522910e+09	7.1575495968e+01	9.4198910362e-01	1.0002102661e+00	
58	3.8018939632e+09	3.8018939632e+09	6.9256017297e+01	9.4176748634e-01	1.0002312813e+00	
59	3.8904514499e+09	3.8904514499e+09	6.7000840438e+01	9.4153321398e-01	1.0002544367e+00	
60	3.9810717055e+09	3.9810717055e+09	6.4808918250e+01	9.4128545412e-01	1.0002799563e+00	
61	4.0738027780e+09	4.0738027780e+09	6.2679200294e+01	9.4102330882e-01	1.0003080887e+00	
62	4.1686938347e+09	4.1686938347e+09	6.0610631970e+01	9.4074580843e-01	1.0003391098e+00	
63	4.2657951880e+09	4.2657951880e+09	5.8602153846e+01	9.4045190473e-01	1.0003733257e+00	
64	4.3651583224e+09	4.3651583224e+09	5.6652701169e+01	9.4014046330e-01	1.0004110767e+00	
65	4.4668359215e+09	4.4668359215e+09	5.4761203551e+01	9.3981025500e-01	1.0004527410e+00	
66	4.5708818961e+09	4.5708818961e+09	5.2926584832e+01	9.3945994654e-01	1.0004987395e+00	
67	4.6773514129e+09	4.6773514129e+09	5.1147763116e+01	9.3908808986e-01	1.0005495406e+00	
68	4.7863009232e+09	4.7863009232e+09	4.9423650964e+01	9.3869311032e-01	1.0006056662e+00	
69	4.8977881937e+09	4.8977881937e+09	4.7753155734e+01	9.3827329345e-01	1.0006676985e+00	
70	5.0118723363e+09	5.0118723363e+09	4.6135180073e+01	9.3782677012e-01	1.0007362869e+00	
71	5.1286138399e+09	5.1286138399e+09	4.4568622529e+01	9.3735149983e-01	1.0008121570e+00	
72	5.2480746025e+09	5.2480746025e+09	4.3052378285e+01	9.3684525198e-01	1.0008961201e+00	
73	5.3703179637e+09	5.3703179637e+09	4.1585339998e+01	9.3630558466e-01	1.0009890839e+00	
74	5.4954087386e+09	5.4954087386e+09	4.0166398726e+01	9.3572982086e-01	1.0010920657e+00	
75	5.6234132519e+09	5.6234132519e+09	3.8794444940e+01	9.3511502140e-01	1.0012062063e+00	
76	5.7543993734e+09	5.7543993734e+09	3.7468369591e+01	9.3445795441e-01	1.0013327869e+00	
77	5.8884365536e+09	5.8884365536e+09	3.6187065234e+01	9.3375506061e-01	1.0014732477e+00	
78	6.0255958607e+09	6.0255958607e+09	3.4949427191e+01	9.3300241384e-01	1.0016292102e+00	
79	6.1659500186e+09	6.1659500186e+09	3.3754354733e+01	9.3219567617e-01	1.0018025023e+00	
80	6.3095734448e+09	6.3095734448e+09	3.2600752282e+01	9.3133004658e-01	1.0019951876e+00	
81	6.4565422903e+09	6.4565422903e+09	3.1487530605e+01	9.3040020234e-01	1.0022095996e+00	
82	6.6069344801e+09	6.6069344801e+09	3.0413608007e+01	9.2940023180e-01	1.0024483806e+00	
83	6.7608297539e+09	6.7608297539e+09	2.9377911501e+01	9.2832355719e-01	1.0027145286e+00	
84	6.9183097092e+09	6.9183097092e+09	2.8379377945e+01	9.2716284587e-01	1.0030114506e+00	
85	7.0794578438e+09	7.0794578438e+09	2.7416955149e+01	9.2590990788e-01	1.0033430263e+00	
86	7.2443596007e+09	7.2443596007e+09	2.6489602932e+01	9.2455557758e-01	1.0037136822e+00	
87	7.4131024130e+09	7.4131024130e+09	2.5596294133e+01	9.2308957657e-01	1.0041284796e+00	
88	7.5857757503e+09	7.5857757503e+09	2.4736015559e+01	9.2150035446e-01	1.0045932189e+00	
89	7.7624711663e+09	7.7624711663e+09	2.3907768882e+01	9.1977490363e-01	1.0051145629e+00	
90	7.9432823472e+09	7.9432823472e+09	2.3110571466e+01	9.1789854321e-01	1.0057001847e+00	
91	8.1283051616e+09	8.1283051616e+09	2.2343457128e+01	9.1585466642e-01	1.0063589443e+00	
92	8.3176377110e+09	8.3176377110e+09	2.1605476832e+01	9.1362444465e-01	1.0071011008e+00	
93	8.5113803820e+09	8.5113803820e+09	2.0895699318e+01	9.1118647982e-01	1.0079385692e+00	
94	8.7096358996e+09	8.7096358996e+09	2.0213211653e+01	9.0851639527e-01	1.0088852308e+00	
95	8.9125093813e+09	8.9125093813e+09	1.9557119719e+01	9.0558635312e-01	1.0099573119e+00	
96	9.1201083936e+09	9.1201083936e+09	1.8926548634e+01	9.0236448386e-01	1.0111738471e+00	
97	9.3325430080e+09	9.3325430080e+09	1.8320643104e+01	8.9881421088e-01	1.0125572487e+00	
98	9.5499258602e+09	9.5499258602e+09	1.7738567709e+01	8.9489344924e-01	1.0141340111e+00	
99	9.7723722096e+09	9.7723722096e+09	1.7179507129e+01	8.9055365402e-01	1.0159355860e+00	
100	1.0000000000e+10	1.0000000000e+10	1.6642666313e+01	8.8573868894e-01	1.0179994766e+00	
101	1.0232929923e+10	1.0232929923e+10	1.6127270583e+01	8.8038348057e-01	1.0203706143e+00	
102	1.0471285481e+10	1.0471285481e+10	1.5632565696e+01	8.7441241800e-01	1.0231031014e+00	
103	1.0715193052e+10	1.0715193052e+10	1.5157817845e+01	8.6773745202e-01	1.0262624319e+00	
104	1.0964781961e+10	1.0964781961e+10	1.4702313617e+01	8.6025584279e-01	1.0299283429e+00	
105	1.1220184543e+10	1.1220184543e+10	1.4265359911e+01	8.5184750186e-01	1.0341985018e+00	
106	1.1481536215e+10	1.1481536215e+10	1.3846283810e+01	8.4237187593e-01	1.0391933143e+00	
107	1.1748975549e+10	1.1748975549e+10	1.3444432417e+01	8.3166432887e-01	1.0450622456e+00	
108	1.2022644346e+10	1.2022644346e+10	1.3059172663e+01	8.1953200320e-01	1.0519922078e+00	
109	1.2302687708e+10	1.2302687708e+10	1.2689891075e+01	8.0574919176e-01	1.0602187953e+00	
110	1.2589254118e+10	1.2589254118e+10	1.2335993528e+01	7.9005234175e-01	1.0700414918e+00	
111	1.2882495517e+10	1.2882495517e+10	1.1996904962e+01	7.7213497309e-01	1.0818444827e+00	
112	1.3182567386e+10	1.3182567386e+10	1.1672069087e+01	7.5164305870e-01	1.0961254834e+00	
113	1.3489628826e+10	1.3489628826e+10	1.1360948063e+01	7.2817184403e-01	1.1135362032e+00	
114	1.3803842646e+10	1.3803842646e+10	1.1063022168e+01	7.0126575515e-01	1.1349399764e+00	
115	1.4125375446e+10	1.4125375446e+10	1.0777789448e+01	6.7042406294e-01	1.1614952119e+00	
116	1.4454397707e+10	1.4454397707e+10	1.0504765362e+01	6.3511645672e-01	1.1947785419e+00	
117	1.4791083882e+10	1.4791083882e+10	1.0243482415e+01	5.9481475149e-01	1.2369706516e+00	
118	1.5135612484e+10	1.5135612484e+10	9.9934897806e+00	5.4904965799e-01	1.2911443041e+00	
119	1.5488166189e+10	1.5488166189e+10	9.7543529232e+00	4.9750474213e-01	1.3617256543e+00	
120	1.5848931925e+10	1.5848931925e+10	9.5256532160e+00	4.4016275939e-01	1.4552638948e+00	
121	1.6218100974e+10	1.6218100974e+10	9.3069875543e+00	3.7752068919e-01	1.5817827560e+00	
122	1.6595869074e+10	1.6595869074e+10	9.0979679705e+00	3.1088450124e-01	1.7573115204e+00	
123	1.6982436525e+10	1.6982436525e+10	8.8982212491e+00	2.4273274265e-01	2.0090259976e+00	
124	1.7378008287e+10	1.7378008287e+10	8.7073885433e+00	1.7708153140e-01	2.3868333898e+00	
125	1.7782794100e+10	1.7782794100e+10	8.5251249951e+00	1.1967634087e-01	2.9933112607e+00	
126	1.8197008586e+10	1.8197008586e+10	8.3510993587e+00	7.7628160110e-02	4.0772590662e+00	
127	1.8620871367e+10	1.8620871367e+10	8.1849936287e+00	5.7128865211e-02	6.4144908044e+00	
128	1.9054607180e+10	1.9054607180e+10	8.0265026740e+00	5.8224122043e-02	1.1177984915e+01	
129	1.9498445998e+10	1.9498445998e+10	7.8753338777e+00	7.7911551195e-02	6.3857847127e+00	
130	1.9952623150e+10	1.9952623150e+10	7.7312067836e+00	1.1438783041e-01	4.2184669698e+00	
131	2.0417379447e+10	2.0417379447e+10	7.5938527501e+00	1.6290043751e-01	3.2138306438e+00	
132	2.0892961309e+10	2.0892961309e+10	7.4630146117e+00	2.1754369807e-01	2.6474912705e+00	
133	2.1379620895e+10	2.1379620895e+10	7.3384463490e+00	2.7359328162e-01	2.2896841137e+00	
134	2.1877616239e+10	2.1877616239e+10	7.2199127669e+00	3.2796324013e-01	2.0463724630e+00	
135	2.2387211386e+10	2.2387211386e+10	7.1071891811e+00	3.7891869292e-01	1.8721723740e+00	
136	2.2908676528e+10	2.2908676528e+10	7.0000611151e+00	4.2565702742e-01	1.7425844196e+00	
137	2.3442288153e+10	2.3442288153e+10	6.8983240050e+00	4.6795606930e-01	1.6432724118e+00	
138	2.3988329190e+10	2.3988329190e+10	6.8017829148e+00	5.0592630739e-01	1.5653221998e+00	
139	2.4547089157e+10	2.4547089157e+10	6.7102522608e+00	5.3985135165e-01	1.5029222559e+00	
140	2.5118864315e+10	2.5118864315e+10	6.6235555460e+00	5.7009095000e-01	1.4521370383e+00	
141	2.5703957828e+10	2.5703957828e+10	6.5415251046e+00	5.9702481481e-01	1.4102168583e+00	
142	2.6302679919e+10	2.6302679919e+10	6.4640018564e+00	6.2102184642e-01	1.3751895806e+00	
143	2.6915348039e+10	2.6915348039e+10	6.3908350710e+00	6.4242465635e-01	1.3456088025e+00	
144	2.7542287033e+10	2.7542287033e+10	6.3218821426e+00	6.6154304172e-01	1.3203930124e+00	
145	2.8183829313e+10	2.8183829313e+10	6.2570083745e+00	6.7865251781e-01	1.2987197455e+00	
146	2.8840315031e+10	2.8840315031e+10	6.1960867746e+00	6.9399556657e-01	1.2799541139e+00	
147	2.9512092267e+10	2.9512092267e+10	6.1389978600e+00	7.0778421714e-01	1.2635994456e+00	
148	3.0199517204e+10	3.0199517204e+10	6.0856294730e+00	7.2020315972e-01	1.2492625116e+00	
149	3.0902954325e+10	3.0902954325e+10	6.0358766066e+00	7.3141294641e-01	1.2366285912e+00	
150	3.1622776602e+10	3.1622776602e+10	5.9896412407e+00	7.4155304332e-01	1.2254433056e+00	
151	3.2359365693e+10	3.2359365693e+10	5.9468321883e+00	7.5074462118e-01	1.2154991934e+00	
152	3.3113112148e+10	3.3113112148e+10	5.9073649521e+00	7.5909304256e-01	1.2066256579e+00	
153	3.3884415614e+10	3.3884415614e+10	5.8711615913e+00	7.6669004290e-01	1.1986813513e+00	
154	3.4673685045e+10	3.4673685045e+10	5.8381505992e+00	7.7361562284e-01	1.1915483399e+00	
155	3.5481338923e+10	3.5481338923e+10	5.8082667898e+00	7.7993967892e-01	1.1851275899e+00	
156	3.6307805477e+10	3.6307805477e+10	5.7814511965e+00	7.8572340251e-01	1.1793354413e+00	
157	3.7153522910e+10	3.7153522910e+10	5.7576509794e+00	7.9102047702e-01	1.1741008303e+00	
158	3.8018939632e+10	3.8018939632e+10	5.7368193440e+00	7.9587810090e-01	1.1693630831e+00	
159	3.8904514499e+10	3.8904514499e+10	5.7189154699e+00	8.0033786163e-01	1.1650701505e+00	
160	3.9810717055e+10	3.9810717055e+10	5.7039044500e+00	8.0443648247e-01	1.1611771853e+00	
161	4.0738027780e+10	4.0738027780e+10	5.6917572401e+00	8.0820646110e-01	1.1576453880e+00	
162	4.1686938347e+10	4.1686938347e+10	5.6824506185e+00	8.1167661640e-01	1.1544410649e+00	
163	4.2657951880e+10	4.2657951880e+10	5.6759671576e+00	8.1487255728e-01	1.1515348545e+00	
164	4.3651583224e+10	4.3651583224e+10	5.6722952041e+00	8.1781708542e-01	1.1489010882e+00	
165	4.4668359215e+10	4.4668359215e+10	5.6714288719e+00	8.2053054172e-01	1.1465172604e+00	
166	4.5708818961e+10	4.5708818961e+10	5.6733680445e+00	8.2303110514e-01	1.1443635857e+00	
167	4.6773514129e+10	4.6773514129e+10	5.6781183892e+00	8.2533505073e-01	1.1424226283e+00	
168	4.7863009232e+10	4.7863009232e+10	5.6856913817e+00	8.2745697323e-01	1.1406789892e+00	
169	4.8977881937e+10	4.8977881937e+10	5.6961043427e+00	8.2940998089e-01	1.1391190421e+00	
170	5.0118723363e+10	5.0118723363e+10	5.7093804856e+00	8.3120586418e-01	1.1377307088e+00	
171	5.1286138399e+10	5.1286138399e+10	5.7255489756e+00	8.3285524276e-01	1.1365032675e+00	
172	5.2480746025e+10	5.2480746025e+10	5.7446450015e+00	8.3436769384e-01	1.1354271888e+00	
173	5.3703179637e+10	5.3703179637e+10	5.7667098586e+00	8.3575186468e-01	1.1344939945e+00	
174	5.4954087386e+10	5.4954087386e+10	5.7917910449e+00	8.3701557122e-01	1.1336961360e+00	
175	5.6234132519e+10	5.6234132519e+10	5.8199423696e+00	8.3816588488e-01	1.1330268881e+00	
176	5.7543993734e+10	5.7543993734e+10	5.8512240743e+00	8.3920920911e-01	1.1324802577e+00	
177	5.8884365536e+10	5.8884365536e+10	5.8857029688e+00	8.4015134708e-01	1.1320509031e+00	
178	6.0255958607e+10	6.0255958607e+10	5.9234525791e+00	8.4099756166e-01	1.1317340635e+00	
179	6.1659500186e+10	6.1659500186e+10	5.9645533109e+00	8.4175262865e-01	1.1315254973e+00	
180	6.3095734448e+10	6.3095734448e+10	6.0090926272e+00	8.4242088436e-01	1.1314214269e+00	
181	6.4565422903e+10	6.4565422903e+10	6.0571652416e+00	8.4300626796e-01	1.1314184899e+00	
182	6.6069344801e+10	6.6069344801e+10	6.1088733264e+00	8.4351235955e-01	1.1315136956e+00	
183	6.7608297539e+10	6.7608297539e+10	6.1643267384e+00	8.4394241435e-01	1.1317043860e+00	
184	6.9183097092e+10	6.9183097092e+10	6.2236432610e+00	8.4429939349e-01	1.1319882003e+00	
185	7.0794578438e+10	7.0794578438e+10	6.2869488640e+00	8.4458599196e-01	1.1323630429e+00	
186	7.2443596007e+10	7.2443596007e+10	6.3543779827e+00	8.4480466395e-01	1.1328270545e+00	
187	7.4131024130e+10	7.4131024130e+10	6.4260738154e+00	8.4495764594e-01	1.1333785852e+00	
188	7.5857757503e+10	7.5857757503e+10	6.5021886423e+00	8.4504697785e-01	1.1340161697e+00	
189	7.7624711663e+10	7.7624711663e+10	6.5828841655e+00	8.4507452254e-01	1.1347385047e+00	
190	7.9432823472e+10	7.9432823472e+10	6.6683318710e+00	8.4504198372e-01	1.1355444272e+00	
191	8.1283051616e+10	8.1283051616e+10	6.7587134155e+00	8.4495092260e-01	1.1364328944e+00	
192	8.3176377110e+10	8.3176377110e+10	6.8542210373e+00	8.4480277343e-01	1.1374029652e+00	
193	8.5113803820e+10	8.5113803820e+10	6.9550579946e+00	8.4459885797e-01	1.1384537816e+00	
194	8.7096358996e+10	8.7096358996e+10	7.0614390317e+00	8.4434039915e-01	1.1395845519e+00	
195	8.9125093813e+10	8.9125093813e+10	7.1735908748e+00	8.4402853389e-01	1.1407945338e+00	
196	9.1201083936e+10	9.1201083936e+10	7.2917527608e+00	8.4366432538e-01	1.1420830193e+00	
197	9.3325430080e+10	9.3325430080e+10	7.4161769991e+00	8.4324877458e-01	1.1434493184e+00	
198	9.5499258602e+10	9.5499258602e+10	7.5471295702e+00	8.4278283132e-01	1.1448927449e+00	
199	9.7723722096e+10	9.7723722096e+10	7.6848907639e+00	8.4226740490e-01	1.1464126021e+00	
200	1.0000000000e+11	1.0000000000e+11	7.8297558589e+00	8.4170337422e-01	1.1480081682e+00	
SWEEP_END
m_s11_db_lo = -1.146482361e+01
m_s11_db_mid = -9.511294009e+00
m_s11_db_hi = -2.963976555e+00
m_s21_db_lo = 2.1327187305e+01
m_s21_db_mid = 2.1058940664e+01
m_s21_db_hi = 1.7508084090e+01
m_s22_db_lo = -1.013343527e+01
m_s22_db_mid = -2.074662610e+01
m_s22_db_hi = -9.022719961e+00
m_s12_db_lo = -4.742423658e+01
m_s12_db_mid = -4.608089705e+01
m_s12_db_hi = -4.815454503e+01
m_k_lo = 8.5613888167e+00
m_k_mid = 7.8913218849e+00
m_k_hi = 7.3833771983e+00
m_nf_db_lo = 3.5611311823e+00
m_nf_db_mid = 3.8680403631e+00
m_nf_db_hi = 4.3326948366e+00
m_q1_vce = 1.4343249954e+00
m_q1_vbe = 8.2054022076e-01
m_q1_ic = 1.6689942556e-03
m_q1_icfrac = 6.9541427316e-02
m_q1_dtj = 4.1865870732e+00
m_q1_ft = 1.6745777559e+02
m_q2_vce = 1.3106575736e+00
m_q2_vbe = 8.2080909377e-01
m_q2_ic = 1.6653073924e-03
m_q2_icfrac = 6.9387808016e-02
m_q2_dtj = 3.8179071423e+00
m_q2_ft = 1.6918469137e+02
m_qr_vce = 8.2685432300e-01
m_qr_vbe = 8.2685432300e-01
m_qr_ic = 2.3566810299e-04
m_qr_icfrac = 7.8556034331e-02
m_qr_dtj = 2.2170715690e+00
m_qr_ft = 1.6421989289e+02
m_idd_ma = 2.2315576512e+00
m_pdc_mw = 6.1367835409e+00
m_d_lo = 1.3031181478e-01
m_mu_lo = 2.8434781755e+00
m_msg_db_lo = 6.8751423882e+01
m_d_mid = 7.4923577358e-02
m_mu_mid = 6.7696745238e+00
m_msg_db_mid = 6.7139837717e+01
m_d_hi = 2.5312118589e-01
m_mu_hi = 2.4040382281e+00
m_msg_db_hi = 6.5662629122e+01
m_sw_n = 2.0100000000e+02
m_sw_kmin = 5.6714288719e+00
m_sw_fkmin_ghz = 4.4668359215e+01
m_sw_kmin_hi = 5.6714288719e+00
m_sw_kmin_lo = 8.7073885433e+00
m_sw_dmax = 9.4595824375e-01
m_sw_mumin = 1.0000010395e+00
m_sw_nunst = 0.0000000000e+00
Doing analysis at TEMP = 27.000000 and TNOM = 27.000000

Using SPARSE 1.3 as Direct Linear Solver

Initial Transient Solution
--------------------------

Node                                   Voltage
----                                   -------
vdd                                       2.75
xdut.nr                               0.832523
xdut.er                             0.00566884
xdut.xqr.s1                        3.28122e-10
xdut.xqr.t                             2.21707
xdut.b1                               0.825558
xdut.oc                                   2.75
xdut.b2                                2.26015
xdut.c1                                1.43934
xdut.xq2.s1                        3.03322e-09
xdut.xq2.t                             3.81791
xdut.e1                             0.00501743
xdut.xq1.s1                        1.59244e-09
xdut.xq1.t                             4.18659
p1                                           0
xdut.in2                                     0
p2                                           0
s1n                                          0
s2n                                          0
l.xdut.lin#branch                            0
l.xdut.lfeed#branch                 0.00166531
vs2#branch                                   0
vs1#branch                                   0
vdd#branch                         -0.00223156


No. of Data Rows : 59

  Measurements for Transient Analysis

lna_rail_v          =  2.75000e+00

ngspice-46 done
