
Note: No compatibility mode selected!


Circuit: * klt sim -- generated corner deck, do not edit

Doing analysis at TEMP = 27.000000 and TNOM = 27.000000

Using SPARSE 1.3 as Direct Linear Solver

No. of Data Rows : 1

  Measurements for Transient Analysis


Doing analysis at TEMP = 27.000000 and TNOM = 27.000000

Using SPARSE 1.3 as Direct Linear Solver

No. of Data Rows : 3

  Measurements for Transient Analysis


Reset re-loads circuit * klt sim -- generated corner deck, do not edit

Circuit: * klt sim -- generated corner deck, do not edit

Doing analysis at TEMP = 27.000000 and TNOM = 27.000000

Using SPARSE 1.3 as Direct Linear Solver

No. of Data Rows : 3

  Measurements for Transient Analysis


Reset re-loads circuit * klt sim -- generated corner deck, do not edit

Circuit: * klt sim -- generated corner deck, do not edit

Doing analysis at TEMP = 27.000000 and TNOM = 27.000000

Using SPARSE 1.3 as Direct Linear Solver

No. of Data Rows : 3

No. of Data Rows : 1

  Measurements for Transient Analysis


Doing analysis at TEMP = 27.000000 and TNOM = 27.000000

Using SPARSE 1.3 as Direct Linear Solver

No. of Data Rows : 201

  Measurements for Transient Analysis


Reset re-loads circuit * klt sim -- generated corner deck, do not edit

Circuit: * klt sim -- generated corner deck, do not edit

Doing analysis at TEMP = 27.000000 and TNOM = 27.000000

Using SPARSE 1.3 as Direct Linear Solver

No. of Data Rows : 201

  Measurements for Transient Analysis


Reset re-loads circuit * klt sim -- generated corner deck, do not edit

Circuit: * klt sim -- generated corner deck, do not edit

SWEEP_BEGIN
                                                                            * klt sim -- generated corner deck, do not edit
                                                                            AC Analysis  Sat Oct 10 01:29:02  2026
--------------------------------------------------------------------------------------------------------------------------------------------------------------------------------------------------------
Index   frequency       wf              wk              wd              wmu             
--------------------------------------------------------------------------------------------------------------------------------------------------------------------------------------------------------
0	1.0000000000e+09	1.0000000000e+09	3.5595523612e+02	9.4923777598e-01	1.0000010394e+00	
1	1.0232929923e+09	1.0232929923e+09	3.4745471596e+02	9.4922810270e-01	1.0000011399e+00	
2	1.0471285481e+09	1.0471285481e+09	3.3913952206e+02	9.4921796769e-01	1.0000012501e+00	
3	1.0715193052e+09	1.0715193052e+09	3.3100539594e+02	9.4920734821e-01	1.0000013710e+00	
4	1.0964781961e+09	1.0964781961e+09	3.2304817949e+02	9.4919622042e-01	1.0000015036e+00	
5	1.1220184543e+09	1.1220184543e+09	3.1526381249e+02	9.4918455923e-01	1.0000016490e+00	
6	1.1481536215e+09	1.1481536215e+09	3.0764833149e+02	9.4917233831e-01	1.0000018085e+00	
7	1.1748975549e+09	1.1748975549e+09	3.0019786754e+02	9.4915952996e-01	1.0000019835e+00	
8	1.2022644346e+09	1.2022644346e+09	2.9290864465e+02	9.4914610508e-01	1.0000021755e+00	
9	1.2302687708e+09	1.2302687708e+09	2.8577697886e+02	9.4913203306e-01	1.0000023860e+00	
10	1.2589254118e+09	1.2589254118e+09	2.7879927594e+02	9.4911728172e-01	1.0000026170e+00	
11	1.2882495517e+09	1.2882495517e+09	2.7197203100e+02	9.4910181719e-01	1.0000028704e+00	
12	1.3182567386e+09	1.3182567386e+09	2.6529182609e+02	9.4908560386e-01	1.0000031483e+00	
13	1.3489628826e+09	1.3489628826e+09	2.5875532912e+02	9.4906860425e-01	1.0000034533e+00	
14	1.3803842646e+09	1.3803842646e+09	2.5235929334e+02	9.4905077889e-01	1.0000037878e+00	
15	1.4125375446e+09	1.4125375446e+09	2.4610055445e+02	9.4903208624e-01	1.0000041548e+00	
16	1.4454397707e+09	1.4454397707e+09	2.3997603090e+02	9.4901248257e-01	1.0000045575e+00	
17	1.4791083882e+09	1.4791083882e+09	2.3398272175e+02	9.4899192177e-01	1.0000049993e+00	
18	1.5135612484e+09	1.5135612484e+09	2.2811770591e+02	9.4897035531e-01	1.0000054840e+00	
19	1.5488166189e+09	1.5488166189e+09	2.2237814048e+02	9.4894773200e-01	1.0000060159e+00	
20	1.5848931925e+09	1.5848931925e+09	2.1676126022e+02	9.4892399790e-01	1.0000065995e+00	
21	1.6218100974e+09	1.6218100974e+09	2.1126437564e+02	9.4889909609e-01	1.0000072400e+00	
22	1.6595869074e+09	1.6595869074e+09	2.0588487257e+02	9.4887296657e-01	1.0000079428e+00	
23	1.6982436525e+09	1.6982436525e+09	2.0062021070e+02	9.4884554599e-01	1.0000087140e+00	
24	1.7378008287e+09	1.7378008287e+09	1.9546792225e+02	9.4881676749e-01	1.0000095604e+00	
25	1.7782794100e+09	1.7782794100e+09	1.9042561124e+02	9.4878656048e-01	1.0000104894e+00	
26	1.8197008586e+09	1.8197008586e+09	1.8549095197e+02	9.4875485037e-01	1.0000115089e+00	
27	1.8620871367e+09	1.8620871367e+09	1.8066168817e+02	9.4872155835e-01	1.0000126280e+00	
28	1.9054607180e+09	1.9054607180e+09	1.7593563157e+02	9.4868660109e-01	1.0000138564e+00	
29	1.9498445998e+09	1.9498445998e+09	1.7131066083e+02	9.4864989050e-01	1.0000152049e+00	
30	1.9952623150e+09	1.9952623150e+09	1.6678472027e+02	9.4861133334e-01	1.0000166852e+00	
31	2.0417379447e+09	2.0417379447e+09	1.6235581861e+02	9.4857083093e-01	1.0000183104e+00	
32	2.0892961309e+09	2.0892961309e+09	1.5802202770e+02	9.4852827878e-01	1.0000200947e+00	
33	2.1379620895e+09	2.1379620895e+09	1.5378148108e+02	9.4848356619e-01	1.0000220539e+00	
34	2.1877616239e+09	2.1877616239e+09	1.4963237263e+02	9.4843657581e-01	1.0000242052e+00	
35	2.2387211386e+09	2.2387211386e+09	1.4557295521e+02	9.4838718322e-01	1.0000265676e+00	
36	2.2908676528e+09	2.2908676528e+09	1.4160153905e+02	9.4833525638e-01	1.0000291621e+00	
37	2.3442288153e+09	2.3442288153e+09	1.3771649018e+02	9.4828065515e-01	1.0000320117e+00	
38	2.3988329190e+09	2.3988329190e+09	1.3391622888e+02	9.4822323068e-01	1.0000351418e+00	
39	2.4547089157e+09	2.4547089157e+09	1.3019922795e+02	9.4816282475e-01	1.0000385801e+00	
40	2.5118864315e+09	2.5118864315e+09	1.2656401099e+02	9.4809926916e-01	1.0000423574e+00	
41	2.5703957828e+09	2.5703957828e+09	1.2300915050e+02	9.4803238493e-01	1.0000465076e+00	
42	2.6302679919e+09	2.6302679919e+09	1.1953326612e+02	9.4796198150e-01	1.0000510679e+00	
43	2.6915348039e+09	2.6915348039e+09	1.1613502258e+02	9.4788785589e-01	1.0000560793e+00	
44	2.7542287033e+09	2.7542287033e+09	1.1281312773e+02	9.4780979170e-01	1.0000615871e+00	
45	2.8183829313e+09	2.8183829313e+09	1.0956633048e+02	9.4772755809e-01	1.0000676411e+00	
46	2.8840315031e+09	2.8840315031e+09	1.0639341866e+02	9.4764090867e-01	1.0000742963e+00	
47	2.9512092267e+09	2.9512092267e+09	1.0329321688e+02	9.4754958021e-01	1.0000816133e+00	
48	3.0199517204e+09	3.0199517204e+09	1.0026458427e+02	9.4745329133e-01	1.0000896590e+00	
49	3.0902954325e+09	3.0902954325e+09	9.7306412276e+01	9.4735174102e-01	1.0000985072e+00	
50	3.1622776602e+09	3.1622776602e+09	9.4417622363e+01	9.4724460696e-01	1.0001082393e+00	
51	3.2359365693e+09	3.2359365693e+09	9.1597163734e+01	9.4713154383e-01	1.0001189452e+00	
52	3.3113112148e+09	3.3113112148e+09	8.8844011040e+01	9.4701218130e-01	1.0001307244e+00	
53	3.3884415614e+09	3.3884415614e+09	8.6157162070e+01	9.4688612190e-01	1.0001436865e+00	
54	3.4673685045e+09	3.4673685045e+09	8.3535635494e+01	9.4675293868e-01	1.0001579529e+00	
55	3.5481338923e+09	3.5481338923e+09	8.0978468607e+01	9.4661217259e-01	1.0001736577e+00	
56	3.6307805477e+09	3.6307805477e+09	7.8484715125e+01	9.4646332967e-01	1.0001909493e+00	
57	3.7153522910e+09	3.7153522910e+09	7.6053443033e+01	9.4630587783e-01	1.0002099919e+00	
58	3.8018939632e+09	3.8018939632e+09	7.3683732495e+01	9.4613924343e-01	1.0002309674e+00	
59	3.8904514499e+09	3.8904514499e+09	7.1374673853e+01	9.4596280740e-01	1.0002540771e+00	
60	3.9810717055e+09	3.9810717055e+09	6.9125365701e+01	9.4577590098e-01	1.0002795442e+00	
61	4.0738027780e+09	4.0738027780e+09	6.6934913075e+01	9.4557780100e-01	1.0003076161e+00	
62	4.1686938347e+09	4.1686938347e+09	6.4802425745e+01	9.4536772462e-01	1.0003385675e+00	
63	4.2657951880e+09	4.2657951880e+09	6.2727016638e+01	9.4514482353e-01	1.0003727031e+00	
64	4.3651583224e+09	4.3651583224e+09	6.0707800384e+01	9.4490817745e-01	1.0004103614e+00	
65	4.4668359215e+09	4.4668359215e+09	5.8743892005e+01	9.4465678689e-01	1.0004519186e+00	
66	4.5708818961e+09	4.5708818961e+09	5.6834405748e+01	9.4438956512e-01	1.0004977931e+00	
67	4.6773514129e+09	4.6773514129e+09	5.4978454068e+01	9.4410532914e-01	1.0005484506e+00	
68	4.7863009232e+09	4.7863009232e+09	5.3175146759e+01	9.4380278962e-01	1.0006044098e+00	
69	4.8977881937e+09	4.8977881937e+09	5.1423590246e+01	9.4348053963e-01	1.0006662489e+00	
70	5.0118723363e+09	5.0118723363e+09	4.9722887027e+01	9.4313704191e-01	1.0007346126e+00	
71	5.1286138399e+09	5.1286138399e+09	4.8072135269e+01	9.4277061474e-01	1.0008102212e+00	
72	5.2480746025e+09	5.2480746025e+09	4.6470428557e+01	9.4237941581e-01	1.0008938794e+00	
73	5.3703179637e+09	5.3703179637e+09	4.4916855785e+01	9.4196142426e-01	1.0009864874e+00	
74	5.4954087386e+09	5.4954087386e+09	4.3410501193e+01	9.4151442024e-01	1.0010890531e+00	
75	5.6234132519e+09	5.6234132519e+09	4.1950444532e+01	9.4103596183e-01	1.0012027065e+00	
76	5.7543993734e+09	5.7543993734e+09	4.0535761359e+01	9.4052335896e-01	1.0013287156e+00	
77	5.8884365536e+09	5.8884365536e+09	3.9165523449e+01	9.3997364371e-01	1.0014685050e+00	
78	6.0255958607e+09	6.0255958607e+09	3.7838799314e+01	9.3938353659e-01	1.0016236776e+00	
79	6.1659500186e+09	6.1659500186e+09	3.6554654818e+01	9.3874940811e-01	1.0017960387e+00	
80	6.3095734448e+09	6.3095734448e+09	3.5312153877e+01	9.3806723491e-01	1.0019876249e+00	
81	6.4565422903e+09	6.4565422903e+09	3.4110359243e+01	9.3733254962e-01	1.0022007367e+00	
82	6.6069344801e+09	6.6069344801e+09	3.2948333336e+01	9.3654038332e-01	1.0024379773e+00	
83	6.7608297539e+09	6.7608297539e+09	3.1825139147e+01	9.3568519955e-01	1.0027022969e+00	
84	6.9183097092e+09	6.9183097092e+09	3.0739841166e+01	9.3476081827e-01	1.0029970447e+00	
85	7.0794578438e+09	7.0794578438e+09	2.9691506349e+01	9.3376032828e-01	1.0033260300e+00	
86	7.2443596007e+09	7.2443596007e+09	2.8679205103e+01	9.3267598589e-01	1.0036935940e+00	
87	7.4131024130e+09	7.4131024130e+09	2.7702012283e+01	9.3149909755e-01	1.0041046937e+00	
88	7.5857757503e+09	7.5857757503e+09	2.6759008178e+01	9.3021988367e-01	1.0045650020e+00	
89	7.7624711663e+09	7.7624711663e+09	2.5849279504e+01	9.2882731995e-01	1.0050810260e+00	
90	7.9432823472e+09	7.9432823472e+09	2.4971920367e+01	9.2730895252e-01	1.0056602471e+00	
91	8.1283051616e+09	8.1283051616e+09	2.4126033207e+01	9.2565068166e-01	1.0063112896e+00	
92	8.3176377110e+09	8.3176377110e+09	2.3310729709e+01	9.2383650837e-01	1.0070441221e+00	
93	8.5113803820e+09	8.5113803820e+09	2.2525131679e+01	9.2184823672e-01	1.0078702998e+00	
94	8.7096358996e+09	8.7096358996e+09	2.1768371876e+01	9.1966512341e-01	1.0088032577e+00	
95	8.9125093813e+09	8.9125093813e+09	2.1039594795e+01	9.1726346429e-01	1.0098586672e+00	
96	9.1201083936e+09	9.1201083936e+09	2.0337957409e+01	9.1461610545e-01	1.0110548695e+00	
97	9.3325430080e+09	9.3325430080e+09	1.9662629846e+01	9.1169186396e-01	1.0124134090e+00	
98	9.5499258602e+09	9.5499258602e+09	1.9012796023e+01	9.0845484036e-01	1.0139596882e+00	
99	9.7723722096e+09	9.7723722096e+09	1.8387654218e+01	9.0486360133e-01	1.0157237809e+00	
100	1.0000000000e+10	1.0000000000e+10	1.7786417587e+01	9.0087020682e-01	1.0177414441e+00	
101	1.0232929923e+10	1.0232929923e+10	1.7208314622e+01	8.9641905117e-01	1.0200553853e+00	
102	1.0471285481e+10	1.0471285481e+10	1.6652589562e+01	8.9144548231e-01	1.0227168615e+00	
103	1.0715193052e+10	1.0715193052e+10	1.6118502734e+01	8.8587415733e-01	1.0257877075e+00	
104	1.0964781961e+10	1.0964781961e+10	1.5605330853e+01	8.7961708738e-01	1.0293429274e+00	
105	1.1220184543e+10	1.1220184543e+10	1.5112367264e+01	8.7257131991e-01	1.0334740303e+00	
106	1.1481536215e+10	1.1481536215e+10	1.4638922131e+01	8.6461620437e-01	1.0382933564e+00	
107	1.1748975549e+10	1.1748975549e+10	1.4184322587e+01	8.5561019060e-01	1.0439397337e+00	
108	1.2022644346e+10	1.2022644346e+10	1.3747912823e+01	8.4538712234e-01	1.0505859389e+00	
109	1.2302687708e+10	1.2302687708e+10	1.3329054149e+01	8.3375201822e-01	1.0584486279e+00	
110	1.2589254118e+10	1.2589254118e+10	1.2927125003e+01	8.2047639195e-01	1.0678016855e+00	
111	1.2882495517e+10	1.2882495517e+10	1.2541520926e+01	8.0529326925e-01	1.0789943610e+00	
112	1.3182567386e+10	1.3182567386e+10	1.2171654502e+01	7.8789223882e-01	1.0924761887e+00	
113	1.3489628826e+10	1.3489628826e+10	1.1816955262e+01	7.6791516714e-01	1.1088316601e+00	
114	1.3803842646e+10	1.3803842646e+10	1.1476869560e+01	7.4495366342e-01	1.1288291321e+00	
115	1.4125375446e+10	1.4125375446e+10	1.1150860420e+01	7.1855006806e-01	1.1534908840e+00	
116	1.4454397707e+10	1.4454397707e+10	1.0838407358e+01	6.8820472133e-01	1.1841952449e+00	
117	1.4791083882e+10	1.4791083882e+10	1.0539006182e+01	6.5339359769e-01	1.2228285378e+00	
118	1.5135612484e+10	1.5135612484e+10	1.0252168767e+01	6.1360204222e-01	1.2720166912e+00	
119	1.5488166189e+10	1.5488166189e+10	9.9774228230e+00	5.6838215592e-01	1.3354888302e+00	
120	1.5848931925e+10	1.5848931925e+10	9.7143116325e+00	5.1744295604e-01	1.4186691186e+00	
121	1.6218100974e+10	1.6218100974e+10	9.4623937852e+00	4.6078312660e-01	1.5296845545e+00	
122	1.6595869074e+10	1.6595869074e+10	9.2212428960e+00	3.9887506498e-01	1.6811801907e+00	
123	1.6982436525e+10	1.6982436525e+10	8.9904473133e+00	3.3290474300e-01	1.8938254686e+00	
124	1.7378008287e+10	1.7378008287e+10	8.7696098198e+00	2.6506167820e-01	2.2037046836e+00	
125	1.7782794100e+10	1.7782794100e+10	8.5583473260e+00	1.9884775365e-01	2.6797065016e+00	
126	1.8197008586e+10	1.8197008586e+10	8.3562905585e+00	1.3930653663e-01	3.4705953099e+00	
127	1.8620871367e+10	1.8620871367e+10	8.1630837444e+00	9.2887624149e-02	4.9546567301e+00	
128	1.9054607180e+10	1.9054607180e+10	7.9783842929e+00	6.6049137071e-02	8.0775617074e+00	
129	1.9498445998e+10	1.9498445998e+10	7.8018624763e+00	6.1590322285e-02	7.8280463533e+00	
130	1.9952623150e+10	1.9952623150e+10	7.6332011095e+00	7.8570586908e-02	4.9468095257e+00	
131	2.0417379447e+10	2.0417379447e+10	7.4720952315e+00	1.1496863030e-01	3.6073532700e+00	
132	2.0892961309e+10	2.0892961309e+10	7.3182517870e+00	1.6518154630e-01	2.8886735257e+00	
133	2.1379620895e+10	2.1379620895e+10	7.1713893122e+00	2.2218112992e-01	2.4505230980e+00	
134	2.1877616239e+10	2.1877616239e+10	7.0312376222e+00	2.8037485013e-01	2.1599905120e+00	
135	2.2387211386e+10	2.2387211386e+10	6.8975375036e+00	3.3626051802e-01	1.9557978531e+00	
136	2.2908676528e+10	2.2908676528e+10	6.7700404108e+00	3.8803265046e-01	1.8060318732e+00	
137	2.3442288153e+10	2.3442288153e+10	6.6485081677e+00	4.3499286002e-01	1.6925301297e+00	
138	2.3988329190e+10	2.3988329190e+10	6.5327126751e+00	4.7707651988e-01	1.6042435123e+00	
139	2.4547089157e+10	2.4547089157e+10	6.4224356242e+00	5.1454376047e-01	1.5340937770e+00	
140	2.5118864315e+10	2.5118864315e+10	6.3174682164e+00	5.4779790950e-01	1.4773557843e+00	
141	2.5703957828e+10	2.5703957828e+10	6.2176108896e+00	5.7728585890e-01	1.4307673516e+00	
142	2.6302679919e+10	2.6302679919e+10	6.1226730529e+00	6.0344672394e-01	1.3920123110e+00	
143	2.6915348039e+10	2.6915348039e+10	6.0324728270e+00	6.2668763728e-01	1.3594066377e+00	
144	2.7542287033e+10	2.7542287033e+10	5.9468367937e+00	6.4737427443e-01	1.3317006330e+00	
145	2.8183829313e+10	2.8183829313e+10	5.8655997524e+00	6.6582908751e-01	1.3079502349e+00	
146	2.8840315031e+10	2.8840315031e+10	5.7886044854e+00	6.8233335067e-01	1.2874309858e+00	
147	2.9512092267e+10	2.9512092267e+10	5.7157015305e+00	6.9713089200e-01	1.2695791339e+00	
148	3.0199517204e+10	3.0199517204e+10	5.6467489629e+00	7.1043237891e-01	1.2539504621e+00	
149	3.0902954325e+10	3.0902954325e+10	5.5816121846e+00	7.2241957563e-01	1.2401909694e+00	
150	3.1622776602e+10	3.1622776602e+10	5.5201637236e+00	7.3324929521e-01	1.2280156448e+00	
151	3.2359365693e+10	3.2359365693e+10	5.4622830400e+00	7.4305693384e-01	1.2171928688e+00	
152	3.3113112148e+10	3.3113112148e+10	5.4078563429e+00	7.5195956220e-01	1.2075327947e+00	
153	3.3884415614e+10	3.3884415614e+10	5.3567764138e+00	7.6005859276e-01	1.1988785860e+00	
154	3.4673685045e+10	3.4673685045e+10	5.3089424406e+00	7.6744206166e-01	1.1910997340e+00	
155	3.5481338923e+10	3.5481338923e+10	5.2642598592e+00	7.7418657084e-01	1.1840869079e+00	
156	3.6307805477e+10	3.6307805477e+10	5.2226402045e+00	7.8035893609e-01	1.1777479472e+00	
157	3.7153522910e+10	3.7153522910e+10	5.1840009701e+00	7.8601758360e-01	1.1720047158e+00	
158	3.8018939632e+10	3.8018939632e+10	5.1482654768e+00	7.9121373315e-01	1.1667906118e+00	
159	3.8904514499e+10	3.8904514499e+10	5.1153627496e+00	7.9599240076e-01	1.1620485810e+00	
160	3.9810717055e+10	3.9810717055e+10	5.0852274044e+00	8.0039324949e-01	1.1577295202e+00	
161	4.0738027780e+10	4.0738027780e+10	5.0577995424e+00	8.0445131230e-01	1.1537909864e+00	
162	4.1686938347e+10	4.1686938347e+10	5.0330246543e+00	8.0819760729e-01	1.1501961447e+00	
163	4.2657951880e+10	4.2657951880e+10	5.0108535329e+00	8.1165966241e-01	1.1469129073e+00	
164	4.3651583224e+10	4.3651583224e+10	4.9912421948e+00	8.1486196388e-01	1.1439132241e+00	
165	4.4668359215e+10	4.4668359215e+10	4.9741518104e+00	8.1782634031e-01	1.1411724952e+00	
166	4.5708818961e+10	4.5708818961e+10	4.9595486436e+00	8.2057229244e-01	1.1386690815e+00	
167	4.6773514129e+10	4.6773514129e+10	4.9474040001e+00	8.2311727690e-01	1.1363838956e+00	
168	4.7863009232e+10	4.7863009232e+10	4.9376941842e+00	8.2547695097e-01	1.1343000584e+00	
169	4.8977881937e+10	4.8977881937e+10	4.9304004653e+00	8.2766538422e-01	1.1324026081e+00	
170	5.0118723363e+10	5.0118723363e+10	4.9255090531e+00	8.2969524190e-01	1.1306782548e+00	
171	5.1286138399e+10	5.1286138399e+10	4.9230110819e+00	8.3157794432e-01	1.1291151707e+00	
172	5.2480746025e+10	5.2480746025e+10	4.9229026043e+00	8.3332380553e-01	1.1277028115e+00	
173	5.3703179637e+10	5.3703179637e+10	4.9251845935e+00	8.3494215449e-01	1.1264317625e+00	
174	5.4954087386e+10	5.4954087386e+10	4.9298629562e+00	8.3644144098e-01	1.1252936067e+00	
175	5.6234132519e+10	5.6234132519e+10	4.9369485535e+00	8.3782932851e-01	1.1242808105e+00	
176	5.7543993734e+10	5.7543993734e+10	4.9464572327e+00	8.3911277599e-01	1.1233866245e+00	
177	5.8884365536e+10	5.8884365536e+10	4.9584098680e+00	8.4029810965e-01	1.1226049974e+00	
178	6.0255958607e+10	6.0255958607e+10	4.9728324111e+00	8.4139108659e-01	1.1219305006e+00	
179	6.1659500186e+10	6.1659500186e+10	4.9897559526e+00	8.4239695096e-01	1.1213582620e+00	
180	6.3095734448e+10	6.3095734448e+10	5.0092167930e+00	8.4332048383e-01	1.1208839081e+00	
181	6.4565422903e+10	6.4565422903e+10	5.0312565241e+00	8.4416604756e-01	1.1205035124e+00	
182	6.6069344801e+10	6.6069344801e+10	5.0559221217e+00	8.4493762533e-01	1.1202135499e+00	
183	6.7608297539e+10	6.7608297539e+10	5.0832660487e+00	8.4563885644e-01	1.1200108563e+00	
184	6.9183097092e+10	6.9183097092e+10	5.1133463700e+00	8.4627306795e-01	1.1198925922e+00	
185	7.0794578438e+10	7.0794578438e+10	5.1462268781e+00	8.4684330316e-01	1.1198562099e+00	
186	7.2443596007e+10	7.2443596007e+10	5.1819772317e+00	8.4735234714e-01	1.1198994242e+00	
187	7.4131024130e+10	7.4131024130e+10	5.2206731056e+00	8.4780274994e-01	1.1200201860e+00	
188	7.5857757503e+10	7.5857757503e+10	5.2623963539e+00	8.4819684745e-01	1.1202166572e+00	
189	7.7624711663e+10	7.7624711663e+10	5.3072351858e+00	8.4853678056e-01	1.1204871891e+00	
190	7.9432823472e+10	7.9432823472e+10	5.3552843555e+00	8.4882451244e-01	1.1208303015e+00	
191	8.1283051616e+10	8.1283051616e+10	5.4066453658e+00	8.4906184449e-01	1.1212446637e+00	
192	8.3176377110e+10	8.3176377110e+10	5.4614266863e+00	8.4925043089e-01	1.1217290768e+00	
193	8.5113803820e+10	8.5113803820e+10	5.5197439870e+00	8.4939179214e-01	1.1222824571e+00	
194	8.7096358996e+10	8.7096358996e+10	5.5817203880e+00	8.4948732743e-01	1.1229038202e+00	
195	8.9125093813e+10	8.9125093813e+10	5.6474867254e+00	8.4953832625e-01	1.1235922664e+00	
196	9.1201083936e+10	9.1201083936e+10	5.7171818344e+00	8.4954597923e-01	1.1243469669e+00	
197	9.3325430080e+10	9.3325430080e+10	5.7909528518e+00	8.4951138818e-01	1.1251671496e+00	
198	9.5499258602e+10	9.5499258602e+10	5.8689555359e+00	8.4943557567e-01	1.1260520868e+00	
199	9.7723722096e+10	9.7723722096e+10	5.9513546083e+00	8.4931949398e-01	1.1270010823e+00	
200	1.0000000000e+11	1.0000000000e+11	6.0383241156e+00	8.4916403365e-01	1.1280134599e+00	
SWEEP_END
m_s11_db_lo = -6.080319875e+00
m_s11_db_mid = -2.154966174e+01
m_s11_db_hi = -4.575417354e+00
m_s21_db_lo = 2.2087335165e+01
m_s21_db_mid = 2.3417415875e+01
m_s21_db_hi = 2.0729273287e+01
m_s22_db_lo = -8.889767824e+00
m_s22_db_mid = -2.537061736e+01
m_s22_db_hi = -9.737979326e+00
m_s12_db_lo = -5.028728471e+01
m_s12_db_mid = -4.735659994e+01
m_s12_db_hi = -4.857627635e+01
m_k_lo = 8.6004090353e+00
m_k_mid = 7.8205495090e+00
m_k_hi = 7.2244087505e+00
m_nf_db_lo = 3.2360549533e+00
m_nf_db_mid = 3.5098272684e+00
m_nf_db_hi = 3.9070124339e+00
m_q1_vce = 1.4423203399e+00
m_q1_vbe = 8.1371234723e-01
m_q1_ic = 1.8325911802e-03
m_q1_icfrac = 7.6357965843e-02
m_q1_dtj = 4.6202484454e+00
m_q1_ft = 2.0385634049e+02
m_q2_vce = 1.3021759859e+00
m_q2_vbe = 8.1410454279e-01
m_q2_ic = 1.8303428707e-03
m_q2_icfrac = 7.6264286281e-02
m_q2_dtj = 4.1668767639e+00
m_q2_ft = 2.0607817163e+02
m_qr_vce = 8.1741645668e-01
m_qr_vbe = 8.1741645668e-01
m_qr_ic = 2.3858473251e-04
m_qr_icfrac = 7.9528244169e-02
m_qr_dtj = 2.2167007670e+00
m_qr_ft = 1.8878044584e+02
m_idd_ma = 2.3965801107e+00
m_pdc_mw = 6.5905953045e+00
m_d_lo = 2.1191499418e-01
m_mu_lo = 2.5644603653e+00
m_msg_db_lo = 7.2374619875e+01
m_d_mid = 6.1019090346e-02
m_mu_mid = 8.2535110350e+00
m_msg_db_mid = 7.0774015815e+01
m_d_hi = 2.0090722853e-01
m_mu_hi = 2.5891641685e+00
m_msg_db_hi = 6.9305549640e+01
m_sw_n = 2.0100000000e+02
m_sw_kmin = 4.9229026043e+00
m_sw_fkmin_ghz = 5.2480746025e+01
m_sw_kmin_hi = 4.9229026043e+00
m_sw_kmin_lo = 8.7696098198e+00
m_sw_dmax = 9.4923777598e-01
m_sw_mumin = 1.0000010394e+00
m_sw_nunst = 0.0000000000e+00
Doing analysis at TEMP = 27.000000 and TNOM = 27.000000

Using SPARSE 1.3 as Direct Linear Solver

Initial Transient Solution
--------------------------

Node                                   Voltage
----                                   -------
vdd                                       2.75
xdut.nr                                0.82315
xdut.er                             0.00573335
xdut.xqr.s1                        3.25343e-10
xdut.xqr.t                              2.2167
xdut.b1                               0.819216
xdut.oc                                   2.75
xdut.b2                                2.26193
xdut.c1                                1.44782
xdut.xq2.s1                        3.03547e-09
xdut.xq2.t                             4.16688
xdut.e1                             0.00550367
xdut.xq1.s1                        1.60432e-09
xdut.xq1.t                             4.62025
p1                                           0
xdut.in2                                     0
p2                                           0
s1n                                          0
s2n                                          0
l.xdut.lin#branch                            0
l.xdut.lfeed#branch                 0.00183034
vs2#branch                                   0
vs1#branch                                   0
vdd#branch                         -0.00239658


No. of Data Rows : 59

  Measurements for Transient Analysis

lna_rail_v          =  2.75000e+00

ngspice-46 done
