
Note: No compatibility mode selected!


Circuit: * klt sim -- generated corner deck, do not edit

Doing analysis at TEMP = 125.000000 and TNOM = 27.000000

Using SPARSE 1.3 as Direct Linear Solver


The temperature limiting function received NaN.
Please check your power dissipation and improve your heat sink Rth!
    This message will be shown only once.

Note: Starting dynamic gmin stepping
Note: Dynamic gmin stepping completed

No. of Data Rows : 1

  Measurements for Transient Analysis


Doing analysis at TEMP = 125.000000 and TNOM = 27.000000

Using SPARSE 1.3 as Direct Linear Solver
Note: Starting dynamic gmin stepping
Note: Dynamic gmin stepping completed

No. of Data Rows : 3

  Measurements for Transient Analysis


Reset re-loads circuit * klt sim -- generated corner deck, do not edit

Circuit: * klt sim -- generated corner deck, do not edit

Doing analysis at TEMP = 125.000000 and TNOM = 27.000000

Using SPARSE 1.3 as Direct Linear Solver
Note: Starting dynamic gmin stepping
Note: Dynamic gmin stepping completed

No. of Data Rows : 3

  Measurements for Transient Analysis


Reset re-loads circuit * klt sim -- generated corner deck, do not edit

Circuit: * klt sim -- generated corner deck, do not edit

Doing analysis at TEMP = 125.000000 and TNOM = 27.000000

Using SPARSE 1.3 as Direct Linear Solver
Note: Starting dynamic gmin stepping
Note: Dynamic gmin stepping completed

No. of Data Rows : 3

No. of Data Rows : 1

  Measurements for Transient Analysis


Doing analysis at TEMP = 125.000000 and TNOM = 27.000000

Using SPARSE 1.3 as Direct Linear Solver
Note: Starting dynamic gmin stepping
Note: Dynamic gmin stepping completed

No. of Data Rows : 201

  Measurements for Transient Analysis


Reset re-loads circuit * klt sim -- generated corner deck, do not edit

Circuit: * klt sim -- generated corner deck, do not edit

Doing analysis at TEMP = 125.000000 and TNOM = 27.000000

Using SPARSE 1.3 as Direct Linear Solver
Note: Starting dynamic gmin stepping
Note: Dynamic gmin stepping completed

No. of Data Rows : 201

  Measurements for Transient Analysis


Reset re-loads circuit * klt sim -- generated corner deck, do not edit

Circuit: * klt sim -- generated corner deck, do not edit

SWEEP_BEGIN
                                                                            * klt sim -- generated corner deck, do not edit
                                                                            AC Analysis  Sat Oct 10 01:29:02  2026
--------------------------------------------------------------------------------------------------------------------------------------------------------------------------------------------------------
Index   frequency       wf              wk              wd              wmu             
--------------------------------------------------------------------------------------------------------------------------------------------------------------------------------------------------------
0	1.0000000000e+09	1.0000000000e+09	4.2924678148e+02	9.4289926131e-01	1.0000010403e+00	
1	1.0232929923e+09	1.0232929923e+09	4.1871909883e+02	9.4288349339e-01	1.0000011410e+00	
2	1.0471285481e+09	1.0471285481e+09	4.0840957370e+02	9.4286697660e-01	1.0000012513e+00	
3	1.0715193052e+09	1.0715193052e+09	3.9831379186e+02	9.4284967445e-01	1.0000013723e+00	
4	1.0964781961e+09	1.0964781961e+09	3.8842742840e+02	9.4283154868e-01	1.0000015051e+00	
5	1.1220184543e+09	1.1220184543e+09	3.7874624767e+02	9.4281255911e-01	1.0000016507e+00	
6	1.1481536215e+09	1.1481536215e+09	3.6926610353e+02	9.4279266356e-01	1.0000018105e+00	
7	1.1748975549e+09	1.1748975549e+09	3.5998294045e+02	9.4277181774e-01	1.0000019857e+00	
8	1.2022644346e+09	1.2022644346e+09	3.5089279349e+02	9.4274997514e-01	1.0000021779e+00	
9	1.2302687708e+09	1.2302687708e+09	3.4199179102e+02	9.4272708692e-01	1.0000023888e+00	
10	1.2589254118e+09	1.2589254118e+09	3.3327615179e+02	9.4270310176e-01	1.0000026201e+00	
11	1.2882495517e+09	1.2882495517e+09	3.2474218720e+02	9.4267796576e-01	1.0000028738e+00	
12	1.3182567386e+09	1.3182567386e+09	3.1638630137e+02	9.4265162227e-01	1.0000031522e+00	
13	1.3489628826e+09	1.3489628826e+09	3.0820499013e+02	9.4262401175e-01	1.0000034576e+00	
14	1.3803842646e+09	1.3803842646e+09	3.0019484048e+02	9.4259507162e-01	1.0000037927e+00	
15	1.4125375446e+09	1.4125375446e+09	2.9235253164e+02	9.4256473609e-01	1.0000041603e+00	
16	1.4454397707e+09	1.4454397707e+09	2.8467483348e+02	9.4253293595e-01	1.0000045637e+00	
17	1.4791083882e+09	1.4791083882e+09	2.7715860599e+02	9.4249959844e-01	1.0000050063e+00	
18	1.5135612484e+09	1.5135612484e+09	2.6980079846e+02	9.4246464698e-01	1.0000054919e+00	
19	1.5488166189e+09	1.5488166189e+09	2.6259844884e+02	9.4242800102e-01	1.0000060248e+00	
20	1.5848931925e+09	1.5848931925e+09	2.5554868192e+02	9.4238957575e-01	1.0000066096e+00	
21	1.6218100974e+09	1.6218100974e+09	2.4864870879e+02	9.4234928190e-01	1.0000072513e+00	
22	1.6595869074e+09	1.6595869074e+09	2.4189582486e+02	9.4230702548e-01	1.0000079555e+00	
23	1.6982436525e+09	1.6982436525e+09	2.3528740847e+02	9.4226270747e-01	1.0000087284e+00	
24	1.7378008287e+09	1.7378008287e+09	2.2882091925e+02	9.4221622356e-01	1.0000095767e+00	
25	1.7782794100e+09	1.7782794100e+09	2.2249389578e+02	9.4216746380e-01	1.0000105077e+00	
26	1.8197008586e+09	1.8197008586e+09	2.1630395380e+02	9.4211631231e-01	1.0000115296e+00	
27	1.8620871367e+09	1.8620871367e+09	2.1024878403e+02	9.4206264687e-01	1.0000126514e+00	
28	1.9054607180e+09	1.9054607180e+09	2.0432614946e+02	9.4200633857e-01	1.0000138828e+00	
29	1.9498445998e+09	1.9498445998e+09	1.9853388298e+02	9.4194725139e-01	1.0000152346e+00	
30	1.9952623150e+09	1.9952623150e+09	1.9286988453e+02	9.4188524173e-01	1.0000167187e+00	
31	2.0417379447e+09	2.0417379447e+09	1.8733211840e+02	9.4182015799e-01	1.0000183482e+00	
32	2.0892961309e+09	2.0892961309e+09	1.8191861005e+02	9.4175184000e-01	1.0000201374e+00	
33	2.1379620895e+09	2.1379620895e+09	1.7662744309e+02	9.4168011852e-01	1.0000221021e+00	
34	2.1877616239e+09	2.1877616239e+09	1.7145675604e+02	9.4160481464e-01	1.0000242597e+00	
35	2.2387211386e+09	2.2387211386e+09	1.6640473890e+02	9.4152573914e-01	1.0000266292e+00	
36	2.2908676528e+09	2.2908676528e+09	1.6146962978e+02	9.4144269179e-01	1.0000292318e+00	
37	2.3442288153e+09	2.3442288153e+09	1.5664971140e+02	9.4135546066e-01	1.0000320904e+00	
38	2.3988329190e+09	2.3988329190e+09	1.5194330757e+02	9.4126382131e-01	1.0000352307e+00	
39	2.4547089157e+09	2.4547089157e+09	1.4734877952e+02	9.4116753591e-01	1.0000386807e+00	
40	2.5118864315e+09	2.5118864315e+09	1.4286452240e+02	9.4106635234e-01	1.0000424712e+00	
41	2.5703957828e+09	2.5703957828e+09	1.3848896163e+02	9.4096000320e-01	1.0000466364e+00	
42	2.6302679919e+09	2.6302679919e+09	1.3422054940e+02	9.4084820469e-01	1.0000512136e+00	
43	2.6915348039e+09	2.6915348039e+09	1.3005776111e+02	9.4073065546e-01	1.0000562442e+00	
44	2.7542287033e+09	2.7542287033e+09	1.2599909200e+02	9.4060703535e-01	1.0000617738e+00	
45	2.8183829313e+09	2.8183829313e+09	1.2204305381e+02	9.4047700396e-01	1.0000678526e+00	
46	2.8840315031e+09	2.8840315031e+09	1.1818817155e+02	9.4034019919e-01	1.0000745358e+00	
47	2.9512092267e+09	2.9512092267e+09	1.1443298048e+02	9.4019623557e-01	1.0000818848e+00	
48	3.0199517204e+09	3.0199517204e+09	1.1077602319e+02	9.4004470249e-01	1.0000899667e+00	
49	3.0902954325e+09	3.0902954325e+09	1.0721584689e+02	9.3988516226e-01	1.0000988560e+00	
50	3.1622776602e+09	3.1622776602e+09	1.0375100087e+02	9.3971714795e-01	1.0001086350e+00	
51	3.2359365693e+09	3.2359365693e+09	1.0038003423e+02	9.3954016111e-01	1.0001193942e+00	
52	3.3113112148e+09	3.3113112148e+09	9.7101493786e+01	9.3935366918e-01	1.0001312340e+00	
53	3.3884415614e+09	3.3884415614e+09	9.3913922213e+01	9.3915710273e-01	1.0001442652e+00	
54	3.4673685045e+09	3.4673685045e+09	9.0815856492e+01	9.3894985240e-01	1.0001586102e+00	
55	3.5481338923e+09	3.5481338923e+09	8.7805826538e+01	9.3873126551e-01	1.0001744047e+00	
56	3.6307805477e+09	3.6307805477e+09	8.4882354137e+01	9.3850064242e-01	1.0001917985e+00	
57	3.7153522910e+09	3.7153522910e+09	8.2043952111e+01	9.3825723240e-01	1.0002109578e+00	
58	3.8018939632e+09	3.8018939632e+09	7.9289123756e+01	9.3800022920e-01	1.0002320665e+00	
59	3.8904514499e+09	3.8904514499e+09	7.6616362519e+01	9.3772876607e-01	1.0002553284e+00	
60	3.9810717055e+09	3.9810717055e+09	7.4024151925e+01	9.3744191031e-01	1.0002809695e+00	
61	4.0738027780e+09	4.0738027780e+09	7.1510965743e+01	9.3713865721e-01	1.0003092405e+00	
62	4.1686938347e+09	4.1686938347e+09	6.9075268366e+01	9.3681792333e-01	1.0003404198e+00	
63	4.2657951880e+09	4.2657951880e+09	6.6715515414e+01	9.3647853910e-01	1.0003748164e+00	
64	4.3651583224e+09	4.3651583224e+09	6.4430154524e+01	9.3611924055e-01	1.0004127740e+00	
65	4.4668359215e+09	4.4668359215e+09	6.2217626324e+01	9.3573866009e-01	1.0004546747e+00	
66	4.5708818961e+09	4.5708818961e+09	6.0076365575e+01	9.3533531630e-01	1.0005009436e+00	
67	4.6773514129e+09	4.6773514129e+09	5.8004802447e+01	9.3490760249e-01	1.0005520545e+00	
68	4.7863009232e+09	4.7863009232e+09	5.6001363932e+01	9.3445377393e-01	1.0006085352e+00	
69	4.8977881937e+09	4.8977881937e+09	5.4064475359e+01	9.3397193360e-01	1.0006709746e+00	
70	5.0118723363e+09	5.0118723363e+09	5.2192561996e+01	9.3346001612e-01	1.0007400303e+00	
71	5.1286138399e+09	5.1286138399e+09	5.0384050725e+01	9.3291576983e-01	1.0008164372e+00	
72	5.2480746025e+09	5.2480746025e+09	4.8637371764e+01	9.3233673657e-01	1.0009010172e+00	
73	5.3703179637e+09	5.3703179637e+09	4.6950960420e+01	9.3172022889e-01	1.0009946907e+00	
74	5.4954087386e+09	5.4954087386e+09	4.5323258866e+01	9.3106330441e-01	1.0010984895e+00	
75	5.6234132519e+09	5.6234132519e+09	4.3752717902e+01	9.3036273679e-01	1.0012135715e+00	
76	5.7543993734e+09	5.7543993734e+09	4.2237798713e+01	9.2961498288e-01	1.0013412376e+00	
77	5.8884365536e+09	5.8884365536e+09	4.0776974587e+01	9.2881614546e-01	1.0014829512e+00	
78	6.0255958607e+09	6.0255958607e+09	3.9368732596e+01	9.2796193093e-01	1.0016403609e+00	
79	6.1659500186e+09	6.1659500186e+09	3.8011575214e+01	9.2704760107e-01	1.0018153263e+00	
80	6.3095734448e+09	6.3095734448e+09	3.6704021878e+01	9.2606791811e-01	1.0020099482e+00	
81	6.4565422903e+09	6.4565422903e+09	3.5444610465e+01	9.2501708189e-01	1.0022266035e+00	
82	6.6069344801e+09	6.6069344801e+09	3.4231898698e+01	9.2388865787e-01	1.0024679859e+00	
83	6.7608297539e+09	6.7608297539e+09	3.3064465451e+01	9.2267549461e-01	1.0027371537e+00	
84	6.9183097092e+09	6.9183097092e+09	3.1940911971e+01	9.2136962874e-01	1.0030375851e+00	
85	7.0794578438e+09	7.0794578438e+09	3.0859862998e+01	9.1996217553e-01	1.0033732435e+00	
86	7.2443596007e+09	7.2443596007e+09	2.9819967785e+01	9.1844320247e-01	1.0037486549e+00	
87	7.4131024130e+09	7.4131024130e+09	2.8819901018e+01	9.1680158287e-01	1.0041689981e+00	
88	7.5857757503e+09	7.5857757503e+09	2.7858363635e+01	9.1502482608e-01	1.0046402130e+00	
89	7.7624711663e+09	7.7624711663e+09	2.6934083541e+01	9.1309888002e-01	1.0051691288e+00	
90	7.9432823472e+09	7.9432823472e+09	2.6045816226e+01	9.1100790102e-01	1.0057636162e+00	
91	8.1283051616e+09	8.1283051616e+09	2.5192345283e+01	9.0873398495e-01	1.0064327718e+00	
92	8.3176377110e+09	8.3176377110e+09	2.4372482831e+01	9.0625685249e-01	1.0071871378e+00	
93	8.5113803820e+09	8.5113803820e+09	2.3585069845e+01	9.0355347979e-01	1.0080389691e+00	
94	8.7096358996e+09	8.7096358996e+09	2.2828976404e+01	9.0059766410e-01	1.0090025559e+00	
95	8.9125093813e+09	8.9125093813e+09	2.2103101842e+01	8.9735951208e-01	1.0100946184e+00	
96	9.1201083936e+09	9.1201083936e+09	2.1406374833e+01	8.9380483552e-01	1.0113347894e+00	
97	9.3325430080e+09	9.3325430080e+09	2.0737753393e+01	8.8989443683e-01	1.0127462075e+00	
98	9.5499258602e+09	9.5499258602e+09	2.0096224812e+01	8.8558326253e-01	1.0143562531e+00	
99	9.7723722096e+09	9.7723722096e+09	1.9480805526e+01	8.8081939960e-01	1.0161974618e+00	
100	1.0000000000e+10	1.0000000000e+10	1.8890540921e+01	8.7554288413e-01	1.0183086692e+00	
101	1.0232929923e+10	1.0232929923e+10	1.8324505090e+01	8.6968428744e-01	1.0207364513e+00	
102	1.0471285481e+10	1.0471285481e+10	1.7781800534e+01	8.6316303868e-01	1.0235369497e+00	
103	1.0715193052e+10	1.0715193052e+10	1.7261557820e+01	8.5588543829e-01	1.0267782005e+00	
104	1.0964781961e+10	1.0964781961e+10	1.6762935199e+01	8.4774231237e-01	1.0305431270e+00	
105	1.1220184543e+10	1.1220184543e+10	1.6285118185e+01	8.3860625682e-01	1.0349334139e+00	
106	1.1481536215e+10	1.1481536215e+10	1.5827319107e+01	8.2832842427e-01	1.0400745649e+00	
107	1.1748975549e+10	1.1748975549e+10	1.5388776629e+01	8.1673482121e-01	1.0461225595e+00	
108	1.2022644346e+10	1.2022644346e+10	1.4968755250e+01	8.0362211496e-01	1.0532726978e+00	
109	1.2302687708e+10	1.2302687708e+10	1.4566544783e+01	7.8875301247e-01	1.0617714636e+00	
110	1.2589254118e+10	1.2589254118e+10	1.4181459818e+01	7.7185138469e-01	1.0719326065e+00	
111	1.2882495517e+10	1.2882495517e+10	1.3812839171e+01	7.5259750121e-01	1.0841591871e+00	
112	1.3182567386e+10	1.3182567386e+10	1.3460045325e+01	7.3062405549e-01	1.0989741723e+00	
113	1.3489628826e+10	1.3489628826e+10	1.3122463865e+01	7.0551416597e-01	1.1170634692e+00	
114	1.3803842646e+10	1.3803842646e+10	1.2799502901e+01	6.7680332422e-01	1.1393373743e+00	
115	1.4125375446e+10	1.4125375446e+10	1.2490592503e+01	6.4398844409e-01	1.1670198205e+00	
116	1.4454397707e+10	1.4454397707e+10	1.2195184122e+01	6.0654887705e-01	1.2017805685e+00	
117	1.4791083882e+10	1.4791083882e+10	1.1912750018e+01	5.6398660023e-01	1.2459356024e+00	
118	1.5135612484e+10	1.5135612484e+10	1.1642782696e+01	5.1589571761e-01	1.3027595364e+00	
119	1.5488166189e+10	1.5488166189e+10	1.1384794342e+01	4.6207451182e-01	1.3769896771e+00	
120	1.5848931925e+10	1.5848931925e+10	1.1138316266e+01	4.0269516027e-01	1.4756749162e+00	
121	1.6218100974e+10	1.6218100974e+10	1.0902898354e+01	3.3854343373e-01	1.6096843126e+00	
122	1.6595869074e+10	1.6595869074e+10	1.0678108531e+01	2.7132588234e-01	1.7965758313e+00	
123	1.6982436525e+10	1.6982436525e+10	1.0463532229e+01	2.0400328189e-01	2.0665406393e+00	
124	1.7378008287e+10	1.7378008287e+10	1.0258771870e+01	1.4104150699e-01	2.4761670077e+00	
125	1.7782794100e+10	1.7782794100e+10	1.0063446357e+01	8.8433386771e-02	3.1454687775e+00	
126	1.8197008586e+10	1.8197008586e+10	9.8771905789e+00	5.3449868391e-02	4.3818138937e+00	
127	1.8620871367e+10	1.8620871367e+10	9.6996549289e+00	4.2162991958e-02	7.2722088521e+00	
128	1.9054607180e+10	1.9054607180e+10	9.5305048319e+00	5.1408706464e-02	1.4652614695e+01	
129	1.9498445998e+10	1.9498445998e+10	9.3694202886e+00	7.6716957159e-02	6.7584696372e+00	
130	1.9952623150e+10	1.9952623150e+10	9.2160954316e+00	1.1643712180e-01	4.3731881608e+00	
131	2.0417379447e+10	2.0417379447e+10	9.0702380952e+00	1.6619173650e-01	3.3084425196e+00	
132	2.0892961309e+10	2.0892961309e+10	8.9315693998e+00	2.2086530138e-01	2.7155918735e+00	
133	2.1379620895e+10	2.1379620895e+10	8.7998233494e+00	2.7639839691e-01	2.3431671119e+00	
134	2.1877616239e+10	2.1877616239e+10	8.6747464438e+00	3.3010350483e-01	2.0906738969e+00	
135	2.2387211386e+10	2.2387211386e+10	8.5560973046e+00	3.8043747859e-01	1.9101976634e+00	
136	2.2908676528e+10	2.2908676528e+10	8.4436463158e+00	4.2666766007e-01	1.7760606431e+00	
137	2.3442288153e+10	2.3442288153e+10	8.3371752781e+00	4.6858159191e-01	1.6733083038e+00	
138	2.3988329190e+10	2.3988329190e+10	8.2364770781e+00	5.0627470960e-01	1.5926720572e+00	
139	2.4547089157e+10	2.4547089157e+10	8.1413553707e+00	5.4000850660e-01	1.5281229043e+00	
140	2.5118864315e+10	2.5118864315e+10	8.0516242768e+00	5.7012127660e-01	1.4755844681e+00	
141	2.5703957828e+10	2.5703957828e+10	7.9671080941e+00	5.9697467894e-01	1.4322117779e+00	
142	2.6302679919e+10	2.6302679919e+10	7.8876410221e+00	6.2092345252e-01	1.3959658737e+00	
143	2.6915348039e+10	2.6915348039e+10	7.8130669019e+00	6.4229954464e-01	1.3653520600e+00	
144	2.7542287033e+10	2.7542287033e+10	7.7432389689e+00	6.6140493309e-01	1.3392530324e+00	
145	2.8183829313e+10	2.8183829313e+10	7.6780196199e+00	6.7850951090e-01	1.3168192228e+00	
146	2.8840315031e+10	2.8840315031e+10	7.6172801936e+00	6.9385178300e-01	1.2973948378e+00	
147	2.9512092267e+10	2.9512092267e+10	7.5609007654e+00	7.0764100935e-01	1.2804668222e+00	
148	3.0199517204e+10	3.0199517204e+10	7.5087699556e+00	7.2005998526e-01	1.2656289287e+00	
149	3.0902954325e+10	3.0902954325e+10	7.4607847507e+00	7.3126799390e-01	1.2525559648e+00	
150	3.1622776602e+10	3.1622776602e+10	7.4168503394e+00	7.4140367600e-01	1.2409850388e+00	
151	3.2359365693e+10	3.2359365693e+10	7.3768799610e+00	7.5058768789e-01	1.2307017018e+00	
152	3.3113112148e+10	3.3113112148e+10	7.3407947685e+00	7.5892509305e-01	1.2215295739e+00	
153	3.3884415614e+10	3.3884415614e+10	7.3085237041e+00	7.6650747441e-01	1.2133224841e+00	
154	3.4673685045e+10	3.4673685045e+10	7.2800033890e+00	7.7341477763e-01	1.2059584496e+00	
155	3.5481338923e+10	3.5481338923e+10	7.2551780264e+00	7.7971690684e-01	1.1993350165e+00	
156	3.6307805477e+10	3.6307805477e+10	7.2339993188e+00	7.8547509895e-01	1.1933656208e+00	
157	3.7153522910e+10	3.7153522910e+10	7.2164263975e+00	7.9074310356e-01	1.1879767208e+00	
158	3.8018939632e+10	3.8018939632e+10	7.2024257673e+00	7.9556819396e-01	1.1831055199e+00	
159	3.8904514499e+10	3.8904514499e+10	7.1919712645e+00	7.9999203290e-01	1.1786981428e+00	
160	3.9810717055e+10	3.9810717055e+10	7.1850440284e+00	8.0405141386e-01	1.1747081673e+00	
161	4.0738027780e+10	4.0738027780e+10	7.1816324874e+00	8.0777889605e-01	1.1710954307e+00	
162	4.1686938347e+10	4.1686938347e+10	7.1817323590e+00	8.1120334905e-01	1.1678250573e+00	
163	4.2657951880e+10	4.2657951880e+10	7.1853466647e+00	8.1435042036e-01	1.1648666581e+00	
164	4.3651583224e+10	4.3651583224e+10	7.1924857587e+00	8.1724293748e-01	1.1621936704e+00	
165	4.4668359215e+10	4.4668359215e+10	7.2031673721e+00	8.1990125435e-01	1.1597828094e+00	
166	4.5708818961e+10	4.5708818961e+10	7.2174166721e+00	8.2234355028e-01	1.1576136103e+00	
167	4.6773514129e+10	4.6773514129e+10	7.2352663365e+00	8.2458608845e-01	1.1556680441e+00	
168	4.7863009232e+10	4.7863009232e+10	7.2567566439e+00	8.2664343995e-01	1.1539301945e+00	
169	4.8977881937e+10	4.8977881937e+10	7.2819355804e+00	8.2852867832e-01	1.1523859839e+00	
170	5.0118723363e+10	5.0118723363e+10	7.3108589626e+00	8.3025354883e-01	1.1510229403e+00	
171	5.1286138399e+10	5.1286138399e+10	7.3435905774e+00	8.3182861615e-01	1.1498299993e+00	
172	5.2480746025e+10	5.2480746025e+10	7.3802023404e+00	8.3326339346e-01	1.1487973330e+00	
173	5.3703179637e+10	5.3703179637e+10	7.4207744705e+00	8.3456645558e-01	1.1479162040e+00	
174	5.4954087386e+10	5.4954087386e+10	7.4653956853e+00	8.3574553834e-01	1.1471788384e+00	
175	5.6234132519e+10	5.6234132519e+10	7.5141634148e+00	8.3680762605e-01	1.1465783159e+00	
176	5.7543993734e+10	5.7543993734e+10	7.5671840347e+00	8.3775902878e-01	1.1461084743e+00	
177	5.8884365536e+10	5.8884365536e+10	7.6245731221e+00	8.3860545073e-01	1.1457638254e+00	
178	6.0255958607e+10	6.0255958607e+10	7.6864557321e+00	8.3935205088e-01	1.1455394816e+00	
179	6.1659500186e+10	6.1659500186e+10	7.7529666966e+00	8.4000349705e-01	1.1454310909e+00	
180	6.3095734448e+10	6.3095734448e+10	7.8242509485e+00	8.4056401411e-01	1.1454347792e+00	
181	6.4565422903e+10	6.4565422903e+10	7.9004638696e+00	8.4103742716e-01	1.1455470993e+00	
182	6.6069344801e+10	6.6069344801e+10	7.9817716649e+00	8.4142720040e-01	1.1457649850e+00	
183	6.7608297539e+10	6.7608297539e+10	8.0683517652e+00	8.4173647211e-01	1.1460857093e+00	
184	6.9183097092e+10	6.9183097092e+10	8.1603932578e+00	8.4196808638e-01	1.1465068477e+00	
185	7.0794578438e+10	7.0794578438e+10	8.2580973487e+00	8.4212462191e-01	1.1470262442e+00	
186	7.2443596007e+10	7.2443596007e+10	8.3616778571e+00	8.4220841837e-01	1.1476419796e+00	
187	7.4131024130e+10	7.4131024130e+10	8.4713617442e+00	8.4222160053e-01	1.1483523437e+00	
188	7.5857757503e+10	7.5857757503e+10	8.5873896786e+00	8.4216610046e-01	1.1491558086e+00	
189	7.7624711663e+10	7.7624711663e+10	8.7100166413e+00	8.4204367818e-01	1.1500510037e+00	
190	7.9432823472e+10	7.9432823472e+10	8.8395125717e+00	8.4185594076e-01	1.1510366933e+00	
191	8.1283051616e+10	8.1283051616e+10	8.9761630583e+00	8.4160436031e-01	1.1521117545e+00	
192	8.3176377110e+10	8.3176377110e+10	9.1202700769e+00	8.4129029073e-01	1.1532751566e+00	
193	8.5113803820e+10	8.5113803820e+10	9.2721527804e+00	8.4091498362e-01	1.1545259421e+00	
194	8.7096358996e+10	8.7096358996e+10	9.4321483431e+00	8.4047960339e-01	1.1558632072e+00	
195	8.9125093813e+10	8.9125093813e+10	9.6006128642e+00	8.3998524152e-01	1.1572860847e+00	
196	9.1201083936e+10	9.1201083936e+10	9.7779223357e+00	8.3943293031e-01	1.1587937264e+00	
197	9.3325430080e+10	9.3325430080e+10	9.9644736790e+00	8.3882365599e-01	1.1603852862e+00	
198	9.5499258602e+10	9.5499258602e+10	1.0160685857e+01	8.3815837135e-01	1.1620599049e+00	
199	9.7723722096e+10	9.7723722096e+10	1.0367001066e+01	8.3743800784e-01	1.1638166937e+00	
200	1.0000000000e+11	1.0000000000e+11	1.0583886020e+01	8.3666348728e-01	1.1656547199e+00	
SWEEP_END
m_s11_db_lo = -1.482205721e+01
m_s11_db_mid = -8.530640912e+00
m_s11_db_hi = -2.900727889e+00
m_s21_db_lo = 1.9166013713e+01
m_s21_db_mid = 1.8516887713e+01
m_s21_db_hi = 1.5006100383e+01
m_s22_db_lo = -1.050192901e+01
m_s22_db_mid = -2.032233455e+01
m_s22_db_hi = -8.982044200e+00
m_s12_db_lo = -4.631107635e+01
m_s12_db_mid = -4.533987980e+01
m_s12_db_hi = -4.736612311e+01
m_k_lo = 1.0102289217e+01
m_k_mid = 9.3864445565e+00
m_k_hi = 8.8473096606e+00
m_nf_db_lo = 4.3960845639e+00
m_nf_db_mid = 4.7527836426e+00
m_nf_db_hi = 5.3257029259e+00
m_q1_vce = 1.5216948482e+00
m_q1_vbe = 7.2925317973e-01
m_q1_ic = 1.6877927900e-03
m_q1_icfrac = 7.0324699583e-02
m_q1_dtj = 4.4932310246e+00
m_q1_ft = 1.2827462686e+02
m_q2_vce = 1.2232266216e+00
m_q2_vbe = 7.3001138882e-01
m_q2_ic = 1.6813810154e-03
m_q2_icfrac = 7.0057542310e-02
m_q2_dtj = 3.6012248641e+00
m_q2_ft = 1.2909455734e+02
m_qr_vce = 7.3853742073e-01
m_qr_vbe = 7.3853742073e-01
m_qr_ic = 2.4469739463e-04
m_qr_icfrac = 8.1565798211e-02
m_qr_dtj = 2.0594326389e+00
m_qr_ft = 1.2543148703e+02
m_idd_ma = 2.2608875910e+00
m_pdc_mw = 6.2174408753e+00
m_d_lo = 9.7921966674e-02
m_mu_lo = 2.9787126130e+00
m_msg_db_lo = 6.5477090058e+01
m_d_mid = 7.3236100761e-02
m_mu_mid = 7.2000012636e+00
m_msg_db_mid = 6.3856767516e+01
m_d_hi = 2.5614844960e-01
m_mu_hi = 2.4620364479e+00
m_msg_db_hi = 6.2372223496e+01
m_sw_n = 2.0100000000e+02
m_sw_kmin = 7.1816324874e+00
m_sw_fkmin_ghz = 4.0738027780e+01
m_sw_kmin_hi = 7.1816324874e+00
m_sw_kmin_lo = 1.0258771870e+01
m_sw_dmax = 9.4289926131e-01
m_sw_mumin = 1.0000010403e+00
m_sw_nunst = 0.0000000000e+00
Doing analysis at TEMP = 125.000000 and TNOM = 27.000000

Using SPARSE 1.3 as Direct Linear Solver
Note: Starting dynamic gmin stepping
Note: Dynamic gmin stepping completed

Initial Transient Solution
--------------------------

Node                                   Voltage
----                                   -------
vdd                                       2.75
xdut.nr                               0.744433
xdut.er                             0.00589548
xdut.xqr.s1                        4.09977e-08
xdut.xqr.t                             2.05943
xdut.b1                               0.734332
xdut.oc                                   2.75
xdut.b2                                2.25678
xdut.c1                                1.52677
xdut.xq2.s1                        5.67138e-07
xdut.xq2.t                             3.60122
xdut.e1                             0.00507853
xdut.xq1.s1                        6.11289e-07
xdut.xq1.t                             4.49323
p1                                           0
xdut.in2                                     0
p2                                           0
s1n                                          0
s2n                                          0
l.xdut.lin#branch                            0
l.xdut.lfeed#branch                 0.00168138
vs2#branch                                   0
vs1#branch                                   0
vdd#branch                         -0.00226089


No. of Data Rows : 59

  Measurements for Transient Analysis

lna_rail_v          =  2.75000e+00

ngspice-46 done
