
Note: No compatibility mode selected!


Circuit: * klt sim -- generated corner deck, do not edit

Doing analysis at TEMP = -40.000000 and TNOM = 27.000000

Using SPARSE 1.3 as Direct Linear Solver

No. of Data Rows : 1

  Measurements for Transient Analysis


Doing analysis at TEMP = -40.000000 and TNOM = 27.000000

Using SPARSE 1.3 as Direct Linear Solver

No. of Data Rows : 3

  Measurements for Transient Analysis


Reset re-loads circuit * klt sim -- generated corner deck, do not edit

Circuit: * klt sim -- generated corner deck, do not edit

Doing analysis at TEMP = -40.000000 and TNOM = 27.000000

Using SPARSE 1.3 as Direct Linear Solver

No. of Data Rows : 3

  Measurements for Transient Analysis


Reset re-loads circuit * klt sim -- generated corner deck, do not edit

Circuit: * klt sim -- generated corner deck, do not edit

Doing analysis at TEMP = -40.000000 and TNOM = 27.000000

Using SPARSE 1.3 as Direct Linear Solver

No. of Data Rows : 3

No. of Data Rows : 1

  Measurements for Transient Analysis


Doing analysis at TEMP = -40.000000 and TNOM = 27.000000

Using SPARSE 1.3 as Direct Linear Solver

No. of Data Rows : 201

  Measurements for Transient Analysis


Reset re-loads circuit * klt sim -- generated corner deck, do not edit

Circuit: * klt sim -- generated corner deck, do not edit

Doing analysis at TEMP = -40.000000 and TNOM = 27.000000

Using SPARSE 1.3 as Direct Linear Solver

No. of Data Rows : 201

  Measurements for Transient Analysis


Reset re-loads circuit * klt sim -- generated corner deck, do not edit

Circuit: * klt sim -- generated corner deck, do not edit

SWEEP_BEGIN
                                                                            * klt sim -- generated corner deck, do not edit
                                                                            AC Analysis  Sat Oct 10 01:25:51  2026
--------------------------------------------------------------------------------------------------------------------------------------------------------------------------------------------------------
Index   frequency       wf              wk              wd              wmu             
--------------------------------------------------------------------------------------------------------------------------------------------------------------------------------------------------------
0	1.0000000000e+09	1.0000000000e+09	3.5079597660e+02	9.5218255820e-01	1.0000010390e+00	
1	1.0232929923e+09	1.0232929923e+09	3.4248680535e+02	9.5217347938e-01	1.0000011394e+00	
2	1.0471285481e+09	1.0471285481e+09	3.3436064348e+02	9.5216396553e-01	1.0000012496e+00	
3	1.0715193052e+09	1.0715193052e+09	3.2641323789e+02	9.5215399531e-01	1.0000013705e+00	
4	1.0964781961e+09	1.0964781961e+09	3.1864043601e+02	9.5214354627e-01	1.0000015030e+00	
5	1.1220184543e+09	1.1220184543e+09	3.1103818510e+02	9.5213259486e-01	1.0000016484e+00	
6	1.1481536215e+09	1.1481536215e+09	3.0360252800e+02	9.5212111629e-01	1.0000018079e+00	
7	1.1748975549e+09	1.1748975549e+09	2.9632960202e+02	9.5210908453e-01	1.0000019828e+00	
8	1.2022644346e+09	1.2022644346e+09	2.8921563792e+02	9.5209647218e-01	1.0000021747e+00	
9	1.2302687708e+09	1.2302687708e+09	2.8225695719e+02	9.5208325044e-01	1.0000023852e+00	
10	1.2589254118e+09	1.2589254118e+09	2.7544997065e+02	9.5206938904e-01	1.0000026161e+00	
11	1.2882495517e+09	1.2882495517e+09	2.6879117589e+02	9.5205485610e-01	1.0000028694e+00	
12	1.3182567386e+09	1.3182567386e+09	2.6227715755e+02	9.5203961810e-01	1.0000031473e+00	
13	1.3489628826e+09	1.3489628826e+09	2.5590458411e+02	9.5202363972e-01	1.0000034521e+00	
14	1.3803842646e+09	1.3803842646e+09	2.4967020695e+02	9.5200688383e-01	1.0000037866e+00	
15	1.4125375446e+09	1.4125375446e+09	2.4357085892e+02	9.5198931130e-01	1.0000041535e+00	
16	1.4454397707e+09	1.4454397707e+09	2.3760345278e+02	9.5197088091e-01	1.0000045561e+00	
17	1.4791083882e+09	1.4791083882e+09	2.3176497997e+02	9.5195154925e-01	1.0000049978e+00	
18	1.5135612484e+09	1.5135612484e+09	2.2605250921e+02	9.5193127056e-01	1.0000054825e+00	
19	1.5488166189e+09	1.5488166189e+09	2.2046318520e+02	9.5190999662e-01	1.0000060143e+00	
20	1.5848931925e+09	1.5848931925e+09	2.1499422739e+02	9.5188767656e-01	1.0000065978e+00	
21	1.6218100974e+09	1.6218100974e+09	2.0964292858e+02	9.5186425675e-01	1.0000072381e+00	
22	1.6595869074e+09	1.6595869074e+09	2.0440665411e+02	9.5183968059e-01	1.0000079408e+00	
23	1.6982436525e+09	1.6982436525e+09	1.9928284038e+02	9.5181388834e-01	1.0000087120e+00	
24	1.7378008287e+09	1.7378008287e+09	1.9426899383e+02	9.5178681693e-01	1.0000095584e+00	
25	1.7782794100e+09	1.7782794100e+09	1.8936268976e+02	9.5175839976e-01	1.0000104872e+00	
26	1.8197008586e+09	1.8197008586e+09	1.8456157118e+02	9.5172856645e-01	1.0000115068e+00	
27	1.8620871367e+09	1.8620871367e+09	1.7986334800e+02	9.5169724261e-01	1.0000126259e+00	
28	1.9054607180e+09	1.9054607180e+09	1.7526579553e+02	9.5166434960e-01	1.0000138543e+00	
29	1.9498445998e+09	1.9498445998e+09	1.7076675369e+02	9.5162980420e-01	1.0000152027e+00	
30	1.9952623150e+09	1.9952623150e+09	1.6636412580e+02	9.5159351838e-01	1.0000166831e+00	
31	2.0417379447e+09	2.0417379447e+09	1.6205587751e+02	9.5155539892e-01	1.0000183085e+00	
32	2.0892961309e+09	2.0892961309e+09	1.5784003576e+02	9.5151534709e-01	1.0000200930e+00	
33	2.1379620895e+09	2.1379620895e+09	1.5371468755e+02	9.5147325827e-01	1.0000220524e+00	
34	2.1877616239e+09	2.1877616239e+09	1.4967797889e+02	9.5142902154e-01	1.0000242041e+00	
35	2.2387211386e+09	2.2387211386e+09	1.4572811360e+02	9.5138251923e-01	1.0000265671e+00	
36	2.2908676528e+09	2.2908676528e+09	1.4186335211e+02	9.5133362648e-01	1.0000291622e+00	
37	2.3442288153e+09	2.3442288153e+09	1.3808201025e+02	9.5128221071e-01	1.0000320126e+00	
38	2.3988329190e+09	2.3988329190e+09	1.3438245802e+02	9.5122813104e-01	1.0000351437e+00	
39	2.4547089157e+09	2.4547089157e+09	1.3076311822e+02	9.5117123772e-01	1.0000385833e+00	
40	2.5118864315e+09	2.5118864315e+09	1.2722246510e+02	9.5111137149e-01	1.0000423622e+00	
41	2.5703957828e+09	2.5703957828e+09	1.2375902307e+02	9.5104836280e-01	1.0000465142e+00	
42	2.6302679919e+09	2.6302679919e+09	1.2037136510e+02	9.5098203114e-01	1.0000510768e+00	
43	2.6915348039e+09	2.6915348039e+09	1.1705811134e+02	9.5091218411e-01	1.0000560910e+00	
44	2.7542287033e+09	2.7542287033e+09	1.1381792749e+02	9.5083861654e-01	1.0000616022e+00	
45	2.8183829313e+09	2.8183829313e+09	1.1064952323e+02	9.5076110951e-01	1.0000676602e+00	
46	2.8840315031e+09	2.8840315031e+09	1.0755165055e+02	9.5067942926e-01	1.0000743202e+00	
47	2.9512092267e+09	2.9512092267e+09	1.0452310200e+02	9.5059332594e-01	1.0000816429e+00	
48	3.0199517204e+09	3.0199517204e+09	1.0156270895e+02	9.5050253242e-01	1.0000896954e+00	
49	3.0902954325e+09	3.0902954325e+09	9.8669339781e+01	9.5040676275e-01	1.0000985517e+00	
50	3.1622776602e+09	3.1622776602e+09	9.5841897979e+01	9.5030571070e-01	1.0001082934e+00	
51	3.2359365693e+09	3.2359365693e+09	9.3079320254e+01	9.5019904799e-01	1.0001190107e+00	
52	3.3113112148e+09	3.3113112148e+09	9.0380574595e+01	9.5008642243e-01	1.0001308032e+00	
53	3.3884415614e+09	3.3884415614e+09	8.7744658285e+01	9.4996745589e-01	1.0001437811e+00	
54	3.4673685045e+09	3.4673685045e+09	8.5170595916e+01	9.4984174197e-01	1.0001580660e+00	
55	3.5481338923e+09	3.5481338923e+09	8.2657437367e+01	9.4970884356e-01	1.0001737925e+00	
56	3.6307805477e+09	3.6307805477e+09	8.0204255802e+01	9.4956829004e-01	1.0001911097e+00	
57	3.7153522910e+09	3.7153522910e+09	7.7810145642e+01	9.4941957429e-01	1.0002101822e+00	
58	3.8018939632e+09	3.8018939632e+09	7.5474220574e+01	9.4926214926e-01	1.0002311927e+00	
59	3.8904514499e+09	3.8904514499e+09	7.3195611571e+01	9.4909542435e-01	1.0002543434e+00	
60	3.9810717055e+09	3.9810717055e+09	7.0973464958e+01	9.4891876117e-01	1.0002798585e+00	
61	4.0738027780e+09	4.0738027780e+09	6.8806940506e+01	9.4873146911e-01	1.0003079865e+00	
62	4.1686938347e+09	4.1686938347e+09	6.6695209601e+01	9.4853280013e-01	1.0003390032e+00	
63	4.2657951880e+09	4.2657951880e+09	6.4637453467e+01	9.4832194326e-01	1.0003732151e+00	
64	4.3651583224e+09	4.3651583224e+09	6.2632861475e+01	9.4809801820e-01	1.0004109622e+00	
65	4.4668359215e+09	4.4668359215e+09	6.0680629533e+01	9.4786006842e-01	1.0004526230e+00	
66	4.5708818961e+09	4.5708818961e+09	5.8779958577e+01	9.4760705329e-01	1.0004986182e+00	
67	4.6773514129e+09	4.6773514129e+09	5.6930053162e+01	9.4733783940e-01	1.0005494161e+00	
68	4.7863009232e+09	4.7863009232e+09	5.5130120176e+01	9.4705119074e-01	1.0006055387e+00	
69	4.8977881937e+09	4.8977881937e+09	5.3379367661e+01	9.4674575781e-01	1.0006675678e+00	
70	5.0118723363e+09	5.0118723363e+09	5.1677003768e+01	9.4642006528e-01	1.0007361525e+00	
71	5.1286138399e+09	5.1286138399e+09	5.0022235836e+01	9.4607249820e-01	1.0008120180e+00	
72	5.2480746025e+09	5.2480746025e+09	4.8414269606e+01	9.4570128642e-01	1.0008959747e+00	
73	5.3703179637e+09	5.3703179637e+09	4.6852308570e+01	9.4530448705e-01	1.0009889295e+00	
74	5.4954087386e+09	5.4954087386e+09	4.5335553448e+01	9.4487996464e-01	1.0010918981e+00	
75	5.6234132519e+09	5.6234132519e+09	4.3863201804e+01	9.4442536872e-01	1.0012060196e+00	
76	5.7543993734e+09	5.7543993734e+09	4.2434447791e+01	9.4393810839e-01	1.0013325723e+00	
77	5.8884365536e+09	5.8884365536e+09	4.1048482022e+01	9.4341532342e-01	1.0014729932e+00	
78	6.0255958607e+09	6.0255958607e+09	3.9704491567e+01	9.4285385139e-01	1.0016288991e+00	
79	6.1659500186e+09	6.1659500186e+09	3.8401660061e+01	9.4225019024e-01	1.0018021120e+00	
80	6.3095734448e+09	6.3095734448e+09	3.7139167929e+01	9.4160045547e-01	1.0019946876e+00	
81	6.4565422903e+09	6.4565422903e+09	3.5916192707e+01	9.4090033124e-01	1.0022089490e+00	
82	6.6069344801e+09	6.6069344801e+09	3.4731909461e+01	9.4014501416e-01	1.0024475254e+00	
83	6.7608297539e+09	6.7608297539e+09	3.3585491290e+01	9.3932914888e-01	1.0027133975e+00	
84	6.9183097092e+09	6.9183097092e+09	3.2476109908e+01	9.3844675377e-01	1.0030099502e+00	
85	7.0794578438e+09	7.0794578438e+09	3.1402936285e+01	9.3749113527e-01	1.0033410346e+00	
86	7.2443596007e+09	7.2443596007e+09	3.0365141353e+01	9.3645478874e-01	1.0037110407e+00	
87	7.4131024130e+09	7.4131024130e+09	2.9361896753e+01	9.3532928364e-01	1.0041249828e+00	
88	7.5857757503e+09	7.5857757503e+09	2.8392375623e+01	9.3410513004e-01	1.0045886014e+00	
89	7.7624711663e+09	7.7624711663e+09	2.7455753411e+01	9.3277162322e-01	1.0051084823e+00	
90	7.9432823472e+09	7.9432823472e+09	2.6551208707e+01	9.3131666228e-01	1.0056922004e+00	
91	8.1283051616e+09	8.1283051616e+09	2.5677924086e+01	9.2972653798e-01	1.0063484899e+00	
92	8.3176377110e+09	8.3176377110e+09	2.4835086953e+01	9.2798568378e-01	1.0070874493e+00	
93	8.5113803820e+09	8.5113803820e+09	2.4021890377e+01	9.2607638340e-01	1.0079207874e+00	
94	8.7096358996e+09	8.7096358996e+09	2.3237533921e+01	9.2397842611e-01	1.0088621220e+00	
95	8.9125093813e+09	8.9125093813e+09	2.2481224444e+01	9.2166869975e-01	1.0099273409e+00	
96	9.1201083936e+09	9.1201083936e+09	2.1752176882e+01	9.1912070909e-01	1.0111350440e+00	
97	9.3325430080e+09	9.3325430080e+09	2.1049614999e+01	9.1630400461e-01	1.0125070842e+00	
98	9.5499258602e+09	9.5499258602e+09	2.0372772099e+01	9.1318350394e-01	1.0140692337e+00	
99	9.7723722096e+09	9.7723722096e+09	1.9720891708e+01	9.0971868422e-01	1.0158520104e+00	
100	1.0000000000e+10	1.0000000000e+10	1.9093228207e+01	9.0586261974e-01	1.0178917062e+00	
101	1.0232929923e+10	1.0232929923e+10	1.8489047427e+01	9.0156083404e-01	1.0202316755e+00	
102	1.0471285481e+10	1.0471285481e+10	1.7907627193e+01	8.9674993034e-01	1.0229239599e+00	
103	1.0715193052e+10	1.0715193052e+10	1.7348257827e+01	8.9135595795e-01	1.0260313498e+00	
104	1.0964781961e+10	1.0964781961e+10	1.6810242602e+01	8.8529246669e-01	1.0296300179e+00	
105	1.1220184543e+10	1.1220184543e+10	1.6292898150e+01	8.7845819577e-01	1.0338129088e+00	
106	1.1481536215e+10	1.1481536215e+10	1.5795554817e+01	8.7073434116e-01	1.0386941340e+00	
107	1.1748975549e+10	1.1748975549e+10	1.5317556979e+01	8.6198134720e-01	1.0444147194e+00	
108	1.2022644346e+10	1.2022644346e+10	1.4858263310e+01	8.5203518009e-01	1.0511501832e+00	
109	1.2302687708e+10	1.2302687708e+10	1.4417047003e+01	8.4070306844e-01	1.0591206224e+00	
110	1.2589254118e+10	1.2589254118e+10	1.3993295953e+01	8.2775875255e-01	1.0686042701e+00	
111	1.2882495517e+10	1.2882495517e+10	1.3586412894e+01	8.1293738576e-01	1.0799559109e+00	
112	1.3182567386e+10	1.3182567386e+10	1.3195815497e+01	7.9593040534e-01	1.0936321845e+00	
113	1.3489628826e+10	1.3489628826e+10	1.2820936440e+01	7.7638097558e-01	1.1102267901e+00	
114	1.3803842646e+10	1.3803842646e+10	1.2461223427e+01	7.5388105215e-01	1.1305201491e+00	
115	1.4125375446e+10	1.4125375446e+10	1.2116139187e+01	7.2797178949e-01	1.1555505571e+00	
116	1.4454397707e+10	1.4454397707e+10	1.1785161435e+01	6.9814997458e-01	1.1867179465e+00	
117	1.4791083882e+10	1.4791083882e+10	1.1467782808e+01	6.6388445998e-01	1.2259383659e+00	
118	1.5135612484e+10	1.5135612484e+10	1.1163510771e+01	6.2464814595e-01	1.2758796897e+00	
119	1.5488166189e+10	1.5488166189e+10	1.0871867503e+01	5.7997272194e-01	1.3403321847e+00	
120	1.5848931925e+10	1.5848931925e+10	1.0592389754e+01	5.2953466607e-01	1.4248129433e+00	
121	1.6218100974e+10	1.6218100974e+10	1.0324628687e+01	4.7328118194e-01	1.5375979811e+00	
122	1.6595869074e+10	1.6595869074e+10	1.0068149701e+01	4.1160294395e-01	1.6915881387e+00	
123	1.6982436525e+10	1.6982436525e+10	9.8225322337e+00	3.4555595673e-01	1.9079313993e+00	
124	1.7378008287e+10	1.7378008287e+10	9.5873695557e+00	2.7712648122e-01	2.2237121682e+00	
125	1.7782794100e+10	1.7782794100e+10	9.3622685458e+00	2.0951648153e-01	2.7102456317e+00	
126	1.8197008586e+10	1.8197008586e+10	9.1468494585e+00	1.4738592190e-01	3.5236206894e+00	
127	1.8620871367e+10	1.8620871367e+10	8.9407456805e+00	9.6868023007e-02	5.0738373242e+00	
128	1.9054607180e+10	1.9054607180e+10	8.7436034802e+00	6.4712076715e-02	8.5690932020e+00	
129	1.9498445998e+10	1.9498445998e+10	8.5550817492e+00	5.4987009819e-02	8.6077658827e+00	
130	1.9952623150e+10	1.9952623150e+10	8.3748517390e+00	6.7316869039e-02	5.2246995474e+00	
131	2.0417379447e+10	2.0417379447e+10	8.2025967938e+00	1.0055781055e-01	3.7501951592e+00	
132	2.0892961309e+10	2.0892961309e+10	8.0380120796e+00	1.4980498746e-01	2.9786588126e+00	
133	2.1379620895e+10	2.1379620895e+10	7.8808043119e+00	2.0755771249e-01	2.5141192193e+00	
134	2.1877616239e+10	2.1877616239e+10	7.7306914824e+00	2.6742032336e-01	2.2083191349e+00	
135	2.2387211386e+10	2.2387211386e+10	7.5874025856e+00	3.2525880576e-01	1.9943900326e+00	
136	2.2908676528e+10	2.2908676528e+10	7.4506773462e+00	3.7890665925e-01	1.8379735706e+00	
137	2.3442288153e+10	2.3442288153e+10	7.3202659486e+00	4.2751011702e-01	1.7196925346e+00	
138	2.3988329190e+10	2.3988329190e+10	7.1959287684e+00	4.7096655330e-01	1.6278348273e+00	
139	2.4547089157e+10	2.4547089157e+10	7.0774361070e+00	5.0955277445e-01	1.5549332959e+00	
140	2.5118864315e+10	2.5118864315e+10	6.9645679302e+00	5.4370850791e-01	1.4960212623e+00	
141	2.5703957828e+10	2.5703957828e+10	6.8571136105e+00	5.7392007840e-01	1.4476794299e+00	
142	2.6302679919e+10	2.6302679919e+10	6.7548716749e+00	6.0066226220e-01	1.4074854541e+00	
143	2.6915348039e+10	2.6915348039e+10	6.6576495574e+00	6.2437203095e-01	1.3736812213e+00	
144	2.7542287033e+10	2.7542287033e+10	6.5652633570e+00	6.4543907832e-01	1.3449639075e+00	
145	2.8183829313e+10	2.8183829313e+10	6.4775376024e+00	6.6420480545e-01	1.3203504554e+00	
146	2.8840315031e+10	2.8840315031e+10	6.3943050219e+00	6.8096528931e-01	1.2990871948e+00	
147	2.9512092267e+10	2.9512092267e+10	6.3154063214e+00	6.9597587659e-01	1.2805880955e+00	
148	3.0199517204e+10	3.0199517204e+10	6.2406899679e+00	7.0945619554e-01	1.2643916795e+00	
149	3.0902954325e+10	3.0902954325e+10	6.1700119809e+00	7.2159499582e-01	1.2501303823e+00	
150	3.1622776602e+10	3.1622776602e+10	6.1032357310e+00	7.3255455557e-01	1.2375083984e+00	
151	3.2359365693e+10	3.2359365693e+10	6.0402317458e+00	7.4247456622e-01	1.2262854183e+00	
152	3.3113112148e+10	3.3113112148e+10	5.9808775239e+00	7.5147549207e-01	1.2162645255e+00	
153	3.3884415614e+10	3.3884415614e+10	5.9250573561e+00	7.5966144220e-01	1.2072830764e+00	
154	3.4673685045e+10	3.4673685045e+10	5.8726621550e+00	7.6712260857e-01	1.1992057499e+00	
155	3.5481338923e+10	3.5481338923e+10	5.8235892926e+00	7.7393732750e-01	1.1919191937e+00	
156	3.6307805477e+10	3.6307805477e+10	5.7777424452e+00	7.8017381926e-01	1.1853278605e+00	
157	3.7153522910e+10	3.7153522910e+10	5.7350314482e+00	7.8589165507e-01	1.1793507420e+00	
158	3.8018939632e+10	3.8018939632e+10	5.6953721567e+00	7.9114299465e-01	1.1739187828e+00	
159	3.8904514499e+10	3.8904514499e+10	5.6586863171e+00	7.9597363122e-01	1.1689728194e+00	
160	3.9810717055e+10	3.9810717055e+10	5.6249014446e+00	8.0042387515e-01	1.1644619242e+00	
161	4.0738027780e+10	4.0738027780e+10	5.5939507106e+00	8.0452930268e-01	1.1603420659e+00	
162	4.1686938347e+10	4.1686938347e+10	5.5657728379e+00	8.0832139149e-01	1.1565750198e+00	
163	4.2657951880e+10	4.2657951880e+10	5.5403120044e+00	8.1182806144e-01	1.1531274743e+00	
164	4.3651583224e+10	4.3651583224e+10	5.5175177553e+00	8.1507413584e-01	1.1499702963e+00	
165	4.4668359215e+10	4.4668359215e+10	5.4973449238e+00	8.1808173570e-01	1.1470779216e+00	
166	4.5708818961e+10	4.5708818961e+10	5.4797535604e+00	8.2087061770e-01	1.1444278489e+00	
167	4.6773514129e+10	4.6773514129e+10	5.4647088701e+00	8.2345846455e-01	1.1420002152e+00	
168	4.7863009232e+10	4.7863009232e+10	5.4521811591e+00	8.2586113507e-01	1.1397774400e+00	
169	4.8977881937e+10	4.8977881937e+10	5.4421457898e+00	8.2809288013e-01	1.1377439247e+00	
170	5.0118723363e+10	5.0118723363e+10	5.4345831435e+00	8.3016652966e-01	1.1358857978e+00	
171	5.1286138399e+10	5.1286138399e+10	5.4294785936e+00	8.3209365480e-01	1.1341906980e+00	
172	5.2480746025e+10	5.2480746025e+10	5.4268224857e+00	8.3388470906e-01	1.1326475890e+00	
173	5.3703179637e+10	5.3703179637e+10	5.4266101276e+00	8.3554915137e-01	1.1312466005e+00	
174	5.4954087386e+10	5.4954087386e+10	5.4288417880e+00	8.3709555363e-01	1.1299788917e+00	
175	5.6234132519e+10	5.6234132519e+10	5.4335227036e+00	8.3853169495e-01	1.1288365328e+00	
176	5.7543993734e+10	5.7543993734e+10	5.4406630961e+00	8.3986464437e-01	1.1278124027e+00	
177	5.8884365536e+10	5.8884365536e+10	5.4502781975e+00	8.4110083373e-01	1.1269001000e+00	
178	6.0255958607e+10	6.0255958607e+10	5.4623882851e+00	8.4224612190e-01	1.1260938647e+00	
179	6.1659500186e+10	6.1659500186e+10	5.4770187256e+00	8.4330585160e-01	1.1253885105e+00	
180	6.3095734448e+10	6.3095734448e+10	5.4942000292e+00	8.4428489978e-01	1.1247793647e+00	
181	6.4565422903e+10	6.4565422903e+10	5.5139679125e+00	8.4518772234e-01	1.1242622149e+00	
182	6.6069344801e+10	6.6069344801e+10	5.5363633723e+00	8.4601839394e-01	1.1238332625e+00	
183	6.7608297539e+10	6.7608297539e+10	5.5614327683e+00	8.4678064356e-01	1.1234890808e+00	
184	6.9183097092e+10	6.9183097092e+10	5.5892279171e+00	8.4747788633e-01	1.1232265778e+00	
185	7.0794578438e+10	7.0794578438e+10	5.6198061956e+00	8.4811325204e-01	1.1230429631e+00	
186	7.2443596007e+10	7.2443596007e+10	5.6532306564e+00	8.4868961077e-01	1.1229357172e+00	
187	7.4131024130e+10	7.4131024130e+10	5.6895701526e+00	8.4920959605e-01	1.1229025650e+00	
188	7.5857757503e+10	7.5857757503e+10	5.7288994756e+00	8.4967562577e-01	1.1229414509e+00	
189	7.7624711663e+10	7.7624711663e+10	5.7712995033e+00	8.5008992111e-01	1.1230505159e+00	
190	7.9432823472e+10	7.9432823472e+10	5.8168573608e+00	8.5045452381e-01	1.1232280774e+00	
191	8.1283051616e+10	8.1283051616e+10	5.8656665936e+00	8.5077131190e-01	1.1234726102e+00	
192	8.3176377110e+10	8.3176377110e+10	5.9178273536e+00	8.5104201405e-01	1.1237827282e+00	
193	8.5113803820e+10	8.5113803820e+10	5.9734465982e+00	8.5126822286e-01	1.1241571686e+00	
194	8.7096358996e+10	8.7096358996e+10	6.0326383039e+00	8.5145140701e-01	1.1245947763e+00	
195	8.9125093813e+10	8.9125093813e+10	6.0955236936e+00	8.5159292252e-01	1.1250944892e+00	
196	9.1201083936e+10	9.1201083936e+10	6.1622314794e+00	8.5169402324e-01	1.1256553249e+00	
197	9.3325430080e+10	9.3325430080e+10	6.2328981219e+00	8.5175587059e-01	1.1262763672e+00	
198	9.5499258602e+10	9.5499258602e+10	6.3076681045e+00	8.5177954270e-01	1.1269567542e+00	
199	9.7723722096e+10	9.7723722096e+10	6.3866942267e+00	8.5176604295e-01	1.1276956662e+00	
200	1.0000000000e+11	1.0000000000e+11	6.4701379150e+00	8.5171630810e-01	1.1284923143e+00	
SWEEP_END
m_s11_db_lo = -5.338220074e+00
m_s11_db_mid = -2.353832095e+01
m_s11_db_hi = -5.195923438e+00
m_s21_db_lo = 2.1617686783e+01
m_s21_db_mid = 2.3228866901e+01
m_s21_db_hi = 2.0835485269e+01
m_s22_db_lo = -8.886151346e+00
m_s22_db_mid = -2.651363511e+01
m_s22_db_hi = -9.857991527e+00
m_s12_db_lo = -5.114910201e+01
m_s12_db_mid = -4.794586003e+01
m_s12_db_hi = -4.887763378e+01
m_k_lo = 9.4070961328e+00
m_k_mid = 8.5750442587e+00
m_k_hi = 7.9375691931e+00
m_nf_db_lo = 2.6901724132e+00
m_nf_db_mid = 2.9118391342e+00
m_nf_db_hi = 3.2419280307e+00
m_q1_vce = 9.8351321809e-01
m_q1_vbe = 8.6505008689e-01
m_q1_ic = 1.3178183862e-03
m_q1_icfrac = 5.4909099423e-02
m_q1_dtj = 2.2655615304e+00
m_q1_ft = 2.0385718515e+02
m_q2_vce = 1.2625306678e+00
m_q2_vbe = 8.6442062586e-01
m_q2_ic = 1.3169674005e-03
m_q2_icfrac = 5.4873641689e-02
m_q2_dtj = 2.9059788845e+00
m_q2_ft = 2.0810030566e+02
m_qr_vce = 8.6666245517e-01
m_qr_vbe = 8.6666245517e-01
m_qr_ic = 1.7140149645e-04
m_qr_icfrac = 5.7133832149e-02
m_qr_dtj = 1.6874159012e+00
m_qr_ft = 1.9198262336e+02
m_idd_ma = 1.7547767419e+00
m_pdc_mw = 3.9482476693e+00
m_d_lo = 2.2294997811e-01
m_mu_lo = 2.5922676483e+00
m_msg_db_lo = 7.2766788794e+01
m_d_mid = 5.4957028835e-02
m_mu_mid = 9.1345414991e+00
m_msg_db_mid = 7.1174726929e+01
m_d_hi = 1.8586005877e-01
m_mu_hi = 2.6606604389e+00
m_msg_db_hi = 6.9713119054e+01
m_sw_n = 2.0100000000e+02
m_sw_kmin = 5.4266101276e+00
m_sw_fkmin_ghz = 5.3703179637e+01
m_sw_kmin_hi = 5.4266101276e+00
m_sw_kmin_lo = 9.5873695557e+00
m_sw_dmax = 9.5218255820e-01
m_sw_mumin = 1.0000010390e+00
m_sw_nunst = 0.0000000000e+00
Doing analysis at TEMP = -40.000000 and TNOM = 27.000000

Using SPARSE 1.3 as Direct Linear Solver

Initial Transient Solution
--------------------------

Node                                   Voltage
----                                   -------
vdd                                       2.25
xdut.nr                               0.870779
xdut.er                             0.00411639
xdut.xqr.s1                        3.44955e-10
xdut.xqr.t                             1.68742
xdut.b1                               0.869006
xdut.oc                                   2.25
xdut.b2                                1.85189
xdut.c1                               0.987469
xdut.xq2.s1                        2.46612e-09
xdut.xq2.t                             2.90598
xdut.e1                             0.00395611
xdut.xq1.s1                        1.07734e-09
xdut.xq1.t                             2.26556
p1                                           0
xdut.in2                                     0
p2                                           0
s1n                                          0
s2n                                          0
l.xdut.lin#branch                            0
l.xdut.lfeed#branch                 0.00131697
vs2#branch                                   0
vs1#branch                                   0
vdd#branch                         -0.00175478


No. of Data Rows : 59

  Measurements for Transient Analysis

lna_rail_v          =  2.25000e+00

ngspice-46 done
