
Note: No compatibility mode selected!


Circuit: * klt sim -- generated corner deck, do not edit

Doing analysis at TEMP = 125.000000 and TNOM = 27.000000

Using SPARSE 1.3 as Direct Linear Solver


The temperature limiting function received NaN.
Please check your power dissipation and improve your heat sink Rth!
    This message will be shown only once.

Note: Starting dynamic gmin stepping
Note: Dynamic gmin stepping completed

No. of Data Rows : 1

  Measurements for Transient Analysis


Doing analysis at TEMP = 125.000000 and TNOM = 27.000000

Using SPARSE 1.3 as Direct Linear Solver
Note: Starting dynamic gmin stepping
Note: Dynamic gmin stepping completed

No. of Data Rows : 3

  Measurements for Transient Analysis


Reset re-loads circuit * klt sim -- generated corner deck, do not edit

Circuit: * klt sim -- generated corner deck, do not edit

Doing analysis at TEMP = 125.000000 and TNOM = 27.000000

Using SPARSE 1.3 as Direct Linear Solver
Note: Starting dynamic gmin stepping
Note: Dynamic gmin stepping completed

No. of Data Rows : 3

  Measurements for Transient Analysis


Reset re-loads circuit * klt sim -- generated corner deck, do not edit

Circuit: * klt sim -- generated corner deck, do not edit

Doing analysis at TEMP = 125.000000 and TNOM = 27.000000

Using SPARSE 1.3 as Direct Linear Solver
Note: Starting dynamic gmin stepping
Note: Dynamic gmin stepping completed

No. of Data Rows : 3

No. of Data Rows : 1

  Measurements for Transient Analysis


Doing analysis at TEMP = 125.000000 and TNOM = 27.000000

Using SPARSE 1.3 as Direct Linear Solver
Note: Starting dynamic gmin stepping
Note: Dynamic gmin stepping completed

No. of Data Rows : 201

  Measurements for Transient Analysis


Reset re-loads circuit * klt sim -- generated corner deck, do not edit

Circuit: * klt sim -- generated corner deck, do not edit

Doing analysis at TEMP = 125.000000 and TNOM = 27.000000

Using SPARSE 1.3 as Direct Linear Solver
Note: Starting dynamic gmin stepping
Note: Dynamic gmin stepping completed

No. of Data Rows : 201

  Measurements for Transient Analysis


Reset re-loads circuit * klt sim -- generated corner deck, do not edit

Circuit: * klt sim -- generated corner deck, do not edit

SWEEP_BEGIN
                                                                            * klt sim -- generated corner deck, do not edit
                                                                            AC Analysis  Sat Oct 10 01:28:10  2026
--------------------------------------------------------------------------------------------------------------------------------------------------------------------------------------------------------
Index   frequency       wf              wk              wd              wmu             
--------------------------------------------------------------------------------------------------------------------------------------------------------------------------------------------------------
0	1.0000000000e+09	1.0000000000e+09	4.5693469406e+02	9.4853747890e-01	1.0000010400e+00	
1	1.0232929923e+09	1.0232929923e+09	4.4585258724e+02	9.4852567037e-01	1.0000011405e+00	
2	1.0471285481e+09	1.0471285481e+09	4.3500982475e+02	9.4851329896e-01	1.0000012508e+00	
3	1.0715193052e+09	1.0715193052e+09	4.2440096104e+02	9.4850033717e-01	1.0000013718e+00	
4	1.0964781961e+09	1.0964781961e+09	4.1402068163e+02	9.4848675613e-01	1.0000015045e+00	
5	1.1220184543e+09	1.1220184543e+09	4.0386380711e+02	9.4847252555e-01	1.0000016501e+00	
6	1.1481536215e+09	1.1481536215e+09	3.9392528400e+02	9.4845761358e-01	1.0000018098e+00	
7	1.1748975549e+09	1.1748975549e+09	3.8420018614e+02	9.4844198678e-01	1.0000019849e+00	
8	1.2022644346e+09	1.2022644346e+09	3.7468371363e+02	9.4842561001e-01	1.0000021770e+00	
9	1.2302687708e+09	1.2302687708e+09	3.6537118912e+02	9.4840844636e-01	1.0000023878e+00	
10	1.2589254118e+09	1.2589254118e+09	3.5625805717e+02	9.4839045702e-01	1.0000026190e+00	
11	1.2882495517e+09	1.2882495517e+09	3.4733988200e+02	9.4837160121e-01	1.0000028727e+00	
12	1.3182567386e+09	1.3182567386e+09	3.3861234587e+02	9.4835183602e-01	1.0000031509e+00	
13	1.3489628826e+09	1.3489628826e+09	3.3007124783e+02	9.4833111637e-01	1.0000034562e+00	
14	1.3803842646e+09	1.3803842646e+09	3.2171250103e+02	9.4830939483e-01	1.0000037912e+00	
15	1.4125375446e+09	1.4125375446e+09	3.1353213186e+02	9.4828662147e-01	1.0000041586e+00	
16	1.4454397707e+09	1.4454397707e+09	3.0552627843e+02	9.4826274381e-01	1.0000045618e+00	
17	1.4791083882e+09	1.4791083882e+09	2.9769118801e+02	9.4823770656e-01	1.0000050042e+00	
18	1.5135612484e+09	1.5135612484e+09	2.9002321653e+02	9.4821145155e-01	1.0000054896e+00	
19	1.5488166189e+09	1.5488166189e+09	2.8251882566e+02	9.4818391751e-01	1.0000060223e+00	
20	1.5848931925e+09	1.5848931925e+09	2.7517458211e+02	9.4815503990e-01	1.0000066068e+00	
21	1.6218100974e+09	1.6218100974e+09	2.6798715557e+02	9.4812475075e-01	1.0000072482e+00	
22	1.6595869074e+09	1.6595869074e+09	2.6095331676e+02	9.4809297841e-01	1.0000079521e+00	
23	1.6982436525e+09	1.6982436525e+09	2.5406993568e+02	9.4805964736e-01	1.0000087246e+00	
24	1.7378008287e+09	1.7378008287e+09	2.4733398011e+02	9.4802467794e-01	1.0000095724e+00	
25	1.7782794100e+09	1.7782794100e+09	2.4074251326e+02	9.4798798618e-01	1.0000105030e+00	
26	1.8197008586e+09	1.8197008586e+09	2.3429269199e+02	9.4794948342e-01	1.0000115244e+00	
27	1.8620871367e+09	1.8620871367e+09	2.2798176480e+02	9.4790907613e-01	1.0000126456e+00	
28	1.9054607180e+09	1.9054607180e+09	2.2180706957e+02	9.4786666553e-01	1.0000138764e+00	
29	1.9498445998e+09	1.9498445998e+09	2.1576603142e+02	9.4782214730e-01	1.0000152276e+00	
30	1.9952623150e+09	1.9952623150e+09	2.0985616045e+02	9.4777541119e-01	1.0000167109e+00	
31	2.0417379447e+09	2.0417379447e+09	2.0407504930e+02	9.4772634070e-01	1.0000183396e+00	
32	2.0892961309e+09	2.0892961309e+09	1.9842037058e+02	9.4767481259e-01	1.0000201279e+00	
33	2.1379620895e+09	2.1379620895e+09	1.9288987442e+02	9.4762069651e-01	1.0000220916e+00	
34	2.1877616239e+09	2.1877616239e+09	1.8748138570e+02	9.4756385450e-01	1.0000242480e+00	
35	2.2387211386e+09	2.2387211386e+09	1.8219280125e+02	9.4750414047e-01	1.0000266162e+00	
36	2.2908676528e+09	2.2908676528e+09	1.7702208703e+02	9.4744139966e-01	1.0000292174e+00	
37	2.3442288153e+09	2.3442288153e+09	1.7196727500e+02	9.4737546805e-01	1.0000320745e+00	
38	2.3988329190e+09	2.3988329190e+09	1.6702646017e+02	9.4730617170e-01	1.0000352130e+00	
39	2.4547089157e+09	2.4547089157e+09	1.6219779740e+02	9.4723332609e-01	1.0000386611e+00	
40	2.5118864315e+09	2.5118864315e+09	1.5747949812e+02	9.4715673531e-01	1.0000424495e+00	
41	2.5703957828e+09	2.5703957828e+09	1.5286982702e+02	9.4707619130e-01	1.0000466122e+00	
42	2.6302679919e+09	2.6302679919e+09	1.4836709870e+02	9.4699147294e-01	1.0000511868e+00	
43	2.6915348039e+09	2.6915348039e+09	1.4396967426e+02	9.4690234507e-01	1.0000562145e+00	
44	2.7542287033e+09	2.7542287033e+09	1.3967595777e+02	9.4680855749e-01	1.0000617407e+00	
45	2.8183829313e+09	2.8183829313e+09	1.3548439292e+02	9.4670984380e-01	1.0000678158e+00	
46	2.8840315031e+09	2.8840315031e+09	1.3139345943e+02	9.4660592015e-01	1.0000744950e+00	
47	2.9512092267e+09	2.9512092267e+09	1.2740166968e+02	9.4649648390e-01	1.0000818393e+00	
48	3.0199517204e+09	3.0199517204e+09	1.2350756524e+02	9.4638121218e-01	1.0000899162e+00	
49	3.0902954325e+09	3.0902954325e+09	1.1970971352e+02	9.4625976022e-01	1.0000987998e+00	
50	3.1622776602e+09	3.1622776602e+09	1.1600670449e+02	9.4613175964e-01	1.0001085724e+00	
51	3.2359365693e+09	3.2359365693e+09	1.1239714745e+02	9.4599681651e-01	1.0001193245e+00	
52	3.3113112148e+09	3.3113112148e+09	1.0887966795e+02	9.4585450925e-01	1.0001311563e+00	
53	3.3884415614e+09	3.3884415614e+09	1.0545290482e+02	9.4570438629e-01	1.0001441784e+00	
54	3.4673685045e+09	3.4673685045e+09	1.0211550736e+02	9.4554596355e-01	1.0001585134e+00	
55	3.5481338923e+09	3.5481338923e+09	9.8866132699e+01	9.4537872165e-01	1.0001742964e+00	
56	3.6307805477e+09	3.6307805477e+09	9.5703443285e+01	9.4520210279e-01	1.0001916775e+00	
57	3.7153522910e+09	3.7153522910e+09	9.2626104627e+01	9.4501550744e-01	1.0002108222e+00	
58	3.8018939632e+09	3.8018939632e+09	8.9632783223e+01	9.4481829052e-01	1.0002319145e+00	
59	3.8904514499e+09	3.8904514499e+09	8.6722144687e+01	9.4460975728e-01	1.0002551577e+00	
60	3.9810717055e+09	3.9810717055e+09	8.3892852116e+01	9.4438915878e-01	1.0002807776e+00	
61	4.0738027780e+09	4.0738027780e+09	8.1143564686e+01	9.4415568677e-01	1.0003090245e+00	
62	4.1686938347e+09	4.1686938347e+09	7.8472936476e+01	9.4390846808e-01	1.0003401762e+00	
63	4.2657951880e+09	4.2657951880e+09	7.5879615530e+01	9.4364655842e-01	1.0003745412e+00	
64	4.3651583224e+09	4.3651583224e+09	7.3362243159e+01	9.4336893541e-01	1.0004124625e+00	
65	4.4668359215e+09	4.4668359215e+09	7.0919453458e+01	9.4307449089e-01	1.0004543213e+00	
66	4.5708818961e+09	4.5708818961e+09	6.8549873070e+01	9.4276202226e-01	1.0005005419e+00	
67	4.6773514129e+09	4.6773514129e+09	6.6252121151e+01	9.4243022296e-01	1.0005515968e+00	
68	4.7863009232e+09	4.7863009232e+09	6.4024809555e+01	9.4207767163e-01	1.0006080123e+00	
69	4.8977881937e+09	4.8977881937e+09	6.1866543211e+01	9.4170282017e-01	1.0006703758e+00	
70	5.0118723363e+09	5.0118723363e+09	5.9775920684e+01	9.4130398018e-01	1.0007393426e+00	
71	5.1286138399e+09	5.1286138399e+09	5.7751534915e+01	9.4087930785e-01	1.0008156452e+00	
72	5.2480746025e+09	5.2480746025e+09	5.5791974108e+01	9.4042678688e-01	1.0009001024e+00	
73	5.3703179637e+09	5.3703179637e+09	5.3895822762e+01	9.3994420933e-01	1.0009936309e+00	
74	5.4954087386e+09	5.4954087386e+09	5.2061662821e+01	9.3942915388e-01	1.0010972580e+00	
75	5.6234132519e+09	5.6234132519e+09	5.0288074939e+01	9.3887896139e-01	1.0012121360e+00	
76	5.7543993734e+09	5.7543993734e+09	4.8573639819e+01	9.3829070706e-01	1.0013395590e+00	
77	5.8884365536e+09	5.8884365536e+09	4.6916939639e+01	9.3766116904e-01	1.0014809822e+00	
78	6.0255958607e+09	6.0255958607e+09	4.5316559521e+01	9.3698679255e-01	1.0016380440e+00	
79	6.1659500186e+09	6.1659500186e+09	4.3771089041e+01	9.3626364916e-01	1.0018125915e+00	
80	6.3095734448e+09	6.3095734448e+09	4.2279123761e+01	9.3548739029e-01	1.0020067102e+00	
81	6.4565422903e+09	6.4565422903e+09	4.0839266769e+01	9.3465319398e-01	1.0022227581e+00	
82	6.6069344801e+09	6.6069344801e+09	3.9450130209e+01	9.3375570404e-01	1.0024634058e+00	
83	6.7608297539e+09	6.7608297539e+09	3.8110336790e+01	9.3278896007e-01	1.0027316827e+00	
84	6.9183097092e+09	6.9183097092e+09	3.6818521265e+01	9.3174631703e-01	1.0030310316e+00	
85	7.0794578438e+09	7.0794578438e+09	3.5573331861e+01	9.3062035252e-01	1.0033653721e+00	
86	7.2443596007e+09	7.2443596007e+09	3.4373431662e+01	9.2940275956e-01	1.0037391758e+00	
87	7.4131024130e+09	7.4131024130e+09	3.3217499925e+01	9.2808422257e-01	1.0041575541e+00	
88	7.5857757503e+09	7.5857757503e+09	3.2104233328e+01	9.2665427334e-01	1.0046263631e+00	
89	7.7624711663e+09	7.7624711663e+09	3.1032347145e+01	9.2510112348e-01	1.0051523273e+00	
90	7.9432823472e+09	7.9432823472e+09	3.0000576337e+01	9.2341146912e-01	1.0057431876e+00	
91	8.1283051616e+09	8.1283051616e+09	2.9007676560e+01	9.2157026261e-01	1.0064078776e+00	
92	8.3176377110e+09	8.3176377110e+09	2.8052425093e+01	9.1956044518e-01	1.0071567357e+00	
93	8.5113803820e+09	8.5113803820e+09	2.7133621665e+01	9.1736263298e-01	1.0080017607e+00	
94	8.7096358996e+09	8.7096358996e+09	2.6250089209e+01	9.1495474767e-01	1.0089569210e+00	
95	8.9125093813e+09	8.9125093813e+09	2.5400674511e+01	9.1231158087e-01	1.0100385304e+00	
96	9.1201083936e+09	9.1201083936e+09	2.4584248784e+01	9.0940427930e-01	1.0112657074e+00	
97	9.3325430080e+09	9.3325430080e+09	2.3799708152e+01	9.0619973530e-01	1.0126609380e+00	
98	9.5499258602e+09	9.5499258602e+09	2.3045974046e+01	9.0265986383e-01	1.0142507713e+00	
99	9.7723722096e+09	9.7723722096e+09	2.2321993525e+01	8.9874074370e-01	1.0160666806e+00	
100	1.0000000000e+10	1.0000000000e+10	2.1626739516e+01	8.9439159615e-01	1.0181461380e+00	
101	1.0232929923e+10	1.0232929923e+10	2.0959210979e+01	8.8955356947e-01	1.0205339622e+00	
102	1.0471285481e+10	1.0471285481e+10	2.0318433005e+01	8.8415829237e-01	1.0232840201e+00	
103	1.0715193052e+10	1.0715193052e+10	1.9703456842e+01	8.7812615379e-01	1.0264613877e+00	
104	1.0964781961e+10	1.0964781961e+10	1.9113359866e+01	8.7136426094e-01	1.0301451160e+00	
105	1.1220184543e+10	1.1220184543e+10	1.8547245488e+01	8.6376402381e-01	1.0344317945e+00	
106	1.1481536215e+10	1.1481536215e+10	1.8004243009e+01	8.5519831319e-01	1.0394401798e+00	
107	1.1748975549e+10	1.1748975549e+10	1.7483507430e+01	8.4551814483e-01	1.0453172566e+00	
108	1.2022644346e+10	1.2022644346e+10	1.6984219209e+01	8.3454885914e-01	1.0522462436e+00	
109	1.2302687708e+10	1.2302687708e+10	1.6505583985e+01	8.2208580234e-01	1.0604572690e+00	
110	1.2589254118e+10	1.2589254118e+10	1.6046832263e+01	8.0788958484e-01	1.0702417465e+00	
111	1.2882495517e+10	1.2882495517e+10	1.5607219062e+01	7.9168111535e-01	1.0819719456e+00	
112	1.3182567386e+10	1.3182567386e+10	1.5186023541e+01	7.7313681651e-01	1.0961279466e+00	
113	1.3489628826e+10	1.3489628826e+10	1.4782548597e+01	7.5188476211e-01	1.1133352433e+00	
114	1.3803842646e+10	1.3803842646e+10	1.4396120438e+01	7.2750299766e-01	1.1344179537e+00	
115	1.4125375446e+10	1.4125375446e+10	1.4026088141e+01	6.9952208701e-01	1.1604753308e+00	
116	1.4454397707e+10	1.4454397707e+10	1.3671823193e+01	6.6743504452e-01	1.1929938228e+00	
117	1.4791083882e+10	1.4791083882e+10	1.3332719024e+01	6.3071931232e-01	1.2340147759e+00	
118	1.5135612484e+10	1.5135612484e+10	1.3008190517e+01	5.8887728441e-01	1.2863919739e+00	
119	1.5488166189e+10	1.5488166189e+10	1.2697673529e+01	5.4150382714e-01	1.3541997818e+00	
120	1.5848931925e+10	1.5848931925e+10	1.2400624386e+01	4.8839072311e-01	1.4434056231e+00	
121	1.6218100974e+10	1.6218100974e+10	1.2116519393e+01	4.2967788152e-01	1.5630330187e+00	
122	1.6595869074e+10	1.6595869074e+10	1.1844854330e+01	3.6605772176e-01	1.7272987025e+00	
123	1.6982436525e+10	1.6982436525e+10	1.1585143956e+01	2.9902947712e-01	1.9598498333e+00	
124	1.7378008287e+10	1.7378008287e+10	1.1336921507e+01	2.3117953296e-01	2.3030167802e+00	
125	1.7782794100e+10	1.7782794100e+10	1.1099738203e+01	1.6642611712e-01	2.8407398824e+00	
126	1.8197008586e+10	1.8197008586e+10	1.0873162761e+01	1.1011679253e-01	3.7661778133e+00	
127	1.8620871367e+10	1.8620871367e+10	1.0656780903e+01	6.8831681373e-02	5.6390698376e+00	
128	1.9054607180e+10	1.9054607180e+10	1.0450194886e+01	4.9092796280e-02	1.0679497279e+01	
129	1.9498445998e+10	1.9498445998e+10	1.0253023027e+01	5.2187035291e-02	9.5088372140e+00	
130	1.9952623150e+10	1.9952623150e+10	1.0064899238e+01	7.4615326506e-02	5.4250164821e+00	
131	2.0417379447e+10	2.0417379447e+10	9.8854725790e+00	1.1373486627e-01	3.8511786636e+00	
132	2.0892961309e+10	2.0892961309e+10	9.7144068073e+00	1.6460917033e-01	3.0467077703e+00	
133	2.1379620895e+10	2.1379620895e+10	9.5513799478e+00	2.2126579489e-01	2.5664063847e+00	
134	2.1877616239e+10	2.1877616239e+10	9.3960838679e+00	2.7887006071e-01	2.2514432039e+00	
135	2.2387211386e+10	2.2387211386e+10	9.2482238651e+00	3.3428074122e-01	2.0315240998e+00	
136	2.2908676528e+10	2.2908676528e+10	9.1075182664e+00	3.8579338374e-01	1.8708800202e+00	
137	2.3442288153e+10	2.3442288153e+10	8.9736980383e+00	4.3269086821e-01	1.7494532554e+00	
138	2.3988329190e+10	2.3988329190e+10	8.8465064094e+00	4.7485359669e-01	1.6551643358e+00	
139	2.4547089157e+10	2.4547089157e+10	8.7256985047e+00	5.1248740370e-01	1.5803303049e+00	
140	2.5118864315e+10	2.5118864315e+10	8.6110409921e+00	5.4595360603e-01	1.5198491150e+00	
141	2.5703957828e+10	2.5703957828e+10	8.5023117416e+00	5.7567024464e-01	1.4702119919e+00	
142	2.6302679919e+10	2.6302679919e+10	8.3992994966e+00	6.0205817355e-01	1.4289348825e+00	
143	2.6915348039e+10	2.6915348039e+10	8.3018035576e+00	6.2551382554e-01	1.3942156033e+00	
144	2.7542287033e+10	2.7542287033e+10	8.2096334793e+00	6.4639722212e-01	1.3647189318e+00	
145	2.8183829313e+10	2.8183829313e+10	8.1226087795e+00	6.6502837096e-01	1.3394374062e+00	
146	2.8840315031e+10	2.8840315031e+10	8.0405586608e+00	6.8168805619e-01	1.3175985914e+00	
147	2.9512092267e+10	2.9512092267e+10	7.9633217453e+00	6.9662074653e-01	1.2986017745e+00	
148	3.0199517204e+10	3.0199517204e+10	7.8907458217e+00	7.1003835555e-01	1.2819738150e+00	
149	3.0902954325e+10	3.0902954325e+10	7.8226876051e+00	7.2212417291e-01	1.2673377638e+00	
150	3.1622776602e+10	3.1622776602e+10	7.7590125092e+00	7.3303661967e-01	1.2543901787e+00	
151	3.2359365693e+10	3.2359365693e+10	7.6995944315e+00	7.4291266813e-01	1.2428844749e+00	
152	3.3113112148e+10	3.3113112148e+10	7.6443155507e+00	7.5187087078e-01	1.2326185346e+00	
153	3.3884415614e+10	3.3884415614e+10	7.5930661368e+00	7.6001399709e-01	1.2234253710e+00	
154	3.4673685045e+10	3.4673685045e+10	7.5457443735e+00	7.6743130423e-01	1.2151660124e+00	
155	3.5481338923e+10	3.5481338923e+10	7.5022561935e+00	7.7420047929e-01	1.2077240202e+00	
156	3.6307805477e+10	3.6307805477e+10	7.4625151255e+00	7.8038929376e-01	1.2010012257e+00	
157	3.7153522910e+10	3.7153522910e+10	7.4264421543e+00	7.8605700974e-01	1.1949143836e+00	
158	3.8018939632e+10	3.8018939632e+10	7.3939655930e+00	7.9125557390e-01	1.1893925236e+00	
159	3.8904514499e+10	3.8904514499e+10	7.3650209676e+00	7.9603063134e-01	1.1843748377e+00	
160	3.9810717055e+10	3.9810717055e+10	7.3395509141e+00	8.0042238698e-01	1.1798089826e+00	
161	4.0738027780e+10	4.0738027780e+10	7.3175050877e+00	8.0446633831e-01	1.1756497068e+00	
162	4.1686938347e+10	4.1686938347e+10	7.2988400850e+00	8.0819389965e-01	1.1718577319e+00	
163	4.2657951880e+10	4.2657951880e+10	7.2835193781e+00	8.1163293487e-01	1.1683988367e+00	
164	4.3651583224e+10	4.3651583224e+10	7.2715132614e+00	8.1480821295e-01	1.1652431027e+00	
165	4.4668359215e+10	4.4668359215e+10	7.2627988114e+00	8.1774179836e-01	1.1623642885e+00	
166	4.5708818961e+10	4.5708818961e+10	7.2573598583e+00	8.2045338633e-01	1.1597393094e+00	
167	4.6773514129e+10	4.6773514129e+10	7.2551869715e+00	8.2296059136e-01	1.1573478018e+00	
168	4.7863009232e+10	4.7863009232e+10	7.2562774569e+00	8.2527919624e-01	1.1551717568e+00	
169	4.8977881937e+10	4.8977881937e+10	7.2606353680e+00	8.2742336726e-01	1.1531952114e+00	
170	5.0118723363e+10	5.0118723363e+10	7.2682715301e+00	8.2940584085e-01	1.1514039859e+00	
171	5.1286138399e+10	5.1286138399e+10	7.2792035776e+00	8.3123808568e-01	1.1497854605e+00	
172	5.2480746025e+10	5.2480746025e+10	7.2934560055e+00	8.3293044380e-01	1.1483283847e+00	
173	5.3703179637e+10	5.3703179637e+10	7.3110602338e+00	8.3449225393e-01	1.1470227132e+00	
174	5.4954087386e+10	5.4954087386e+10	7.3320546875e+00	8.3593195922e-01	1.1458594646e+00	
175	5.6234132519e+10	5.6234132519e+10	7.3564848898e+00	8.3725720183e-01	1.1448305994e+00	
176	5.7543993734e+10	5.7543993734e+10	7.3844035707e+00	8.3847490606e-01	1.1439289141e+00	
177	5.8884365536e+10	5.8884365536e+10	7.4158707910e+00	8.3959135159e-01	1.1431479485e+00	
178	6.0255958607e+10	6.0255958607e+10	7.4509540816e+00	8.4061223816e-01	1.1424819049e+00	
179	6.1659500186e+10	6.1659500186e+10	7.4897285990e+00	8.4154274290e-01	1.1419255778e+00	
180	6.3095734448e+10	6.3095734448e+10	7.5322772976e+00	8.4238757117e-01	1.1414742903e+00	
181	6.4565422903e+10	6.4565422903e+10	7.5786911192e+00	8.4315100182e-01	1.1411238400e+00	
182	6.6069344801e+10	6.6069344801e+10	7.6290692001e+00	8.4383692764e-01	1.1408704487e+00	
183	6.7608297539e+10	6.7608297539e+10	7.6835190975e+00	8.4444889150e-01	1.1407107197e+00	
184	6.9183097092e+10	6.9183097092e+10	7.7421570339e+00	8.4499011879e-01	1.1406415974e+00	
185	7.0794578438e+10	7.0794578438e+10	7.8051081630e+00	8.4546354673e-01	1.1406603329e+00	
186	7.2443596007e+10	7.2443596007e+10	7.8725068562e+00	8.4587185072e-01	1.1407644515e+00	
187	7.4131024130e+10	7.4131024130e+10	7.9444970105e+00	8.4621746835e-01	1.1409517237e+00	
188	7.5857757503e+10	7.5857757503e+10	8.0212323807e+00	8.4650262118e-01	1.1412201388e+00	
189	7.7624711663e+10	7.7624711663e+10	8.1028769350e+00	8.4672933470e-01	1.1415678803e+00	
190	7.9432823472e+10	7.9432823472e+10	8.1896052368e+00	8.4689945658e-01	1.1419933037e+00	
191	8.1283051616e+10	8.1283051616e+10	8.2816028535e+00	8.4701467357e-01	1.1424949156e+00	
192	8.3176377110e+10	8.3176377110e+10	8.3790667937e+00	8.4707652708e-01	1.1430713538e+00	
193	8.5113803820e+10	8.5113803820e+10	8.4822059754e+00	8.4708642773e-01	1.1437213695e+00	
194	8.7096358996e+10	8.7096358996e+10	8.5912417258e+00	8.4704566895e-01	1.1444438100e+00	
195	8.9125093813e+10	8.9125093813e+10	8.7064083160e+00	8.4695543969e-01	1.1452376023e+00	
196	9.1201083936e+10	9.1201083936e+10	8.8279535322e+00	8.4681683653e-01	1.1461017379e+00	
197	9.3325430080e+10	9.3325430080e+10	8.9561392864e+00	8.4663087506e-01	1.1470352576e+00	
198	9.5499258602e+10	9.5499258602e+10	9.0912422681e+00	8.4639850079e-01	1.1480372379e+00	
199	9.7723722096e+10	9.7723722096e+10	9.2335546426e+00	8.4612059958e-01	1.1491067769e+00	
200	1.0000000000e+11	1.0000000000e+11	9.3833847963e+00	8.4579800758e-01	1.1502429819e+00	
SWEEP_END
m_s11_db_lo = -7.340418560e+00
m_s11_db_mid = -1.934038549e+01
m_s11_db_hi = -4.534441740e+00
m_s21_db_lo = 1.9120221833e+01
m_s21_db_mid = 1.9993313445e+01
m_s21_db_hi = 1.7248730622e+01
m_s22_db_lo = -9.243090147e+00
m_s22_db_mid = -2.591370660e+01
m_s22_db_hi = -9.767408165e+00
m_s12_db_lo = -4.883486928e+01
m_s12_db_mid = -4.635007833e+01
m_s12_db_hi = -4.761719044e+01
m_k_lo = 1.1146938124e+01
m_k_mid = 1.0273883010e+01
m_k_hi = 9.6102018910e+00
m_nf_db_lo = 4.0736208253e+00
m_nf_db_mid = 4.3582642183e+00
m_nf_db_hi = 4.8226732076e+00
m_q1_vce = 1.3340916220e+00
m_q1_vbe = 7.1531024076e-01
m_q1_ic = 1.5991025453e-03
m_q1_icfrac = 6.6629272721e-02
m_q1_dtj = 3.7308310214e+00
m_q1_ft = 1.4052855543e+02
m_q2_vce = 1.1611017129e+00
m_q2_vbe = 7.1572579539e-01
m_q2_ic = 1.5957035136e-03
m_q2_icfrac = 6.6487646399e-02
m_q2_dtj = 3.2410238622e+00
m_q2_ft = 1.4198478157e+02
m_qr_vce = 7.2110907359e-01
m_qr_vbe = 7.2110907359e-01
m_qr_ic = 2.1811616089e-04
m_qr_icfrac = 7.2705386962e-02
m_qr_dtj = 1.7893319197e+00
m_qr_ft = 1.3182706621e+02
m_idd_ma = 2.1143269157e+00
m_pdc_mw = 5.2858172892e+00
m_d_lo = 1.7906120761e-01
m_mu_lo = 2.7093143592e+00
m_msg_db_lo = 6.7955091117e+01
m_d_mid = 5.0872657900e-02
m_mu_mid = 1.0302001893e+01
m_msg_db_mid = 6.6343391778e+01
m_d_hi = 2.0017683500e-01
m_mu_hi = 2.7176527557e+00
m_msg_db_hi = 6.4865921063e+01
m_sw_n = 2.0100000000e+02
m_sw_kmin = 7.2551869715e+00
m_sw_fkmin_ghz = 4.6773514129e+01
m_sw_kmin_hi = 7.2551869715e+00
m_sw_kmin_lo = 1.1336921507e+01
m_sw_dmax = 9.4853747890e-01
m_sw_mumin = 1.0000010400e+00
m_sw_nunst = 0.0000000000e+00
Doing analysis at TEMP = 125.000000 and TNOM = 27.000000

Using SPARSE 1.3 as Direct Linear Solver
Note: Starting dynamic gmin stepping
Note: Dynamic gmin stepping completed

Initial Transient Solution
--------------------------

Node                                   Voltage
----                                   -------
vdd                                        2.5
xdut.nr                               0.726355
xdut.er                             0.00524607
xdut.xqr.s1                        4.00306e-08
xdut.xqr.t                             1.78933
xdut.b1                               0.720117
xdut.oc                                    2.5
xdut.b2                                2.05462
xdut.c1                                 1.3389
xdut.xq2.s1                        5.49426e-07
xdut.xq2.t                             3.24102
xdut.e1                             0.00480667
xdut.xq1.s1                        5.71993e-07
xdut.xq1.t                             3.73083
p1                                           0
xdut.in2                                     0
p2                                           0
s1n                                          0
s2n                                          0
l.xdut.lin#branch                            0
l.xdut.lfeed#branch                  0.0015957
vs2#branch                                   0
vs1#branch                                   0
vdd#branch                         -0.00211433


No. of Data Rows : 59

  Measurements for Transient Analysis

lna_rail_v          =  2.50000e+00

ngspice-46 done
