
Note: No compatibility mode selected!


Circuit: * klt sim -- generated corner deck, do not edit

Doing analysis at TEMP = -40.000000 and TNOM = 27.000000

Using SPARSE 1.3 as Direct Linear Solver

No. of Data Rows : 1

  Measurements for Transient Analysis


Doing analysis at TEMP = -40.000000 and TNOM = 27.000000

Using SPARSE 1.3 as Direct Linear Solver

No. of Data Rows : 3

  Measurements for Transient Analysis


Reset re-loads circuit * klt sim -- generated corner deck, do not edit

Circuit: * klt sim -- generated corner deck, do not edit

Doing analysis at TEMP = -40.000000 and TNOM = 27.000000

Using SPARSE 1.3 as Direct Linear Solver

No. of Data Rows : 3

  Measurements for Transient Analysis


Reset re-loads circuit * klt sim -- generated corner deck, do not edit

Circuit: * klt sim -- generated corner deck, do not edit

Doing analysis at TEMP = -40.000000 and TNOM = 27.000000

Using SPARSE 1.3 as Direct Linear Solver

No. of Data Rows : 3

No. of Data Rows : 1

  Measurements for Transient Analysis


Doing analysis at TEMP = -40.000000 and TNOM = 27.000000

Using SPARSE 1.3 as Direct Linear Solver

No. of Data Rows : 201

  Measurements for Transient Analysis


Reset re-loads circuit * klt sim -- generated corner deck, do not edit

Circuit: * klt sim -- generated corner deck, do not edit

Doing analysis at TEMP = -40.000000 and TNOM = 27.000000

Using SPARSE 1.3 as Direct Linear Solver

No. of Data Rows : 201

  Measurements for Transient Analysis


Reset re-loads circuit * klt sim -- generated corner deck, do not edit

Circuit: * klt sim -- generated corner deck, do not edit

SWEEP_BEGIN
                                                                            * klt sim -- generated corner deck, do not edit
                                                                            AC Analysis  Sat Oct 10 01:29:02  2026
--------------------------------------------------------------------------------------------------------------------------------------------------------------------------------------------------------
Index   frequency       wf              wk              wd              wmu             
--------------------------------------------------------------------------------------------------------------------------------------------------------------------------------------------------------
0	1.0000000000e+09	1.0000000000e+09	3.2406081788e+02	9.5228289339e-01	1.0000010389e+00	
1	1.0232929923e+09	1.0232929923e+09	3.1648018578e+02	9.5227724737e-01	1.0000011393e+00	
2	1.0471285481e+09	1.0471285481e+09	3.0906762187e+02	9.5227132891e-01	1.0000012494e+00	
3	1.0715193052e+09	1.0715193052e+09	3.0181924309e+02	9.5226512436e-01	1.0000013702e+00	
4	1.0964781961e+09	1.0964781961e+09	2.9473125716e+02	9.5225861936e-01	1.0000015027e+00	
5	1.1220184543e+09	1.1220184543e+09	2.8779995666e+02	9.5225179882e-01	1.0000016480e+00	
6	1.1481536215e+09	1.1481536215e+09	2.8102171891e+02	9.5224464684e-01	1.0000018074e+00	
7	1.1748975549e+09	1.1748975549e+09	2.7439300474e+02	9.5223714667e-01	1.0000019823e+00	
8	1.2022644346e+09	1.2022644346e+09	2.6791035522e+02	9.5222928069e-01	1.0000021741e+00	
9	1.2302687708e+09	1.2302687708e+09	2.6157039154e+02	9.5222103030e-01	1.0000023845e+00	
10	1.2589254118e+09	1.2589254118e+09	2.5536981274e+02	9.5221237593e-01	1.0000026152e+00	
11	1.2882495517e+09	1.2882495517e+09	2.4930539465e+02	9.5220329695e-01	1.0000028684e+00	
12	1.3182567386e+09	1.3182567386e+09	2.4337398719e+02	9.5219377159e-01	1.0000031461e+00	
13	1.3489628826e+09	1.3489628826e+09	2.3757251460e+02	9.5218377689e-01	1.0000034507e+00	
14	1.3803842646e+09	1.3803842646e+09	2.3189797276e+02	9.5217328863e-01	1.0000037850e+00	
15	1.4125375446e+09	1.4125375446e+09	2.2634742843e+02	9.5216228126e-01	1.0000041516e+00	
16	1.4454397707e+09	1.4454397707e+09	2.2091801782e+02	9.5215072778e-01	1.0000045539e+00	
17	1.4791083882e+09	1.4791083882e+09	2.1560694475e+02	9.5213859969e-01	1.0000049952e+00	
18	1.5135612484e+09	1.5135612484e+09	2.1041148048e+02	9.5212586688e-01	1.0000054795e+00	
19	1.5488166189e+09	1.5488166189e+09	2.0532896169e+02	9.5211249751e-01	1.0000060108e+00	
20	1.5848931925e+09	1.5848931925e+09	2.0035678926e+02	9.5209845794e-01	1.0000065938e+00	
21	1.6218100974e+09	1.6218100974e+09	1.9549242775e+02	9.5208371256e-01	1.0000072335e+00	
22	1.6595869074e+09	1.6595869074e+09	1.9073340375e+02	9.5206822371e-01	1.0000079355e+00	
23	1.6982436525e+09	1.6982436525e+09	1.8607730505e+02	9.5205195152e-01	1.0000087058e+00	
24	1.7378008287e+09	1.7378008287e+09	1.8152177962e+02	9.5203485375e-01	1.0000095512e+00	
25	1.7782794100e+09	1.7782794100e+09	1.7706453453e+02	9.5201688568e-01	1.0000104789e+00	
26	1.8197008586e+09	1.8197008586e+09	1.7270333503e+02	9.5199799986e-01	1.0000114972e+00	
27	1.8620871367e+09	1.8620871367e+09	1.6843600347e+02	9.5197814602e-01	1.0000126148e+00	
28	1.9054607180e+09	1.9054607180e+09	1.6426041863e+02	9.5195727078e-01	1.0000138415e+00	
29	1.9498445998e+09	1.9498445998e+09	1.6017451456e+02	9.5193531750e-01	1.0000151881e+00	
30	1.9952623150e+09	1.9952623150e+09	1.5617627998e+02	9.5191222603e-01	1.0000166663e+00	
31	2.0417379447e+09	2.0417379447e+09	1.5226375716e+02	9.5188793242e-01	1.0000182890e+00	
32	2.0892961309e+09	2.0892961309e+09	1.4843504131e+02	9.5186236871e-01	1.0000200706e+00	
33	2.1379620895e+09	2.1379620895e+09	1.4468827958e+02	9.5183546261e-01	1.0000220268e+00	
34	2.1877616239e+09	2.1877616239e+09	1.4102167036e+02	9.5180713714e-01	1.0000241746e+00	
35	2.2387211386e+09	2.2387211386e+09	1.3743346247e+02	9.5177731034e-01	1.0000265332e+00	
36	2.2908676528e+09	2.2908676528e+09	1.3392195431e+02	9.5174589488e-01	1.0000291233e+00	
37	2.3442288153e+09	2.3442288153e+09	1.3048549316e+02	9.5171279763e-01	1.0000319679e+00	
38	2.3988329190e+09	2.3988329190e+09	1.2712247427e+02	9.5167791921e-01	1.0000350923e+00	
39	2.4547089157e+09	2.4547089157e+09	1.2383134018e+02	9.5164115354e-01	1.0000385244e+00	
40	2.5118864315e+09	2.5118864315e+09	1.2061057987e+02	9.5160238728e-01	1.0000422946e+00	
41	2.5703957828e+09	2.5703957828e+09	1.1745872793e+02	9.5156149928e-01	1.0000464367e+00	
42	2.6302679919e+09	2.6302679919e+09	1.1437436376e+02	9.5151835992e-01	1.0000509879e+00	
43	2.6915348039e+09	2.6915348039e+09	1.1135611073e+02	9.5147283045e-01	1.0000559891e+00	
44	2.7542287033e+09	2.7542287033e+09	1.0840263530e+02	9.5142476221e-01	1.0000614853e+00	
45	2.8183829313e+09	2.8183829313e+09	1.0551264615e+02	9.5137399587e-01	1.0000675262e+00	
46	2.8840315031e+09	2.8840315031e+09	1.0268489324e+02	9.5132036045e-01	1.0000741666e+00	
47	2.9512092267e+09	2.9512092267e+09	9.9918166904e+01	9.5126367239e-01	1.0000814669e+00	
48	3.0199517204e+09	3.0199517204e+09	9.7211296834e+01	9.5120373447e-01	1.0000894937e+00	
49	3.0902954325e+09	3.0902954325e+09	9.4563151095e+01	9.5114033460e-01	1.0000983205e+00	
50	3.1622776602e+09	3.1622776602e+09	9.1972635052e+01	9.5107324453e-01	1.0001080285e+00	
51	3.2359365693e+09	3.2359365693e+09	8.9438690306e+01	9.5100221843e-01	1.0001187071e+00	
52	3.3113112148e+09	3.3113112148e+09	8.6960293543e+01	9.5092699130e-01	1.0001304553e+00	
53	3.3884415614e+09	3.3884415614e+09	8.4536455365e+01	9.5084727724e-01	1.0001433825e+00	
54	3.4673685045e+09	3.4673685045e+09	8.2166219086e+01	9.5076276754e-01	1.0001576092e+00	
55	3.5481338923e+09	3.5481338923e+09	7.9848659465e+01	9.5067312858e-01	1.0001732691e+00	
56	3.6307805477e+09	3.6307805477e+09	7.7582881417e+01	9.5057799947e-01	1.0001905097e+00	
57	3.7153522910e+09	3.7153522910e+09	7.5368018674e+01	9.5047698948e-01	1.0002094946e+00	
58	3.8018939632e+09	3.8018939632e+09	7.3203232411e+01	9.5036967522e-01	1.0002304044e+00	
59	3.8904514499e+09	3.8904514499e+09	7.1087709841e+01	9.5025559741e-01	1.0002534396e+00	
60	3.9810717055e+09	3.9810717055e+09	6.9020662777e+01	9.5013425744e-01	1.0002788221e+00	
61	4.0738027780e+09	4.0738027780e+09	6.7001326165e+01	9.5000511341e-01	1.0003067977e+00	
62	4.1686938347e+09	4.1686938347e+09	6.5028956601e+01	9.4986757583e-01	1.0003376395e+00	
63	4.2657951880e+09	4.2657951880e+09	6.3102830828e+01	9.4972100280e-01	1.0003716502e+00	
64	4.3651583224e+09	4.3651583224e+09	6.1222244224e+01	9.4956469461e-01	1.0004091661e+00	
65	4.4668359215e+09	4.4668359215e+09	5.9386509290e+01	9.4939788773e-01	1.0004505608e+00	
66	4.5708818961e+09	4.5708818961e+09	5.7594954137e+01	9.4921974814e-01	1.0004962496e+00	
67	4.6773514129e+09	4.6773514129e+09	5.5846920988e+01	9.4902936379e-01	1.0005466947e+00	
68	4.7863009232e+09	4.7863009232e+09	5.4141764701e+01	9.4882573623e-01	1.0006024107e+00	
69	4.8977881937e+09	4.8977881937e+09	5.2478851315e+01	9.4860777115e-01	1.0006639707e+00	
70	5.0118723363e+09	5.0118723363e+09	5.0857556635e+01	9.4837426782e-01	1.0007320142e+00	
71	5.1286138399e+09	5.1286138399e+09	4.9277264864e+01	9.4812390714e-01	1.0008072545e+00	
72	5.2480746025e+09	5.2480746025e+09	4.7737367278e+01	9.4785523825e-01	1.0008904885e+00	
73	5.3703179637e+09	5.3703179637e+09	4.6237260968e+01	9.4756666337e-01	1.0009826073e+00	
74	5.4954087386e+09	5.4954087386e+09	4.4776347649e+01	9.4725642067e-01	1.0010846079e+00	
75	5.6234132519e+09	5.6234132519e+09	4.3354032535e+01	9.4692256490e-01	1.0011976075e+00	
76	5.7543993734e+09	5.7543993734e+09	4.1969723303e+01	9.4656294541e-01	1.0013228586e+00	
77	5.8884365536e+09	5.8884365536e+09	4.0622829139e+01	9.4617518118e-01	1.0014617680e+00	
78	6.0255958607e+09	6.0255958607e+09	3.9312759868e+01	9.4575663242e-01	1.0016159165e+00	
79	6.1659500186e+09	6.1659500186e+09	3.8038925187e+01	9.4530436816e-01	1.0017870839e+00	
80	6.3095734448e+09	6.3095734448e+09	3.6800733991e+01	9.4481512928e-01	1.0019772756e+00	
81	6.4565422903e+09	6.4565422903e+09	3.5597593794e+01	9.4428528616e-01	1.0021887554e+00	
82	6.6069344801e+09	6.6069344801e+09	3.4428910255e+01	9.4371079012e-01	1.0024240817e+00	
83	6.7608297539e+09	6.7608297539e+09	3.3294086802e+01	9.4308711765e-01	1.0026861510e+00	
84	6.9183097092e+09	6.9183097092e+09	3.2192524353e+01	9.4240920615e-01	1.0029782478e+00	
85	7.0794578438e+09	7.0794578438e+09	3.1123621135e+01	9.4167137983e-01	1.0033041031e+00	
86	7.2443596007e+09	7.2443596007e+09	3.0086772596e+01	9.4086726395e-01	1.0036679629e+00	
87	7.4131024130e+09	7.4131024130e+09	2.9081371409e+01	9.3998968551e-01	1.0040746688e+00	
88	7.5857757503e+09	7.5857757503e+09	2.8106807564e+01	9.3903055780e-01	1.0045297529e+00	
89	7.7624711663e+09	7.7624711663e+09	2.7162468532e+01	9.3798074600e-01	1.0050395503e+00	
90	7.9432823472e+09	7.9432823472e+09	2.6247739513e+01	9.3682991040e-01	1.0056113320e+00	
91	8.1283051616e+09	8.1283051616e+09	2.5362003753e+01	9.3556632284e-01	1.0062534640e+00	
92	8.3176377110e+09	8.3176377110e+09	2.4504642916e+01	9.3417665167e-01	1.0069755967e+00	
93	8.5113803820e+09	8.5113803820e+09	2.3675037517e+01	9.3264570886e-01	1.0077888927e+00	
94	8.7096358996e+09	8.7096358996e+09	2.2872567406e+01	9.3095615213e-01	1.0087063014e+00	
95	8.9125093813e+09	8.9125093813e+09	2.2096612288e+01	9.2908813326e-01	1.0097428906e+00	
96	9.1201083936e+09	9.1201083936e+09	2.1346552280e+01	9.2701888189e-01	1.0109162503e+00	
97	9.3325430080e+09	9.3325430080e+09	2.0621768494e+01	9.2472221199e-01	1.0122469854e+00	
98	9.5499258602e+09	9.5499258602e+09	1.9921643646e+01	9.2216793538e-01	1.0137593207e+00	
99	9.7723722096e+09	9.7723722096e+09	1.9245562669e+01	9.1932116374e-01	1.0154818466e+00	
100	1.0000000000e+10	1.0000000000e+10	1.8592913344e+01	9.1614147657e-01	1.0174484450e+00	
101	1.0232929923e+10	1.0232929923e+10	1.7963086927e+01	9.1258192817e-01	1.0196994430e+00	
102	1.0471285481e+10	1.0471285481e+10	1.7355478771e+01	9.0858786194e-01	1.0222830611e+00	
103	1.0715193052e+10	1.0715193052e+10	1.6769488945e+01	9.0409549448e-01	1.0252572420e+00	
104	1.0964781961e+10	1.0964781961e+10	1.6204522832e+01	8.9903022634e-01	1.0286919744e+00	
105	1.1220184543e+10	1.1220184543e+10	1.5659991719e+01	8.9330463070e-01	1.0326722676e+00	
106	1.1481536215e+10	1.1481536215e+10	1.5135313354e+01	8.8681606703e-01	1.0373019868e+00	
107	1.1748975549e+10	1.1748975549e+10	1.4629912489e+01	8.7944386593e-01	1.0427088361e+00	
108	1.2022644346e+10	1.2022644346e+10	1.4143221389e+01	8.7104603663e-01	1.0490508877e+00	
109	1.2302687708e+10	1.2302687708e+10	1.3674680315e+01	8.6145546561e-01	1.0565252097e+00	
110	1.2589254118e+10	1.2589254118e+10	1.3223737974e+01	8.5047561174e-01	1.0653793767e+00	
111	1.2882495517e+10	1.2882495517e+10	1.2789851939e+01	8.3787577301e-01	1.0759269769e+00	
112	1.3182567386e+10	1.3182567386e+10	1.2372489030e+01	8.2338612177e-01	1.0885687312e+00	
113	1.3489628826e+10	1.3489628826e+10	1.1971125666e+01	8.0669290785e-01	1.1038215890e+00	
114	1.3803842646e+10	1.3803842646e+10	1.1585248182e+01	7.8743454801e-01	1.1223593292e+00	
115	1.4125375446e+10	1.4125375446e+10	1.1214353108e+01	7.6519980368e-01	1.1450700190e+00	
116	1.4454397707e+10	1.4454397707e+10	1.0857947414e+01	7.3952993952e-01	1.1731386407e+00	
117	1.4791083882e+10	1.4791083882e+10	1.0515548728e+01	7.0992767794e-01	1.2081681025e+00	
118	1.5135612484e+10	1.5135612484e+10	1.0186685513e+01	6.7587687337e-01	1.2523603220e+00	
119	1.5488166189e+10	1.5488166189e+10	9.8708972129e+00	6.3687794129e-01	1.3087942712e+00	
120	1.5848931925e+10	1.5848931925e+10	9.5677343735e+00	5.9250477997e-01	1.3818664899e+00	
121	1.6218100974e+10	1.6218100974e+10	9.2767587272e+00	5.4248854153e-01	1.4780164054e+00	
122	1.6595869074e+10	1.6595869074e+10	8.9975432524e+00	4.8683136208e-01	1.6069785689e+00	
123	1.6982436525e+10	1.6982436525e+10	8.7296722055e+00	4.2594873208e-01	1.7840737506e+00	
124	1.7378008287e+10	1.7378008287e+10	8.4727411266e+00	3.6083376444e-01	2.0347059381e+00	
125	1.7782794100e+10	1.7782794100e+10	8.2263568217e+00	2.9323380418e-01	2.4039599486e+00	
126	1.8197008586e+10	1.8197008586e+10	7.9901373227e+00	2.2583442165e-01	2.9791202226e+00	
127	1.8620871367e+10	1.8620871367e+10	7.7637118260e+00	1.6245627541e-01	3.9466349329e+00	
128	1.9054607180e+10	1.9054607180e+10	7.5467206117e+00	1.0824865202e-01	5.6967125720e+00	
129	1.9498445998e+10	1.9498445998e+10	7.3388149452e+00	6.9552712779e-02	7.5478000677e+00	
130	1.9952623150e+10	1.9952623150e+10	7.1396569625e+00	5.1610198040e-02	5.6544089526e+00	
131	2.0417379447e+10	2.0417379447e+10	6.9489195407e+00	5.5183355964e-02	4.0295388608e+00	
132	2.0892961309e+10	2.0892961309e+10	6.7662861548e+00	8.2382881517e-02	3.1424269988e+00	
133	2.1379620895e+10	2.1379620895e+10	6.5914507229e+00	1.3163856849e-01	2.6135526931e+00	
134	2.1877616239e+10	2.1877616239e+10	6.4241174409e+00	1.9383572450e-01	2.2702653478e+00	
135	2.2387211386e+10	2.2387211386e+10	6.2640006072e+00	2.5958972827e-01	2.0330988268e+00	
136	2.2908676528e+10	2.2908676528e+10	6.1108244404e+00	3.2271479898e-01	1.8615023119e+00	
137	2.3442288153e+10	2.3442288153e+10	5.9643228890e+00	3.8024496235e-01	1.7328748096e+00	
138	2.3988329190e+10	2.3988329190e+10	5.8242394365e+00	4.3130884722e-01	1.6337164693e+00	
139	2.4547089157e+10	2.4547089157e+10	5.6903269005e+00	4.7609226568e-01	1.5555122472e+00	
140	2.5118864315e+10	2.5118864315e+10	5.5623472294e+00	5.1520491322e-01	1.4926519835e+00	
141	2.5703957828e+10	2.5703957828e+10	5.4400712957e+00	5.4936503394e-01	1.4413055844e+00	
142	2.6302679919e+10	2.6302679919e+10	5.3232786870e+00	5.7926370088e-01	1.3987797666e+00	
143	2.6915348039e+10	2.6915348039e+10	5.2117574971e+00	6.0551618984e-01	1.3631327225e+00	
144	2.7542287033e+10	2.7542287033e+10	5.1053041157e+00	6.2865168662e-01	1.3329341141e+00	
145	2.8183829313e+10	2.8183829313e+10	5.0037230193e+00	6.4911826813e-01	1.3071105460e+00	
146	2.8840315031e+10	2.8840315031e+10	4.9068265623e+00	6.6729292870e-01	1.2848432014e+00	
147	2.9512092267e+10	2.9512092267e+10	4.8144347708e+00	6.8349237258e-01	1.2654983302e+00	
148	3.0199517204e+10	3.0199517204e+10	4.7263751379e+00	6.9798294018e-01	1.2485790119e+00	
149	3.0902954325e+10	3.0902954325e+10	4.6424824218e+00	7.1098917302e-01	1.2336910299e+00	
150	3.1622776602e+10	3.1622776602e+10	4.5625984469e+00	7.2270098736e-01	1.2205183125e+00	
151	3.2359365693e+10	3.2359365693e+10	4.4865719093e+00	7.3327959736e-01	1.2088049830e+00	
152	3.3113112148e+10	3.3113112148e+10	4.4142581849e+00	7.4286237457e-01	1.1983420562e+00	
153	3.3884415614e+10	3.3884415614e+10	4.3455191432e+00	7.5156682676e-01	1.1889574519e+00	
154	3.4673685045e+10	3.4673685045e+10	4.2802229642e+00	7.5949385681e-01	1.1805084113e+00	
155	3.5481338923e+10	3.5481338923e+10	4.2182439615e+00	7.6673043677e-01	1.1728756762e+00	
156	3.6307805477e+10	3.6307805477e+10	4.1594624093e+00	7.7335180797e-01	1.1659589763e+00	
157	3.7153522910e+10	3.7153522910e+10	4.1037643758e+00	7.7942329665e-01	1.1596734990e+00	
158	3.8018939632e+10	3.8018939632e+10	4.0510415608e+00	7.8500181762e-01	1.1539471046e+00	
159	3.8904514499e+10	3.8904514499e+10	4.0011911400e+00	7.9013712370e-01	1.1487181114e+00	
160	3.9810717055e+10	3.9810717055e+10	3.9541156143e+00	7.9487284786e-01	1.1439335211e+00	
161	4.0738027780e+10	4.0738027780e+10	3.9097226655e+00	7.9924737540e-01	1.1395475875e+00	
162	4.1686938347e+10	4.1686938347e+10	3.8679250172e+00	8.0329457664e-01	1.1355206543e+00	
163	4.2657951880e+10	4.2657951880e+10	3.8286403026e+00	8.0704442440e-01	1.1318182059e+00	
164	4.3651583224e+10	4.3651583224e+10	3.7917909379e+00	8.1052351631e-01	1.1284100865e+00	
165	4.4668359215e+10	4.4668359215e+10	3.7573040016e+00	8.1375551804e-01	1.1252698562e+00	
166	4.5708818961e+10	4.5708818961e+10	3.7251111209e+00	8.1676154066e-01	1.1223742557e+00	
167	4.6773514129e+10	4.6773514129e+10	3.6951483631e+00	8.1956046287e-01	1.1197027594e+00	
168	4.7863009232e+10	4.7863009232e+10	3.6673561343e+00	8.2216920716e-01	1.1172372010e+00	
169	4.8977881937e+10	4.8977881937e+10	3.6416790837e+00	8.2460297701e-01	1.1149614584e+00	
170	5.0118723363e+10	5.0118723363e+10	3.6180660149e+00	8.2687546134e-01	1.1128611869e+00	
171	5.1286138399e+10	5.1286138399e+10	3.5964698022e+00	8.2899901121e-01	1.1109235927e+00	
172	5.2480746025e+10	5.2480746025e+10	3.5768473151e+00	8.3098479295e-01	1.1091372403e+00	
173	5.3703179637e+10	5.3703179637e+10	3.5591593470e+00	8.3284292114e-01	1.1074918869e+00	
174	5.4954087386e+10	5.4954087386e+10	3.5433705520e+00	8.3458257458e-01	1.1059783413e+00	
175	5.6234132519e+10	5.6234132519e+10	3.5294493873e+00	8.3621209745e-01	1.1045883410e+00	
176	5.7543993734e+10	5.7543993734e+10	3.5173680615e+00	8.3773908797e-01	1.1033144475e+00	
177	5.8884365536e+10	5.8884365536e+10	3.5071024897e+00	8.3917047612e-01	1.1021499539e+00	
178	6.0255958607e+10	6.0255958607e+10	3.4986322556e+00	8.4051259209e-01	1.1010888060e+00	
179	6.1659500186e+10	6.1659500186e+10	3.4919405783e+00	8.4177122655e-01	1.1001255319e+00	
180	6.3095734448e+10	6.3095734448e+10	3.4870142874e+00	8.4295168397e-01	1.0992551818e+00	
181	6.4565422903e+10	6.4565422903e+10	3.4838438028e+00	8.4405882976e-01	1.0984732740e+00	
182	6.6069344801e+10	6.6069344801e+10	3.4824231223e+00	8.4509713221e-01	1.0977757480e+00	
183	6.7608297539e+10	6.7608297539e+10	3.4827498148e+00	8.4607069965e-01	1.0971589225e+00	
184	6.9183097092e+10	6.9183097092e+10	3.4848250203e+00	8.4698331367e-01	1.0966194583e+00	
185	7.0794578438e+10	7.0794578438e+10	3.4886534564e+00	8.4783845873e-01	1.0961543256e+00	
186	7.2443596007e+10	7.2443596007e+10	3.4942434317e+00	8.4863934867e-01	1.0957607743e+00	
187	7.4131024130e+10	7.4131024130e+10	3.5016068653e+00	8.4938895049e-01	1.0954363073e+00	
188	7.5857757503e+10	7.5857757503e+10	3.5107593135e+00	8.5009000565e-01	1.0951786571e+00	
189	7.7624711663e+10	7.7624711663e+10	3.5217200033e+00	8.5074504931e-01	1.0949857638e+00	
190	7.9432823472e+10	7.9432823472e+10	3.5345118726e+00	8.5135642768e-01	1.0948557557e+00	
191	8.1283051616e+10	8.1283051616e+10	3.5491616175e+00	8.5192631363e-01	1.0947869313e+00	
192	8.3176377110e+10	8.3176377110e+10	3.5656997466e+00	8.5245672090e-01	1.0947777428e+00	
193	8.5113803820e+10	8.5113803820e+10	3.5841606432e+00	8.5294951697e-01	1.0948267812e+00	
194	8.7096358996e+10	8.7096358996e+10	3.6045826335e+00	8.5340643477e-01	1.0949327620e+00	
195	8.9125093813e+10	8.9125093813e+10	3.6270080642e+00	8.5382908332e-01	1.0950945124e+00	
196	9.1201083936e+10	9.1201083936e+10	3.6514833861e+00	8.5421895751e-01	1.0953109586e+00	
197	9.3325430080e+10	9.3325430080e+10	3.6780592463e+00	8.5457744700e-01	1.0955811153e+00	
198	9.5499258602e+10	9.5499258602e+10	3.7067905886e+00	8.5490584440e-01	1.0959040736e+00	
199	9.7723722096e+10	9.7723722096e+10	3.7377367621e+00	8.5520535284e-01	1.0962789917e+00	
200	1.0000000000e+11	1.0000000000e+11	3.7709616377e+00	8.5547709289e-01	1.0967050847e+00	
SWEEP_END
m_s11_db_lo = -2.877173562e+00
m_s11_db_mid = -8.164167183e+00
m_s11_db_hi = -1.136725450e+01
m_s21_db_lo = 2.3366478352e+01
m_s21_db_mid = 2.6183011632e+01
m_s21_db_hi = 2.5926212991e+01
m_s22_db_lo = -7.881743187e+00
m_s22_db_mid = -2.304230166e+01
m_s22_db_hi = -1.063977693e+01
m_s12_db_lo = -5.536453465e+01
m_s12_db_mid = -5.097706774e+01
m_s12_db_hi = -4.978882144e+01
m_k_lo = 8.2754588476e+00
m_k_mid = 7.3608495402e+00
m_k_hi = 6.6546266075e+00
m_nf_db_lo = 2.3988304302e+00
m_nf_db_mid = 2.6269058743e+00
m_nf_db_hi = 2.9340676195e+00
m_q1_vce = 1.3911668729e+00
m_q1_vbe = 8.6688754976e-01
m_q1_ic = 1.9356037578e-03
m_q1_icfrac = 8.0650156576e-02
m_q1_dtj = 4.7042398827e+00
m_q1_ft = 3.1140672374e+02
m_q2_vce = 1.3530246955e+00
m_q2_vbe = 8.6700105665e-01
m_q2_ic = 1.9350131945e-03
m_q2_icfrac = 8.0625549773e-02
m_q2_dtj = 4.5739679212e+00
m_q2_ft = 3.1530242540e+02
m_qr_vce = 8.6816051740e-01
m_qr_vbe = 8.6816051740e-01
m_qr_ic = 2.3390252029e-04
m_qr_icfrac = 7.7967506764e-02
m_qr_dtj = 2.3060050427e+00
m_qr_ft = 2.7746711942e+02
m_idd_ma = 2.4935569244e+00
m_pdc_mw = 6.8572815422e+00
m_d_lo = 3.0702050197e-01
m_mu_lo = 2.3162300875e+00
m_msg_db_lo = 7.8731013006e+01
m_d_mid = 7.2791938657e-02
m_mu_mid = 7.5227363257e+00
m_msg_db_mid = 7.7160079377e+01
m_d_hi = 1.1153467489e-01
m_mu_hi = 2.7795642813e+00
m_msg_db_hi = 7.5715034433e+01
m_sw_n = 2.0100000000e+02
m_sw_kmin = 3.4824231223e+00
m_sw_fkmin_ghz = 6.6069344801e+01
m_sw_kmin_hi = 3.4824231223e+00
m_sw_kmin_lo = 8.4727411266e+00
m_sw_dmax = 9.5228289339e-01
m_sw_mumin = 1.0000010389e+00
m_sw_nunst = 0.0000000000e+00
Doing analysis at TEMP = -40.000000 and TNOM = 27.000000

Using SPARSE 1.3 as Direct Linear Solver

Initial Transient Solution
--------------------------

Node                                   Voltage
----                                   -------
vdd                                       2.75
xdut.nr                               0.873776
xdut.er                             0.00561571
xdut.xqr.s1                        3.45889e-10
xdut.xqr.t                             2.30601
xdut.b1                               0.872696
xdut.oc                                   2.75
xdut.b2                                2.26398
xdut.c1                                1.39698
xdut.xq2.s1                        3.01468e-09
xdut.xq2.t                             4.57397
xdut.e1                             0.00580843
xdut.xq1.s1                        1.52635e-09
xdut.xq1.t                             4.70424
p1                                           0
xdut.in2                                     0
p2                                           0
s1n                                          0
s2n                                          0
l.xdut.lin#branch                            0
l.xdut.lfeed#branch                 0.00193501
vs2#branch                                   0
vs1#branch                                   0
vdd#branch                         -0.00249356


No. of Data Rows : 59

  Measurements for Transient Analysis

lna_rail_v          =  2.75000e+00

ngspice-46 done
