
Note: No compatibility mode selected!


Circuit: * klt sim -- generated corner deck, do not edit

Doing analysis at TEMP = -40.000000 and TNOM = 27.000000

Using SPARSE 1.3 as Direct Linear Solver

No. of Data Rows : 1

  Measurements for Transient Analysis


Doing analysis at TEMP = -40.000000 and TNOM = 27.000000

Using SPARSE 1.3 as Direct Linear Solver

No. of Data Rows : 3

  Measurements for Transient Analysis


Reset re-loads circuit * klt sim -- generated corner deck, do not edit

Circuit: * klt sim -- generated corner deck, do not edit

Doing analysis at TEMP = -40.000000 and TNOM = 27.000000

Using SPARSE 1.3 as Direct Linear Solver

No. of Data Rows : 3

  Measurements for Transient Analysis


Reset re-loads circuit * klt sim -- generated corner deck, do not edit

Circuit: * klt sim -- generated corner deck, do not edit

Doing analysis at TEMP = -40.000000 and TNOM = 27.000000

Using SPARSE 1.3 as Direct Linear Solver

No. of Data Rows : 3

No. of Data Rows : 1

  Measurements for Transient Analysis


Doing analysis at TEMP = -40.000000 and TNOM = 27.000000

Using SPARSE 1.3 as Direct Linear Solver

No. of Data Rows : 201

  Measurements for Transient Analysis


Reset re-loads circuit * klt sim -- generated corner deck, do not edit

Circuit: * klt sim -- generated corner deck, do not edit

Doing analysis at TEMP = -40.000000 and TNOM = 27.000000

Using SPARSE 1.3 as Direct Linear Solver

No. of Data Rows : 201

  Measurements for Transient Analysis


Reset re-loads circuit * klt sim -- generated corner deck, do not edit

Circuit: * klt sim -- generated corner deck, do not edit

SWEEP_BEGIN
                                                                            * klt sim -- generated corner deck, do not edit
                                                                            AC Analysis  Sat Oct 10 01:29:02  2026
--------------------------------------------------------------------------------------------------------------------------------------------------------------------------------------------------------
Index   frequency       wf              wk              wd              wmu             
--------------------------------------------------------------------------------------------------------------------------------------------------------------------------------------------------------
0	1.0000000000e+09	1.0000000000e+09	2.9156835728e+02	9.4887046709e-01	1.0000010387e+00	
1	1.0232929923e+09	1.0232929923e+09	2.8456978082e+02	9.4885917653e-01	1.0000011391e+00	
2	1.0471285481e+09	1.0471285481e+09	2.7772406845e+02	9.4884734789e-01	1.0000012492e+00	
3	1.0715193052e+09	1.0715193052e+09	2.7102767307e+02	9.4883495479e-01	1.0000013700e+00	
4	1.0964781961e+09	1.0964781961e+09	2.6447713372e+02	9.4882196955e-01	1.0000015025e+00	
5	1.1220184543e+09	1.1220184543e+09	2.5806907551e+02	9.4880836307e-01	1.0000016478e+00	
6	1.1481536215e+09	1.1481536215e+09	2.5180020542e+02	9.4879410478e-01	1.0000018072e+00	
7	1.1748975549e+09	1.1748975549e+09	2.4566731390e+02	9.4877916259e-01	1.0000019820e+00	
8	1.2022644346e+09	1.2022644346e+09	2.3966727107e+02	9.4876350276e-01	1.0000021738e+00	
9	1.2302687708e+09	1.2302687708e+09	2.3379702636e+02	9.4874708981e-01	1.0000023841e+00	
10	1.2589254118e+09	1.2589254118e+09	2.2805360609e+02	9.4872988647e-01	1.0000026149e+00	
11	1.2882495517e+09	1.2882495517e+09	2.2243411366e+02	9.4871185354e-01	1.0000028680e+00	
12	1.3182567386e+09	1.3182567386e+09	2.1693572678e+02	9.4869294979e-01	1.0000031457e+00	
13	1.3489628826e+09	1.3489628826e+09	2.1155569711e+02	9.4867313187e-01	1.0000034503e+00	
14	1.3803842646e+09	1.3803842646e+09	2.0629134871e+02	9.4865235415e-01	1.0000037845e+00	
15	1.4125375446e+09	1.4125375446e+09	2.0114007675e+02	9.4863056862e-01	1.0000041511e+00	
16	1.4454397707e+09	1.4454397707e+09	1.9609934684e+02	9.4860772474e-01	1.0000045534e+00	
17	1.4791083882e+09	1.4791083882e+09	1.9116669300e+02	9.4858376930e-01	1.0000049947e+00	
18	1.5135612484e+09	1.5135612484e+09	1.8633971766e+02	9.4855864628e-01	1.0000054789e+00	
19	1.5488166189e+09	1.5488166189e+09	1.8161608950e+02	9.4853229665e-01	1.0000060102e+00	
20	1.5848931925e+09	1.5848931925e+09	1.7699354314e+02	9.4850465821e-01	1.0000065931e+00	
21	1.6218100974e+09	1.6218100974e+09	1.7246987777e+02	9.4847566542e-01	1.0000072328e+00	
22	1.6595869074e+09	1.6595869074e+09	1.6804295602e+02	9.4844524917e-01	1.0000079347e+00	
23	1.6982436525e+09	1.6982436525e+09	1.6371070313e+02	9.4841333659e-01	1.0000087050e+00	
24	1.7378008287e+09	1.7378008287e+09	1.5947110568e+02	9.4837985078e-01	1.0000095504e+00	
25	1.7782794100e+09	1.7782794100e+09	1.5532221063e+02	9.4834471062e-01	1.0000104781e+00	
26	1.8197008586e+09	1.8197008586e+09	1.5126212436e+02	9.4830783046e-01	1.0000114963e+00	
27	1.8620871367e+09	1.8620871367e+09	1.4728901128e+02	9.4826911986e-01	1.0000126139e+00	
28	1.9054607180e+09	1.9054607180e+09	1.4340109297e+02	9.4822848328e-01	1.0000138406e+00	
29	1.9498445998e+09	1.9498445998e+09	1.3959664704e+02	9.4818581974e-01	1.0000151872e+00	
30	1.9952623150e+09	1.9952623150e+09	1.3587400578e+02	9.4814102252e-01	1.0000166653e+00	
31	2.0417379447e+09	2.0417379447e+09	1.3223155523e+02	9.4809397870e-01	1.0000182881e+00	
32	2.0892961309e+09	2.0892961309e+09	1.2866773366e+02	9.4804456883e-01	1.0000200697e+00	
33	2.1379620895e+09	2.1379620895e+09	1.2518103059e+02	9.4799266646e-01	1.0000220259e+00	
34	2.1877616239e+09	2.1877616239e+09	1.2176998521e+02	9.4793813768e-01	1.0000241738e+00	
35	2.2387211386e+09	2.2387211386e+09	1.1843318519e+02	9.4788084060e-01	1.0000265324e+00	
36	2.2908676528e+09	2.2908676528e+09	1.1516926516e+02	9.4782062481e-01	1.0000291226e+00	
37	2.3442288153e+09	2.3442288153e+09	1.1197690533e+02	9.4775733079e-01	1.0000319674e+00	
38	2.3988329190e+09	2.3988329190e+09	1.0885482988e+02	9.4769078925e-01	1.0000350920e+00	
39	2.4547089157e+09	2.4547089157e+09	1.0580180543e+02	9.4762082047e-01	1.0000385242e+00	
40	2.5118864315e+09	2.5118864315e+09	1.0281663944e+02	9.4754723352e-01	1.0000422946e+00	
41	2.5703957828e+09	2.5703957828e+09	9.9898178438e+01	9.4746982546e-01	1.0000464370e+00	
42	2.6302679919e+09	2.6302679919e+09	9.7045306369e+01	9.4738838044e-01	1.0000509885e+00	
43	2.6915348039e+09	2.6915348039e+09	9.4256942780e+01	9.4730266875e-01	1.0000559901e+00	
44	2.7542287033e+09	2.7542287033e+09	9.1532040974e+01	9.4721244576e-01	1.0000614867e+00	
45	2.8183829313e+09	2.8183829313e+09	8.8869586175e+01	9.4711745080e-01	1.0000675281e+00	
46	2.8840315031e+09	2.8840315031e+09	8.6268593586e+01	9.4701740590e-01	1.0000741692e+00	
47	2.9512092267e+09	2.9512092267e+09	8.3728106485e+01	9.4691201444e-01	1.0000814702e+00	
48	3.0199517204e+09	3.0199517204e+09	8.1247194251e+01	9.4680095967e-01	1.0000894978e+00	
49	3.0902954325e+09	3.0902954325e+09	7.8824950401e+01	9.4668390310e-01	1.0000983255e+00	
50	3.1622776602e+09	3.1622776602e+09	7.6460490614e+01	9.4656048270e-01	1.0001080346e+00	
51	3.2359365693e+09	3.2359365693e+09	7.4152950755e+01	9.4643031100e-01	1.0001187144e+00	
52	3.3113112148e+09	3.3113112148e+09	7.1901484920e+01	9.4629297294e-01	1.0001304641e+00	
53	3.3884415614e+09	3.3884415614e+09	6.9705263502e+01	9.4614802351e-01	1.0001433928e+00	
54	3.4673685045e+09	3.4673685045e+09	6.7563471294e+01	9.4599498524e-01	1.0001576215e+00	
55	3.5481338923e+09	3.5481338923e+09	6.5475305630e+01	9.4583334533e-01	1.0001732835e+00	
56	3.6307805477e+09	3.6307805477e+09	6.3439974589e+01	9.4566255255e-01	1.0001905267e+00	
57	3.7153522910e+09	3.7153522910e+09	6.1456695268e+01	9.4548201379e-01	1.0002095145e+00	
58	3.8018939632e+09	3.8018939632e+09	5.9524692122e+01	9.4529109031e-01	1.0002304278e+00	
59	3.8904514499e+09	3.8904514499e+09	5.7643195402e+01	9.4508909350e-01	1.0002534671e+00	
60	3.9810717055e+09	3.9810717055e+09	5.5811439679e+01	9.4487528030e-01	1.0002788544e+00	
61	4.0738027780e+09	4.0738027780e+09	5.4028662478e+01	9.4464884800e-01	1.0003068359e+00	
62	4.1686938347e+09	4.1686938347e+09	5.2294103027e+01	9.4440892857e-01	1.0003376847e+00	
63	4.2657951880e+09	4.2657951880e+09	5.0607001112e+01	9.4415458231e-01	1.0003717039e+00	
64	4.3651583224e+09	4.3651583224e+09	4.8966596069e+01	9.4388479082e-01	1.0004092302e+00	
65	4.4668359215e+09	4.4668359215e+09	4.7372125895e+01	9.4359844911e-01	1.0004506376e+00	
66	4.5708818961e+09	4.5708818961e+09	4.5822826497e+01	9.4329435687e-01	1.0004963422e+00	
67	4.6773514129e+09	4.6773514129e+09	4.4317931064e+01	9.4297120867e-01	1.0005468070e+00	
68	4.7863009232e+09	4.7863009232e+09	4.2856669581e+01	9.4262758299e-01	1.0006025475e+00	
69	4.8977881937e+09	4.8977881937e+09	4.1438268467e+01	9.4226192999e-01	1.0006641383e+00	
70	5.0118723363e+09	5.0118723363e+09	4.0061950346e+01	9.4187255769e-01	1.0007322206e+00	
71	5.1286138399e+09	5.1286138399e+09	3.8726933945e+01	9.4145761655e-01	1.0008075099e+00	
72	5.2480746025e+09	5.2480746025e+09	3.7432434111e+01	9.4101508199e-01	1.0008908060e+00	
73	5.3703179637e+09	5.3703179637e+09	3.6177661941e+01	9.4054273480e-01	1.0009830035e+00	
74	5.4954087386e+09	5.4954087386e+09	3.4961825024e+01	9.4003813894e-01	1.0010851040e+00	
75	5.6234132519e+09	5.6234132519e+09	3.3784127785e+01	9.3949861643e-01	1.0011982305e+00	
76	5.7543993734e+09	5.7543993734e+09	3.2643771919e+01	9.3892121892e-01	1.0013236431e+00	
77	5.8884365536e+09	5.8884365536e+09	3.1539956909e+01	9.3830269542e-01	1.0014627578e+00	
78	6.0255958607e+09	6.0255958607e+09	3.0471880622e+01	9.3763945554e-01	1.0016171675e+00	
79	6.1659500186e+09	6.1659500186e+09	2.9438739966e+01	9.3692752763e-01	1.0017886669e+00	
80	6.3095734448e+09	6.3095734448e+09	2.8439731604e+01	9.3616251101e-01	1.0019792809e+00	
81	6.4565422903e+09	6.4565422903e+09	2.7474052716e+01	9.3533952125e-01	1.0021912971e+00	
82	6.6069344801e+09	6.6069344801e+09	2.6540901795e+01	9.3445312749e-01	1.0024273048e+00	
83	6.7608297539e+09	6.7608297539e+09	2.5639479466e+01	9.3349728043e-01	1.0026902393e+00	
84	6.9183097092e+09	6.9183097092e+09	2.4768989333e+01	9.3246522934e-01	1.0029834341e+00	
85	7.0794578438e+09	7.0794578438e+09	2.3928638820e+01	9.3134942644e-01	1.0033106820e+00	
86	7.2443596007e+09	7.2443596007e+09	2.3117640026e+01	9.3014141619e-01	1.0036763075e+00	
87	7.4131024130e+09	7.4131024130e+09	2.2335210561e+01	9.2883170710e-01	1.0040852512e+00	
88	7.5857757503e+09	7.5857757503e+09	2.1580574380e+01	9.2740962270e-01	1.0045431706e+00	
89	7.7624711663e+09	7.7624711663e+09	2.0852962586e+01	9.2586312816e-01	1.0050565594e+00	
90	7.9432823472e+09	7.9432823472e+09	2.0151614209e+01	9.2417862778e-01	1.0056328896e+00	
91	8.1283051616e+09	8.1283051616e+09	1.9475776958e+01	9.2234072829e-01	1.0062807819e+00	
92	8.3176377110e+09	8.3176377110e+09	1.8824707929e+01	9.2033196118e-01	1.0070102102e+00	
93	8.5113803820e+09	8.5113803820e+09	1.8197674285e+01	9.1813245641e-01	1.0078327482e+00	
94	8.7096358996e+09	8.7096358996e+09	1.7593953878e+01	9.1571955818e-01	1.0087618683e+00	
95	8.9125093813e+09	8.9125093813e+09	1.7012835840e+01	9.1306737128e-01	1.0098133055e+00	
96	9.1201083936e+09	9.1201083936e+09	1.6453621122e+01	9.1014622450e-01	1.0110055021e+00	
97	9.3325430080e+09	9.3325430080e+09	1.5915622981e+01	9.0692203464e-01	1.0123601547e+00	
98	9.5499258602e+09	9.5499258602e+09	1.5398167426e+01	9.0335555152e-01	1.0139028894e+00	
99	9.7723722096e+09	9.7723722096e+09	1.4900593615e+01	8.9940146015e-01	1.0156641012e+00	
100	1.0000000000e+10	1.0000000000e+10	1.4422254192e+01	8.9500731218e-01	1.0176800029e+00	
101	1.0232929923e+10	1.0232929923e+10	1.3962515597e+01	8.9011225308e-01	1.0199939428e+00	
102	1.0471285481e+10	1.0471285481e+10	1.3520758309e+01	8.8464550622e-01	1.0226580731e+00	
103	1.0715193052e+10	1.0715193052e+10	1.3096377061e+01	8.7852456897e-01	1.0257354748e+00	
104	1.0964781961e+10	1.0964781961e+10	1.2688780998e+01	8.7165307039e-01	1.0293028829e+00	
105	1.1220184543e+10	1.1220184543e+10	1.2297393806e+01	8.6391823617e-01	1.0334542108e+00	
106	1.1481536215e+10	1.1481536215e+10	1.1921653789e+01	8.5518790600e-01	1.0383051411e+00	
107	1.1748975549e+10	1.1748975549e+10	1.1561013921e+01	8.4530705497e-01	1.0439991591e+00	
108	1.2022644346e+10	1.2022644346e+10	1.1214941854e+01	8.3409378962e-01	1.0507155520e+00	
109	1.2302687708e+10	1.2302687708e+10	1.0882919897e+01	8.2133483029e-01	1.0586801176e+00	
110	1.2589254118e+10	1.2589254118e+10	1.0564444963e+01	8.0678056835e-01	1.0681796463e+00	
111	1.2882495517e+10	1.2882495517e+10	1.0259028490e+01	7.9013992283e-01	1.0795817235e+00	
112	1.3182567386e+10	1.3182567386e+10	9.9661963360e+00	7.7107544915e-01	1.0933621296e+00	
113	1.3489628826e+10	1.3489628826e+10	9.6854886458e+00	7.4919952157e-01	1.1101432478e+00	
114	1.3803842646e+10	1.3803842646e+10	9.4164597027e+00	7.2407298783e-01	1.1307486790e+00	
115	1.4125375446e+10	1.4125375446e+10	9.1586777567e+00	6.9520856441e-01	1.1562821595e+00	
116	1.4454397707e+10	1.4454397707e+10	8.9117248374e+00	6.6208250225e-01	1.1882437080e+00	
117	1.4791083882e+10	1.4791083882e+10	8.6751965507e+00	6.2415979464e-01	1.2287042716e+00	
118	1.5135612484e+10	1.5135612484e+10	8.4487018626e+00	5.8094046205e-01	1.2805751554e+00	
119	1.5488166189e+10	1.5488166189e+10	8.2318628707e+00	5.3203715328e-01	1.3480369042e+00	
120	1.5848931925e+10	1.5848931925e+10	8.0243145665e+00	4.7729713920e-01	1.4372490793e+00	
121	1.6218100974e+10	1.6218100974e+10	7.8257045889e+00	4.1698396591e-01	1.5575835516e+00	
122	1.6595869074e+10	1.6595869074e+10	7.6356929705e+00	3.5203358237e-01	1.7239025206e+00	
123	1.6982436525e+10	1.6982436525e+10	7.4539518788e+00	2.8439098968e-01	1.9611012768e+00	
124	1.7378008287e+10	1.7378008287e+10	7.2801653527e+00	2.1740060056e-01	2.3140834370e+00	
125	1.7782794100e+10	1.7782794100e+10	7.1140290361e+00	1.5612839504e-01	2.8725214906e+00	
126	1.8197008586e+10	1.8197008586e+10	6.9552499094e+00	1.0724515799e-01	3.8426150465e+00	
127	1.8620871367e+10	1.8620871367e+10	6.8035460201e+00	7.7459311396e-02	5.7832369077e+00	
128	1.9054607180e+10	1.9054607180e+10	6.6586462130e+00	6.9625682607e-02	8.6423353824e+00	
129	1.9498445998e+10	1.9498445998e+10	6.5202898616e+00	8.2528355118e-02	5.6729302436e+00	
130	1.9952623150e+10	1.9952623150e+10	6.3882266005e+00	1.1451741463e-01	3.9106409021e+00	
131	2.0417379447e+10	2.0417379447e+10	6.2622160605e+00	1.6090379023e-01	3.0321985579e+00	
132	2.0892961309e+10	2.0892961309e+10	6.1420276065e+00	2.1507127237e-01	2.5225321436e+00	
133	2.1379620895e+10	2.1379620895e+10	6.0274400787e+00	2.7147333046e-01	2.1956559922e+00	
134	2.1877616239e+10	2.1877616239e+10	5.9182415380e+00	3.2647629168e-01	1.9713848989e+00	
135	2.2387211386e+10	2.2387211386e+10	5.8142290157e+00	3.7806668799e-01	1.8098979111e+00	
136	2.2908676528e+10	2.2908676528e+10	5.7152082685e+00	4.2533247291e-01	1.6893067900e+00	
137	2.3442288153e+10	2.3442288153e+10	5.6209935382e+00	4.6802774210e-01	1.5966443861e+00	
138	2.3988329190e+10	2.3988329190e+10	5.5314073178e+00	5.0627529295e-01	1.5237763460e+00	
139	2.4547089157e+10	2.4547089157e+10	5.4462801229e+00	5.4038220902e-01	1.4653648878e+00	
140	2.5118864315e+10	2.5118864315e+10	5.3654502696e+00	5.7073204899e-01	1.4177775099e+00	
141	2.5703957828e+10	2.5703957828e+10	5.2887636593e+00	5.9772478470e-01	1.3784667077e+00	
142	2.6302679919e+10	2.6302679919e+10	5.2160735692e+00	6.2174521580e-01	1.3456000432e+00	
143	2.6915348039e+10	2.6915348039e+10	5.1472404509e+00	6.4314788105e-01	1.3178305236e+00	
144	2.7542287033e+10	2.7542287033e+10	5.0821317349e+00	6.6225127215e-01	1.2941491779e+00	
145	2.8183829313e+10	2.8183829313e+10	5.0206216434e+00	6.7933711259e-01	1.2737876335e+00	
146	2.8840315031e+10	2.8840315031e+10	4.9625910091e+00	6.9465224079e-01	1.2561521034e+00	
147	2.9512092267e+10	2.9512092267e+10	4.9079271030e+00	7.0841169092e-01	1.2407776647e+00	
148	3.0199517204e+10	3.0199517204e+10	4.8565234680e+00	7.2080218543e-01	1.2272959734e+00	
149	3.0902954325e+10	3.0902954325e+10	4.8082797616e+00	7.3198561605e-01	1.2154120670e+00	
150	3.1622776602e+10	3.1622776602e+10	4.7631016052e+00	7.4210230003e-01	1.2048874373e+00	
151	3.2359365693e+10	3.2359365693e+10	4.7209004416e+00	7.5127391820e-01	1.1955275034e+00	
152	3.3113112148e+10	3.3113112148e+10	4.6815934001e+00	7.5960610802e-01	1.1871722210e+00	
153	3.3884415614e+10	3.3884415614e+10	4.6451031692e+00	7.6719072015e-01	1.1796889609e+00	
154	3.4673685045e+10	3.4673685045e+10	4.6113578777e+00	7.7410776456e-01	1.1729670486e+00	
155	3.5481338923e+10	3.5481338923e+10	4.5802909826e+00	7.8042707912e-01	1.1669135368e+00	
156	3.6307805477e+10	3.6307805477e+10	4.5518411662e+00	7.8620975537e-01	1.1614499018e+00	
157	3.7153522910e+10	3.7153522910e+10	4.5259522395e+00	7.9150935429e-01	1.1565094393e+00	
158	3.8018939632e+10	3.8018939632e+10	4.5025730551e+00	7.9637294229e-01	1.1520351955e+00	
159	3.8904514499e+10	3.8904514499e+10	4.4816574267e+00	8.0084197391e-01	1.1479783116e+00	
160	3.9810717055e+10	3.9810717055e+10	4.4631640574e+00	8.0495304450e-01	1.1442966880e+00	
161	4.0738027780e+10	4.0738027780e+10	4.4470564752e+00	8.0873853260e-01	1.1409539021e+00	
162	4.1686938347e+10	4.1686938347e+10	4.4333029774e+00	8.1222714906e-01	1.1379183233e+00	
163	4.2657951880e+10	4.2657951880e+10	4.4218765823e+00	8.1544440724e-01	1.1351623870e+00	
164	4.3651583224e+10	4.3651583224e+10	4.4127549887e+00	8.1841302622e-01	1.1326619951e+00	
165	4.4668359215e+10	4.4668359215e+10	4.4059205447e+00	8.2115327752e-01	1.1303960179e+00	
166	4.5708818961e+10	4.5708818961e+10	4.4013602232e+00	8.2368328361e-01	1.1283458785e+00	
167	4.6773514129e+10	4.6773514129e+10	4.3990656062e+00	8.2601927561e-01	1.1264952051e+00	
168	4.7863009232e+10	4.7863009232e+10	4.3990328778e+00	8.2817581628e-01	1.1248295376e+00	
169	4.8977881937e+10	4.8977881937e+10	4.4012628245e+00	8.3016599327e-01	1.1233360793e+00	
170	5.0118723363e+10	5.0118723363e+10	4.4057608447e+00	8.3200158715e-01	1.1220034863e+00	
171	5.1286138399e+10	5.1286138399e+10	4.4125369661e+00	8.3369321767e-01	1.1208216882e+00	
172	5.2480746025e+10	5.2480746025e+10	4.4216058722e+00	8.3525047158e-01	1.1197817334e+00	
173	5.3703179637e+10	5.3703179637e+10	4.4329869368e+00	8.3668201435e-01	1.1188756577e+00	
174	5.4954087386e+10	5.4954087386e+10	4.4467042683e+00	8.3799568823e-01	1.1180963694e+00	
175	5.6234132519e+10	5.6234132519e+10	4.4627867614e+00	8.3919859847e-01	1.1174375507e+00	
176	5.7543993734e+10	5.7543993734e+10	4.4812681599e+00	8.4029718926e-01	1.1168935714e+00	
177	5.8884365536e+10	5.8884365536e+10	4.5021871266e+00	8.4129731087e-01	1.1164594142e+00	
178	6.0255958607e+10	6.0255958607e+10	4.5255873246e+00	8.4220427907e-01	1.1161306084e+00	
179	6.1659500186e+10	6.1659500186e+10	4.5515175068e+00	8.4302292790e-01	1.1159031718e+00	
180	6.3095734448e+10	6.3095734448e+10	4.5800316159e+00	8.4375765663e-01	1.1157735602e+00	
181	6.4565422903e+10	6.4565422903e+10	4.6111888948e+00	8.4441247170e-01	1.1157386211e+00	
182	6.6069344801e+10	6.6069344801e+10	4.6450540069e+00	8.4499102423e-01	1.1157955533e+00	
183	6.7608297539e+10	6.7608297539e+10	4.6816971670e+00	8.4549664365e-01	1.1159418709e+00	
184	6.9183097092e+10	6.9183097092e+10	4.7211942837e+00	8.4593236808e-01	1.1161753700e+00	
185	7.0794578438e+10	7.0794578438e+10	4.7636271133e+00	8.4630097166e-01	1.1164940995e+00	
186	7.2443596007e+10	7.2443596007e+10	4.8090834243e+00	8.4660498932e-01	1.1168963337e+00	
187	7.4131024130e+10	7.4131024130e+10	4.8576571755e+00	8.4684673936e-01	1.1173805478e+00	
188	7.5857757503e+10	7.5857757503e+10	4.9094487062e+00	8.4702834397e-01	1.1179453950e+00	
189	7.7624711663e+10	7.7624711663e+10	4.9645649391e+00	8.4715174805e-01	1.1185896855e+00	
190	7.9432823472e+10	7.9432823472e+10	5.0231195973e+00	8.4721873650e-01	1.1193123666e+00	
191	8.1283051616e+10	8.1283051616e+10	5.0852334359e+00	8.4723095017e-01	1.1201125046e+00	
192	8.3176377110e+10	8.3176377110e+10	5.1510344881e+00	8.4718990061e-01	1.1209892670e+00	
193	8.5113803820e+10	8.5113803820e+10	5.2206583271e+00	8.4709698378e-01	1.1219419063e+00	
194	8.7096358996e+10	8.7096358996e+10	5.2942483445e+00	8.4695349289e-01	1.1229697438e+00	
195	8.9125093813e+10	8.9125093813e+10	5.3719560459e+00	8.4676063033e-01	1.1240721552e+00	
196	9.1201083936e+10	9.1201083936e+10	5.4539413654e+00	8.4651951900e-01	1.1252485555e+00	
197	9.3325430080e+10	9.3325430080e+10	5.5403729985e+00	8.4623121290e-01	1.1264983853e+00	
198	9.5499258602e+10	9.5499258602e+10	5.6314287563e+00	8.4589670719e-01	1.1278210969e+00	
199	9.7723722096e+10	9.7723722096e+10	5.7272959411e+00	8.4551694775e-01	1.1292161414e+00	
200	1.0000000000e+11	1.0000000000e+11	5.8281717450e+00	8.4509284024e-01	1.1306829558e+00	
SWEEP_END
m_s11_db_lo = -8.676488038e+00
m_s11_db_mid = -1.121362181e+01
m_s11_db_hi = -3.167047772e+00
m_s21_db_lo = 2.3158643347e+01
m_s21_db_mid = 2.3421301813e+01
m_s21_db_hi = 1.9914128455e+01
m_s22_db_lo = -9.859366805e+00
m_s22_db_mid = -2.057325156e+01
m_s22_db_hi = -8.916457271e+00
m_s12_db_lo = -4.831776335e+01
m_s12_db_mid = -4.645169173e+01
m_s12_db_hi = -4.848831417e+01
m_k_lo = 7.1470966643e+00
m_k_mid = 6.5349302101e+00
m_k_hi = 6.0687899940e+00
m_nf_db_lo = 2.9522263307e+00
m_nf_db_mid = 3.2155359821e+00
m_nf_db_hi = 3.5976031084e+00
m_q1_vce = 1.3780307083e+00
m_q1_vbe = 8.7902260247e-01
m_q1_ic = 1.7315722336e-03
m_q1_icfrac = 7.2148843065e-02
m_q1_dtj = 4.1714206230e+00
m_q1_ft = 2.1835557794e+02
m_q2_vce = 1.3667686468e+00
m_q2_vbe = 8.7902217259e-01
m_q2_ic = 1.7295869940e-03
m_q2_icfrac = 7.2066124748e-02
m_q2_dtj = 4.1326296693e+00
m_q2_ft = 2.2095625264e+02
m_qr_vce = 8.8263737772e-01
m_qr_vbe = 8.8263737772e-01
m_qr_ic = 2.3047598748e-04
m_qr_icfrac = 7.6825329159e-02
m_qr_dtj = 2.3120365394e+00
m_qr_ft = 2.0781812258e+02
m_idd_ma = 2.2874793848e+00
m_pdc_mw = 6.2905683083e+00
m_d_lo = 1.6777930063e-01
m_mu_lo = 2.7355380699e+00
m_msg_db_lo = 7.1476406698e+01
m_d_mid = 8.0170041214e-02
m_mu_mid = 5.9627812792e+00
m_msg_db_mid = 6.9872993543e+01
m_d_hi = 2.5081727798e-01
m_mu_hi = 2.3005148734e+00
m_msg_db_hi = 6.8402442625e+01
m_sw_n = 2.0100000000e+02
m_sw_kmin = 4.3990328778e+00
m_sw_fkmin_ghz = 4.7863009232e+01
m_sw_kmin_hi = 4.3990328778e+00
m_sw_kmin_lo = 7.2801653527e+00
m_sw_dmax = 9.4887046709e-01
m_sw_mumin = 1.0000010387e+00
m_sw_nunst = 0.0000000000e+00
Doing analysis at TEMP = -40.000000 and TNOM = 27.000000

Using SPARSE 1.3 as Direct Linear Solver

Initial Transient Solution
--------------------------

Node                                   Voltage
----                                   -------
vdd                                       2.75
xdut.nr                               0.888175
xdut.er                             0.00553805
xdut.xqr.s1                        3.49805e-10
xdut.xqr.t                             2.31204
xdut.b1                               0.884223
xdut.oc                                   2.75
xdut.b2                                2.26225
xdut.c1                                1.38323
xdut.xq2.s1                        3.01088e-09
xdut.xq2.t                             4.13263
xdut.e1                             0.00520064
xdut.xq1.s1                        1.50741e-09
xdut.xq1.t                             4.17142
p1                                           0
xdut.in2                                     0
p2                                           0
s1n                                          0
s2n                                          0
l.xdut.lin#branch                            0
l.xdut.lfeed#branch                 0.00172959
vs2#branch                                   0
vs1#branch                                   0
vdd#branch                         -0.00228748


No. of Data Rows : 59

  Measurements for Transient Analysis

lna_rail_v          =  2.75000e+00

ngspice-46 done
