
Note: No compatibility mode selected!


Circuit: * klt sim -- generated corner deck, do not edit

Doing analysis at TEMP = 125.000000 and TNOM = 27.000000

Using SPARSE 1.3 as Direct Linear Solver


The temperature limiting function received NaN.
Please check your power dissipation and improve your heat sink Rth!
    This message will be shown only once.

Note: Starting dynamic gmin stepping
Note: Dynamic gmin stepping completed

No. of Data Rows : 1

  Measurements for Transient Analysis


Doing analysis at TEMP = 125.000000 and TNOM = 27.000000

Using SPARSE 1.3 as Direct Linear Solver
Note: Starting dynamic gmin stepping
Note: Dynamic gmin stepping completed

No. of Data Rows : 3

  Measurements for Transient Analysis


Reset re-loads circuit * klt sim -- generated corner deck, do not edit

Circuit: * klt sim -- generated corner deck, do not edit

Doing analysis at TEMP = 125.000000 and TNOM = 27.000000

Using SPARSE 1.3 as Direct Linear Solver
Note: Starting dynamic gmin stepping
Note: Dynamic gmin stepping completed

No. of Data Rows : 3

  Measurements for Transient Analysis


Reset re-loads circuit * klt sim -- generated corner deck, do not edit

Circuit: * klt sim -- generated corner deck, do not edit

Doing analysis at TEMP = 125.000000 and TNOM = 27.000000

Using SPARSE 1.3 as Direct Linear Solver
Note: Starting dynamic gmin stepping
Note: Dynamic gmin stepping completed

No. of Data Rows : 3

No. of Data Rows : 1

  Measurements for Transient Analysis


Doing analysis at TEMP = 125.000000 and TNOM = 27.000000

Using SPARSE 1.3 as Direct Linear Solver
Note: Starting dynamic gmin stepping
Note: Dynamic gmin stepping completed

No. of Data Rows : 201

  Measurements for Transient Analysis


Reset re-loads circuit * klt sim -- generated corner deck, do not edit

Circuit: * klt sim -- generated corner deck, do not edit

Doing analysis at TEMP = 125.000000 and TNOM = 27.000000

Using SPARSE 1.3 as Direct Linear Solver
Note: Starting dynamic gmin stepping
Note: Dynamic gmin stepping completed

No. of Data Rows : 201

  Measurements for Transient Analysis


Reset re-loads circuit * klt sim -- generated corner deck, do not edit

Circuit: * klt sim -- generated corner deck, do not edit

SWEEP_BEGIN
                                                                            * klt sim -- generated corner deck, do not edit
                                                                            AC Analysis  Sat Oct 10 01:28:10  2026
--------------------------------------------------------------------------------------------------------------------------------------------------------------------------------------------------------
Index   frequency       wf              wk              wd              wmu             
--------------------------------------------------------------------------------------------------------------------------------------------------------------------------------------------------------
0	1.0000000000e+09	1.0000000000e+09	4.6311806956e+02	9.4453514414e-01	1.0000010402e+00	
1	1.0232929923e+09	1.0232929923e+09	4.5163522109e+02	9.4451874601e-01	1.0000011408e+00	
2	1.0471285481e+09	1.0471285481e+09	4.4039891498e+02	9.4450156848e-01	1.0000012511e+00	
3	1.0715193052e+09	1.0715193052e+09	4.2940361089e+02	9.4448357370e-01	1.0000013721e+00	
4	1.0964781961e+09	1.0964781961e+09	4.1864391236e+02	9.4446472193e-01	1.0000015049e+00	
5	1.1220184543e+09	1.1220184543e+09	4.0811457088e+02	9.4444497149e-01	1.0000016505e+00	
6	1.1481536215e+09	1.1481536215e+09	3.9781047985e+02	9.4442427861e-01	1.0000018102e+00	
7	1.1748975549e+09	1.1748975549e+09	3.8772667578e+02	9.4440259735e-01	1.0000019855e+00	
8	1.2022644346e+09	1.2022644346e+09	3.7785833115e+02	9.4437987945e-01	1.0000021777e+00	
9	1.2302687708e+09	1.2302687708e+09	3.6820075826e+02	9.4435607425e-01	1.0000023885e+00	
10	1.2589254118e+09	1.2589254118e+09	3.5874940172e+02	9.4433112854e-01	1.0000026199e+00	
11	1.2882495517e+09	1.2882495517e+09	3.4949984009e+02	9.4430498641e-01	1.0000028736e+00	
12	1.3182567386e+09	1.3182567386e+09	3.4044778128e+02	9.4427758912e-01	1.0000031520e+00	
13	1.3489628826e+09	1.3489628826e+09	3.3158906163e+02	9.4424887497e-01	1.0000034575e+00	
14	1.3803842646e+09	1.3803842646e+09	3.2291964352e+02	9.4421877907e-01	1.0000037926e+00	
15	1.4125375446e+09	1.4125375446e+09	3.1443561307e+02	9.4418723324e-01	1.0000041603e+00	
16	1.4454397707e+09	1.4454397707e+09	3.0613317752e+02	9.4415416580e-01	1.0000045637e+00	
17	1.4791083882e+09	1.4791083882e+09	2.9800866316e+02	9.4411950134e-01	1.0000050063e+00	
18	1.5135612484e+09	1.5135612484e+09	2.9005851313e+02	9.4408316056e-01	1.0000054921e+00	
19	1.5488166189e+09	1.5488166189e+09	2.8227928463e+02	9.4404506004e-01	1.0000060250e+00	
20	1.5848931925e+09	1.5848931925e+09	2.7466764690e+02	9.4400511199e-01	1.0000066099e+00	
21	1.6218100974e+09	1.6218100974e+09	2.6722037762e+02	9.4396322402e-01	1.0000072518e+00	
22	1.6595869074e+09	1.6595869074e+09	2.5993436118e+02	9.4391929884e-01	1.0000079562e+00	
23	1.6982436525e+09	1.6982436525e+09	2.5280658517e+02	9.4387323404e-01	1.0000087293e+00	
24	1.7378008287e+09	1.7378008287e+09	2.4583413783e+02	9.4382492172e-01	1.0000095778e+00	
25	1.7782794100e+09	1.7782794100e+09	2.3901420482e+02	9.4377424820e-01	1.0000105092e+00	
26	1.8197008586e+09	1.8197008586e+09	2.3234406603e+02	9.4372109369e-01	1.0000115315e+00	
27	1.8620871367e+09	1.8620871367e+09	2.2582109234e+02	9.4366533189e-01	1.0000126537e+00	
28	1.9054607180e+09	1.9054607180e+09	2.1944274221e+02	9.4360682963e-01	1.0000138856e+00	
29	1.9498445998e+09	1.9498445998e+09	2.1320655813e+02	9.4354544643e-01	1.0000152381e+00	
30	1.9952623150e+09	1.9952623150e+09	2.0711016290e+02	9.4348103403e-01	1.0000167229e+00	
31	2.0417379447e+09	2.0417379447e+09	2.0115125605e+02	9.4341343596e-01	1.0000183533e+00	
32	2.0892961309e+09	2.0892961309e+09	1.9532760980e+02	9.4334248698e-01	1.0000201435e+00	
33	2.1379620895e+09	2.1379620895e+09	1.8963706529e+02	9.4326801254e-01	1.0000221094e+00	
34	2.1877616239e+09	2.1877616239e+09	1.8407752836e+02	9.4318982816e-01	1.0000242684e+00	
35	2.2387211386e+09	2.2387211386e+09	1.7864696555e+02	9.4310773883e-01	1.0000266395e+00	
36	2.2908676528e+09	2.2908676528e+09	1.7334339998e+02	9.4302153828e-01	1.0000292439e+00	
37	2.3442288153e+09	2.3442288153e+09	1.6816490702e+02	9.4293100825e-01	1.0000321048e+00	
38	2.3988329190e+09	2.3988329190e+09	1.6310961021e+02	9.4283591767e-01	1.0000352477e+00	
39	2.4547089157e+09	2.4547089157e+09	1.5817567697e+02	9.4273602184e-01	1.0000387007e+00	
40	2.5118864315e+09	2.5118864315e+09	1.5336131441e+02	9.4263106142e-01	1.0000424947e+00	
41	2.5703957828e+09	2.5703957828e+09	1.4866476516e+02	9.4252076149e-01	1.0000466639e+00	
42	2.6302679919e+09	2.6302679919e+09	1.4408430330e+02	9.4240483037e-01	1.0000512458e+00	
43	2.6915348039e+09	2.6915348039e+09	1.3961823036e+02	9.4228295852e-01	1.0000562819e+00	
44	2.7542287033e+09	2.7542287033e+09	1.3526487138e+02	9.4215481718e-01	1.0000618178e+00	
45	2.8183829313e+09	2.8183829313e+09	1.3102257118e+02	9.4202005700e-01	1.0000679040e+00	
46	2.8840315031e+09	2.8840315031e+09	1.2688969076e+02	9.4187830651e-01	1.0000745958e+00	
47	2.9512092267e+09	2.9512092267e+09	1.2286460382e+02	9.4172917048e-01	1.0000819546e+00	
48	3.0199517204e+09	3.0199517204e+09	1.1894569358e+02	9.4157222806e-01	1.0000900480e+00	
49	3.0902954325e+09	3.0902954325e+09	1.1513134973e+02	9.4140703089e-01	1.0000989506e+00	
50	3.1622776602e+09	3.1622776602e+09	1.1141996564e+02	9.4123310088e-01	1.0001087449e+00	
51	3.2359365693e+09	3.2359365693e+09	1.0780993585e+02	9.4104992790e-01	1.0001195219e+00	
52	3.3113112148e+09	3.3113112148e+09	1.0429965377e+02	9.4085696720e-01	1.0001313823e+00	
53	3.3884415614e+09	3.3884415614e+09	1.0088750967e+02	9.4065363659e-01	1.0001444372e+00	
54	3.4673685045e+09	3.4673685045e+09	9.7571888981e+01	9.4043931336e-01	1.0001588098e+00	
55	3.5481338923e+09	3.5481338923e+09	9.4351170809e+01	9.4021333086e-01	1.0001746361e+00	
56	3.6307805477e+09	3.6307805477e+09	9.1223726806e+01	9.3997497482e-01	1.0001920668e+00	
57	3.7153522910e+09	3.7153522910e+09	8.8187920282e+01	9.3972347921e-01	1.0002112686e+00	
58	3.8018939632e+09	3.8018939632e+09	8.5242105613e+01	9.3945802172e-01	1.0002324265e+00	
59	3.8904514499e+09	3.8904514499e+09	8.2384627916e+01	9.3917771877e-01	1.0002557453e+00	
60	3.9810717055e+09	3.9810717055e+09	7.9613822997e+01	9.3888162002e-01	1.0002814522e+00	
61	4.0738027780e+09	4.0738027780e+09	7.6928017551e+01	9.3856870222e-01	1.0003097993e+00	
62	4.1686938347e+09	4.1686938347e+09	7.4325529601e+01	9.3823786249e-01	1.0003410665e+00	
63	4.2657951880e+09	4.2657951880e+09	7.1804669164e+01	9.3788791079e-01	1.0003755649e+00	
64	4.3651583224e+09	4.3651583224e+09	6.9363739132e+01	9.3751756162e-01	1.0004136401e+00	
65	4.4668359215e+09	4.4668359215e+09	6.7001036332e+01	9.3712542473e-01	1.0004556767e+00	
66	4.5708818961e+09	4.5708818961e+09	6.4714852773e+01	9.3670999480e-01	1.0005021028e+00	
67	4.6773514129e+09	4.6773514129e+09	6.2503477030e+01	9.3626963990e-01	1.0005533956e+00	
68	4.7863009232e+09	4.7863009232e+09	6.0365195769e+01	9.3580258867e-01	1.0006100866e+00	
69	4.8977881937e+09	4.8977881937e+09	5.8298295377e+01	9.3530691585e-01	1.0006727695e+00	
70	5.0118723363e+09	5.0118723363e+09	5.6301063686e+01	9.3478052620e-01	1.0007421070e+00	
71	5.1286138399e+09	5.1286138399e+09	5.4371791758e+01	9.3422113633e-01	1.0008188399e+00	
72	5.2480746025e+09	5.2480746025e+09	5.2508775727e+01	9.3362625433e-01	1.0009037975e+00	
73	5.3703179637e+09	5.3703179637e+09	5.0710318663e+01	9.3299315685e-01	1.0009979083e+00	
74	5.4954087386e+09	5.4954087386e+09	4.8974732453e+01	9.3231886319e-01	1.0011022138e+00	
75	5.6234132519e+09	5.6234132519e+09	4.7300339672e+01	9.3160010604e-01	1.0012178830e+00	
76	5.7543993734e+09	5.7543993734e+09	4.5685475431e+01	9.3083329834e-01	1.0013462298e+00	
77	5.8884365536e+09	5.8884365536e+09	4.4128489188e+01	9.3001449576e-01	1.0014887329e+00	
78	6.0255958607e+09	6.0255958607e+09	4.2627746511e+01	9.2913935394e-01	1.0016470587e+00	
79	6.1659500186e+09	6.1659500186e+09	4.1181630771e+01	9.2820307995e-01	1.0018230875e+00	
80	6.3095734448e+09	6.3095734448e+09	3.9788544770e+01	9.2720037678e-01	1.0020189445e+00	
81	6.4565422903e+09	6.4565422903e+09	3.8446912276e+01	9.2612538004e-01	1.0022370350e+00	
82	6.6069344801e+09	6.6069344801e+09	3.7155179480e+01	9.2497158533e-01	1.0024800862e+00	
83	6.7608297539e+09	6.7608297539e+09	3.5911816344e+01	9.2373176497e-01	1.0027511954e+00	
84	6.9183097092e+09	6.9183097092e+09	3.4715317854e+01	9.2239787221e-01	1.0030538869e+00	
85	7.0794578438e+09	7.0794578438e+09	3.3564205169e+01	9.2096093078e-01	1.0033921783e+00	
86	7.2443596007e+09	7.2443596007e+09	3.2457026655e+01	9.1941090736e-01	1.0037706594e+00	
87	7.4131024130e+09	7.4131024130e+09	3.1392358820e+01	9.1773656396e-01	1.0041945844e+00	
88	7.5857757503e+09	7.5857757503e+09	3.0368807130e+01	9.1592528656e-01	1.0046699822e+00	
89	7.7624711663e+09	7.7624711663e+09	2.9385006728e+01	9.1396288586e-01	1.0052037873e+00	
90	7.9432823472e+09	7.9432823472e+09	2.8439623034e+01	9.1183336514e-01	1.0058039956e+00	
91	8.1283051616e+09	8.1283051616e+09	2.7531352252e+01	9.0951864891e-01	1.0064798521e+00	
92	8.3176377110e+09	8.3176377110e+09	2.6658921768e+01	9.0699826531e-01	1.0072420759e+00	
93	8.5113803820e+09	8.5113803820e+09	2.5821090459e+01	9.0424897345e-01	1.0081031329e+00	
94	8.7096358996e+09	8.7096358996e+09	2.5016648899e+01	9.0124432504e-01	1.0090775660e+00	
95	8.9125093813e+09	8.9125093813e+09	2.4244419486e+01	8.9795414799e-01	1.0101823983e+00	
96	9.1201083936e+09	9.1201083936e+09	2.3503256480e+01	8.9434393660e-01	1.0114376264e+00	
97	9.3325430080e+09	9.3325430080e+09	2.2792045965e+01	8.9037413033e-01	1.0128668286e+00	
98	9.5499258602e+09	9.5499258602e+09	2.2109705736e+01	8.8599925958e-01	1.0144979166e+00	
99	9.7723722096e+09	9.7723722096e+09	2.1455185124e+01	8.8116693256e-01	1.0163640713e+00	
100	1.0000000000e+10	1.0000000000e+10	2.0827464747e+01	8.7581663304e-01	1.0185049147e+00	
101	1.0232929923e+10	1.0232929923e+10	2.0225556219e+01	8.6987829331e-01	1.0209679848e+00	
102	1.0471285481e+10	1.0471285481e+10	1.9648501799e+01	8.6327060152e-01	1.0238106052e+00	
103	1.0715193052e+10	1.0715193052e+10	1.9095373992e+01	8.5589899723e-01	1.0271022712e+00	
104	1.0964781961e+10	1.0964781961e+10	1.8565275112e+01	8.4765330532e-01	1.0309277160e+00	
105	1.1220184543e+10	1.1220184543e+10	1.8057336815e+01	8.3840495700e-01	1.0353908819e+00	
106	1.1481536215e+10	1.1481536215e+10	1.7570719586e+01	8.2800375175e-01	1.0406201048e+00	
107	1.1748975549e+10	1.1748975549e+10	1.7104612210e+01	8.1627412891e-01	1.0467749407e+00	
108	1.2022644346e+10	1.2022644346e+10	1.6658231218e+01	8.0301095163e-01	1.0540552363e+00	
109	1.2302687708e+10	1.2302687708e+10	1.6230820310e+01	7.8797487071e-01	1.0627133010e+00	
110	1.2589254118e+10	1.2589254118e+10	1.5821649767e+01	7.7088745215e-01	1.0730704103e+00	
111	1.2882495517e+10	1.2882495517e+10	1.5430015846e+01	7.5142644998e-01	1.0855394387e+00	
112	1.3182567386e+10	1.3182567386e+10	1.5055240172e+01	7.2922193283e-01	1.1006562836e+00	
113	1.3489628826e+10	1.3489628826e+10	1.4696669121e+01	7.0385449407e-01	1.1191240908e+00	
114	1.3803842646e+10	1.3803842646e+10	1.4353673199e+01	6.7485758410e-01	1.1418764502e+00	
115	1.4125375446e+10	1.4125375446e+10	1.4025646418e+01	6.4172721431e-01	1.1701692674e+00	
116	1.4454397707e+10	1.4454397707e+10	1.3712005682e+01	6.0394401718e-01	1.2057170146e+00	
117	1.4791083882e+10	1.4791083882e+10	1.3412190166e+01	5.6101498030e-01	1.2508996285e+00	
118	1.5135612484e+10	1.5135612484e+10	1.3125660706e+01	5.1254500003e-01	1.3090857710e+00	
119	1.5488166189e+10	1.5488166189e+10	1.2851899193e+01	4.5835115211e-01	1.3851559357e+00	
120	1.5848931925e+10	1.5848931925e+10	1.2590407979e+01	3.9863362765e-01	1.4863867536e+00	
121	1.6218100974e+10	1.6218100974e+10	1.2340709284e+01	3.3421287933e-01	1.6240301249e+00	
122	1.6595869074e+10	1.6595869074e+10	1.2102344626e+01	2.6682527112e-01	1.8163345978e+00	
123	1.6982436525e+10	1.6982436525e+10	1.1874874245e+01	1.9942859462e-01	2.0948555686e+00	
124	1.7378008287e+10	1.7378008287e+10	1.1657876559e+01	1.3640294009e-01	2.5192224888e+00	
125	1.7782794100e+10	1.7782794100e+10	1.1450947616e+01	8.3515410723e-02	3.2174895774e+00	
126	1.8197008586e+10	1.8197008586e+10	1.1253700566e+01	4.7822208600e-02	4.5247886811e+00	
127	1.8620871367e+10	1.8620871367e+10	1.1065765152e+01	3.6317015550e-02	7.6877913651e+00	
128	1.9054607180e+10	1.9054607180e+10	1.0886787202e+01	4.6101114313e-02	1.8028448327e+01	
129	1.9498445998e+10	1.9498445998e+10	1.0716428150e+01	7.1475504159e-02	7.1695978183e+00	
130	1.9952623150e+10	1.9952623150e+10	1.0554364563e+01	1.1100988784e-01	4.5456664100e+00	
131	2.0417379447e+10	2.0417379447e+10	1.0400287684e+01	1.6064776341e-01	3.4094117069e+00	
132	2.0892961309e+10	2.0892961309e+10	1.0253902993e+01	2.1539315531e-01	2.7847451095e+00	
133	2.1379620895e+10	2.1379620895e+10	1.0114929782e+01	2.7118171902e-01	2.3950153142e+00	
134	2.1877616239e+10	2.1877616239e+10	9.9831007429e+00	3.2527073009e-01	2.1318829883e+00	
135	2.2387211386e+10	2.2387211386e+10	9.8581615769e+00	3.7605601318e-01	1.9443045789e+00	
136	2.2908676528e+10	2.2908676528e+10	9.7398706119e+00	4.2275659310e-01	1.8051391192e+00	
137	2.3442288153e+10	2.3442288153e+10	9.6279984415e+00	4.6512799392e-01	1.6986666539e+00	
138	2.3988329190e+10	2.3988329190e+10	9.5223275759e+00	5.0324735250e-01	1.6151832371e+00	
139	2.4547089157e+10	2.4547089157e+10	9.4226521099e+00	5.3736757230e-01	1.5483956269e+00	
140	2.5118864315e+10	2.5118864315e+10	9.3287774053e+00	5.6782452311e-01	1.4940585230e+00	
141	2.5703957828e+10	2.5703957828e+10	9.2405197895e+00	5.9498101355e-01	1.4492142963e+00	
142	2.6302679919e+10	2.6302679919e+10	9.1577062688e+00	6.1919478820e-01	1.4117461648e+00	
143	2.6915348039e+10	2.6915348039e+10	9.0801742568e+00	6.4080159549e-01	1.3801040606e+00	
144	2.7542287033e+10	2.7542287033e+10	9.0077713183e+00	6.6010739290e-01	1.3531302736e+00	
145	2.8183829313e+10	2.8183829313e+10	8.9403549283e+00	6.7738589726e-01	1.3299451034e+00	
146	2.8840315031e+10	2.8840315031e+10	8.8777922458e+00	6.9287911884e-01	1.3098698566e+00	
147	2.9512092267e+10	2.9512092267e+10	8.8199599024e+00	7.0679944195e-01	1.2923737834e+00	
148	3.0199517204e+10	3.0199517204e+10	8.7667438064e+00	7.1933239835e-01	1.2770367615e+00	
149	3.0902954325e+10	3.0902954325e+10	8.7180389610e+00	7.3063964155e-01	1.2635225759e+00	
150	3.1622776602e+10	3.1622776602e+10	8.6737492984e+00	7.4086185140e-01	1.2515594747e+00	
151	3.2359365693e+10	3.2359365693e+10	8.6337875274e+00	7.5012143128e-01	1.2409258114e+00	
152	3.3113112148e+10	3.3113112148e+10	8.5980749969e+00	7.5852493817e-01	1.2314393025e+00	
153	3.3884415614e+10	3.3884415614e+10	8.5665415739e+00	7.6616523066e-01	1.2229488924e+00	
154	3.4673685045e+10	3.4673685045e+10	8.5391255360e+00	7.7312334409e-01	1.2153285239e+00	
155	3.5481338923e+10	3.5481338923e+10	8.5157734793e+00	7.7947011410e-01	1.2084723194e+00	
156	3.6307805477e+10	3.6307805477e+10	8.4964402411e+00	7.8526757481e-01	1.2022908180e+00	
157	3.7153522910e+10	3.7153522910e+10	8.4810888373e+00	7.9057015907e-01	1.1967080115e+00	
158	3.8018939632e+10	3.8018939632e+10	8.4696904154e+00	7.9542572672e-01	1.1916589901e+00	
159	3.8904514499e+10	3.8904514499e+10	8.4622242224e+00	7.9987644490e-01	1.1870880586e+00	
160	3.9810717055e+10	3.9810717055e+10	8.4586775887e+00	8.0395954156e-01	1.1829472181e+00	
161	4.0738027780e+10	4.0738027780e+10	8.4590459264e+00	8.0770795081e-01	1.1791949341e+00	
162	4.1686938347e+10	4.1686938347e+10	8.4633327447e+00	8.1115086620e-01	1.1757951310e+00	
163	4.2657951880e+10	4.2657951880e+10	8.4715496804e+00	8.1431421561e-01	1.1727163654e+00	
164	4.3651583224e+10	4.3651583224e+10	8.4837165456e+00	8.1722106951e-01	1.1699311445e+00	
165	4.4668359215e+10	4.4668359215e+10	8.4998613905e+00	8.1989199262e-01	1.1674153587e+00	
166	4.5708818961e+10	4.5708818961e+10	8.5200205851e+00	8.2234534722e-01	1.1651478093e+00	
167	4.6773514129e+10	4.6773514129e+10	8.5442389164e+00	8.2459755547e-01	1.1631098116e+00	
168	4.7863009232e+10	4.7863009232e+10	8.5725697047e+00	8.2666332659e-01	1.1612848608e+00	
169	4.8977881937e+10	4.8977881937e+10	8.6050749374e+00	8.2855585414e-01	1.1596583488e+00	
170	5.0118723363e+10	5.0118723363e+10	8.6418254220e+00	8.3028698764e-01	1.1582173242e+00	
171	5.1286138399e+10	5.1286138399e+10	8.6829009578e+00	8.3186738227e-01	1.1569502867e+00	
172	5.2480746025e+10	5.2480746025e+10	8.7283905285e+00	8.3330662967e-01	1.1558470114e+00	
173	5.3703179637e+10	5.3703179637e+10	8.7783925152e+00	8.3461337255e-01	1.1548983969e+00	
174	5.4954087386e+10	5.4954087386e+10	8.8330149303e+00	8.3579540543e-01	1.1540963351e+00	
175	5.6234132519e+10	5.6234132519e+10	8.8923756746e+00	8.3685976321e-01	1.1534335968e+00	
176	5.7543993734e+10	5.7543993734e+10	8.9566028174e+00	8.3781279945e-01	1.1529037335e+00	
177	5.8884365536e+10	5.8884365536e+10	9.0258349012e+00	8.3866025561e-01	1.1525009906e+00	
178	6.0255958607e+10	6.0255958607e+10	9.1002212711e+00	8.3940732257e-01	1.1522202311e+00	
179	6.1659500186e+10	6.1659500186e+10	9.1799224322e+00	8.4005869527e-01	1.1520568692e+00	
180	6.3095734448e+10	6.3095734448e+10	9.2651104340e+00	8.4061862169e-01	1.1520068102e+00	
181	6.4565422903e+10	6.4565422903e+10	9.3559692856e+00	8.4109094655e-01	1.1520663978e+00	
182	6.6069344801e+10	6.6069344801e+10	9.4526954010e+00	8.4147915073e-01	1.1522323673e+00	
183	6.7608297539e+10	6.7608297539e+10	9.5554980784e+00	8.4178638678e-01	1.1525018021e+00	
184	6.9183097092e+10	6.9183097092e+10	9.6646000144e+00	8.4201551112e-01	1.1528720963e+00	
185	7.0794578438e+10	7.0794578438e+10	9.7802378553e+00	8.4216911328e-01	1.1533409188e+00	
186	7.2443596007e+10	7.2443596007e+10	9.9026627888e+00	8.4224954271e-01	1.1539061824e+00	
187	7.4131024130e+10	7.4131024130e+10	1.0032141177e+01	8.4225893331e-01	1.1545660138e+00	
188	7.5857757503e+10	7.5857757503e+10	1.0168955236e+01	8.4219922608e-01	1.1553187267e+00	
189	7.7624711663e+10	7.7624711663e+10	1.0313403764e+01	8.4207219012e-01	1.1561627969e+00	
190	7.9432823472e+10	7.9432823472e+10	1.0465802918e+01	8.4187944217e-01	1.1570968388e+00	
191	8.1283051616e+10	8.1283051616e+10	1.0626487054e+01	8.4162246487e-01	1.1581195832e+00	
192	8.3176377110e+10	8.3176377110e+10	1.0795809618e+01	8.4130262404e-01	1.1592298567e+00	
193	8.5113803820e+10	8.5113803820e+10	1.0974144112e+01	8.4092118485e-01	1.1604265617e+00	
194	8.7096358996e+10	8.7096358996e+10	1.1161885122e+01	8.4047932724e-01	1.1617086584e+00	
195	8.9125093813e+10	8.9125093813e+10	1.1359449426e+01	8.3997816062e-01	1.1630751458e+00	
196	9.1201083936e+10	9.1201083936e+10	1.1567277187e+01	8.3941873787e-01	1.1645250457e+00	
197	9.3325430080e+10	9.3325430080e+10	1.1785833231e+01	8.3880206873e-01	1.1660573852e+00	
198	9.5499258602e+10	9.5499258602e+10	1.2015608426e+01	8.3812913273e-01	1.1676711817e+00	
199	9.7723722096e+10	9.7723722096e+10	1.2257121166e+01	8.3740089151e-01	1.1693654269e+00	
200	1.0000000000e+11	1.0000000000e+11	1.2510918976e+01	8.3661830073e-01	1.1711390730e+00	
SWEEP_END
m_s11_db_lo = -1.469886542e+01
m_s11_db_mid = -8.850948702e+00
m_s11_db_hi = -3.037772705e+00
m_s21_db_lo = 1.7981848606e+01
m_s21_db_mid = 1.7359920951e+01
m_s21_db_hi = 1.3926942957e+01
m_s22_db_lo = -1.057320412e+01
m_s22_db_mid = -2.050659978e+01
m_s22_db_hi = -9.032015814e+00
m_s12_db_lo = -4.625060937e+01
m_s12_db_mid = -4.525138189e+01
m_s12_db_hi = -4.719904180e+01
m_k_lo = 1.1492092033e+01
m_k_mid = 1.0734428310e+01
m_k_hi = 1.0165008374e+01
m_nf_db_lo = 4.4316626434e+00
m_nf_db_mid = 4.7745529635e+00
m_nf_db_hi = 5.3596008458e+00
m_q1_vce = 1.3245565381e+00
m_q1_vbe = 7.2303338308e-01
m_q1_ic = 1.4315426558e-03
m_q1_icfrac = 5.9647610657e-02
m_q1_dtj = 3.3191669576e+00
m_q1_ft = 1.1324924328e+02
m_q2_vce = 1.1711331567e+00
m_q2_vbe = 7.2327130958e-01
m_q2_ic = 1.4261311865e-03
m_q2_icfrac = 5.9422132770e-02
m_q2_dtj = 2.9246394525e+00
m_q2_ft = 1.1431709862e+02
m_qr_vce = 7.3263393927e-01
m_qr_vbe = 7.3263393927e-01
m_qr_ic = 2.1422716745e-04
m_qr_icfrac = 7.1409055815e-02
m_qr_dtj = 1.7885162439e+00
m_qr_ft = 1.1399323933e+02
m_idd_ma = 1.9449818628e+00
m_pdc_mw = 4.8624546569e+00
m_d_lo = 9.3093538344e-02
m_mu_lo = 3.0429280378e+00
m_msg_db_lo = 6.4232457980e+01
m_d_mid = 6.8007396527e-02
m_mu_mid = 7.6693384518e+00
m_msg_db_mid = 6.2611302846e+01
m_d_hi = 2.5081989582e-01
m_mu_hi = 2.5191934208e+00
m_msg_db_hi = 6.1125984762e+01
m_sw_n = 2.0100000000e+02
m_sw_kmin = 8.4586775887e+00
m_sw_fkmin_ghz = 3.9810717055e+01
m_sw_kmin_hi = 8.4586775887e+00
m_sw_kmin_lo = 1.1657876559e+01
m_sw_dmax = 9.4453514414e-01
m_sw_mumin = 1.0000010402e+00
m_sw_nunst = 0.0000000000e+00
Doing analysis at TEMP = 125.000000 and TNOM = 27.000000

Using SPARSE 1.3 as Direct Linear Solver
Note: Starting dynamic gmin stepping
Note: Dynamic gmin stepping completed

Initial Transient Solution
--------------------------

Node                                   Voltage
----                                   -------
vdd                                        2.5
xdut.nr                               0.737795
xdut.er                             0.00516119
xdut.xqr.s1                        4.00314e-08
xdut.xqr.t                             1.78852
xdut.b1                               0.727344
xdut.oc                                    2.5
xdut.b2                                2.05214
xdut.c1                                1.32887
xdut.xq2.s1                        5.34531e-07
xdut.xq2.t                             2.92464
xdut.e1                             0.00431031
xdut.xq1.s1                        5.51876e-07
xdut.xq1.t                             3.31917
p1                                           0
xdut.in2                                     0
p2                                           0
s1n                                          0
s2n                                          0
l.xdut.lin#branch                            0
l.xdut.lfeed#branch                 0.00142613
vs2#branch                                   0
vs1#branch                                   0
vdd#branch                         -0.00194498


No. of Data Rows : 59

  Measurements for Transient Analysis

lna_rail_v          =  2.50000e+00

ngspice-46 done
