
Note: No compatibility mode selected!


Circuit: * klt sim -- generated corner deck, do not edit

Doing analysis at TEMP = 125.000000 and TNOM = 27.000000

Using SPARSE 1.3 as Direct Linear Solver


The temperature limiting function received NaN.
Please check your power dissipation and improve your heat sink Rth!
    This message will be shown only once.

Note: Starting dynamic gmin stepping
Note: Dynamic gmin stepping completed

No. of Data Rows : 1

  Measurements for Transient Analysis


Doing analysis at TEMP = 125.000000 and TNOM = 27.000000

Using SPARSE 1.3 as Direct Linear Solver
Note: Starting dynamic gmin stepping
Note: Dynamic gmin stepping completed

No. of Data Rows : 3

  Measurements for Transient Analysis


Reset re-loads circuit * klt sim -- generated corner deck, do not edit

Circuit: * klt sim -- generated corner deck, do not edit

Doing analysis at TEMP = 125.000000 and TNOM = 27.000000

Using SPARSE 1.3 as Direct Linear Solver
Note: Starting dynamic gmin stepping
Note: Dynamic gmin stepping completed

No. of Data Rows : 3

  Measurements for Transient Analysis


Reset re-loads circuit * klt sim -- generated corner deck, do not edit

Circuit: * klt sim -- generated corner deck, do not edit

Doing analysis at TEMP = 125.000000 and TNOM = 27.000000

Using SPARSE 1.3 as Direct Linear Solver
Note: Starting dynamic gmin stepping
Note: Dynamic gmin stepping completed

No. of Data Rows : 3

No. of Data Rows : 1

  Measurements for Transient Analysis


Doing analysis at TEMP = 125.000000 and TNOM = 27.000000

Using SPARSE 1.3 as Direct Linear Solver
Note: Starting dynamic gmin stepping
Note: Dynamic gmin stepping completed

No. of Data Rows : 201

  Measurements for Transient Analysis


Reset re-loads circuit * klt sim -- generated corner deck, do not edit

Circuit: * klt sim -- generated corner deck, do not edit

Doing analysis at TEMP = 125.000000 and TNOM = 27.000000

Using SPARSE 1.3 as Direct Linear Solver
Note: Starting dynamic gmin stepping
Note: Dynamic gmin stepping completed

No. of Data Rows : 201

  Measurements for Transient Analysis


Reset re-loads circuit * klt sim -- generated corner deck, do not edit

Circuit: * klt sim -- generated corner deck, do not edit

SWEEP_BEGIN
                                                                            * klt sim -- generated corner deck, do not edit
                                                                            AC Analysis  Sat Oct 10 01:25:51  2026
--------------------------------------------------------------------------------------------------------------------------------------------------------------------------------------------------------
Index   frequency       wf              wk              wd              wmu             
--------------------------------------------------------------------------------------------------------------------------------------------------------------------------------------------------------
0	1.0000000000e+09	1.0000000000e+09	4.8797940215e+02	9.4634868444e-01	1.0000010402e+00	
1	1.0232929923e+09	1.0232929923e+09	4.7587366457e+02	9.4633147833e-01	1.0000011408e+00	
2	1.0471285481e+09	1.0471285481e+09	4.6402844317e+02	9.4631345387e-01	1.0000012511e+00	
3	1.0715193052e+09	1.0715193052e+09	4.5243785875e+02	9.4629457142e-01	1.0000013722e+00	
4	1.0964781961e+09	1.0964781961e+09	4.4109619226e+02	9.4627478940e-01	1.0000015050e+00	
5	1.1220184543e+09	1.1220184543e+09	4.2999788169e+02	9.4625406418e-01	1.0000016506e+00	
6	1.1481536215e+09	1.1481536215e+09	4.1913751855e+02	9.4623234993e-01	1.0000018104e+00	
7	1.1748975549e+09	1.1748975549e+09	4.0850984418e+02	9.4620959859e-01	1.0000019856e+00	
8	1.2022644346e+09	1.2022644346e+09	3.9810975185e+02	9.4618575965e-01	1.0000021778e+00	
9	1.2302687708e+09	1.2302687708e+09	3.8793227819e+02	9.4616078012e-01	1.0000023887e+00	
10	1.2589254118e+09	1.2589254118e+09	3.7797260602e+02	9.4613460432e-01	1.0000026201e+00	
11	1.2882495517e+09	1.2882495517e+09	3.6822605843e+02	9.4610717378e-01	1.0000028739e+00	
12	1.3182567386e+09	1.3182567386e+09	3.5868809787e+02	9.4607842708e-01	1.0000031524e+00	
13	1.3489628826e+09	1.3489628826e+09	3.4935432366e+02	9.4604829967e-01	1.0000034579e+00	
14	1.3803842646e+09	1.3803842646e+09	3.4022046928e+02	9.4601672376e-01	1.0000037931e+00	
15	1.4125375446e+09	1.4125375446e+09	3.3128239998e+02	9.4598362806e-01	1.0000041609e+00	
16	1.4454397707e+09	1.4454397707e+09	3.2253610977e+02	9.4594893767e-01	1.0000045644e+00	
17	1.4791083882e+09	1.4791083882e+09	3.1397771984e+02	9.4591257380e-01	1.0000050072e+00	
18	1.5135612484e+09	1.5135612484e+09	3.0560347480e+02	9.4587445362e-01	1.0000054930e+00	
19	1.5488166189e+09	1.5488166189e+09	2.9740974091e+02	9.4583449002e-01	1.0000060262e+00	
20	1.5848931925e+09	1.5848931925e+09	2.8939300261e+02	9.4579259134e-01	1.0000066113e+00	
21	1.6218100974e+09	1.6218100974e+09	2.8154985984e+02	9.4574866113e-01	1.0000072534e+00	
22	1.6595869074e+09	1.6595869074e+09	2.7387702513e+02	9.4570259790e-01	1.0000079581e+00	
23	1.6982436525e+09	1.6982436525e+09	2.6637132052e+02	9.4565429479e-01	1.0000087315e+00	
24	1.7378008287e+09	1.7378008287e+09	2.5902967410e+02	9.4560363926e-01	1.0000095804e+00	
25	1.7782794100e+09	1.7782794100e+09	2.5184911702e+02	9.4555051281e-01	1.0000105122e+00	
26	1.8197008586e+09	1.8197008586e+09	2.4482677957e+02	9.4549479057e-01	1.0000115349e+00	
27	1.8620871367e+09	1.8620871367e+09	2.3795988822e+02	9.4543634095e-01	1.0000126577e+00	
28	1.9054607180e+09	1.9054607180e+09	2.3124576138e+02	9.4537502523e-01	1.0000138903e+00	
29	1.9498445998e+09	1.9498445998e+09	2.2468180586e+02	9.4531069712e-01	1.0000152435e+00	
30	1.9952623150e+09	1.9952623150e+09	2.1826551288e+02	9.4524320233e-01	1.0000167292e+00	
31	2.0417379447e+09	2.0417379447e+09	2.1199445413e+02	9.4517237802e-01	1.0000183606e+00	
32	2.0892961309e+09	2.0892961309e+09	2.0586627738e+02	9.4509805233e-01	1.0000201520e+00	
33	2.1379620895e+09	2.1379620895e+09	1.9987870247e+02	9.4502004377e-01	1.0000221192e+00	
34	2.1877616239e+09	2.1877616239e+09	1.9402951694e+02	9.4493816062e-01	1.0000242797e+00	
35	2.2387211386e+09	2.2387211386e+09	1.8831657153e+02	9.4485220028e-01	1.0000266527e+00	
36	2.2908676528e+09	2.2908676528e+09	1.8273777592e+02	9.4476194853e-01	1.0000292591e+00	
37	2.3442288153e+09	2.3442288153e+09	1.7729109417e+02	9.4466717882e-01	1.0000321224e+00	
38	2.3988329190e+09	2.3988329190e+09	1.7197454021e+02	9.4456765142e-01	1.0000352680e+00	
39	2.4547089157e+09	2.4547089157e+09	1.6678617345e+02	9.4446311253e-01	1.0000387241e+00	
40	2.5118864315e+09	2.5118864315e+09	1.6172409428e+02	9.4435329333e-01	1.0000425218e+00	
41	2.5703957828e+09	2.5703957828e+09	1.5678643968e+02	9.4423790894e-01	1.0000466951e+00	
42	2.6302679919e+09	2.6302679919e+09	1.5197137892e+02	9.4411665732e-01	1.0000512819e+00	
43	2.6915348039e+09	2.6915348039e+09	1.4727710938e+02	9.4398921802e-01	1.0000563235e+00	
44	2.7542287033e+09	2.7542287033e+09	1.4270185239e+02	9.4385525093e-01	1.0000618659e+00	
45	2.8183829313e+09	2.8183829313e+09	1.3824384936e+02	9.4371439478e-01	1.0000679593e+00	
46	2.8840315031e+09	2.8840315031e+09	1.3390135797e+02	9.4356626563e-01	1.0000746596e+00	
47	2.9512092267e+09	2.9512092267e+09	1.2967264862e+02	9.4341045518e-01	1.0000820282e+00	
48	3.0199517204e+09	3.0199517204e+09	1.2555600108e+02	9.4324652893e-01	1.0000901329e+00	
49	3.0902954325e+09	3.0902954325e+09	1.2154970137e+02	9.4307402419e-01	1.0000990485e+00	
50	3.1622776602e+09	3.1622776602e+09	1.1765203885e+02	9.4289244788e-01	1.0001088577e+00	
51	3.2359365693e+09	3.2359365693e+09	1.1386130370e+02	9.4270127413e-01	1.0001196519e+00	
52	3.3113112148e+09	3.3113112148e+09	1.1017578451e+02	9.4249994172e-01	1.0001315321e+00	
53	3.3884415614e+09	3.3884415614e+09	1.0659376632e+02	9.4228785116e-01	1.0001446099e+00	
54	3.4673685045e+09	3.4673685045e+09	1.0311352885e+02	9.4206436159e-01	1.0001590088e+00	
55	3.5481338923e+09	3.5481338923e+09	9.9733345074e+01	9.4182878734e-01	1.0001748655e+00	
56	3.6307805477e+09	3.6307805477e+09	9.6451480082e+01	9.4158039414e-01	1.0001923311e+00	
57	3.7153522910e+09	3.7153522910e+09	9.3266190250e+01	9.4131839492e-01	1.0002115732e+00	
58	3.8018939632e+09	3.8018939632e+09	9.0175722701e+01	9.4104194530e-01	1.0002327776e+00	
59	3.8904514499e+09	3.8904514499e+09	8.7178315057e+01	9.4075013844e-01	1.0002561499e+00	
60	3.9810717055e+09	3.9810717055e+09	8.4272195457e+01	9.4044199952e-01	1.0002819186e+00	
61	4.0738027780e+09	4.0738027780e+09	8.1455582855e+01	9.4011647950e-01	1.0003103369e+00	
62	4.1686938347e+09	4.1686938347e+09	7.8726687560e+01	9.3977244829e-01	1.0003416862e+00	
63	4.2657951880e+09	4.2657951880e+09	7.6083712006e+01	9.3940868715e-01	1.0003762794e+00	
64	4.3651583224e+09	4.3651583224e+09	7.3524851746e+01	9.3902388023e-01	1.0004144639e+00	
65	4.4668359215e+09	4.4668359215e+09	7.1048296634e+01	9.3861660519e-01	1.0004566268e+00	
66	4.5708818961e+09	4.5708818961e+09	6.8652232187e+01	9.3818532270e-01	1.0005031987e+00	
67	4.6773514129e+09	4.6773514129e+09	6.6334841094e+01	9.3772836483e-01	1.0005546598e+00	
68	4.7863009232e+09	4.7863009232e+09	6.4094304863e+01	9.3724392193e-01	1.0006115454e+00	
69	4.8977881937e+09	4.8977881937e+09	6.1928805571e+01	9.3673002807e-01	1.0006744530e+00	
70	5.0118723363e+09	5.0118723363e+09	5.9836527707e+01	9.3618454470e-01	1.0007440503e+00	
71	5.1286138399e+09	5.1286138399e+09	5.7815660075e+01	9.3560514222e-01	1.0008210837e+00	
72	5.2480746025e+09	5.2480746025e+09	5.5864397744e+01	9.3498927939e-01	1.0009063888e+00	
73	5.3703179637e+09	5.3703179637e+09	5.3980944023e+01	9.3433418005e-01	1.0010009018e+00	
74	5.4954087386e+09	5.4954087386e+09	5.2163512441e+01	9.3363680686e-01	1.0011056729e+00	
75	5.6234132519e+09	5.6234132519e+09	5.0410328711e+01	9.3289383167e-01	1.0012218814e+00	
76	5.7543993734e+09	5.7543993734e+09	4.8719632672e+01	9.3210160196e-01	1.0013508531e+00	
77	5.8884365536e+09	5.8884365536e+09	4.7089680177e+01	9.3125610272e-01	1.0014940806e+00	
78	6.0255958607e+09	6.0255958607e+09	4.5518744930e+01	9.3035291320e-01	1.0016532467e+00	
79	6.1659500186e+09	6.1659500186e+09	4.4005120246e+01	9.2938715767e-01	1.0018302508e+00	
80	6.3095734448e+09	6.3095734448e+09	4.2547120739e+01	9.2835344918e-01	1.0020272402e+00	
81	6.4565422903e+09	6.4565422903e+09	4.1143083910e+01	9.2724582534e-01	1.0022466464e+00	
82	6.6069344801e+09	6.6069344801e+09	3.9791371639e+01	9.2605767478e-01	1.0024912274e+00	
83	6.7608297539e+09	6.7608297539e+09	3.8490371580e+01	9.2478165267e-01	1.0027641165e+00	
84	6.9183097092e+09	6.9183097092e+09	3.7238498435e+01	9.2340958365e-01	1.0030688802e+00	
85	7.0794578438e+09	7.0794578438e+09	3.6034195128e+01	9.2193234987e-01	1.0034095862e+00	
86	7.2443596007e+09	7.2443596007e+09	3.4875933853e+01	9.2033976171e-01	1.0037908831e+00	
87	7.4131024130e+09	7.4131024130e+09	3.3762217018e+01	9.1862040809e-01	1.0042180945e+00	
88	7.5857757503e+09	7.5857757503e+09	3.2691578067e+01	9.1676148278e-01	1.0046973317e+00	
89	7.7624711663e+09	7.7624711663e+09	3.1662582186e+01	9.1474858244e-01	1.0052356264e+00	
90	7.9432823472e+09	7.9432823472e+09	3.0673826907e+01	9.1256547117e-01	1.0058410903e+00	
91	8.1283051616e+09	8.1283051616e+09	2.9723942592e+01	9.1019380554e-01	1.0065231060e+00	
92	8.3176377110e+09	8.3176377110e+09	2.8811592819e+01	9.0761281251e-01	1.0072925566e+00	
93	8.5113803820e+09	8.5113803820e+09	2.7935474667e+01	9.0479891168e-01	1.0081621039e+00	
94	8.7096358996e+09	8.7096358996e+09	2.7094318896e+01	9.0172527089e-01	1.0091465256e+00	
95	8.9125093813e+09	8.9125093813e+09	2.6286890048e+01	8.9836128267e-01	1.0102631263e+00	
96	9.1201083936e+09	9.1201083936e+09	2.5511986452e+01	8.9467194612e-01	1.0115322423e+00	
97	9.3325430080e+09	9.3325430080e+09	2.4768440152e+01	8.9061713585e-01	1.0129778613e+00	
98	9.5499258602e+09	9.5499258602e+09	2.4055116759e+01	8.8615073612e-01	1.0146283916e+00	
99	9.7723722096e+09	9.7723722096e+09	2.3370915235e+01	8.8121961417e-01	1.0165176180e+00	
100	1.0000000000e+10	1.0000000000e+10	2.2714767613e+01	8.7576240192e-01	1.0186858992e+00	
101	1.0232929923e+10	1.0232929923e+10	2.2085638660e+01	8.6970805035e-01	1.0211816761e+00	
102	1.0471285481e+10	1.0471285481e+10	2.1482525483e+01	8.6297411514e-01	1.0240633837e+00	
103	1.0715193052e+10	1.0715193052e+10	2.0904457095e+01	8.5546472739e-01	1.0274018918e+00	
104	1.0964781961e+10	1.0964781961e+10	2.0350493935e+01	8.4706819950e-01	1.0312836421e+00	
105	1.1220184543e+10	1.1220184543e+10	1.9819727353e+01	8.3765421526e-01	1.0358147123e+00	
106	1.1481536215e+10	1.1481536215e+10	1.9311279066e+01	8.2707055927e-01	1.0411261239e+00	
107	1.1748975549e+10	1.1748975549e+10	1.8824300578e+01	8.1513935662e-01	1.0473808315e+00	
108	1.2022644346e+10	1.2022644346e+10	1.8357972592e+01	8.0165283034e-01	1.0547830149e+00	
109	1.2302687708e+10	1.2302687708e+10	1.7911504389e+01	7.8636865246e-01	1.0635905501e+00	
110	1.2589254118e+10	1.2589254118e+10	1.7484133200e+01	7.6900508662e-01	1.0741319256e+00	
111	1.2882495517e+10	1.2882495517e+10	1.7075123568e+01	7.4923632812e-01	1.0868294517e+00	
112	1.3182567386e+10	1.3182567386e+10	1.6683766696e+01	7.2668878861e-01	1.1022314998e+00	
113	1.3489628826e+10	1.3489628826e+10	1.6309379793e+01	7.0093961703e-01	1.1210579049e+00	
114	1.3803842646e+10	1.3803842646e+10	1.5951305422e+01	6.7151958937e-01	1.1442648913e+00	
115	1.4125375446e+10	1.4125375446e+10	1.5608910840e+01	6.3792375198e-01	1.1731395521e+00	
116	1.4454397707e+10	1.4454397707e+10	1.5281587344e+01	5.9963498163e-01	1.2094401457e+00	
117	1.4791083882e+10	1.4791083882e+10	1.4968749625e+01	5.5616797703e-01	1.2556094853e+00	
118	1.5135612484e+10	1.5135612484e+10	1.4669835124e+01	5.0714394800e-01	1.3151090618e+00	
119	1.5488166189e+10	1.5488166189e+10	1.4384303394e+01	4.5240869838e-01	1.3929612315e+00	
120	1.5848931925e+10	1.5848931925e+10	1.4111635476e+01	3.9220700237e-01	1.4966690542e+00	
121	1.6218100974e+10	1.6218100974e+10	1.3851333284e+01	3.2741999948e-01	1.6378663022e+00	
122	1.6595869074e+10	1.6595869074e+10	1.3602918998e+01	2.5985213698e-01	1.8354924196e+00	
123	1.6982436525e+10	1.6982436525e+10	1.3365934472e+01	1.9250988715e-01	2.1224715820e+00	
124	1.7378008287e+10	1.7378008287e+10	1.3139940660e+01	1.2974812738e-01	2.5614936502e+00	
125	1.7782794100e+10	1.7782794100e+10	1.2924517042e+01	7.7158330967e-02	3.2887300937e+00	
126	1.8197008586e+10	1.8197008586e+10	1.2719261083e+01	4.1562739162e-02	4.6674265342e+00	
127	1.8620871367e+10	1.8620871367e+10	1.2523787689e+01	3.0813697105e-02	8.1055086158e+00	
128	1.9054607180e+10	1.9054607180e+10	1.2337728692e+01	4.1802086804e-02	2.1118265811e+01	
129	1.9498445998e+10	1.9498445998e+10	1.2160732344e+01	6.7626400252e-02	7.4778457172e+00	
130	1.9952623150e+10	1.9952623150e+10	1.1992462825e+01	1.0724197355e-01	4.6767625852e+00	
131	2.0417379447e+10	2.0417379447e+10	1.1832599773e+01	1.5685817633e-01	3.4872428481e+00	
132	2.0892961309e+10	2.0892961309e+10	1.1680837829e+01	2.1161868942e-01	2.8387277190e+00	
133	2.1379620895e+10	2.1379620895e+10	1.1536886192e+01	2.6751182056e-01	2.4359327269e+00	
134	2.1877616239e+10	2.1877616239e+10	1.1400468199e+01	3.2179241660e-01	2.1647086954e+00	
135	2.2387211386e+10	2.2387211386e+10	1.1271320915e+01	3.7283071986e-01	1.9716898326e+00	
136	2.2908676528e+10	2.2908676528e+10	1.1149194745e+01	4.1981689457e-01	1.8286461544e+00	
137	2.3442288153e+10	2.3442288153e+10	1.1033853057e+01	4.6248292215e-01	1.7192861670e+00	
138	2.3988329190e+10	2.3988329190e+10	1.0925071826e+01	5.0088969998e-01	1.6335796901e+00	
139	2.4547089157e+10	2.4547089157e+10	1.0822639291e+01	5.3528032236e-01	1.5650347264e+00	
140	2.5118864315e+10	2.5118864315e+10	1.0726355631e+01	5.6598561423e-01	1.5092784184e+00	
141	2.5703957828e+10	2.5703957828e+10	1.0636032656e+01	5.9336652719e-01	1.4632677258e+00	
142	2.6302679919e+10	2.6302679919e+10	1.0551493513e+01	6.1778091840e-01	1.4248266281e+00	
143	2.6915348039e+10	2.6915348039e+10	1.0472572413e+01	6.3956576799e-01	1.3923627370e+00	
144	2.7542287033e+10	2.7542287033e+10	1.0399114369e+01	6.5902882792e-01	1.3646873383e+00	
145	2.8183829313e+10	2.8183829313e+10	1.0330974950e+01	6.7644582675e-01	1.3408975202e+00	
146	2.8840315031e+10	2.8840315031e+10	1.0268020057e+01	6.9206079988e-01	1.3202968821e+00	
147	2.9512092267e+10	2.9512092267e+10	1.0210125710e+01	7.0608805764e-01	1.3023409420e+00	
148	3.0199517204e+10	3.0199517204e+10	1.0157177848e+01	7.1871490290e-01	1.2865987721e+00	
149	3.0902954325e+10	3.0902954325e+10	1.0109072157e+01	7.3010458370e-01	1.2727255438e+00	
150	3.1622776602e+10	3.1622776602e+10	1.0065713896e+01	7.4039919594e-01	1.2604425592e+00	
151	3.2359365693e+10	3.2359365693e+10	1.0027017760e+01	7.4972238924e-01	1.2495225119e+00	
152	3.3113112148e+10	3.3113112148e+10	9.9929077360e+00	7.5818181101e-01	1.2397784621e+00	
153	3.3884415614e+10	3.3884415614e+10	9.9633169970e+00	7.6587127040e-01	1.2310554908e+00	
154	3.4673685045e+10	3.4673685045e+10	9.9381877958e+00	7.7287262958e-01	1.2232243095e+00	
155	3.5481338923e+10	3.5481338923e+10	9.9174713828e+00	7.7925744247e-01	1.2161763184e+00	
156	3.6307805477e+10	3.6307805477e+10	9.9011279376e+00	7.8508836699e-01	1.2098197477e+00	
157	3.7153522910e+10	3.7153522910e+10	9.8891265180e+00	7.9042037773e-01	1.2040766183e+00	
158	3.8018939632e+10	3.8018939632e+10	9.8814450240e+00	7.9530180520e-01	1.1988803282e+00	
159	3.8904514499e+10	3.8904514499e+10	9.8780701797e+00	7.9977522571e-01	1.1941737213e+00	
160	3.9810717055e+10	3.9810717055e+10	9.8789975309e+00	8.0387822316e-01	1.1899075306e+00	
161	4.0738027780e+10	4.0738027780e+10	9.8842314610e+00	8.0764404158e-01	1.1860391159e+00	
162	4.1686938347e+10	4.1686938347e+10	9.8937852228e+00	8.1110214451e-01	1.1825314320e+00	
163	4.2657951880e+10	4.2657951880e+10	9.9076809891e+00	8.1427869523e-01	1.1793521825e+00	
164	4.3651583224e+10	4.3651583224e+10	9.9259499204e+00	8.1719696953e-01	1.1764731196e+00	
165	4.4668359215e+10	4.4668359215e+10	9.9486322512e+00	8.1987771127e-01	1.1738694637e+00	
166	4.5708818961e+10	4.5708818961e+10	9.9757773954e+00	8.2233943909e-01	1.1715194184e+00	
167	4.6773514129e+10	4.6773514129e+10	1.0007444071e+01	8.2459871161e-01	1.1694037635e+00	
168	4.7863009232e+10	4.7863009232e+10	1.0043700443e+01	8.2667035708e-01	1.1675055129e+00	
169	4.8977881937e+10	4.8977881937e+10	1.0084624289e+01	8.2856767287e-01	1.1658096240e+00	
170	5.0118723363e+10	5.0118723363e+10	1.0130303187e+01	8.3030259895e-01	1.1643027513e+00	
171	5.1286138399e+10	5.1286138399e+10	1.0180834719e+01	8.3188586922e-01	1.1629730358e+00	
172	5.2480746025e+10	5.2480746025e+10	1.0236326704e+01	8.3332714375e-01	1.1618099249e+00	
173	5.3703179637e+10	5.3703179637e+10	1.0296897452e+01	8.3463512470e-01	1.1608040165e+00	
174	5.4954087386e+10	5.4954087386e+10	1.0362676041e+01	8.3581765807e-01	1.1599469251e+00	
175	5.6234132519e+10	5.6234132519e+10	1.0433802626e+01	8.3688182333e-01	1.1592311652e+00	
176	5.7543993734e+10	5.7543993734e+10	1.0510428762e+01	8.3783401257e-01	1.1586500500e+00	
177	5.8884365536e+10	5.8884365536e+10	1.0592717774e+01	8.3868000054e-01	1.1581976025e+00	
178	6.0255958607e+10	6.0255958607e+10	1.0680845140e+01	8.3942500682e-01	1.1578684775e+00	
179	6.1659500186e+10	6.1659500186e+10	1.0774998915e+01	8.4007375124e-01	1.1576578933e+00	
180	6.3095734448e+10	6.3095734448e+10	1.0875380183e+01	8.4063050334e-01	1.1575615700e+00	
181	6.4565422903e+10	6.4565422903e+10	1.0982203551e+01	8.4109912672e-01	1.1575756760e+00	
182	6.6069344801e+10	6.6069344801e+10	1.1095697676e+01	8.4148311891e-01	1.1576967793e+00	
183	6.7608297539e+10	6.7608297539e+10	1.1216105831e+01	8.4178564745e-01	1.1579218042e+00	
184	6.9183097092e+10	6.9183097092e+10	1.1343686514e+01	8.4200958248e-01	1.1582479915e+00	
185	7.0794578438e+10	7.0794578438e+10	1.1478714108e+01	8.4215752652e-01	1.1586728634e+00	
186	7.2443596007e+10	7.2443596007e+10	1.1621479585e+01	8.4223184161e-01	1.1591941908e+00	
187	7.4131024130e+10	7.4131024130e+10	1.1772291260e+01	8.4223467433e-01	1.1598099634e+00	
188	7.5857757503e+10	7.5857757503e+10	1.1931475610e+01	8.4216797882e-01	1.1605183622e+00	
189	7.7624711663e+10	7.7624711663e+10	1.2099378144e+01	8.4203353815e-01	1.1613177343e+00	
190	7.9432823472e+10	7.9432823472e+10	1.2276364343e+01	8.4183298425e-01	1.1622065689e+00	
191	8.1283051616e+10	8.1283051616e+10	1.2462820676e+01	8.4156781656e-01	1.1631834753e+00	
192	8.3176377110e+10	8.3176377110e+10	1.2659155681e+01	8.4123941956e-01	1.1642471616e+00	
193	8.5113803820e+10	8.5113803820e+10	1.2865801136e+01	8.4084907931e-01	1.1653964155e+00	
194	8.7096358996e+10	8.7096358996e+10	1.3083213326e+01	8.4039799920e-01	1.1666300850e+00	
195	8.9125093813e+10	8.9125093813e+10	1.3311874391e+01	8.3988731485e-01	1.1679470611e+00	
196	9.1201083936e+10	9.1201083936e+10	1.3552293801e+01	8.3931810838e-01	1.1693462603e+00	
197	9.3325430080e+10	9.3325430080e+10	1.3805009932e+01	8.3869142202e-01	1.1708266086e+00	
198	9.5499258602e+10	9.5499258602e+10	1.4070591777e+01	8.3800827118e-01	1.1723870258e+00	
199	9.7723722096e+10	9.7723722096e+10	1.4349640794e+01	8.3726965688e-01	1.1740264104e+00	
200	1.0000000000e+11	1.0000000000e+11	1.4642792906e+01	8.3647657780e-01	1.1757436255e+00	
SWEEP_END
m_s11_db_lo = -1.489776944e+01
m_s11_db_mid = -8.958497863e+00
m_s11_db_hi = -3.128753675e+00
m_s21_db_lo = 1.6870311994e+01
m_s21_db_mid = 1.6226801623e+01
m_s21_db_hi = 1.2850554926e+01
m_s22_db_lo = -1.066955330e+01
m_s22_db_mid = -2.055815288e+01
m_s22_db_hi = -9.066063499e+00
m_s12_db_lo = -4.616573348e+01
m_s12_db_mid = -4.518736570e+01
m_s12_db_hi = -4.707760145e+01
m_k_lo = 1.2967343359e+01
m_k_mid = 1.2179428596e+01
m_k_hi = 1.1588743262e+01
m_nf_db_lo = 4.4757330192e+00
m_nf_db_mid = 4.8093951044e+00
m_nf_db_hi = 5.4160275800e+00
m_q1_vce = 1.1260518203e+00
m_q1_vbe = 7.1754919107e-01
m_q1_ic = 1.2371528849e-03
m_q1_icfrac = 5.1548036872e-02
m_q1_dtj = 2.4395869891e+00
m_q1_ft = 1.0062688968e+02
m_q2_vce = 1.1202226939e+00
m_q2_vbe = 7.1740876676e-01
m_q2_ic = 1.2324944561e-03
m_q2_icfrac = 5.1353935670e-02
m_q2_dtj = 2.4178506809e+00
m_q2_ft = 1.0211573571e+02
m_qr_vce = 7.2618016443e-01
m_qr_vbe = 7.2618016443e-01
m_qr_ic = 1.8454299448e-04
m_qr_icfrac = 6.1514331494e-02
m_qr_dtj = 1.5270735715e+00
m_qr_ft = 1.0200972779e+02
m_idd_ma = 1.6909592974e+00
m_pdc_mw = 3.8046584191e+00
m_d_lo = 8.6688048228e-02
m_mu_lo = 3.1063462067e+00
m_msg_db_lo = 6.3036045476e+01
m_d_mid = 6.4133998544e-02
m_mu_mid = 8.0208031136e+00
m_msg_db_mid = 6.1414167320e+01
m_d_hi = 2.4710067191e-01
m_mu_hi = 2.5641293338e+00
m_msg_db_hi = 5.9928156379e+01
m_sw_n = 2.0100000000e+02
m_sw_kmin = 9.8780701797e+00
m_sw_fkmin_ghz = 3.8904514499e+01
m_sw_kmin_hi = 9.8780701797e+00
m_sw_kmin_lo = 1.3139940660e+01
m_sw_dmax = 9.4634868444e-01
m_sw_mumin = 1.0000010402e+00
m_sw_nunst = 0.0000000000e+00
Doing analysis at TEMP = 125.000000 and TNOM = 27.000000

Using SPARSE 1.3 as Direct Linear Solver
Note: Starting dynamic gmin stepping
Note: Dynamic gmin stepping completed

Initial Transient Solution
--------------------------

Node                                   Voltage
----                                   -------
vdd                                       2.25
xdut.nr                               0.730626
xdut.er                              0.0044459
xdut.xqr.s1                        3.91192e-08
xdut.xqr.t                             1.52707
xdut.b1                               0.721275
xdut.oc                                   2.25
xdut.b2                                1.84719
xdut.c1                                1.12978
xdut.xq2.s1                        5.11201e-07
xdut.xq2.t                             2.41785
xdut.e1                             0.00372549
xdut.xq1.s1                        5.10938e-07
xdut.xq1.t                             2.43959
p1                                           0
xdut.in2                                     0
p2                                           0
s1n                                          0
s2n                                          0
l.xdut.lin#branch                            0
l.xdut.lfeed#branch                 0.00123249
vs2#branch                                   0
vs1#branch                                   0
vdd#branch                         -0.00169096


No. of Data Rows : 59

  Measurements for Transient Analysis

lna_rail_v          =  2.25000e+00

ngspice-46 done
