
Note: No compatibility mode selected!


Circuit: * klt sim -- generated corner deck, do not edit

Doing analysis at TEMP = 125.000000 and TNOM = 27.000000

Using SPARSE 1.3 as Direct Linear Solver


The temperature limiting function received NaN.
Please check your power dissipation and improve your heat sink Rth!
    This message will be shown only once.

Note: Starting dynamic gmin stepping
Note: Dynamic gmin stepping completed

No. of Data Rows : 1

  Measurements for Transient Analysis


Doing analysis at TEMP = 125.000000 and TNOM = 27.000000

Using SPARSE 1.3 as Direct Linear Solver
Note: Starting dynamic gmin stepping
Note: Dynamic gmin stepping completed

No. of Data Rows : 3

  Measurements for Transient Analysis


Reset re-loads circuit * klt sim -- generated corner deck, do not edit

Circuit: * klt sim -- generated corner deck, do not edit

Doing analysis at TEMP = 125.000000 and TNOM = 27.000000

Using SPARSE 1.3 as Direct Linear Solver
Note: Starting dynamic gmin stepping
Note: Dynamic gmin stepping completed

No. of Data Rows : 3

  Measurements for Transient Analysis


Reset re-loads circuit * klt sim -- generated corner deck, do not edit

Circuit: * klt sim -- generated corner deck, do not edit

Doing analysis at TEMP = 125.000000 and TNOM = 27.000000

Using SPARSE 1.3 as Direct Linear Solver
Note: Starting dynamic gmin stepping
Note: Dynamic gmin stepping completed

No. of Data Rows : 3

No. of Data Rows : 1

  Measurements for Transient Analysis


Doing analysis at TEMP = 125.000000 and TNOM = 27.000000

Using SPARSE 1.3 as Direct Linear Solver
Note: Starting dynamic gmin stepping
Note: Dynamic gmin stepping completed

No. of Data Rows : 201

  Measurements for Transient Analysis


Reset re-loads circuit * klt sim -- generated corner deck, do not edit

Circuit: * klt sim -- generated corner deck, do not edit

Doing analysis at TEMP = 125.000000 and TNOM = 27.000000

Using SPARSE 1.3 as Direct Linear Solver
Note: Starting dynamic gmin stepping
Note: Dynamic gmin stepping completed

No. of Data Rows : 201

  Measurements for Transient Analysis


Reset re-loads circuit * klt sim -- generated corner deck, do not edit

Circuit: * klt sim -- generated corner deck, do not edit

SWEEP_BEGIN
                                                                            * klt sim -- generated corner deck, do not edit
                                                                            AC Analysis  Sat Oct 10 01:25:51  2026
--------------------------------------------------------------------------------------------------------------------------------------------------------------------------------------------------------
Index   frequency       wf              wk              wd              wmu             
--------------------------------------------------------------------------------------------------------------------------------------------------------------------------------------------------------
0	1.0000000000e+09	1.0000000000e+09	5.1735149693e+02	9.5242029133e-01	1.0000010399e+00	
1	1.0232929923e+09	1.0232929923e+09	5.0502321548e+02	9.5241173643e-01	1.0000011405e+00	
2	1.0471285481e+09	1.0471285481e+09	4.9296487275e+02	9.5240277168e-01	1.0000012508e+00	
3	1.0715193052e+09	1.0715193052e+09	4.8117022378e+02	9.5239337696e-01	1.0000013718e+00	
4	1.0964781961e+09	1.0964781961e+09	4.6963317680e+02	9.5238353114e-01	1.0000015045e+00	
5	1.1220184543e+09	1.1220184543e+09	4.5834777992e+02	9.5237321199e-01	1.0000016500e+00	
6	1.1481536215e+09	1.1481536215e+09	4.4730822730e+02	9.5236239616e-01	1.0000018097e+00	
7	1.1748975549e+09	1.1748975549e+09	4.3650885301e+02	9.5235105910e-01	1.0000019849e+00	
8	1.2022644346e+09	1.2022644346e+09	4.2594412775e+02	9.5233917499e-01	1.0000021770e+00	
9	1.2302687708e+09	1.2302687708e+09	4.1560865645e+02	9.5232671670e-01	1.0000023878e+00	
10	1.2589254118e+09	1.2589254118e+09	4.0549717805e+02	9.5231365567e-01	1.0000026190e+00	
11	1.2882495517e+09	1.2882495517e+09	3.9560456112e+02	9.5229996186e-01	1.0000028726e+00	
12	1.3182567386e+09	1.3182567386e+09	3.8592580279e+02	9.5228560366e-01	1.0000031509e+00	
13	1.3489628826e+09	1.3489628826e+09	3.7645602609e+02	9.5227054780e-01	1.0000034562e+00	
14	1.3803842646e+09	1.3803842646e+09	3.6719047737e+02	9.5225475925e-01	1.0000037912e+00	
15	1.4125375446e+09	1.4125375446e+09	3.5812452582e+02	9.5223820113e-01	1.0000041586e+00	
16	1.4454397707e+09	1.4454397707e+09	3.4925365912e+02	9.5222083458e-01	1.0000045619e+00	
17	1.4791083882e+09	1.4791083882e+09	3.4057348445e+02	9.5220261867e-01	1.0000050043e+00	
18	1.5135612484e+09	1.5135612484e+09	3.3207972395e+02	9.5218351028e-01	1.0000054897e+00	
19	1.5488166189e+09	1.5488166189e+09	3.2376821450e+02	9.5216346391e-01	1.0000060224e+00	
20	1.5848931925e+09	1.5848931925e+09	3.1563490575e+02	9.5214243163e-01	1.0000066069e+00	
21	1.6218100974e+09	1.6218100974e+09	3.0767585748e+02	9.5212036284e-01	1.0000072484e+00	
22	1.6595869074e+09	1.6595869074e+09	2.9988723874e+02	9.5209720420e-01	1.0000079523e+00	
23	1.6982436525e+09	1.6982436525e+09	2.9226532583e+02	9.5207289937e-01	1.0000087249e+00	
24	1.7378008287e+09	1.7378008287e+09	2.8480650089e+02	9.5204738888e-01	1.0000095728e+00	
25	1.7782794100e+09	1.7782794100e+09	2.7750724950e+02	9.5202060992e-01	1.0000105035e+00	
26	1.8197008586e+09	1.8197008586e+09	2.7036415980e+02	9.5199249612e-01	1.0000115250e+00	
27	1.8620871367e+09	1.8620871367e+09	2.6337392040e+02	9.5196297732e-01	1.0000126463e+00	
28	1.9054607180e+09	1.9054607180e+09	2.5653331864e+02	9.5193197936e-01	1.0000138772e+00	
29	1.9498445998e+09	1.9498445998e+09	2.4983923899e+02	9.5189942376e-01	1.0000152285e+00	
30	1.9952623150e+09	1.9952623150e+09	2.4328866120e+02	9.5186522749e-01	1.0000167121e+00	
31	2.0417379447e+09	2.0417379447e+09	2.3687865863e+02	9.5182930262e-01	1.0000183410e+00	
32	2.0892961309e+09	2.0892961309e+09	2.3060639627e+02	9.5179155603e-01	1.0000201295e+00	
33	2.1379620895e+09	2.1379620895e+09	2.2446912895e+02	9.5175188903e-01	1.0000220935e+00	
34	2.1877616239e+09	2.1877616239e+09	2.1846419930e+02	9.5171019699e-01	1.0000242503e+00	
35	2.2387211386e+09	2.2387211386e+09	2.1258903584e+02	9.5166636891e-01	1.0000266190e+00	
36	2.2908676528e+09	2.2908676528e+09	2.0684115087e+02	9.5162028700e-01	1.0000292205e+00	
37	2.3442288153e+09	2.3442288153e+09	2.0121813824e+02	9.5157182617e-01	1.0000320782e+00	
38	2.3988329190e+09	2.3988329190e+09	1.9571767122e+02	9.5152085353e-01	1.0000352174e+00	
39	2.4547089157e+09	2.4547089157e+09	1.9033750014e+02	9.5146722777e-01	1.0000386662e+00	
40	2.5118864315e+09	2.5118864315e+09	1.8507544995e+02	9.5141079864e-01	1.0000424554e+00	
41	2.5703957828e+09	2.5703957828e+09	1.7992941773e+02	9.5135140616e-01	1.0000466192e+00	
42	2.6302679919e+09	2.6302679919e+09	1.7489737018e+02	9.5128887998e-01	1.0000511949e+00	
43	2.6915348039e+09	2.6915348039e+09	1.6997734083e+02	9.5122303857e-01	1.0000562239e+00	
44	2.7542287033e+09	2.7542287033e+09	1.6516742736e+02	9.5115368831e-01	1.0000617517e+00	
45	2.8183829313e+09	2.8183829313e+09	1.6046578870e+02	9.5108062261e-01	1.0000678286e+00	
46	2.8840315031e+09	2.8840315031e+09	1.5587064213e+02	9.5100362086e-01	1.0000745099e+00	
47	2.9512092267e+09	2.9512092267e+09	1.5138026026e+02	9.5092244727e-01	1.0000818566e+00	
48	3.0199517204e+09	3.0199517204e+09	1.4699296797e+02	9.5083684971e-01	1.0000899362e+00	
49	3.0902954325e+09	3.0902954325e+09	1.4270713925e+02	9.5074655832e-01	1.0000988230e+00	
50	3.1622776602e+09	3.1622776602e+09	1.3852119406e+02	9.5065128406e-01	1.0001085993e+00	
51	3.2359365693e+09	3.2359365693e+09	1.3443359510e+02	9.5055071707e-01	1.0001193556e+00	
52	3.3113112148e+09	3.3113112148e+09	1.3044284455e+02	9.5044452495e-01	1.0001311923e+00	
53	3.3884415614e+09	3.3884415614e+09	1.2654748090e+02	9.5033235076e-01	1.0001442201e+00	
54	3.4673685045e+09	3.4673685045e+09	1.2274607560e+02	9.5021381090e-01	1.0001585615e+00	
55	3.5481338923e+09	3.5481338923e+09	1.1903722997e+02	9.5008849276e-01	1.0001743520e+00	
56	3.6307805477e+09	3.6307805477e+09	1.1541957194e+02	9.4995595214e-01	1.0001917416e+00	
57	3.7153522910e+09	3.7153522910e+09	1.1189175295e+02	9.4981571031e-01	1.0002108962e+00	
58	3.8018939632e+09	3.8018939632e+09	1.0845244495e+02	9.4966725093e-01	1.0002319996e+00	
59	3.8904514499e+09	3.8904514499e+09	1.0510033743e+02	9.4951001646e-01	1.0002552556e+00	
60	3.9810717055e+09	3.9810717055e+09	1.0183413457e+02	9.4934340437e-01	1.0002808901e+00	
61	4.0738027780e+09	4.0738027780e+09	9.8652552557e+01	9.4916676272e-01	1.0003091536e+00	
62	4.1686938347e+09	4.1686938347e+09	9.5554317019e+01	9.4897938549e-01	1.0003403242e+00	
63	4.2657951880e+09	4.2657951880e+09	9.2538160601e+01	9.4878050719e-01	1.0003747106e+00	
64	4.3651583224e+09	4.3651583224e+09	8.9602820753e+01	9.4856929698e-01	1.0004126561e+00	
65	4.4668359215e+09	4.4668359215e+09	8.6747037667e+01	9.4834485208e-01	1.0004545422e+00	
66	4.5708818961e+09	4.5708818961e+09	8.3969552431e+01	9.4810619038e-01	1.0005007935e+00	
67	4.6773514129e+09	4.6773514129e+09	8.1269105374e+01	9.4785224228e-01	1.0005518827e+00	
68	4.7863009232e+09	4.7863009232e+09	7.8644434627e+01	9.4758184142e-01	1.0006083367e+00	
69	4.8977881937e+09	4.8977881937e+09	7.6094274897e+01	9.4729371444e-01	1.0006707428e+00	
70	5.0118723363e+09	5.0118723363e+09	7.3617356460e+01	9.4698646937e-01	1.0007397568e+00	
71	5.1286138399e+09	5.1286138399e+09	7.1212404367e+01	9.4665858264e-01	1.0008161112e+00	
72	5.2480746025e+09	5.2480746025e+09	6.8878137869e+01	9.4630838444e-01	1.0009006248e+00	
73	5.3703179637e+09	5.3703179637e+09	6.6613270058e+01	9.4593404224e-01	1.0009942142e+00	
74	5.4954087386e+09	5.4954087386e+09	6.4416507704e+01	9.4553354211e-01	1.0010979064e+00	
75	5.6234132519e+09	5.6234132519e+09	6.2286551297e+01	9.4510466769e-01	1.0012128529e+00	
76	5.7543993734e+09	5.7543993734e+09	6.0222095278e+01	9.4464497625e-01	1.0013403467e+00	
77	5.8884365536e+09	5.8884365536e+09	5.8221828442e+01	9.4415177163e-01	1.0014818413e+00	
78	6.0255958607e+09	6.0255958607e+09	5.6284434511e+01	9.4362207332e-01	1.0016389725e+00	
79	6.1659500186e+09	6.1659500186e+09	5.4408592858e+01	9.4305258142e-01	1.0018135840e+00	
80	6.3095734448e+09	6.3095734448e+09	5.2592979363e+01	9.4243963645e-01	1.0020077564e+00	
81	6.4565422903e+09	6.4565422903e+09	5.0836267396e+01	9.4177917353e-01	1.0022238409e+00	
82	6.6069344801e+09	6.6069344801e+09	4.9137128905e+01	9.4106666978e-01	1.0024644993e+00	
83	6.7608297539e+09	6.7608297539e+09	4.7494235592e+01	9.4029708395e-01	1.0027327490e+00	
84	6.9183097092e+09	6.9183097092e+09	4.5906260162e+01	9.3946478694e-01	1.0030320170e+00	
85	7.0794578438e+09	7.0794578438e+09	4.4371877635e+01	9.3856348170e-01	1.0033662024e+00	
86	7.2443596007e+09	7.2443596007e+09	4.2889766696e+01	9.3758611054e-01	1.0037397494e+00	
87	7.4131024130e+09	7.4131024130e+09	4.1458611076e+01	9.3652474795e-01	1.0041577344e+00	
88	7.5857757503e+09	7.5857757503e+09	4.0077100940e+01	9.3537047594e-01	1.0046259677e+00	
89	7.7624711663e+09	7.7624711663e+09	3.8743934287e+01	9.3411323915e-01	1.0051511142e+00	
90	7.9432823472e+09	7.9432823472e+09	3.7457818325e+01	9.3274167578e-01	1.0057408381e+00	
91	8.1283051616e+09	8.1283051616e+09	3.6217470830e+01	9.3124291987e-01	1.0064039736e+00	
92	8.3176377110e+09	8.3176377110e+09	3.5021621464e+01	9.2960236971e-01	1.0071507309e+00	
93	8.5113803820e+09	8.5113803820e+09	3.3869013060e+01	9.2780341569e-01	1.0079929434e+00	
94	8.7096358996e+09	8.7096358996e+09	3.2758402840e+01	9.2582711998e-01	1.0089443655e+00	
95	8.9125093813e+09	8.9125093813e+09	3.1688563589e+01	9.2365183846e-01	1.0100210350e+00	
96	9.1201083936e+09	9.1201083936e+09	3.0658284751e+01	9.2125277367e-01	1.0112417130e+00	
97	9.3325430080e+09	9.3325430080e+09	2.9666373464e+01	9.1860144499e-01	1.0126284230e+00	
98	9.5499258602e+09	9.5499258602e+09	2.8711655519e+01	9.1566505962e-01	1.0142071138e+00	
99	9.7723722096e+09	9.7723722096e+09	2.7792976242e+01	9.1240576437e-01	1.0160084780e+00	
100	1.0000000000e+10	1.0000000000e+10	2.6909201294e+01	9.0877975461e-01	1.0180689704e+00	
101	1.0232929923e+10	1.0232929923e+10	2.6059217401e+01	9.0473621191e-01	1.0204320794e+00	
102	1.0471285481e+10	1.0471285481e+10	2.5241932994e+01	9.0021603690e-01	1.0231499265e+00	
103	1.0715193052e+10	1.0715193052e+10	2.4456278778e+01	8.9515033813e-01	1.0262852898e+00	
104	1.0964781961e+10	1.0964781961e+10	2.3701208222e+01	8.8945863200e-01	1.0299141804e+00	
105	1.1220184543e+10	1.1220184543e+10	2.2975697967e+01	8.8304670382e-01	1.0341291487e+00	
106	1.1481536215e+10	1.1481536215e+10	2.2278748169e+01	8.7580407617e-01	1.0390435556e+00	
107	1.1748975549e+10	1.1748975549e+10	2.1609382767e+01	8.6760103210e-01	1.0447971362e+00	
108	1.2022644346e+10	1.2022644346e+10	2.0966649677e+01	8.5828514849e-01	1.0515633069e+00	
109	1.2302687708e+10	1.2302687708e+10	2.0349620935e+01	8.4767731761e-01	1.0595588490e+00	
110	1.2589254118e+10	1.2589254118e+10	1.9757392764e+01	8.3556728068e-01	1.0690568642e+00	
111	1.2882495517e+10	1.2882495517e+10	1.9189085595e+01	8.2170878196e-01	1.0804042877e+00	
112	1.3182567386e+10	1.3182567386e+10	1.8643844024e+01	8.0581459773e-01	1.0940458250e+00	
113	1.3489628826e+10	1.3489628826e+10	1.8120836725e+01	7.8755193429e-01	1.1105570736e+00	
114	1.3803842646e+10	1.3803842646e+10	1.7619256316e+01	7.6653906570e-01	1.1306909720e+00	
115	1.4125375446e+10	1.4125375446e+10	1.7138319178e+01	7.4234464793e-01	1.1554439370e+00	
116	1.4454397707e+10	1.4454397707e+10	1.6677265239e+01	7.1449195255e-01	1.1861516745e+00	
117	1.4791083882e+10	1.4791083882e+10	1.6235357722e+01	6.8247133200e-01	1.2246308099e+00	
118	1.5135612484e+10	1.5135612484e+10	1.5811882854e+01	6.4576550054e-01	1.2733933212e+00	
119	1.5488166189e+10	1.5488166189e+10	1.5406149559e+01	6.0389345979e-01	1.3359807515e+00	
120	1.5848931925e+10	1.5848931925e+10	1.5017489113e+01	5.5647960921e-01	1.4175039516e+00	
121	1.6218100974e+10	1.6218100974e+10	1.4645254782e+01	5.0335392638e-01	1.5255539172e+00	
122	1.6595869074e+10	1.6595869074e+10	1.4288821440e+01	4.4468608119e-01	1.6718249975e+00	
123	1.6982436525e+10	1.6982436525e+10	1.3947585169e+01	3.8115038138e-01	1.8752104451e+00	
124	1.7378008287e+10	1.7378008287e+10	1.3620962846e+01	3.1411033478e-01	2.1682285151e+00	
125	1.7782794100e+10	1.7782794100e+10	1.3308391715e+01	2.4580417283e-01	2.6118896705e+00	
126	1.8197008586e+10	1.8197008586e+10	1.3009328955e+01	1.7951003271e-01	3.3354062087e+00	
127	1.8620871367e+10	1.8620871367e+10	1.2723251231e+01	1.1967916032e-01	4.6655893510e+00	
128	1.9054607180e+10	1.9054607180e+10	1.2449654251e+01	7.2081739168e-02	7.6715213299e+00	
129	1.9498445998e+10	1.9498445998e+10	1.2188052309e+01	4.3872768739e-02	1.3140396237e+01	
130	1.9952623150e+10	1.9952623150e+10	1.1937977834e+01	3.9361430359e-02	7.3806692169e+00	
131	2.0417379447e+10	2.0417379447e+10	1.1698980930e+01	5.4454597615e-02	4.7506396315e+00	
132	2.0892961309e+10	2.0892961309e+10	1.1470628923e+01	8.8661947476e-02	3.5606883566e+00	
133	2.1379620895e+10	2.1379620895e+10	1.1252505910e+01	1.3926723545e-01	2.9002484024e+00	
134	2.1877616239e+10	2.1877616239e+10	1.1044212307e+01	1.9918887742e-01	2.4866779993e+00	
135	2.2387211386e+10	2.2387211386e+10	1.0845364407e+01	2.6161498007e-01	2.2068302770e+00	
136	2.2908676528e+10	2.2908676528e+10	1.0655593937e+01	3.2189752016e-01	2.0069821538e+00	
137	2.3442288153e+10	2.3442288153e+10	1.0474547626e+01	3.7755786628e-01	1.8584725675e+00	
138	2.3988329190e+10	2.3988329190e+10	1.0301886781e+01	4.2764748903e-01	1.7446722909e+00	
139	2.4547089157e+10	2.4547089157e+10	1.0137286862e+01	4.7210174168e-01	1.6553043713e+00	
140	2.5118864315e+10	2.5118864315e+10	9.9804370788e+00	5.1128944141e-01	1.5836977174e+00	
141	2.5703957828e+10	2.5703957828e+10	9.8310399843e+00	5.4575002431e-01	1.5253481529e+00	
142	2.6302679919e+10	2.6302679919e+10	9.6888110850e+00	5.7605684353e-01	1.4771149020e+00	
143	2.6915348039e+10	2.6915348039e+10	9.5534784577e+00	6.0275324916e-01	1.4367480636e+00	
144	2.7542287033e+10	2.7542287033e+10	9.4247823780e+00	6.2632715374e-01	1.4025985690e+00	
145	2.8183829313e+10	2.8183829313e+10	9.3024749586e+00	6.4720465593e-01	1.3734336200e+00	
146	2.8840315031e+10	2.8840315031e+10	9.1863197987e+00	6.6575242772e-01	1.3483155856e+00	
147	2.9512092267e+10	2.9512092267e+10	9.0760916447e+00	6.8228364358e-01	1.3265204054e+00	
148	3.0199517204e+10	3.0199517204e+10	8.9715760616e+00	6.9706490958e-01	1.3074813272e+00	
149	3.0902954325e+10	3.0902954325e+10	8.8725691165e+00	7.1032302337e-01	1.2907493151e+00	
150	3.1622776602e+10	3.1622776602e+10	8.7788770733e+00	7.2225108327e-01	1.2759646813e+00	
151	3.2359365693e+10	3.2359365693e+10	8.6903160993e+00	7.3301379885e-01	1.2628364276e+00	
152	3.3113112148e+10	3.3113112148e+10	8.6067119833e+00	7.4275201062e-01	1.2511269817e+00	
153	3.3884415614e+10	3.3884415614e+10	8.5278998658e+00	7.5158649100e-01	1.2406407679e+00	
154	3.4673685045e+10	3.4673685045e+10	8.4537239814e+00	7.5962112077e-01	1.2312155458e+00	
155	3.5481338923e+10	3.5481338923e+10	8.3840374119e+00	7.6694553529e-01	1.2227157746e+00	
156	3.6307805477e+10	3.6307805477e+10	8.3187018529e+00	7.7363732695e-01	1.2150274755e+00	
157	3.7153522910e+10	3.7153522910e+10	8.2575873911e+00	7.7976387909e-01	1.2080542176e+00	
158	3.8018939632e+10	3.8018939632e+10	8.2005722942e+00	7.8538389510e-01	1.2017139546e+00	
159	3.8904514499e+10	3.8904514499e+10	8.1475428120e+00	7.9054867589e-01	1.1959365101e+00	
160	3.9810717055e+10	3.9810717055e+10	8.0983929906e+00	7.9530318954e-01	1.1906615652e+00	
161	4.0738027780e+10	4.0738027780e+10	8.0530244965e+00	7.9968696953e-01	1.1858370346e+00	
162	4.1686938347e+10	4.1686938347e+10	8.0113464545e+00	8.0373487087e-01	1.1814177497e+00	
163	4.2657951880e+10	4.2657951880e+10	7.9732752961e+00	8.0747770869e-01	1.1773643821e+00	
164	4.3651583224e+10	4.3651583224e+10	7.9387346199e+00	8.1094279894e-01	1.1736425593e+00	
165	4.4668359215e+10	4.4668359215e+10	7.9076550640e+00	8.1415441778e-01	1.1702221340e+00	
166	4.5708818961e+10	4.5708818961e+10	7.8799741896e+00	8.1713419284e-01	1.1670765778e+00	
167	4.6773514129e+10	4.6773514129e+10	7.8556363770e+00	8.1990143758e-01	1.1641824741e+00	
168	4.7863009232e+10	4.7863009232e+10	7.8345927322e+00	8.2247343776e-01	1.1615190936e+00	
169	4.8977881937e+10	4.8977881937e+10	7.8168010062e+00	8.2486569761e-01	1.1590680365e+00	
170	5.0118723363e+10	5.0118723363e+10	7.8022255252e+00	8.2709215197e-01	1.1568129292e+00	
171	5.1286138399e+10	5.1286138399e+10	7.7908371329e+00	8.2916534959e-01	1.1547391676e+00	
172	5.2480746025e+10	5.2480746025e+10	7.7826131445e+00	8.3109661187e-01	1.1528336973e+00	
173	5.3703179637e+10	5.3703179637e+10	7.7775373122e+00	8.3289617084e-01	1.1510848254e+00	
174	5.4954087386e+10	5.4954087386e+10	7.7755998025e+00	8.3457328924e-01	1.1494820596e+00	
175	5.6234132519e+10	5.6234132519e+10	7.7767971861e+00	8.3613636540e-01	1.1480159683e+00	
176	5.7543993734e+10	5.7543993734e+10	7.7811324386e+00	8.3759302495e-01	1.1466780603e+00	
177	5.8884365536e+10	5.8884365536e+10	7.7886149547e+00	8.3895020137e-01	1.1454606801e+00	
178	6.0255958607e+10	6.0255958607e+10	7.7992605732e+00	8.4021420673e-01	1.1443569163e+00	
179	6.1659500186e+10	6.1659500186e+10	7.8130916160e+00	8.4139079408e-01	1.1433605220e+00	
180	6.3095734448e+10	6.3095734448e+10	7.8301369381e+00	8.4248521256e-01	1.1424658450e+00	
181	6.4565422903e+10	6.4565422903e+10	7.8504319919e+00	8.4350225619e-01	1.1416677656e+00	
182	6.6069344801e+10	6.6069344801e+10	7.8740189036e+00	8.4444630717e-01	1.1409616425e+00	
183	6.7608297539e+10	6.7608297539e+10	7.9009465633e+00	8.4532137437e-01	1.1403432647e+00	
184	6.9183097092e+10	6.9183097092e+10	7.9312707290e+00	8.4613112771e-01	1.1398088081e+00	
185	7.0794578438e+10	7.0794578438e+10	7.9650541441e+00	8.4687892883e-01	1.1393547977e+00	
186	7.2443596007e+10	7.2443596007e+10	8.0023666703e+00	8.4756785859e-01	1.1389780728e+00	
187	7.4131024130e+10	7.4131024130e+10	8.0432854340e+00	8.4820074177e-01	1.1386757567e+00	
188	7.5857757503e+10	7.5857757503e+10	8.0878949896e+00	8.4878016931e-01	1.1384452281e+00	
189	7.7624711663e+10	7.7624711663e+10	8.1362874977e+00	8.4930851844e-01	1.1382840964e+00	
190	7.9432823472e+10	7.9432823472e+10	8.1885629203e+00	8.4978797081e-01	1.1381901786e+00	
191	8.1283051616e+10	8.1283051616e+10	8.2448292328e+00	8.5022052912e-01	1.1381614780e+00	
192	8.3176377110e+10	8.3176377110e+10	8.3052026548e+00	8.5060803214e-01	1.1381961651e+00	
193	8.5113803820e+10	8.5113803820e+10	8.3698078991e+00	8.5095216854e-01	1.1382925597e+00	
194	8.7096358996e+10	8.7096358996e+10	8.4387784402e+00	8.5125448955e-01	1.1384491146e+00	
195	8.9125093813e+10	8.9125093813e+10	8.5122568041e+00	8.5151642070e-01	1.1386643998e+00	
196	9.1201083936e+10	9.1201083936e+10	8.5903948798e+00	8.5173927258e-01	1.1389370882e+00	
197	9.3325430080e+10	9.3325430080e+10	8.6733542529e+00	8.5192425101e-01	1.1392659428e+00	
198	9.5499258602e+10	9.5499258602e+10	8.7613065653e+00	8.5207246637e-01	1.1396498028e+00	
199	9.7723722096e+10	9.7723722096e+10	8.8544338995e+00	8.5218494251e-01	1.1400875727e+00	
200	1.0000000000e+11	1.0000000000e+11	8.9529291900e+00	8.5226262507e-01	1.1405782100e+00	
SWEEP_END
m_s11_db_lo = -3.952129084e+00
m_s11_db_mid = -1.198777705e+01
m_s11_db_hi = -9.389007833e+00
m_s21_db_lo = 1.8105694016e+01
m_s21_db_mid = 2.0275437085e+01
m_s21_db_hi = 1.9268520605e+01
m_s22_db_lo = -8.322511758e+00
m_s22_db_mid = -2.772074153e+01
m_s22_db_hi = -1.081769438e+01
m_s12_db_lo = -5.236725811e+01
m_s12_db_mid = -4.859843192e+01
m_s12_db_hi = -4.813797879e+01
m_k_lo = 1.3370632806e+01
m_k_mid = 1.2215752031e+01
m_k_hi = 1.1331267464e+01
m_nf_db_lo = 3.8512824907e+00
m_nf_db_mid = 4.0724002364e+00
m_nf_db_hi = 4.4425093693e+00
m_q1_vce = 1.1436760508e+00
m_q1_vbe = 7.0274395666e-01
m_q1_ic = 1.4653626391e-03
m_q1_icfrac = 6.1056776631e-02
m_q1_dtj = 2.9297955393e+00
m_q1_ft = 1.5284140172e+02
m_q2_vce = 1.1019229277e+00
m_q2_vbe = 7.0281265705e-01
m_q2_ic = 1.4637024288e-03
m_q2_icfrac = 6.0987601199e-02
m_q2_dtj = 2.8197338988e+00
m_q2_ft = 1.5529606736e+02
m_qr_vce = 7.0585472292e-01
m_qr_vbe = 7.0585472292e-01
m_qr_ic = 1.9058275396e-04
m_qr_icfrac = 6.3527584654e-02
m_qr_dtj = 1.5288441533e+00
m_qr_ft = 1.3889993178e+02
m_idd_ma = 1.9222221972e+00
m_pdc_mw = 4.3249999437e+00
m_d_lo = 2.5960793745e-01
m_mu_lo = 2.5051159563e+00
m_msg_db_lo = 7.0472952123e+01
m_d_mid = 4.5771789504e-02
m_mu_mid = 1.3118845416e+01
m_msg_db_mid = 6.8873869003e+01
m_d_hi = 1.1923836965e-01
m_mu_hi = 3.1042915284e+00
m_msg_db_hi = 6.7406499395e+01
m_sw_n = 2.0100000000e+02
m_sw_kmin = 7.7755998025e+00
m_sw_fkmin_ghz = 5.4954087386e+01
m_sw_kmin_hi = 7.7755998025e+00
m_sw_kmin_lo = 1.3620962846e+01
m_sw_dmax = 9.5242029133e-01
m_sw_mumin = 1.0000010399e+00
m_sw_nunst = 0.0000000000e+00
Doing analysis at TEMP = 125.000000 and TNOM = 27.000000

Using SPARSE 1.3 as Direct Linear Solver
Note: Starting dynamic gmin stepping
Note: Dynamic gmin stepping completed

Initial Transient Solution
--------------------------

Node                                   Voltage
----                                   -------
vdd                                       2.25
xdut.nr                               0.710434
xdut.er                             0.00457923
xdut.xqr.s1                        3.91188e-08
xdut.xqr.t                             1.52884
xdut.b1                               0.707145
xdut.oc                                   2.25
xdut.b2                                1.85089
xdut.c1                                1.14808
xdut.xq2.s1                        5.29407e-07
xdut.xq2.t                             2.81973
xdut.e1                             0.00440102
xdut.xq1.s1                        5.33288e-07
xdut.xq1.t                              2.9298
p1                                           0
xdut.in2                                     0
p2                                           0
s1n                                          0
s2n                                          0
l.xdut.lin#branch                            0
l.xdut.lfeed#branch                  0.0014637
vs2#branch                                   0
vs1#branch                                   0
vdd#branch                         -0.00192222


No. of Data Rows : 59

  Measurements for Transient Analysis

lna_rail_v          =  2.25000e+00

ngspice-46 done
