
Note: No compatibility mode selected!


Circuit: * klt sim -- generated corner deck, do not edit

Doing analysis at TEMP = -40.000000 and TNOM = 27.000000

Using SPARSE 1.3 as Direct Linear Solver

No. of Data Rows : 1

  Measurements for Transient Analysis


Doing analysis at TEMP = -40.000000 and TNOM = 27.000000

Using SPARSE 1.3 as Direct Linear Solver

No. of Data Rows : 3

  Measurements for Transient Analysis


Reset re-loads circuit * klt sim -- generated corner deck, do not edit

Circuit: * klt sim -- generated corner deck, do not edit

Doing analysis at TEMP = -40.000000 and TNOM = 27.000000

Using SPARSE 1.3 as Direct Linear Solver

No. of Data Rows : 3

  Measurements for Transient Analysis


Reset re-loads circuit * klt sim -- generated corner deck, do not edit

Circuit: * klt sim -- generated corner deck, do not edit

Doing analysis at TEMP = -40.000000 and TNOM = 27.000000

Using SPARSE 1.3 as Direct Linear Solver

No. of Data Rows : 3

No. of Data Rows : 1

  Measurements for Transient Analysis


Doing analysis at TEMP = -40.000000 and TNOM = 27.000000

Using SPARSE 1.3 as Direct Linear Solver

No. of Data Rows : 201

  Measurements for Transient Analysis


Reset re-loads circuit * klt sim -- generated corner deck, do not edit

Circuit: * klt sim -- generated corner deck, do not edit

Doing analysis at TEMP = -40.000000 and TNOM = 27.000000

Using SPARSE 1.3 as Direct Linear Solver

No. of Data Rows : 201

  Measurements for Transient Analysis


Reset re-loads circuit * klt sim -- generated corner deck, do not edit

Circuit: * klt sim -- generated corner deck, do not edit

SWEEP_BEGIN
                                                                            * klt sim -- generated corner deck, do not edit
                                                                            AC Analysis  Sat Oct 10 01:28:10  2026
--------------------------------------------------------------------------------------------------------------------------------------------------------------------------------------------------------
Index   frequency       wf              wk              wd              wmu             
--------------------------------------------------------------------------------------------------------------------------------------------------------------------------------------------------------
0	1.0000000000e+09	1.0000000000e+09	3.5223332264e+02	9.5265085608e-01	1.0000010389e+00	
1	1.0232929923e+09	1.0232929923e+09	3.4398896856e+02	9.5264495263e-01	1.0000011394e+00	
2	1.0471285481e+09	1.0471285481e+09	3.3592758446e+02	9.5263876439e-01	1.0000012495e+00	
3	1.0715193052e+09	1.0715193052e+09	3.2804492874e+02	9.5263227713e-01	1.0000013704e+00	
4	1.0964781961e+09	1.0964781961e+09	3.2033686303e+02	9.5262547592e-01	1.0000015029e+00	
5	1.1220184543e+09	1.1220184543e+09	3.1279933838e+02	9.5261834502e-01	1.0000016482e+00	
6	1.1481536215e+09	1.1481536215e+09	3.0542840258e+02	9.5261086789e-01	1.0000018077e+00	
7	1.1748975549e+09	1.1748975549e+09	2.9822019426e+02	9.5260302708e-01	1.0000019826e+00	
8	1.2022644346e+09	1.2022644346e+09	2.9117094041e+02	9.5259480425e-01	1.0000021744e+00	
9	1.2302687708e+09	1.2302687708e+09	2.8427695626e+02	9.5258618006e-01	1.0000023849e+00	
10	1.2589254118e+09	1.2589254118e+09	2.7753464256e+02	9.5257713415e-01	1.0000026157e+00	
11	1.2882495517e+09	1.2882495517e+09	2.7094048372e+02	9.5256764505e-01	1.0000028689e+00	
12	1.3182567386e+09	1.3182567386e+09	2.6449104698e+02	9.5255769014e-01	1.0000031467e+00	
13	1.3489628826e+09	1.3489628826e+09	2.5818298046e+02	9.5254724554e-01	1.0000034515e+00	
14	1.3803842646e+09	1.3803842646e+09	2.5201301072e+02	9.5253628610e-01	1.0000037858e+00	
15	1.4125375446e+09	1.4125375446e+09	2.4597794247e+02	9.5252478526e-01	1.0000041526e+00	
16	1.4454397707e+09	1.4454397707e+09	2.4007465618e+02	9.5251271498e-01	1.0000045550e+00	
17	1.4791083882e+09	1.4791083882e+09	2.3430010724e+02	9.5250004568e-01	1.0000049966e+00	
18	1.5135612484e+09	1.5135612484e+09	2.2865132431e+02	9.5248674610e-01	1.0000054810e+00	
19	1.5488166189e+09	1.5488166189e+09	2.2312540779e+02	9.5247278322e-01	1.0000060126e+00	
20	1.5848931925e+09	1.5848931925e+09	2.1771952886e+02	9.5245812212e-01	1.0000065958e+00	
21	1.6218100974e+09	1.6218100974e+09	2.1243092796e+02	9.5244272592e-01	1.0000072359e+00	
22	1.6595869074e+09	1.6595869074e+09	2.0725691386e+02	9.5242655556e-01	1.0000079382e+00	
23	1.6982436525e+09	1.6982436525e+09	2.0219486230e+02	9.5240956975e-01	1.0000087089e+00	
24	1.7378008287e+09	1.7378008287e+09	1.9724221462e+02	9.5239172474e-01	1.0000095548e+00	
25	1.7782794100e+09	1.7782794100e+09	1.9239647702e+02	9.5237297423e-01	1.0000104831e+00	
26	1.8197008586e+09	1.8197008586e+09	1.8765521940e+02	9.5235326915e-01	1.0000115020e+00	
27	1.8620871367e+09	1.8620871367e+09	1.8301607421e+02	9.5233255747e-01	1.0000126203e+00	
28	1.9054607180e+09	1.9054607180e+09	1.7847673540e+02	9.5231078403e-01	1.0000138479e+00	
29	1.9498445998e+09	1.9498445998e+09	1.7403495761e+02	9.5228789029e-01	1.0000151954e+00	
30	1.9952623150e+09	1.9952623150e+09	1.6968855500e+02	9.5226381410e-01	1.0000166747e+00	
31	2.0417379447e+09	2.0417379447e+09	1.6543540054e+02	9.5223848948e-01	1.0000182987e+00	
32	2.0892961309e+09	2.0892961309e+09	1.6127342483e+02	9.5221184627e-01	1.0000200817e+00	
33	2.1379620895e+09	2.1379620895e+09	1.5720061536e+02	9.5218380991e-01	1.0000220394e+00	
34	2.1877616239e+09	2.1877616239e+09	1.5321501554e+02	9.5215430105e-01	1.0000241892e+00	
35	2.2387211386e+09	2.2387211386e+09	1.4931472391e+02	9.5212323523e-01	1.0000265498e+00	
36	2.2908676528e+09	2.2908676528e+09	1.4549789308e+02	9.5209052250e-01	1.0000291424e+00	
37	2.3442288153e+09	2.3442288153e+09	1.4176272903e+02	9.5205606701e-01	1.0000319898e+00	
38	2.3988329190e+09	2.3988329190e+09	1.3810749014e+02	9.5201976651e-01	1.0000351174e+00	
39	2.4547089157e+09	2.4547089157e+09	1.3453048628e+02	9.5198151192e-01	1.0000385531e+00	
40	2.5118864315e+09	2.5118864315e+09	1.3103007800e+02	9.5194118676e-01	1.0000423275e+00	
41	2.5703957828e+09	2.5703957828e+09	1.2760467558e+02	9.5189866658e-01	1.0000464744e+00	
42	2.6302679919e+09	2.6302679919e+09	1.2425273808e+02	9.5185381830e-01	1.0000510311e+00	
43	2.6915348039e+09	2.6915348039e+09	1.2097277244e+02	9.5180649957e-01	1.0000560385e+00	
44	2.7542287033e+09	2.7542287033e+09	1.1776333254e+02	9.5175655793e-01	1.0000615419e+00	
45	2.8183829313e+09	2.8183829313e+09	1.1462301811e+02	9.5170383007e-01	1.0000675910e+00	
46	2.8840315031e+09	2.8840315031e+09	1.1155047382e+02	9.5164814084e-01	1.0000742408e+00	
47	2.9512092267e+09	2.9512092267e+09	1.0854438813e+02	9.5158930231e-01	1.0000815518e+00	
48	3.0199517204e+09	3.0199517204e+09	1.0560349229e+02	9.5152711268e-01	1.0000895909e+00	
49	3.0902954325e+09	3.0902954325e+09	1.0272655911e+02	9.5146135503e-01	1.0000984317e+00	
50	3.1622776602e+09	3.1622776602e+09	9.9912401862e+01	9.5139179606e-01	1.0001081557e+00	
51	3.2359365693e+09	3.2359365693e+09	9.7159873036e+01	9.5131818465e-01	1.0001188528e+00	
52	3.3113112148e+09	3.3113112148e+09	9.4467863072e+01	9.5124025020e-01	1.0001306221e+00	
53	3.3884415614e+09	3.3884415614e+09	9.1835299058e+01	9.5115770098e-01	1.0001435733e+00	
54	3.4673685045e+09	3.4673685045e+09	8.9261143387e+01	9.5107022211e-01	1.0001578277e+00	
55	3.5481338923e+09	3.5481338923e+09	8.6744392352e+01	9.5097747349e-01	1.0001735192e+00	
56	3.6307805477e+09	3.6307805477e+09	8.4284074710e+01	9.5087908743e-01	1.0001907961e+00	
57	3.7153522910e+09	3.7153522910e+09	8.1879250197e+01	9.5077466602e-01	1.0002098225e+00	
58	3.8018939632e+09	3.8018939632e+09	7.9529008011e+01	9.5066377830e-01	1.0002307800e+00	
59	3.8904514499e+09	3.8904514499e+09	7.7232465254e+01	9.5054595705e-01	1.0002538697e+00	
60	3.9810717055e+09	3.9810717055e+09	7.4988765341e+01	9.5042069525e-01	1.0002793147e+00	
61	4.0738027780e+09	4.0738027780e+09	7.2797076397e+01	9.5028744213e-01	1.0003073621e+00	
62	4.1686938347e+09	4.1686938347e+09	7.0656589611e+01	9.5014559884e-01	1.0003382862e+00	
63	4.2657951880e+09	4.2657951880e+09	6.8566517597e+01	9.4999451357e-01	1.0003723914e+00	
64	4.3651583224e+09	4.3651583224e+09	6.6526092731e+01	9.4983347610e-01	1.0004100156e+00	
65	4.4668359215e+09	4.4668359215e+09	6.4534565501e+01	9.4966171182e-01	1.0004515347e+00	
66	4.5708818961e+09	4.5708818961e+09	6.2591202858e+01	9.4947837492e-01	1.0004973664e+00	
67	4.6773514129e+09	4.6773514129e+09	6.0695286584e+01	9.4928254083e-01	1.0005479757e+00	
68	4.7863009232e+09	4.7863009232e+09	5.8846111692e+01	9.4907319779e-01	1.0006038803e+00	
69	4.8977881937e+09	4.8977881937e+09	5.7042984852e+01	9.4884923734e-01	1.0006656572e+00	
70	5.0118723363e+09	5.0118723363e+09	5.5285222861e+01	9.4860944362e-01	1.0007339502e+00	
71	5.1286138399e+09	5.1286138399e+09	5.3572151175e+01	9.4835248142e-01	1.0008094775e+00	
72	5.2480746025e+09	5.2480746025e+09	5.1903102485e+01	9.4807688262e-01	1.0008930419e+00	
73	5.3703179637e+09	5.3703179637e+09	5.0277415378e+01	9.4778103094e-01	1.0009855411e+00	
74	5.4954087386e+09	5.4954087386e+09	4.8694433061e+01	9.4746314470e-01	1.0010879801e+00	
75	5.6234132519e+09	5.6234132519e+09	4.7153502179e+01	9.4712125730e-01	1.0012014850e+00	
76	5.7543993734e+09	5.7543993734e+09	4.5653971712e+01	9.4675319509e-01	1.0013273189e+00	
77	5.8884365536e+09	5.8884365536e+09	4.4195191982e+01	9.4635655218e-01	1.0014669008e+00	
78	6.0255958607e+09	6.0255958607e+09	4.2776513744e+01	9.4592866187e-01	1.0016218259e+00	
79	6.1659500186e+09	6.1659500186e+09	4.1397287393e+01	9.4546656401e-01	1.0017938904e+00	
80	6.3095734448e+09	6.3095734448e+09	4.0056862270e+01	9.4496696769e-01	1.0019851195e+00	
81	6.4565422903e+09	6.4565422903e+09	3.8754586085e+01	9.4442620864e-01	1.0021977992e+00	
82	6.6069344801e+09	6.6069344801e+09	3.7489804438e+01	9.4384020031e-01	1.0024345148e+00	
83	6.7608297539e+09	6.7608297539e+09	3.6261860457e+01	9.4320437761e-01	1.0026981938e+00	
84	6.9183097092e+09	6.9183097092e+09	3.5070094539e+01	9.4251363226e-01	1.0029921572e+00	
85	7.0794578438e+09	7.0794578438e+09	3.3913844196e+01	9.4176223803e-01	1.0033201786e+00	
86	7.2443596007e+09	7.2443596007e+09	3.2792444002e+01	9.4094376440e-01	1.0036865544e+00	
87	7.4131024130e+09	7.4131024130e+09	3.1705225639e+01	9.4005097644e-01	1.0040961857e+00	
88	7.5857757503e+09	7.5857757503e+09	3.0651518028e+01	9.3907571845e-01	1.0045546745e+00	
89	7.7624711663e+09	7.7624711663e+09	2.9630647554e+01	9.3800877853e-01	1.0050684384e+00	
90	7.9432823472e+09	7.9432823472e+09	2.8641938363e+01	9.3683973052e-01	1.0056448467e+00	
91	8.1283051616e+09	8.1283051616e+09	2.7684712736e+01	9.3555674901e-01	1.0062923812e+00	
92	8.3176377110e+09	8.3176377110e+09	2.6758291523e+01	9.3414639246e-01	1.0070208307e+00	
93	8.5113803820e+09	8.5113803820e+09	2.5861994641e+01	9.3259334831e-01	1.0078415224e+00	
94	8.7096358996e+09	8.7096358996e+09	2.4995141618e+01	9.3088013258e-01	1.0087676023e+00	
95	8.9125093813e+09	8.9125093813e+09	2.4157052173e+01	9.2898673517e-01	1.0098143735e+00	
96	9.1201083936e+09	9.1201083936e+09	2.3347046844e+01	9.2689020012e-01	1.0109997086e+00	
97	9.3325430080e+09	9.3325430080e+09	2.2564447630e+01	9.2456412771e-01	1.0123445526e+00	
98	9.5499258602e+09	9.5499258602e+09	2.1808578656e+01	9.2197808279e-01	1.0138735411e+00	
99	9.7723722096e+09	9.7723722096e+09	2.1078766855e+01	9.1909689048e-01	1.0156157622e+00	
100	1.0000000000e+10	1.0000000000e+10	2.0374342647e+01	9.1587979634e-01	1.0176057025e+00	
101	1.0232929923e+10	1.0232929923e+10	1.9694640624e+01	9.1227946409e-01	1.0198844267e+00	
102	1.0471285481e+10	1.0471285481e+10	1.9039000223e+01	9.0824077848e-01	1.0225010592e+00	
103	1.0715193052e+10	1.0715193052e+10	1.8406766396e+01	9.0369941543e-01	1.0255146541e+00	
104	1.0964781961e+10	1.0964781961e+10	1.7797290249e+01	8.9858013589e-01	1.0289965732e+00	
105	1.1220184543e+10	1.1220184543e+10	1.7209929675e+01	8.9279475383e-01	1.0330335311e+00	
106	1.1481536215e+10	1.1481536215e+10	1.6644049951e+01	8.8623972492e-01	1.0377315209e+00	
107	1.1748975549e+10	1.1748975549e+10	1.6099024311e+01	8.7879330134e-01	1.0432209186e+00	
108	1.2022644346e+10	1.2022644346e+10	1.5574234494e+01	8.7031220343e-01	1.0496631708e+00	
109	1.2302687708e+10	1.2302687708e+10	1.5069071244e+01	8.6062777658e-01	1.0572596375e+00	
110	1.2589254118e+10	1.2589254118e+10	1.4582934793e+01	8.4954163874e-01	1.0662633918e+00	
111	1.2882495517e+10	1.2882495517e+10	1.4115235295e+01	8.3682089554e-01	1.0769951255e+00	
112	1.3182567386e+10	1.3182567386e+10	1.3665393229e+01	8.2219312381e-01	1.0898648198e+00	
113	1.3489628826e+10	1.3489628826e+10	1.3232839762e+01	8.0534153091e-01	1.1054016219e+00	
114	1.3803842646e+10	1.3803842646e+10	1.2817017074e+01	7.8590102324e-01	1.1242955663e+00	
115	1.4125375446e+10	1.4125375446e+10	1.2417378651e+01	7.6345641083e-01	1.1474566801e+00	
116	1.4454397707e+10	1.4454397707e+10	1.2033389533e+01	7.3754468087e-01	1.1761000856e+00	
117	1.4791083882e+10	1.4791083882e+10	1.1664526530e+01	7.0766421506e-01	1.2118708539e+00	
118	1.5135612484e+10	1.5135612484e+10	1.1310278402e+01	6.7329495621e-01	1.2570312601e+00	
119	1.5488166189e+10	1.5488166189e+10	1.0970146004e+01	6.3393465686e-01	1.3147491719e+00	
120	1.5848931925e+10	1.5848931925e+10	1.0643642400e+01	5.8915703735e-01	1.3895567721e+00	
121	1.6218100974e+10	1.6218100974e+10	1.0330292940e+01	5.3869723684e-01	1.4881098292e+00	
122	1.6595869074e+10	1.6595869074e+10	1.0029635313e+01	4.8256753631e-01	1.6205076542e+00	
123	1.6982436525e+10	1.6982436525e+10	9.7412195678e+00	4.2120161369e-01	1.8027305722e+00	
124	1.7378008287e+10	1.7378008287e+10	9.4646081079e+00	3.5561974556e-01	2.0614862513e+00	
125	1.7782794100e+10	1.7782794100e+10	9.1993756588e+00	2.8760407440e-01	2.4447544505e+00	
126	1.8197008586e+10	1.8197008586e+10	8.9451092144e+00	2.1987745615e-01	3.0473562113e+00	
127	1.8620871367e+10	1.8620871367e+10	8.7014079605e+00	1.5629185334e-01	4.0804174459e+00	
128	1.9054607180e+10	1.9054607180e+10	8.4678831771e+00	1.0202568305e-01	6.0450747766e+00	
129	1.9498445998e+10	1.9498445998e+10	8.2441581230e+00	6.3531532302e-02	8.4871554782e+00	
130	1.9952623150e+10	1.9952623150e+10	8.0298679026e+00	4.6219457986e-02	6.1353077203e+00	
131	2.0417379447e+10	2.0417379447e+10	7.8246593184e+00	5.0146690967e-02	4.2526744736e+00	
132	2.0892961309e+10	2.0892961309e+10	7.6281907080e+00	7.7141777802e-02	3.2741740480e+00	
133	2.1379620895e+10	2.1379620895e+10	7.4401317706e+00	1.2614455040e-01	2.7035016148e+00	
134	2.1877616239e+10	2.1877616239e+10	7.2601633808e+00	1.8830108233e-01	2.3374331693e+00	
135	2.2387211386e+10	2.2387211386e+10	7.0879773944e+00	2.5431624589e-01	2.0863292336e+00	
136	2.2908676528e+10	2.2908676528e+10	6.9232764450e+00	3.1793449506e-01	1.9054944189e+00	
137	2.3442288153e+10	2.3442288153e+10	6.7657737340e+00	3.7606524672e-01	1.7703765060e+00	
138	2.3988329190e+10	2.3988329190e+10	6.6151928149e+00	4.2773771784e-01	1.6664540275e+00	
139	2.4547089157e+10	2.4547089157e+10	6.4712673729e+00	4.7308203402e-01	1.5846319270e+00	
140	2.5118864315e+10	2.5118864315e+10	6.3337410012e+00	5.1268551798e-01	1.5189491154e+00	
141	2.5703957828e+10	2.5703957828e+10	6.2023669742e+00	5.4726310305e-01	1.4653520123e+00	
142	2.6302679919e+10	2.6302679919e+10	6.0769080193e+00	5.7751150785e-01	1.4209988935e+00	
143	2.6915348039e+10	2.6915348039e+10	5.9571360885e+00	6.0405489468e-01	1.3838458329e+00	
144	2.7542287033e+10	2.7542287033e+10	5.8428321290e+00	6.2743175849e-01	1.3523901223e+00	
145	2.8183829313e+10	2.8183829313e+10	5.7337858555e+00	6.4809869728e-01	1.3255057581e+00	
146	2.8840315031e+10	2.8840315031e+10	5.6297955233e+00	6.6644003493e-01	1.3023348296e+00	
147	2.9512092267e+10	2.9512092267e+10	5.5306677039e+00	6.8277858140e-01	1.2822139727e+00	
148	3.0199517204e+10	3.0199517204e+10	5.4362170629e+00	6.9738567794e-01	1.2646234507e+00	
149	3.0902954325e+10	3.0902954325e+10	5.3462661414e+00	7.1048992725e-01	1.2491512033e+00	
150	3.1622776602e+10	3.1622776602e+10	5.2606451413e+00	7.2228453206e-01	1.2354670151e+00	
151	3.2359365693e+10	3.2359365693e+10	5.1791917135e+00	7.3293336478e-01	1.2233036630e+00	
152	3.3113112148e+10	3.3113112148e+10	5.1017507522e+00	7.4257595030e-01	1.2124429595e+00	
153	3.3884415614e+10	3.3884415614e+10	5.0281741927e+00	7.5133154537e-01	1.2027052872e+00	
154	3.4673685045e+10	3.4673685045e+10	4.9583208152e+00	7.5930247834e-01	1.1939416580e+00	
155	3.5481338923e+10	3.5481338923e+10	4.8920560532e+00	7.6657688764e-01	1.1860276226e+00	
156	3.6307805477e+10	3.6307805477e+10	4.8292518087e+00	7.7323097294e-01	1.1788585515e+00	
157	3.7153522910e+10	3.7153522910e+10	4.7697862717e+00	7.7933085135e-01	1.1723459464e+00	
158	3.8018939632e+10	3.8018939632e+10	4.7135437476e+00	7.8493409309e-01	1.1664145304e+00	
159	3.8904514499e+10	3.8904514499e+10	4.6604144888e+00	7.9009099654e-01	1.1609999358e+00	
160	3.9810717055e+10	3.9810717055e+10	4.6102945344e+00	7.9484565070e-01	1.1560468515e+00	
161	4.0738027780e+10	4.0738027780e+10	4.5630855556e+00	7.9923682361e-01	1.1515075299e+00	
162	4.1686938347e+10	4.1686938347e+10	4.5186947072e+00	8.0329870809e-01	1.1473405737e+00	
163	4.2657951880e+10	4.2657951880e+10	4.4770344868e+00	8.0706154979e-01	1.1435099461e+00	
164	4.3651583224e+10	4.3651583224e+10	4.4380226000e+00	8.1055217797e-01	1.1399841569e+00	
165	4.4668359215e+10	4.4668359215e+10	4.4015818325e+00	8.1379445562e-01	1.1367355904e+00	
166	4.5708818961e+10	4.5708818961e+10	4.3676399291e+00	8.1680966248e-01	1.1337399474e+00	
167	4.6773514129e+10	4.6773514129e+10	4.3361294798e+00	8.1961682193e-01	1.1309757796e+00	
168	4.7863009232e+10	4.7863009232e+10	4.3069878121e+00	8.2223298083e-01	1.1284240988e+00	
169	4.8977881937e+10	4.8977881937e+10	4.2801568909e+00	8.2467344996e-01	1.1260680485e+00	
170	5.0118723363e+10	5.0118723363e+10	4.2555832252e+00	8.2695201101e-01	1.1238926260e+00	
171	5.1286138399e+10	5.1286138399e+10	4.2332177812e+00	8.2908109544e-01	1.1218844458e+00	
172	5.2480746025e+10	5.2480746025e+10	4.2130159031e+00	8.3107193941e-01	1.1200315387e+00	
173	5.3703179637e+10	5.3703179637e+10	4.1949372406e+00	8.3293471827e-01	1.1183231798e+00	
174	5.4954087386e+10	5.4954087386e+10	4.1789456828e+00	8.3467866378e-01	1.1167497402e+00	
175	5.6234132519e+10	5.6234132519e+10	4.1650093001e+00	8.3631216635e-01	1.1153025601e+00	
176	5.7543993734e+10	5.7543993734e+10	4.1531002920e+00	8.3784286456e-01	1.1139738381e+00	
177	5.8884365536e+10	5.8884365536e+10	4.1431949431e+00	8.3927772370e-01	1.1127565362e+00	
178	6.0255958607e+10	6.0255958607e+10	4.1352735848e+00	8.4062310480e-01	1.1116442962e+00	
179	6.1659500186e+10	6.1659500186e+10	4.1293205649e+00	8.4188482546e-01	1.1106313671e+00	
180	6.3095734448e+10	6.3095734448e+10	4.1253242243e+00	8.4306821368e-01	1.1097125418e+00	
181	6.4565422903e+10	6.4565422903e+10	4.1232768802e+00	8.4417815535e-01	1.1088831009e+00	
182	6.6069344801e+10	6.6069344801e+10	4.1231748168e+00	8.4521913650e-01	1.1081387636e+00	
183	6.7608297539e+10	6.7608297539e+10	4.1250182831e+00	8.4619528084e-01	1.1074756438e+00	
184	6.9183097092e+10	6.9183097092e+10	4.1288114980e+00	8.4711038314e-01	1.1068902118e+00	
185	7.0794578438e+10	7.0794578438e+10	4.1345626626e+00	8.4796793910e-01	1.1063792595e+00	
186	7.2443596007e+10	7.2443596007e+10	4.1422839796e+00	8.4877117200e-01	1.1059398700e+00	
187	7.4131024130e+10	7.4131024130e+10	4.1519916805e+00	8.4952305665e-01	1.1055693894e+00	
188	7.5857757503e+10	7.5857757503e+10	4.1637060600e+00	8.5022634085e-01	1.1052654024e+00	
189	7.7624711663e+10	7.7624711663e+10	4.1774515183e+00	8.5088356470e-01	1.1050257098e+00	
190	7.9432823472e+10	7.9432823472e+10	4.1932566109e+00	8.5149707802e-01	1.1048483077e+00	
191	8.1283051616e+10	8.1283051616e+10	4.2111541057e+00	8.5206905614e-01	1.1047313693e+00	
192	8.3176377110e+10	8.3176377110e+10	4.2311810493e+00	8.5260151408e-01	1.1046732275e+00	
193	8.5113803820e+10	8.5113803820e+10	4.2533788405e+00	8.5309631952e-01	1.1046723597e+00	
194	8.7096358996e+10	8.7096358996e+10	4.2777933116e+00	8.5355520454e-01	1.1047273726e+00	
195	8.9125093813e+10	8.9125093813e+10	4.3044748197e+00	8.5397977635e-01	1.1048369896e+00	
196	9.1201083936e+10	9.1201083936e+10	4.3334783450e+00	8.5437152704e-01	1.1050000374e+00	
197	9.3325430080e+10	9.3325430080e+10	4.3648635990e+00	8.5473184258e-01	1.1052154347e+00	
198	9.5499258602e+10	9.5499258602e+10	4.3986951412e+00	8.5506201099e-01	1.1054821810e+00	
199	9.7723722096e+10	9.7723722096e+10	4.4350425053e+00	8.5536322997e-01	1.1057993463e+00	
200	1.0000000000e+11	1.0000000000e+11	4.4739803352e+00	8.5563661381e-01	1.1061660606e+00	
SWEEP_END
m_s11_db_lo = -2.946289513e+00
m_s11_db_mid = -8.328475961e+00
m_s11_db_hi = -1.164797758e+01
m_s21_db_lo = 2.2410047447e+01
m_s21_db_mid = 2.5159350023e+01
m_s21_db_hi = 2.4884522678e+01
m_s22_db_lo = -7.948324332e+00
m_s22_db_mid = -2.374810977e+01
m_s22_db_hi = -1.077095536e+01
m_s12_db_lo = -5.522726876e+01
m_s12_db_mid = -5.090589088e+01
m_s12_db_hi = -4.973479227e+01
m_k_lo = 9.2522319756e+00
m_k_mid = 8.2678682534e+00
m_k_hi = 7.5080834180e+00
m_nf_db_lo = 2.4213924773e+00
m_nf_db_mid = 2.6385640958e+00
m_nf_db_hi = 2.9378589962e+00
m_q1_vce = 1.1901476022e+00
m_q1_vbe = 8.6344317095e-01
m_q1_ic = 1.6334296358e-03
m_q1_icfrac = 6.8059568156e-02
m_q1_dtj = 3.3968396582e+00
m_q1_ft = 2.7762322582e+02
m_q2_vce = 1.3049503769e+00
m_q2_vbe = 8.6312429175e-01
m_q2_ic = 1.6329037584e-03
m_q2_icfrac = 6.8037656600e-02
m_q2_dtj = 3.7231436013e+00
m_q2_ft = 2.8201867680e+02
m_qr_vce = 8.6462222526e-01
m_qr_vbe = 8.6462222526e-01
m_qr_ic = 2.0316149502e-04
m_qr_icfrac = 6.7720498339e-02
m_qr_dtj = 1.9947663826e+00
m_qr_ft = 2.5205570752e+02
m_idd_ma = 2.1312670005e+00
m_pdc_mw = 5.3281675013e+00
m_d_lo = 3.0146905567e-01
m_mu_lo = 2.3534595090e+00
m_msg_db_lo = 7.7637316202e+01
m_d_mid = 6.6728405994e-02
m_mu_mid = 8.4265127055e+00
m_msg_db_mid = 7.6065240901e+01
m_d_hi = 1.0611907450e-01
m_mu_hi = 2.8817184598e+00
m_msg_db_hi = 7.4619314949e+01
m_sw_n = 2.0100000000e+02
m_sw_kmin = 4.1231748168e+00
m_sw_fkmin_ghz = 6.6069344801e+01
m_sw_kmin_hi = 4.1231748168e+00
m_sw_kmin_lo = 9.4646081079e+00
m_sw_dmax = 9.5265085608e-01
m_sw_mumin = 1.0000010389e+00
m_sw_nunst = 0.0000000000e+00
Doing analysis at TEMP = -40.000000 and TNOM = 27.000000

Using SPARSE 1.3 as Direct Linear Solver

Initial Transient Solution
--------------------------

Node                                   Voltage
----                                   -------
vdd                                        2.5
xdut.nr                                 0.8695
xdut.er                             0.00487764
xdut.xqr.s1                        3.44655e-10
xdut.xqr.t                             1.99477
xdut.b1                               0.868345
xdut.oc                                    2.5
xdut.b2                                2.05817
xdut.c1                                1.19505
xdut.xq2.s1                         2.7413e-09
xdut.xq2.t                             3.72314
xdut.e1                             0.00490202
xdut.xq1.s1                        1.30585e-09
xdut.xq1.t                             3.39684
p1                                           0
xdut.in2                                     0
p2                                           0
s1n                                          0
s2n                                          0
l.xdut.lin#branch                            0
l.xdut.lfeed#branch                  0.0016329
vs2#branch                                   0
vs1#branch                                   0
vdd#branch                         -0.00213127


No. of Data Rows : 59

  Measurements for Transient Analysis

lna_rail_v          =  2.50000e+00

ngspice-46 done
