
Note: No compatibility mode selected!


Circuit: * klt sim -- generated corner deck, do not edit

Doing analysis at TEMP = 27.000000 and TNOM = 27.000000

Using SPARSE 1.3 as Direct Linear Solver

No. of Data Rows : 1

  Measurements for Transient Analysis


Doing analysis at TEMP = 27.000000 and TNOM = 27.000000

Using SPARSE 1.3 as Direct Linear Solver

No. of Data Rows : 3

  Measurements for Transient Analysis


Reset re-loads circuit * klt sim -- generated corner deck, do not edit

Circuit: * klt sim -- generated corner deck, do not edit

Doing analysis at TEMP = 27.000000 and TNOM = 27.000000

Using SPARSE 1.3 as Direct Linear Solver

No. of Data Rows : 3

  Measurements for Transient Analysis


Reset re-loads circuit * klt sim -- generated corner deck, do not edit

Circuit: * klt sim -- generated corner deck, do not edit

Doing analysis at TEMP = 27.000000 and TNOM = 27.000000

Using SPARSE 1.3 as Direct Linear Solver

No. of Data Rows : 3

No. of Data Rows : 1

  Measurements for Transient Analysis


Doing analysis at TEMP = 27.000000 and TNOM = 27.000000

Using SPARSE 1.3 as Direct Linear Solver

No. of Data Rows : 201

  Measurements for Transient Analysis


Reset re-loads circuit * klt sim -- generated corner deck, do not edit

Circuit: * klt sim -- generated corner deck, do not edit

Doing analysis at TEMP = 27.000000 and TNOM = 27.000000

Using SPARSE 1.3 as Direct Linear Solver

No. of Data Rows : 201

  Measurements for Transient Analysis


Reset re-loads circuit * klt sim -- generated corner deck, do not edit

Circuit: * klt sim -- generated corner deck, do not edit

SWEEP_BEGIN
                                                                            * klt sim -- generated corner deck, do not edit
                                                                            AC Analysis  Sat Oct 10 01:25:51  2026
--------------------------------------------------------------------------------------------------------------------------------------------------------------------------------------------------------
Index   frequency       wf              wk              wd              wmu             
--------------------------------------------------------------------------------------------------------------------------------------------------------------------------------------------------------
0	1.0000000000e+09	1.0000000000e+09	4.4471534090e+02	9.5279559972e-01	1.0000010395e+00	
1	1.0232929923e+09	1.0232929923e+09	4.3423289407e+02	9.5278830953e-01	1.0000011401e+00	
2	1.0471285481e+09	1.0471285481e+09	4.2398191628e+02	9.5278066901e-01	1.0000012503e+00	
3	1.0715193052e+09	1.0715193052e+09	4.1395703649e+02	9.5277266084e-01	1.0000013712e+00	
4	1.0964781961e+09	1.0964781961e+09	4.0415301311e+02	9.5276426683e-01	1.0000015039e+00	
5	1.1220184543e+09	1.1220184543e+09	3.9456472299e+02	9.5275546787e-01	1.0000016494e+00	
6	1.1481536215e+09	1.1481536215e+09	3.8518716491e+02	9.5274624384e-01	1.0000018090e+00	
7	1.1748975549e+09	1.1748975549e+09	3.7601545341e+02	9.5273657358e-01	1.0000019840e+00	
8	1.2022644346e+09	1.2022644346e+09	3.6704482029e+02	9.5272643484e-01	1.0000021760e+00	
9	1.2302687708e+09	1.2302687708e+09	3.5827060920e+02	9.5271580420e-01	1.0000023867e+00	
10	1.2589254118e+09	1.2589254118e+09	3.4968827509e+02	9.5270465701e-01	1.0000026178e+00	
11	1.2882495517e+09	1.2882495517e+09	3.4129338063e+02	9.5269296730e-01	1.0000028713e+00	
12	1.3182567386e+09	1.3182567386e+09	3.3308159562e+02	9.5268070776e-01	1.0000031494e+00	
13	1.3489628826e+09	1.3489628826e+09	3.2504869441e+02	9.5266784960e-01	1.0000034545e+00	
14	1.3803842646e+09	1.3803842646e+09	3.1719055402e+02	9.5265436248e-01	1.0000037892e+00	
15	1.4125375446e+09	1.4125375446e+09	3.0950315252e+02	9.5264021444e-01	1.0000041565e+00	
16	1.4454397707e+09	1.4454397707e+09	3.0198256653e+02	9.5262537179e-01	1.0000045594e+00	
17	1.4791083882e+09	1.4791083882e+09	2.9462496984e+02	9.5260979900e-01	1.0000050015e+00	
18	1.5135612484e+09	1.5135612484e+09	2.8742663259e+02	9.5259345859e-01	1.0000054866e+00	
19	1.5488166189e+09	1.5488166189e+09	2.8038391786e+02	9.5257631102e-01	1.0000060189e+00	
20	1.5848931925e+09	1.5848931925e+09	2.7349328159e+02	9.5255831456e-01	1.0000066030e+00	
21	1.6218100974e+09	1.6218100974e+09	2.6675127054e+02	9.5253942513e-01	1.0000072439e+00	
22	1.6595869074e+09	1.6595869074e+09	2.6015452069e+02	9.5251959620e-01	1.0000079473e+00	
23	1.6982436525e+09	1.6982436525e+09	2.5369975581e+02	9.5249877860e-01	1.0000087192e+00	
24	1.7378008287e+09	1.7378008287e+09	2.4738378617e+02	9.5247692035e-01	1.0000095664e+00	
25	1.7782794100e+09	1.7782794100e+09	2.4120350701e+02	9.5245396650e-01	1.0000104963e+00	
26	1.8197008586e+09	1.8197008586e+09	2.3515589750e+02	9.5242985892e-01	1.0000115169e+00	
27	1.8620871367e+09	1.8620871367e+09	2.2923801885e+02	9.5240453609e-01	1.0000126372e+00	
28	1.9054607180e+09	1.9054607180e+09	2.2344701363e+02	9.5237793290e-01	1.0000138669e+00	
29	1.9498445998e+09	1.9498445998e+09	2.1778010403e+02	9.5234998035e-01	1.0000152169e+00	
30	1.9952623150e+09	1.9952623150e+09	2.1223459079e+02	9.5232060537e-01	1.0000166990e+00	
31	2.0417379447e+09	2.0417379447e+09	2.0680785191e+02	9.5228973048e-01	1.0000183262e+00	
32	2.0892961309e+09	2.0892961309e+09	2.0149734133e+02	9.5225727349e-01	1.0000201129e+00	
33	2.1379620895e+09	2.1379620895e+09	1.9630058773e+02	9.5222314719e-01	1.0000220747e+00	
34	2.1877616239e+09	2.1877616239e+09	1.9121519319e+02	9.5218725900e-01	1.0000242291e+00	
35	2.2387211386e+09	2.2387211386e+09	1.8623883194e+02	9.5214951056e-01	1.0000265951e+00	
36	2.2908676528e+09	2.2908676528e+09	1.8136924904e+02	9.5210979732e-01	1.0000291936e+00	
37	2.3442288153e+09	2.3442288153e+09	1.7660425903e+02	9.5206800812e-01	1.0000320478e+00	
38	2.3988329190e+09	2.3988329190e+09	1.7194174464e+02	9.5202402465e-01	1.0000351831e+00	
39	2.4547089157e+09	2.4547089157e+09	1.6737965522e+02	9.5197772096e-01	1.0000386275e+00	
40	2.5118864315e+09	2.5118864315e+09	1.6291600554e+02	9.5192896285e-01	1.0000424117e+00	
41	2.5703957828e+09	2.5703957828e+09	1.5854887409e+02	9.5187760726e-01	1.0000465698e+00	
42	2.6302679919e+09	2.6302679919e+09	1.5427640166e+02	9.5182350158e-01	1.0000511392e+00	
43	2.6915348039e+09	2.6915348039e+09	1.5009678974e+02	9.5176648292e-01	1.0000561610e+00	
44	2.7542287033e+09	2.7542287033e+09	1.4600829883e+02	9.5170637727e-01	1.0000616807e+00	
45	2.8183829313e+09	2.8183829313e+09	1.4200924678e+02	9.5164299860e-01	1.0000677484e+00	
46	2.8840315031e+09	2.8840315031e+09	1.3809800699e+02	9.5157614794e-01	1.0000744192e+00	
47	2.9512092267e+09	2.9512092267e+09	1.3427300662e+02	9.5150561228e-01	1.0000817542e+00	
48	3.0199517204e+09	3.0199517204e+09	1.3053272464e+02	9.5143116341e-01	1.0000898204e+00	
49	3.0902954325e+09	3.0902954325e+09	1.2687568988e+02	9.5135255668e-01	1.0000986922e+00	
50	3.1622776602e+09	3.1622776602e+09	1.2330047902e+02	9.5126952953e-01	1.0001084513e+00	
51	3.2359365693e+09	3.2359365693e+09	1.1980571451e+02	9.5118180004e-01	1.0001191883e+00	
52	3.3113112148e+09	3.3113112148e+09	1.1639006238e+02	9.5108906521e-01	1.0001310030e+00	
53	3.3884415614e+09	3.3884415614e+09	1.1305223008e+02	9.5099099907e-01	1.0001440058e+00	
54	3.4673685045e+09	3.4673685045e+09	1.0979096420e+02	9.5088725071e-01	1.0001583190e+00	
55	3.5481338923e+09	3.5481338923e+09	1.0660504819e+02	9.5077744198e-01	1.0001740774e+00	
56	3.6307805477e+09	3.6307805477e+09	1.0349330002e+02	9.5066116500e-01	1.0001914305e+00	
57	3.7153522910e+09	3.7153522910e+09	1.0045456986e+02	9.5053797948e-01	1.0002105436e+00	
58	3.8018939632e+09	3.8018939632e+09	9.7487737640e+01	9.5040740960e-01	1.0002316000e+00	
59	3.8904514499e+09	3.8904514499e+09	9.4591710732e+01	9.5026894073e-01	1.0002548025e+00	
60	3.9810717055e+09	3.9810717055e+09	9.1765421542e+01	9.5012201566e-01	1.0002803761e+00	
61	4.0738027780e+09	4.0738027780e+09	8.9007825158e+01	9.4996603049e-01	1.0003085702e+00	
62	4.1686938347e+09	4.1686938347e+09	8.6317897018e+01	9.4980033005e-01	1.0003396618e+00	
63	4.2657951880e+09	4.2657951880e+09	8.3694630620e+01	9.4962420277e-01	1.0003739582e+00	
64	4.3651583224e+09	4.3651583224e+09	8.1137035281e+01	9.4943687502e-01	1.0004118010e+00	
65	4.4668359215e+09	4.4668359215e+09	7.8644133974e+01	9.4923750476e-01	1.0004535699e+00	
66	4.5708818961e+09	4.5708818961e+09	7.6214961228e+01	9.4902517450e-01	1.0004996873e+00	
67	4.6773514129e+09	4.6773514129e+09	7.3848561135e+01	9.4879888333e-01	1.0005506235e+00	
68	4.7863009232e+09	4.7863009232e+09	7.1543985449e+01	9.4855753810e-01	1.0006069024e+00	
69	4.8977881937e+09	4.8977881937e+09	6.9300291806e+01	9.4829994350e-01	1.0006691081e+00	
70	5.0118723363e+09	5.0118723363e+09	6.7116542065e+01	9.4802479089e-01	1.0007378925e+00	
71	5.1286138399e+09	5.1286138399e+09	6.4991800784e+01	9.4773064575e-01	1.0008139835e+00	
72	5.2480746025e+09	5.2480746025e+09	6.2925133830e+01	9.4741593362e-01	1.0008981949e+00	
73	5.3703179637e+09	5.3703179637e+09	6.0915607151e+01	9.4707892411e-01	1.0009914371e+00	
74	5.4954087386e+09	5.4954087386e+09	5.8962285684e+01	9.4671771294e-01	1.0010947300e+00	
75	5.6234132519e+09	5.6234132519e+09	5.7064232428e+01	9.4633020158e-01	1.0012092168e+00	
76	5.7543993734e+09	5.7543993734e+09	5.5220507675e+01	9.4591407417e-01	1.0013361810e+00	
77	5.8884365536e+09	5.8884365536e+09	5.3430168390e+01	9.4546677132e-01	1.0014770646e+00	
78	6.0255958607e+09	6.0255958607e+09	5.1692267763e+01	9.4498546027e-01	1.0016334903e+00	
79	6.1659500186e+09	6.1659500186e+09	5.0005854899e+01	9.4446700094e-01	1.0018072861e+00	
80	6.3095734448e+09	6.3095734448e+09	4.8369974670e+01	9.4390790713e-01	1.0020005141e+00	
81	6.4565422903e+09	6.4565422903e+09	4.6783667702e+01	9.4330430208e-01	1.0022155044e+00	
82	6.6069344801e+09	6.6069344801e+09	4.5245970510e+01	9.4265186767e-01	1.0024548928e+00	
83	6.7608297539e+09	6.7608297539e+09	4.3755915752e+01	9.4194578585e-01	1.0027216670e+00	
84	6.9183097092e+09	6.9183097092e+09	4.2312532609e+01	9.4118067142e-01	1.0030192182e+00	
85	7.0794578438e+09	7.0794578438e+09	4.0914847277e+01	9.4035049437e-01	1.0033514031e+00	
86	7.2443596007e+09	7.2443596007e+09	3.9561883559e+01	9.3944849008e-01	1.0037226159e+00	
87	7.4131024130e+09	7.4131024130e+09	3.8252663541e+01	9.3846705535e-01	1.0041378730e+00	
88	7.5857757503e+09	7.5857757503e+09	3.6986208357e+01	9.3739762756e-01	1.0046029133e+00	
89	7.7624711663e+09	7.7624711663e+09	3.5761539009e+01	9.3623054402e-01	1.0051243166e+00	
90	7.9432823472e+09	7.9432823472e+09	3.4577677253e+01	9.3495487793e-01	1.0057096445e+00	
91	8.1283051616e+09	8.1283051616e+09	3.3433646521e+01	9.3355824643e-01	1.0063676085e+00	
92	8.3176377110e+09	8.3176377110e+09	3.2328472881e+01	9.3202658564e-01	1.0071082709e+00	
93	8.5113803820e+09	8.5113803820e+09	3.1261186017e+01	9.3034388626e-01	1.0079432863e+00	
94	8.7096358996e+09	8.7096358996e+09	3.0230820222e+01	9.2849188223e-01	1.0088861931e+00	
95	8.9125093813e+09	8.9125093813e+09	2.9236415396e+01	9.2644968312e-01	1.0099527664e+00	
96	9.1201083936e+09	9.1201083936e+09	2.8277018026e+01	9.2419333923e-01	1.0111614476e+00	
97	9.3325430080e+09	9.3325430080e+09	2.7351682171e+01	9.2169532604e-01	1.0125338696e+00	
98	9.5499258602e+09	9.5499258602e+09	2.6459470405e+01	9.1892393165e-01	1.0140955022e+00	
99	9.7723722096e+09	9.7723722096e+09	2.5599454744e+01	9.1584252794e-01	1.0158764486e+00	
100	1.0000000000e+10	1.0000000000e+10	2.4770717530e+01	9.1240870201e-01	1.0179124355e+00	
101	1.0232929923e+10	1.0232929923e+10	2.3972352282e+01	9.0857321991e-01	1.0202460480e+00	
102	1.0471285481e+10	1.0471285481e+10	2.3203464497e+01	9.0427878976e-01	1.0229282817e+00	
103	1.0715193052e+10	1.0715193052e+10	2.2463172403e+01	8.9945858541e-01	1.0260205047e+00	
104	1.0964781961e+10	1.0964781961e+10	2.1750607668e+01	8.9403448603e-01	1.0295969535e+00	
105	1.1220184543e+10	1.1220184543e+10	2.1064916049e+01	8.8791498165e-01	1.0337479320e+00	
106	1.1481536215e+10	1.1481536215e+10	2.0405257986e+01	8.8099269054e-01	1.0385839398e+00	
107	1.1748975549e+10	1.1748975549e+10	1.9770809149e+01	8.7314143431e-01	1.0442410445e+00	
108	1.2022644346e+10	1.2022644346e+10	1.9160760919e+01	8.6421282324e-01	1.0508879277e+00	
109	1.2302687708e+10	1.2302687708e+10	1.8574320823e+01	8.5403232403e-01	1.0587352118e+00	
110	1.2589254118e+10	1.2589254118e+10	1.8010712907e+01	8.4239482399e-01	1.0680479188e+00	
111	1.2882495517e+10	1.2882495517e+10	1.7469178061e+01	8.2905978316e-01	1.0791622879e+00	
112	1.3182567386e+10	1.3182567386e+10	1.6948974284e+01	8.1374620132e-01	1.0925087218e+00	
113	1.3489628826e+10	1.3489628826e+10	1.6449376910e+01	7.9612784986e-01	1.1086434778e+00	
114	1.3803842646e+10	1.3803842646e+10	1.5969678772e+01	7.7582957104e-01	1.1282930144e+00	
115	1.4125375446e+10	1.4125375446e+10	1.5509190330e+01	7.5242597831e-01	1.1524169787e+00	
116	1.4454397707e+10	1.4454397707e+10	1.5067239747e+01	7.2544465120e-01	1.1822991872e+00	
117	1.4791083882e+10	1.4791083882e+10	1.4643172929e+01	6.9437692945e-01	1.2196816453e+00	
118	1.5135612484e+10	1.5135612484e+10	1.4236353521e+01	6.5870062278e-01	1.2669665984e+00	
119	1.5488166189e+10	1.5488166189e+10	1.3846162866e+01	6.1792015513e-01	1.3275297966e+00	
120	1.5848931925e+10	1.5848931925e+10	1.3471999933e+01	5.7163039286e-01	1.4062231198e+00	
121	1.6218100974e+10	1.6218100974e+10	1.3113281208e+01	5.1960989995e-01	1.5102158623e+00	
122	1.6595869074e+10	1.6595869074e+10	1.2769440560e+01	4.6194672541e-01	1.6504785680e+00	
123	1.6982436525e+10	1.6982436525e+10	1.2439929077e+01	3.9919461497e-01	1.8445755407e+00	
124	1.7378008287e+10	1.7378008287e+10	1.2124214878e+01	3.3255078517e-01	2.1223615102e+00	
125	1.7782794100e+10	1.7782794100e+10	1.1821782900e+01	2.6404133227e-01	2.5388455622e+00	
126	1.8197008586e+10	1.8197008586e+10	1.1532134673e+01	1.9670114742e-01	3.2073122252e+00	
127	1.8620871367e+10	1.8620871367e+10	1.1254788065e+01	1.3474320430e-01	4.4005385727e+00	
128	1.9054607180e+10	1.9054607180e+10	1.0989277023e+01	8.3719413076e-02	6.9172124811e+00	
129	1.9498445998e+10	1.9498445998e+10	1.0735151291e+01	5.0446716727e-02	1.1197928750e+01	
130	1.9952623150e+10	1.9952623150e+10	1.0491976122e+01	3.9833362512e-02	7.1644994375e+00	
131	2.0417379447e+10	2.0417379447e+10	1.0259331977e+01	4.9905846732e-02	4.6829634325e+00	
132	2.0892961309e+10	2.0892961309e+10	1.0036814216e+01	8.1275147716e-02	3.5209411618e+00	
133	2.1379620895e+10	2.1379620895e+10	9.8240327795e+00	1.3154197914e-01	2.8706313568e+00	
134	2.1877616239e+10	2.1877616239e+10	9.6206118738e+00	1.9265407519e-01	2.4622110272e+00	
135	2.2387211386e+10	2.2387211386e+10	9.4261896405e+00	2.5676806688e-01	2.1855277229e+00	
136	2.2908676528e+10	2.2908676528e+10	9.2404178307e+00	3.1860610491e-01	1.9878569055e+00	
137	2.3442288153e+10	2.3442288153e+10	9.0629614760e+00	3.7545213853e-01	1.8409560688e+00	
138	2.3988329190e+10	2.3988329190e+10	8.8934985589e+00	4.2634837431e-01	1.7284016649e+00	
139	2.4547089157e+10	2.4547089157e+10	8.7317196842e+00	4.7130721760e-01	1.6400302842e+00	
140	2.5118864315e+10	2.5118864315e+10	8.5773277520e+00	5.1078617348e-01	1.5692392952e+00	
141	2.5703957828e+10	2.5703957828e+10	8.4300376337e+00	5.4539780330e-01	1.5115687236e+00	
142	2.6302679919e+10	2.6302679919e+10	8.2895758507e+00	5.7576829795e-01	1.4639079166e+00	
143	2.6915348039e+10	2.6915348039e+10	8.1556802578e+00	6.0247666712e-01	1.4240284050e+00	
144	2.7542287033e+10	2.7542287033e+10	8.0280997312e+00	6.2603391770e-01	1.3902969065e+00	
145	2.8183829313e+10	2.8183829313e+10	7.9065938622e+00	6.4688066831e-01	1.3614925831e+00	
146	2.8840315031e+10	2.8840315031e+10	7.7909326563e+00	6.6539247767e-01	1.3366870763e+00	
147	2.9512092267e+10	2.9512092267e+10	7.6808962392e+00	6.8188779096e-01	1.3151636533e+00	
148	3.0199517204e+10	3.0199517204e+10	7.5762745698e+00	6.9663620194e-01	1.2963614453e+00	
149	3.0902954325e+10	3.0902954325e+10	7.4768671599e+00	7.0986607573e-01	1.2798362038e+00	
150	3.1622776602e+10	3.1622776602e+10	7.3824828024e+00	7.2177120962e-01	1.2652321819e+00	
151	3.2359365693e+10	3.2359365693e+10	7.2929393063e+00	7.3251649342e-01	1.2522616569e+00	
152	3.3113112148e+10	3.3113112148e+10	7.2080632411e+00	7.4224264918e-01	1.2406898022e+00	
153	3.3884415614e+10	3.3884415614e+10	7.1276896889e+00	7.5107016965e-01	1.2303233605e+00	
154	3.4673685045e+10	3.4673685045e+10	7.0516620051e+00	7.5910257937e-01	1.2210020619e+00	
155	3.5481338923e+10	3.5481338923e+10	6.9798315883e+00	7.6642913230e-01	1.2125920492e+00	
156	3.6307805477e+10	3.6307805477e+10	6.9120576591e+00	7.7312704456e-01	1.2049807894e+00	
157	3.7153522910e+10	3.7153522910e+10	6.8482070471e+00	7.7926334542e-01	1.1980730987e+00	
158	3.8018939632e+10	3.8018939632e+10	6.7881539887e+00	7.8489641513e-01	1.1917880098e+00	
159	3.8904514499e+10	3.8904514499e+10	6.7317799324e+00	7.9007726615e-01	1.1860562831e+00	
160	3.9810717055e+10	3.9810717055e+10	6.6789733542e+00	7.9485061351e-01	1.1808184150e+00	
161	4.0738027780e+10	4.0738027780e+10	6.6296295828e+00	7.9925577191e-01	1.1760230315e+00	
162	4.1686938347e+10	4.1686938347e+10	6.5836506333e+00	8.0332740987e-01	1.1716255854e+00	
163	4.2657951880e+10	4.2657951880e+10	6.5409450505e+00	8.0709618581e-01	1.1675872916e+00	
164	4.3651583224e+10	4.3651583224e+10	6.5014277620e+00	8.1058928613e-01	1.1638742530e+00	
165	4.4668359215e+10	4.4668359215e+10	6.4650199407e+00	8.1383088204e-01	1.1604567390e+00	
166	4.5708818961e+10	4.5708818961e+10	6.4316488759e+00	8.1684251832e-01	1.1573085853e+00	
167	4.6773514129e+10	4.6773514129e+10	6.4012478549e+00	8.1964344544e-01	1.1544066939e+00	
168	4.7863009232e+10	4.7863009232e+10	6.3737560535e+00	8.2225090402e-01	1.1517306136e+00	
169	4.8977881937e+10	4.8977881937e+10	6.3491184358e+00	8.2468036909e-01	1.1492621868e+00	
170	5.0118723363e+10	5.0118723363e+10	6.3272856639e+00	8.2694576064e-01	1.1469852507e+00	
171	5.1286138399e+10	5.1286138399e+10	6.3082140164e+00	8.2905962546e-01	1.1448853833e+00	
172	5.2480746025e+10	5.2480746025e+10	6.2918653169e+00	8.3103329464e-01	1.1429496872e+00	
173	5.3703179637e+10	5.3703179637e+10	6.2782068717e+00	8.3287702038e-01	1.1411666045e+00	
174	5.4954087386e+10	5.4954087386e+10	6.2672114166e+00	8.3460009513e-01	1.1395257575e+00	
175	5.6234132519e+10	5.6234132519e+10	6.2588570742e+00	8.3621095556e-01	1.1380178113e+00	
176	5.7543993734e+10	5.7543993734e+10	6.2531273194e+00	8.3771727356e-01	1.1366343558e+00	
177	5.8884365536e+10	5.8884365536e+10	6.2500109554e+00	8.3912603608e-01	1.1353678021e+00	
178	6.0255958607e+10	6.0255958607e+10	6.2495020990e+00	8.4044361529e-01	1.1342112932e+00	
179	6.1659500186e+10	6.1659500186e+10	6.2516001753e+00	8.4167583039e-01	1.1331586251e+00	
180	6.3095734448e+10	6.3095734448e+10	6.2563099226e+00	8.4282800230e-01	1.1322041789e+00	
181	6.4565422903e+10	6.4565422903e+10	6.2636414067e+00	8.4390500193e-01	1.1313428598e+00	
182	6.6069344801e+10	6.6069344801e+10	6.2736100455e+00	8.4491129308e-01	1.1305700438e+00	
183	6.7608297539e+10	6.7608297539e+10	6.2862366429e+00	8.4585097058e-01	1.1298815310e+00	
184	6.9183097092e+10	6.9183097092e+10	6.3015474339e+00	8.4672779423e-01	1.1292735031e+00	
185	7.0794578438e+10	7.0794578438e+10	6.3195741390e+00	8.4754521911e-01	1.1287424868e+00	
186	7.2443596007e+10	7.2443596007e+10	6.3403540300e+00	8.4830642272e-01	1.1282853195e+00	
187	7.4131024130e+10	7.4131024130e+10	6.3639300053e+00	8.4901432929e-01	1.1278991201e+00	
188	7.5857757503e+10	7.5857757503e+10	6.3903506774e+00	8.4967163164e-01	1.1275812619e+00	
189	7.7624711663e+10	7.7624711663e+10	6.4196704704e+00	8.5028081087e-01	1.1273293475e+00	
190	7.9432823472e+10	7.9432823472e+10	6.4519497296e+00	8.5084415409e-01	1.1271411876e+00	
191	8.1283051616e+10	8.1283051616e+10	6.4872548421e+00	8.5136377058e-01	1.1270147802e+00	
192	8.3176377110e+10	8.3176377110e+10	6.5256583703e+00	8.5184160629e-01	1.1269482921e+00	
193	8.5113803820e+10	8.5113803820e+10	6.5672391968e+00	8.5227945719e-01	1.1269400420e+00	
194	8.7096358996e+10	8.7096358996e+10	6.6120826826e+00	8.5267898136e-01	1.1269884847e+00	
195	8.9125093813e+10	8.9125093813e+10	6.6602808381e+00	8.5304171002e-01	1.1270921968e+00	
196	9.1201083936e+10	9.1201083936e+10	6.7119325082e+00	8.5336905780e-01	1.1272498624e+00	
197	9.3325430080e+10	9.3325430080e+10	6.7671435714e+00	8.5366233202e-01	1.1274602611e+00	
198	9.5499258602e+10	9.5499258602e+10	6.8260271532e+00	8.5392274142e-01	1.1277222555e+00	
199	9.7723722096e+10	9.7723722096e+10	6.8887038554e+00	8.5415140416e-01	1.1280347803e+00	
200	1.0000000000e+11	1.0000000000e+11	6.9553020014e+00	8.5434935532e-01	1.1283968312e+00	
SWEEP_END
m_s11_db_lo = -3.490673723e+00
m_s11_db_mid = -1.032703777e+01
m_s11_db_hi = -1.022329970e+01
m_s21_db_lo = 1.9887799731e+01
m_s21_db_mid = 2.2327579665e+01
m_s21_db_hi = 2.1608427226e+01
m_s22_db_lo = -8.133828353e+00
m_s22_db_mid = -2.582037049e+01
m_s22_db_hi = -1.092531399e+01
m_s12_db_lo = -5.385534375e+01
m_s12_db_mid = -4.982971381e+01
m_s12_db_hi = -4.909204757e+01
m_k_lo = 1.1882028993e+01
m_k_mid = 1.0762071647e+01
m_k_hi = 9.9008927470e+00
m_nf_db_lo = 3.0345649063e+00
m_nf_db_mid = 3.2526538604e+00
m_nf_db_hi = 3.5824352068e+00
m_q1_vce = 1.0491779971e+00
m_q1_vbe = 7.9881061012e-01
m_q1_ic = 1.3980836739e-03
m_q1_icfrac = 5.8253486415e-02
m_q1_dtj = 2.5639023379e+00
m_q1_ft = 1.9448688322e+02
m_q2_vce = 1.1966249083e+00
m_q2_vbe = 7.9843168953e-01
m_q2_ic = 1.3971653549e-03
m_q2_icfrac = 5.8215223121e-02
m_q2_dtj = 2.9220742706e+00
m_q2_ft = 1.9839030483e+02
m_qr_vce = 8.0059089250e-01
m_qr_vbe = 8.0059089250e-01
m_qr_ic = 1.7956749177e-04
m_qr_icfrac = 5.9855830589e-02
m_qr_dtj = 1.6330491610e+00
m_qr_ft = 1.7923532332e+02
m_idd_ma = 1.8432645743e+00
m_pdc_mw = 4.1473452921e+00
m_d_lo = 2.7794629261e-01
m_mu_lo = 2.4390658112e+00
m_msg_db_lo = 7.3743143478e+01
m_d_mid = 5.2979138938e-02
m_mu_mid = 1.1032407891e+01
m_msg_db_mid = 7.2157293474e+01
m_d_hi = 1.1139782928e-01
m_mu_hi = 3.0718372953e+00
m_msg_db_hi = 7.0700474800e+01
m_sw_n = 2.0100000000e+02
m_sw_kmin = 6.2495020990e+00
m_sw_fkmin_ghz = 6.0255958607e+01
m_sw_kmin_hi = 6.2495020990e+00
m_sw_kmin_lo = 1.2124214878e+01
m_sw_dmax = 9.5279559972e-01
m_sw_mumin = 1.0000010395e+00
m_sw_nunst = 0.0000000000e+00
Doing analysis at TEMP = 27.000000 and TNOM = 27.000000

Using SPARSE 1.3 as Direct Linear Solver

Initial Transient Solution
--------------------------

Node                                   Voltage
----                                   -------
vdd                                       2.25
xdut.nr                               0.804903
xdut.er                             0.00431254
xdut.xqr.s1                        3.19988e-10
xdut.xqr.t                             1.63305
xdut.b1                               0.803008
xdut.oc                                   2.25
xdut.b2                                1.85181
xdut.c1                                1.05338
xdut.xq2.s1                        2.48753e-09
xdut.xq2.t                             2.92207
xdut.e1                             0.00419709
xdut.xq1.s1                        1.17042e-09
xdut.xq1.t                              2.5639
p1                                           0
xdut.in2                                     0
p2                                           0
s1n                                          0
s2n                                          0
l.xdut.lin#branch                            0
l.xdut.lfeed#branch                 0.00139717
vs2#branch                                   0
vs1#branch                                   0
vdd#branch                         -0.00184326


No. of Data Rows : 59

  Measurements for Transient Analysis

lna_rail_v          =  2.25000e+00

ngspice-46 done
