
Note: No compatibility mode selected!


Circuit: * klt sim -- generated corner deck, do not edit

Doing analysis at TEMP = 27.000000 and TNOM = 27.000000

Using SPARSE 1.3 as Direct Linear Solver

No. of Data Rows : 1

  Measurements for Transient Analysis


Doing analysis at TEMP = 27.000000 and TNOM = 27.000000

Using SPARSE 1.3 as Direct Linear Solver

No. of Data Rows : 3

  Measurements for Transient Analysis


Reset re-loads circuit * klt sim -- generated corner deck, do not edit

Circuit: * klt sim -- generated corner deck, do not edit

Doing analysis at TEMP = 27.000000 and TNOM = 27.000000

Using SPARSE 1.3 as Direct Linear Solver

No. of Data Rows : 3

  Measurements for Transient Analysis


Reset re-loads circuit * klt sim -- generated corner deck, do not edit

Circuit: * klt sim -- generated corner deck, do not edit

Doing analysis at TEMP = 27.000000 and TNOM = 27.000000

Using SPARSE 1.3 as Direct Linear Solver

No. of Data Rows : 3

No. of Data Rows : 1

  Measurements for Transient Analysis


Doing analysis at TEMP = 27.000000 and TNOM = 27.000000

Using SPARSE 1.3 as Direct Linear Solver

No. of Data Rows : 201

  Measurements for Transient Analysis


Reset re-loads circuit * klt sim -- generated corner deck, do not edit

Circuit: * klt sim -- generated corner deck, do not edit

Doing analysis at TEMP = 27.000000 and TNOM = 27.000000

Using SPARSE 1.3 as Direct Linear Solver

No. of Data Rows : 201

  Measurements for Transient Analysis


Reset re-loads circuit * klt sim -- generated corner deck, do not edit

Circuit: * klt sim -- generated corner deck, do not edit

SWEEP_BEGIN
                                                                            * klt sim -- generated corner deck, do not edit
                                                                            AC Analysis  Sat Oct 10 01:25:51  2026
--------------------------------------------------------------------------------------------------------------------------------------------------------------------------------------------------------
Index   frequency       wf              wk              wd              wmu             
--------------------------------------------------------------------------------------------------------------------------------------------------------------------------------------------------------
0	1.0000000000e+09	1.0000000000e+09	3.9867069259e+02	9.4843210195e-01	1.0000010396e+00	
1	1.0232929923e+09	1.0232929923e+09	3.8897500749e+02	9.4841751981e-01	1.0000011401e+00	
2	1.0471285481e+09	1.0471285481e+09	3.7948970213e+02	9.4840224295e-01	1.0000012504e+00	
3	1.0715193052e+09	1.0715193052e+09	3.7020993886e+02	9.4838623760e-01	1.0000013714e+00	
4	1.0964781961e+09	1.0964781961e+09	3.6113100008e+02	9.4836946835e-01	1.0000015040e+00	
5	1.1220184543e+09	1.1220184543e+09	3.5224829101e+02	9.4835189799e-01	1.0000016495e+00	
6	1.1481536215e+09	1.1481536215e+09	3.4355733649e+02	9.4833348747e-01	1.0000018092e+00	
7	1.1748975549e+09	1.1748975549e+09	3.3505377684e+02	9.4831419579e-01	1.0000019843e+00	
8	1.2022644346e+09	1.2022644346e+09	3.2673336795e+02	9.4829397987e-01	1.0000021763e+00	
9	1.2302687708e+09	1.2302687708e+09	3.1859197764e+02	9.4827279448e-01	1.0000023870e+00	
10	1.2589254118e+09	1.2589254118e+09	3.1062558696e+02	9.4825059207e-01	1.0000026182e+00	
11	1.2882495517e+09	1.2882495517e+09	3.0283028352e+02	9.4822732273e-01	1.0000028718e+00	
12	1.3182567386e+09	1.3182567386e+09	2.9520226435e+02	9.4820293394e-01	1.0000031499e+00	
13	1.3489628826e+09	1.3489628826e+09	2.8773783122e+02	9.4817737057e-01	1.0000034551e+00	
14	1.3803842646e+09	1.3803842646e+09	2.8043339002e+02	9.4815057460e-01	1.0000037900e+00	
15	1.4125375446e+09	1.4125375446e+09	2.7328544916e+02	9.4812248505e-01	1.0000041574e+00	
16	1.4454397707e+09	1.4454397707e+09	2.6629061737e+02	9.4809303780e-01	1.0000045604e+00	
17	1.4791083882e+09	1.4791083882e+09	2.5944560226e+02	9.4806216537e-01	1.0000050027e+00	
18	1.5135612484e+09	1.5135612484e+09	2.5274720843e+02	9.4802979680e-01	1.0000054880e+00	
19	1.5488166189e+09	1.5488166189e+09	2.4619233646e+02	9.4799585737e-01	1.0000060205e+00	
20	1.5848931925e+09	1.5848931925e+09	2.3977798037e+02	9.4796026847e-01	1.0000066049e+00	
21	1.6218100974e+09	1.6218100974e+09	2.3350122632e+02	9.4792294731e-01	1.0000072462e+00	
22	1.6595869074e+09	1.6595869074e+09	2.2735925090e+02	9.4788380670e-01	1.0000079499e+00	
23	1.6982436525e+09	1.6982436525e+09	2.2134931905e+02	9.4784275481e-01	1.0000087223e+00	
24	1.7378008287e+09	1.7378008287e+09	2.1546878273e+02	9.4779969487e-01	1.0000095700e+00	
25	1.7782794100e+09	1.7782794100e+09	2.0971507841e+02	9.4775452487e-01	1.0000105004e+00	
26	1.8197008586e+09	1.8197008586e+09	2.0408572564e+02	9.4770713730e-01	1.0000115217e+00	
27	1.8620871367e+09	1.8620871367e+09	1.9857832491e+02	9.4765741873e-01	1.0000126427e+00	
28	1.9054607180e+09	1.9054607180e+09	1.9319055547e+02	9.4760524952e-01	1.0000138733e+00	
29	1.9498445998e+09	1.9498445998e+09	1.8792017327e+02	9.4755050341e-01	1.0000152243e+00	
30	1.9952623150e+09	1.9952623150e+09	1.8276500884e+02	9.4749304710e-01	1.0000167076e+00	
31	2.0417379447e+09	2.0417379447e+09	1.7772296482e+02	9.4743273981e-01	1.0000183361e+00	
32	2.0892961309e+09	2.0892961309e+09	1.7279201380e+02	9.4736943281e-01	1.0000201243e+00	
33	2.1379620895e+09	2.1379620895e+09	1.6797019566e+02	9.4730296893e-01	1.0000220879e+00	
34	2.1877616239e+09	2.1877616239e+09	1.6325561511e+02	9.4723318196e-01	1.0000242443e+00	
35	2.2387211386e+09	2.2387211386e+09	1.5864643907e+02	9.4715989609e-01	1.0000266126e+00	
36	2.2908676528e+09	2.2908676528e+09	1.5414089399e+02	9.4708292527e-01	1.0000292138e+00	
37	2.3442288153e+09	2.3442288153e+09	1.4973726295e+02	9.4700207253e-01	1.0000320711e+00	
38	2.3988329190e+09	2.3988329190e+09	1.4543388297e+02	9.4691712922e-01	1.0000352099e+00	
39	2.4547089157e+09	2.4547089157e+09	1.4122914193e+02	9.4682787420e-01	1.0000386584e+00	
40	2.5118864315e+09	2.5118864315e+09	1.3712147569e+02	9.4673407302e-01	1.0000424473e+00	
41	2.5703957828e+09	2.5703957828e+09	1.3310936502e+02	9.4663547691e-01	1.0000466108e+00	
42	2.6302679919e+09	2.6302679919e+09	1.2919133253e+02	9.4653182185e-01	1.0000511863e+00	
43	2.6915348039e+09	2.6915348039e+09	1.2536593960e+02	9.4642282737e-01	1.0000562152e+00	
44	2.7542287033e+09	2.7542287033e+09	1.2163178326e+02	9.4630819542e-01	1.0000617431e+00	
45	2.8183829313e+09	2.8183829313e+09	1.1798749311e+02	9.4618760907e-01	1.0000678201e+00	
46	2.8840315031e+09	2.8840315031e+09	1.1443172820e+02	9.4606073104e-01	1.0000745017e+00	
47	2.9512092267e+09	2.9512092267e+09	1.1096317401e+02	9.4592720220e-01	1.0000818490e+00	
48	3.0199517204e+09	3.0199517204e+09	1.0758053943e+02	9.4578663987e-01	1.0000899294e+00	
49	3.0902954325e+09	3.0902954325e+09	1.0428255384e+02	9.4563863601e-01	1.0000988175e+00	
50	3.1622776602e+09	3.1622776602e+09	1.0106796425e+02	9.4548275518e-01	1.0001085954e+00	
51	3.2359365693e+09	3.2359365693e+09	9.7935532560e+01	9.4531853237e-01	1.0001193539e+00	
52	3.3113112148e+09	3.3113112148e+09	9.4884032901e+01	9.4514547057e-01	1.0001311934e+00	
53	3.3884415614e+09	3.3884415614e+09	9.1912249155e+01	9.4496303818e-01	1.0001442249e+00	
54	3.4673685045e+09	3.4673685045e+09	8.9018972592e+01	9.4477066607e-01	1.0001585709e+00	
55	3.5481338923e+09	3.5481338923e+09	8.6202999674e+01	9.4456774444e-01	1.0001743672e+00	
56	3.6307805477e+09	3.6307805477e+09	8.3463130025e+01	9.4435361930e-01	1.0001917639e+00	
57	3.7153522910e+09	3.7153522910e+09	8.0798164603e+01	9.4412758863e-01	1.0002109274e+00	
58	3.8018939632e+09	3.8018939632e+09	7.8206904040e+01	9.4388889812e-01	1.0002320419e+00	
59	3.8904514499e+09	3.8904514499e+09	7.5688147196e+01	9.4363673650e-01	1.0002553116e+00	
60	3.9810717055e+09	3.9810717055e+09	7.3240689918e+01	9.4337023035e-01	1.0002809628e+00	
61	4.0738027780e+09	4.0738027780e+09	7.0863323999e+01	9.4308843831e-01	1.0003092467e+00	
62	4.1686938347e+09	4.1686938347e+09	6.8554836349e+01	9.4279034480e-01	1.0003404422e+00	
63	4.2657951880e+09	4.2657951880e+09	6.6314008378e+01	9.4247485286e-01	1.0003748591e+00	
64	4.3651583224e+09	4.3651583224e+09	6.4139615575e+01	9.4214077637e-01	1.0004128416e+00	
65	4.4668359215e+09	4.4668359215e+09	6.2030427297e+01	9.4178683124e-01	1.0004547728e+00	
66	4.5708818961e+09	4.5708818961e+09	5.9985206745e+01	9.4141162570e-01	1.0005010789e+00	
67	4.6773514129e+09	4.6773514129e+09	5.8002711123e+01	9.4101364942e-01	1.0005522348e+00	
68	4.7863009232e+09	4.7863009232e+09	5.6081691982e+01	9.4059126129e-01	1.0006087697e+00	
69	4.8977881937e+09	4.8977881937e+09	5.4220895715e+01	9.4014267585e-01	1.0006712743e+00	
70	5.0118723363e+09	5.0118723363e+09	5.2419064209e+01	9.3966594797e-01	1.0007404078e+00	
71	5.1286138399e+09	5.1286138399e+09	5.0674935637e+01	9.3915895567e-01	1.0008169075e+00	
72	5.2480746025e+09	5.2480746025e+09	4.8987245366e+01	9.3861938088e-01	1.0009015978e+00	
73	5.3703179637e+09	5.3703179637e+09	4.7354726980e+01	9.3804468756e-01	1.0009954022e+00	
74	5.4954087386e+09	5.4954087386e+09	4.5776113390e+01	9.3743209722e-01	1.0010993558e+00	
75	5.6234132519e+09	5.6234132519e+09	4.4250138023e+01	9.3677856109e-01	1.0012146206e+00	
76	5.7543993734e+09	5.7543993734e+09	4.2775536078e+01	9.3608072866e-01	1.0013425021e+00	
77	5.8884365536e+09	5.8884365536e+09	4.1351045820e+01	9.3533491191e-01	1.0014844693e+00	
78	6.0255958607e+09	6.0255958607e+09	3.9975409914e+01	9.3453704476e-01	1.0016421769e+00	
79	6.1659500186e+09	6.1659500186e+09	3.8647376773e+01	9.3368263673e-01	1.0018174920e+00	
80	6.3095734448e+09	6.3095734448e+09	3.7365701911e+01	9.3276672015e-01	1.0020125238e+00	
81	6.4565422903e+09	6.4565422903e+09	3.6129149292e+01	9.3178378974e-01	1.0022296591e+00	
82	6.6069344801e+09	6.6069344801e+09	3.4936492655e+01	9.3072773336e-01	1.0024716030e+00	
83	6.7608297539e+09	6.7608297539e+09	3.3786516811e+01	9.2959175249e-01	1.0027414270e+00	
84	6.9183097092e+09	6.9183097092e+09	3.2678018900e+01	9.2836827074e-01	1.0030426246e+00	
85	7.0794578438e+09	7.0794578438e+09	3.1609809600e+01	9.2704882823e-01	1.0033791772e+00	
86	7.2443596007e+09	7.2443596007e+09	3.0580714281e+01	9.2562395963e-01	1.0037556312e+00	
87	7.4131024130e+09	7.4131024130e+09	2.9589574098e+01	9.2408305269e-01	1.0041771896e+00	
88	7.5857757503e+09	7.5857757503e+09	2.8635247010e+01	9.2241418414e-01	1.0046498201e+00	
89	7.7624711663e+09	7.7624711663e+09	2.7716608739e+01	9.2060392857e-01	1.0051803837e+00	
90	7.9432823472e+09	7.9432823472e+09	2.6832553645e+01	9.1863713548e-01	1.0057767888e+00	
91	8.1283051616e+09	8.1283051616e+09	2.5981995532e+01	9.1649666865e-01	1.0064481750e+00	
92	8.3176377110e+09	8.3176377110e+09	2.5163868364e+01	9.1416310063e-01	1.0072051345e+00	
93	8.5113803820e+09	8.5113803820e+09	2.4377126918e+01	9.1161435381e-01	1.0080599801e+00	
94	8.7096358996e+09	8.7096358996e+09	2.3620747349e+01	9.0882527800e-01	1.0090270690e+00	
95	8.9125093813e+09	8.9125093813e+09	2.2893727674e+01	9.0576715186e-01	1.0101231989e+00	
96	9.1201083936e+09	9.1201083936e+09	2.2195088194e+01	9.0240709360e-01	1.0113680916e+00	
97	9.3325430080e+09	9.3325430080e+09	2.1523871829e+01	8.9870736291e-01	1.0127849887e+00	
98	9.5499258602e+09	9.5499258602e+09	2.0879144387e+01	8.9462453276e-01	1.0144013887e+00	
99	9.7723722096e+09	9.7723722096e+09	2.0259994765e+01	8.9010850553e-01	1.0162499625e+00	
100	1.0000000000e+10	1.0000000000e+10	1.9665535086e+01	8.8510134290e-01	1.0183697003e+00	
101	1.0232929923e+10	1.0232929923e+10	1.9094900772e+01	8.7953587396e-01	1.0208073531e+00	
102	1.0471285481e+10	1.0471285481e+10	1.8547250559e+01	8.7333403970e-01	1.0236192595e+00	
103	1.0715193052e+10	1.0715193052e+10	1.8021766460e+01	8.6640492651e-01	1.0268736753e+00	
104	1.0964781961e+10	1.0964781961e+10	1.7517653674e+01	8.5864243627e-01	1.0306537639e+00	
105	1.1220184543e+10	1.1220184543e+10	1.7034140457e+01	8.4992253743e-01	1.0350614676e+00	
106	1.1481536215e+10	1.1481536215e+10	1.6570477938e+01	8.4010004389e-01	1.0402225560e+00	
107	1.1748975549e+10	1.1748975549e+10	1.6125939908e+01	8.2900487904e-01	1.0462932671e+00	
108	1.2022644346e+10	1.2022644346e+10	1.5699822564e+01	8.1643780962e-01	1.0534691238e+00	
109	1.2302687708e+10	1.2302687708e+10	1.5291444233e+01	8.0216568897e-01	1.0619967507e+00	
110	1.2589254118e+10	1.2589254118e+10	1.4900145053e+01	7.8591634989e-01	1.0721898778e+00	
111	1.2882495517e+10	1.2882495517e+10	1.4525286647e+01	7.6737346240e-01	1.0844512598e+00	
112	1.3182567386e+10	1.3182567386e+10	1.4166251758e+01	7.4617196385e-01	1.0993030655e+00	
113	1.3489628826e+10	1.3489628826e+10	1.3822443882e+01	7.2189514051e-01	1.1174295790e+00	
114	1.3803842646e+10	1.3803842646e+10	1.3493286870e+01	6.9407517768e-01	1.1397381071e+00	
115	1.4125375446e+10	1.4125375446e+10	1.3178224530e+01	6.6220011156e-01	1.1674473379e+00	
116	1.4454397707e+10	1.4454397707e+10	1.2876720209e+01	6.2573173617e-01	1.2022180614e+00	
117	1.4791083882e+10	1.4791083882e+10	1.2588256374e+01	5.8414124641e-01	1.2463510840e+00	
118	1.5135612484e+10	1.5135612484e+10	1.2312334180e+01	5.3697222098e-01	1.3030953504e+00	
119	1.5488166189e+10	1.5488166189e+10	1.2048473040e+01	4.8394364088e-01	1.3771443552e+00	
120	1.5848931925e+10	1.5848931925e+10	1.1796210189e+01	4.2510794140e-01	1.4754707278e+00	
121	1.6218100974e+10	1.6218100974e+10	1.1555100247e+01	3.6107797944e-01	1.6088063581e+00	
122	1.6595869074e+10	1.6595869074e+10	1.1324714786e+01	2.9332651046e-01	1.7944498315e+00	
123	1.6982436525e+10	1.6982436525e+10	1.1104641893e+01	2.2453173179e-01	2.0620645080e+00	
124	1.7378008287e+10	1.7378008287e+10	1.0894485745e+01	1.5888137588e-01	2.4670452136e+00	
125	1.7782794100e+10	1.7782794100e+10	1.0693866177e+01	1.0217570763e-01	3.1262632499e+00	
126	1.8197008586e+10	1.8197008586e+10	1.0502418270e+01	6.1558055681e-02	4.3366803734e+00	
127	1.8620871367e+10	1.8620871367e+10	1.0319791928e+01	4.3635622907e-02	7.1359580453e+00	
128	1.9054607180e+10	1.9054607180e+10	1.0145651475e+01	4.7451451349e-02	1.6058023006e+01	
129	1.9498445998e+10	1.9498445998e+10	9.9796752579e+00	6.8692301446e-02	7.2465956702e+00	
130	1.9952623150e+10	1.9952623150e+10	9.8215552493e+00	1.0606872813e-01	4.5718258016e+00	
131	2.0417379447e+10	2.0417379447e+10	9.6709966695e+00	1.5514707331e-01	3.4188266273e+00	
132	2.0892961309e+10	2.0892961309e+10	9.5277176114e+00	2.1024408073e-01	2.7872676874e+00	
133	2.1379620895e+10	2.1379620895e+10	9.3914486778e+00	2.6676827536e-01	2.3942321418e+00	
134	2.1877616239e+10	2.1877616239e+10	9.2619326275e+00	3.2166948115e-01	2.1293589667e+00	
135	2.2387211386e+10	2.2387211386e+10	9.1389240322e+00	3.7319661219e-01	1.9408104695e+00	
136	2.2908676528e+10	2.2908676528e+10	9.0221889450e+00	4.2051639249e-01	1.8010873265e+00	
137	2.3442288153e+10	2.3442288153e+10	8.9115045779e+00	4.6337963186e-01	1.6942908389e+00	
138	2.3988329190e+10	2.3988329190e+10	8.8066589923e+00	5.0187872109e-01	1.6106210261e+00	
139	2.4547089157e+10	2.4547089157e+10	8.7074507996e+00	5.3628760031e-01	1.5437300622e+00	
140	2.5118864315e+10	2.5118864315e+10	8.6136888738e+00	5.6696255985e-01	1.4893402536e+00	
141	2.5703957828e+10	2.5703957828e+10	8.5251920752e+00	5.9428384064e-01	1.4444740957e+00	
142	2.6302679919e+10	2.6302679919e+10	8.4417889862e+00	6.1862314556e-01	1.4070022946e+00	
143	2.6915348039e+10	2.6915348039e+10	8.3633176583e+00	6.4032700056e-01	1.3753667501e+00	
144	2.7542287033e+10	2.7542287033e+10	8.2896253714e+00	6.5970950226e-01	1.3484045210e+00	
145	2.8183829313e+10	2.8183829313e+10	8.2205684049e+00	6.7705042777e-01	1.3252324666e+00	
146	2.8840315031e+10	2.8840315031e+10	8.1560118199e+00	6.9259625755e-01	1.3051696185e+00	
147	2.9512092267e+10	2.9512092267e+10	8.0958292544e+00	7.0656265200e-01	1.2876837207e+00	
148	3.0199517204e+10	3.0199517204e+10	8.0399027294e+00	7.1913753270e-01	1.2723536571e+00	
149	3.0902954325e+10	3.0902954325e+10	7.9881224683e+00	7.3048429035e-01	1.2588425630e+00	
150	3.1622776602e+10	3.1622776602e+10	7.9403867263e+00	7.4074486421e-01	1.2468782685e+00	
151	3.2359365693e+10	3.2359365693e+10	7.8966016340e+00	7.5004256884e-01	1.2362388650e+00	
152	3.3113112148e+10	3.3113112148e+10	7.8566810512e+00	7.5848461977e-01	1.2267419110e+00	
153	3.3884415614e+10	3.3884415614e+10	7.8205464339e+00	7.6616435164e-01	1.2182362615e+00	
154	3.4673685045e+10	3.4673685045e+10	7.7881267124e+00	7.7316314479e-01	1.2105958144e+00	
155	3.5481338923e+10	3.5481338923e+10	7.7593581827e+00	7.7955208646e-01	1.2037146744e+00	
156	3.6307805477e+10	3.6307805477e+10	7.7341844086e+00	7.8539339645e-01	1.1975033785e+00	
157	3.7153522910e+10	3.7153522910e+10	7.7125561371e+00	7.9074164751e-01	1.1918859236e+00	
158	3.8018939632e+10	3.8018939632e+10	7.6944312254e+00	7.9564480819e-01	1.1867974068e+00	
159	3.8904514499e+10	3.8904514499e+10	7.6797745802e+00	8.0014513381e-01	1.1821821381e+00	
160	3.9810717055e+10	3.9810717055e+10	7.6685581097e+00	8.0427992768e-01	1.1779921190e+00	
161	4.0738027780e+10	4.0738027780e+10	7.6607606878e+00	8.0808219204e-01	1.1741858094e+00	
162	4.1686938347e+10	4.1686938347e+10	7.6563681306e+00	8.1158118527e-01	1.1707271206e+00	
163	4.2657951880e+10	4.2657951880e+10	7.6553731860e+00	8.1480289966e-01	1.1675845889e+00	
164	4.3651583224e+10	4.3651583224e+10	7.6577755356e+00	8.1777047163e-01	1.1647306926e+00	
165	4.4668359215e+10	4.4668359215e+10	7.6635818102e+00	8.2050453471e-01	1.1621412860e+00	
166	4.5708818961e+10	4.5708818961e+10	7.6728056177e+00	8.2302352379e-01	1.1597951261e+00	
167	4.6773514129e+10	4.6773514129e+10	7.6854675847e+00	8.2534393794e-01	1.1576734766e+00	
168	4.7863009232e+10	4.7863009232e+10	7.7015954118e+00	8.2748056792e-01	1.1557597739e+00	
169	4.8977881937e+10	4.8977881937e+10	7.7212239421e+00	8.2944669356e-01	1.1540393448e+00	
170	5.0118723363e+10	5.0118723363e+10	7.7443952444e+00	8.3125425537e-01	1.1524991666e+00	
171	5.1286138399e+10	5.1286138399e+10	7.7711587104e+00	8.3291400409e-01	1.1511276622e+00	
172	5.2480746025e+10	5.2480746025e+10	7.8015711668e+00	8.3443563128e-01	1.1499145247e+00	
173	5.3703179637e+10	5.3703179637e+10	7.8356970024e+00	8.3582788371e-01	1.1488505667e+00	
174	5.4954087386e+10	5.4954087386e+10	7.8736083106e+00	8.3709866365e-01	1.1479275900e+00	
175	5.6234132519e+10	5.6234132519e+10	7.9153850482e+00	8.3825511719e-01	1.1471382726e+00	
176	5.7543993734e+10	5.7543993734e+10	7.9611152107e+00	8.3930371202e-01	1.1464760705e+00	
177	5.8884365536e+10	5.8884365536e+10	8.0108950238e+00	8.4025030623e-01	1.1459351317e+00	
178	6.0255958607e+10	6.0255958607e+10	8.0648291540e+00	8.4110020931e-01	1.1455102213e+00	
179	6.1659500186e+10	6.1659500186e+10	8.1230309363e+00	8.4185823632e-01	1.1451966547e+00	
180	6.3095734448e+10	6.3095734448e+10	8.1856226216e+00	8.4252875615e-01	1.1449902392e+00	
181	6.4565422903e+10	6.4565422903e+10	8.2527356438e+00	8.4311573472e-01	1.1448872221e+00	
182	6.6069344801e+10	6.6069344801e+10	8.3245109077e+00	8.4362277362e-01	1.1448842435e+00	
183	6.7608297539e+10	6.7608297539e+10	8.4010990986e+00	8.4405314495e-01	1.1449782954e+00	
184	6.9183097092e+10	6.9183097092e+10	8.4826610149e+00	8.4440982268e-01	1.1451666839e+00	
185	7.0794578438e+10	7.0794578438e+10	8.5693679248e+00	8.4469551115e-01	1.1454469949e+00	
186	7.2443596007e+10	7.2443596007e+10	8.6614019475e+00	8.4491267086e-01	1.1458170635e+00	
187	7.4131024130e+10	7.4131024130e+10	8.7589564625e+00	8.4506354217e-01	1.1462749455e+00	
188	7.5857757503e+10	7.5857757503e+10	8.8622365458e+00	8.4515016685e-01	1.1468188914e+00	
189	7.7624711663e+10	7.7624711663e+10	8.9714594367e+00	8.4517440810e-01	1.1474473224e+00	
190	7.9432823472e+10	7.9432823472e+10	9.0868550371e+00	8.4513796894e-01	1.1481588077e+00	
191	8.1283051616e+10	8.1283051616e+10	9.2086664432e+00	8.4504240935e-01	1.1489520438e+00	
192	8.3176377110e+10	8.3176377110e+10	9.3371505147e+00	8.4488916229e-01	1.1498258346e+00	
193	8.5113803820e+10	8.5113803820e+10	9.4725784826e+00	8.4467954867e-01	1.1507790728e+00	
194	8.7096358996e+10	8.7096358996e+10	9.6152365976e+00	8.4441479152e-01	1.1518107223e+00	
195	8.9125093813e+10	8.9125093813e+10	9.7654268240e+00	8.4409602937e-01	1.1529198013e+00	
196	9.1201083936e+10	9.1201083936e+10	9.9234675811e+00	8.4372432895e-01	1.1541053661e+00	
197	9.3325430080e+10	9.3325430080e+10	1.0089694536e+01	8.4330069730e-01	1.1553664956e+00	
198	9.5499258602e+10	9.5499258602e+10	1.0264461453e+01	8.4282609339e-01	1.1567022768e+00	
199	9.7723722096e+10	9.7723722096e+10	1.0448141100e+01	8.4230143922e-01	1.1581117902e+00	
200	1.0000000000e+11	1.0000000000e+11	1.0641126229e+01	8.4172763051e-01	1.1595940958e+00	
SWEEP_END
m_s11_db_lo = -1.241542130e+01
m_s11_db_mid = -9.532584149e+00
m_s11_db_hi = -3.071031053e+00
m_s21_db_lo = 1.9317044264e+01
m_s21_db_mid = 1.8933383216e+01
m_s21_db_hi = 1.5463897707e+01
m_s22_db_lo = -1.031590060e+01
m_s22_db_mid = -2.116062637e+01
m_s22_db_hi = -9.147197290e+00
m_s12_db_lo = -4.723894444e+01
m_s12_db_mid = -4.600993602e+01
m_s12_db_hi = -4.800129741e+01
m_k_lo = 1.0733773762e+01
m_k_mid = 9.9972233263e+00
m_k_hi = 9.4405823114e+00
m_nf_db_lo = 3.5947052639e+00
m_nf_db_mid = 3.8835285203e+00
m_nf_db_hi = 4.3628053575e+00
m_q1_vce = 1.0345466075e+00
m_q1_vbe = 8.1175570788e-01
m_q1_ic = 1.2331344918e-03
m_q1_icfrac = 5.1380603823e-02
m_q1_dtj = 2.2325830336e+00
m_q1_ft = 1.3275700714e+02
m_q2_vce = 1.2117457127e+00
m_q2_vbe = 8.1131567721e-01
m_q2_ic = 1.2304054163e-03
m_q2_icfrac = 5.1266892344e-02
m_q2_dtj = 2.6084935744e+00
m_q2_ft = 1.3532196665e+02
m_qr_vce = 8.1676004805e-01
m_qr_vbe = 8.1676004805e-01
m_qr_ic = 1.7547624228e-04
m_qr_icfrac = 5.8492080758e-02
m_qr_dtj = 1.6306082305e+00
m_qr_ft = 1.3265795802e+02
m_idd_ma = 1.6759861640e+00
m_pdc_mw = 3.7709688691e+00
m_d_lo = 1.1261460104e-01
m_mu_lo = 2.9622936076e+00
m_msg_db_lo = 6.6555988709e+01
m_d_mid = 6.5576418706e-02
m_mu_mid = 7.7561689032e+00
m_msg_db_mid = 6.4943319240e+01
m_d_hi = 2.4611597279e-01
m_mu_hi = 2.5193735147e+00
m_msg_db_hi = 6.3465195114e+01
m_sw_n = 2.0100000000e+02
m_sw_kmin = 7.6553731860e+00
m_sw_fkmin_ghz = 4.2657951880e+01
m_sw_kmin_hi = 7.6553731860e+00
m_sw_kmin_lo = 1.0894485745e+01
m_sw_dmax = 9.4843210195e-01
m_sw_mumin = 1.0000010396e+00
m_sw_nunst = 0.0000000000e+00
Doing analysis at TEMP = 27.000000 and TNOM = 27.000000

Using SPARSE 1.3 as Direct Linear Solver

Initial Transient Solution
--------------------------

Node                                   Voltage
----                                   -------
vdd                                       2.25
xdut.nr                               0.820981
xdut.er                             0.00422085
xdut.xqr.s1                        3.24951e-10
xdut.xqr.t                             1.63061
xdut.b1                               0.815463
xdut.oc                                   2.25
xdut.b2                                1.84957
xdut.c1                                1.03825
xdut.xq2.s1                        2.48405e-09
xdut.xq2.t                             2.60849
xdut.e1                             0.00370768
xdut.xq1.s1                        1.15027e-09
xdut.xq1.t                             2.23258
p1                                           0
xdut.in2                                     0
p2                                           0
s1n                                          0
s2n                                          0
l.xdut.lin#branch                            0
l.xdut.lfeed#branch                 0.00123041
vs2#branch                                   0
vs1#branch                                   0
vdd#branch                         -0.00167599


No. of Data Rows : 59

  Measurements for Transient Analysis

lna_rail_v          =  2.25000e+00

ngspice-46 done
