
Note: No compatibility mode selected!


Circuit: * klt sim -- generated corner deck, do not edit

Doing analysis at TEMP = -40.000000 and TNOM = 27.000000

Using SPARSE 1.3 as Direct Linear Solver

No. of Data Rows : 1

  Measurements for Transient Analysis


Doing analysis at TEMP = -40.000000 and TNOM = 27.000000

Using SPARSE 1.3 as Direct Linear Solver

No. of Data Rows : 3

  Measurements for Transient Analysis


Reset re-loads circuit * klt sim -- generated corner deck, do not edit

Circuit: * klt sim -- generated corner deck, do not edit

Doing analysis at TEMP = -40.000000 and TNOM = 27.000000

Using SPARSE 1.3 as Direct Linear Solver

No. of Data Rows : 3

  Measurements for Transient Analysis


Reset re-loads circuit * klt sim -- generated corner deck, do not edit

Circuit: * klt sim -- generated corner deck, do not edit

Doing analysis at TEMP = -40.000000 and TNOM = 27.000000

Using SPARSE 1.3 as Direct Linear Solver

No. of Data Rows : 3

No. of Data Rows : 1

  Measurements for Transient Analysis


Doing analysis at TEMP = -40.000000 and TNOM = 27.000000

Using SPARSE 1.3 as Direct Linear Solver

No. of Data Rows : 201

  Measurements for Transient Analysis


Reset re-loads circuit * klt sim -- generated corner deck, do not edit

Circuit: * klt sim -- generated corner deck, do not edit

Doing analysis at TEMP = -40.000000 and TNOM = 27.000000

Using SPARSE 1.3 as Direct Linear Solver

No. of Data Rows : 201

  Measurements for Transient Analysis


Reset re-loads circuit * klt sim -- generated corner deck, do not edit

Circuit: * klt sim -- generated corner deck, do not edit

SWEEP_BEGIN
                                                                            * klt sim -- generated corner deck, do not edit
                                                                            AC Analysis  Sat Oct 10 01:25:51  2026
--------------------------------------------------------------------------------------------------------------------------------------------------------------------------------------------------------
Index   frequency       wf              wk              wd              wmu             
--------------------------------------------------------------------------------------------------------------------------------------------------------------------------------------------------------
0	1.0000000000e+09	1.0000000000e+09	3.2978933265e+02	9.5055604539e-01	1.0000010390e+00	
1	1.0232929923e+09	1.0232929923e+09	3.2187121862e+02	9.5054359930e-01	1.0000011394e+00	
2	1.0471285481e+09	1.0471285481e+09	3.1412608984e+02	9.5053055911e-01	1.0000012496e+00	
3	1.0715193052e+09	1.0715193052e+09	3.0654993886e+02	9.5051689585e-01	1.0000013704e+00	
4	1.0964781961e+09	1.0964781961e+09	2.9913885503e+02	9.5050257915e-01	1.0000015030e+00	
5	1.1220184543e+09	1.1220184543e+09	2.9188902456e+02	9.5048757707e-01	1.0000016484e+00	
6	1.1481536215e+09	1.1481536215e+09	2.8479672796e+02	9.5047185610e-01	1.0000018078e+00	
7	1.1748975549e+09	1.1748975549e+09	2.7785834006e+02	9.5045538101e-01	1.0000019828e+00	
8	1.2022644346e+09	1.2022644346e+09	2.7107032531e+02	9.5043811482e-01	1.0000021747e+00	
9	1.2302687708e+09	1.2302687708e+09	2.6442923827e+02	9.5042001863e-01	1.0000023852e+00	
10	1.2589254118e+09	1.2589254118e+09	2.5793172176e+02	9.5040105160e-01	1.0000026161e+00	
11	1.2882495517e+09	1.2882495517e+09	2.5157450530e+02	9.5038117076e-01	1.0000028694e+00	
12	1.3182567386e+09	1.3182567386e+09	2.4535440280e+02	9.5036033098e-01	1.0000031473e+00	
13	1.3489628826e+09	1.3489628826e+09	2.3926831251e+02	9.5033848476e-01	1.0000034521e+00	
14	1.3803842646e+09	1.3803842646e+09	2.3331321440e+02	9.5031558216e-01	1.0000037866e+00	
15	1.4125375446e+09	1.4125375446e+09	2.2748616947e+02	9.5029157066e-01	1.0000041535e+00	
16	1.4454397707e+09	1.4454397707e+09	2.2178431824e+02	9.5026639498e-01	1.0000045561e+00	
17	1.4791083882e+09	1.4791083882e+09	2.1620487945e+02	9.5023999693e-01	1.0000049978e+00	
18	1.5135612484e+09	1.5135612484e+09	2.1074514888e+02	9.5021231530e-01	1.0000054825e+00	
19	1.5488166189e+09	1.5488166189e+09	2.0540249811e+02	9.5018328559e-01	1.0000060143e+00	
20	1.5848931925e+09	1.5848931925e+09	2.0017437303e+02	9.5015283990e-01	1.0000065979e+00	
21	1.6218100974e+09	1.6218100974e+09	1.9505829292e+02	9.5012090669e-01	1.0000072383e+00	
22	1.6595869074e+09	1.6595869074e+09	1.9005184901e+02	9.5008741057e-01	1.0000079411e+00	
23	1.6982436525e+09	1.6982436525e+09	1.8515270347e+02	9.5005227210e-01	1.0000087123e+00	
24	1.7378008287e+09	1.7378008287e+09	1.8035858795e+02	9.5001540750e-01	1.0000095587e+00	
25	1.7782794100e+09	1.7782794100e+09	1.7566730262e+02	9.4997672840e-01	1.0000104877e+00	
26	1.8197008586e+09	1.8197008586e+09	1.7107671458e+02	9.4993614159e-01	1.0000115073e+00	
27	1.8620871367e+09	1.8620871367e+09	1.6658475687e+02	9.4989354869e-01	1.0000126265e+00	
28	1.9054607180e+09	1.9054607180e+09	1.6218942713e+02	9.4984884584e-01	1.0000138551e+00	
29	1.9498445998e+09	1.9498445998e+09	1.5788878612e+02	9.4980192334e-01	1.0000152038e+00	
30	1.9952623150e+09	1.9952623150e+09	1.5368095648e+02	9.4975266530e-01	1.0000166844e+00	
31	2.0417379447e+09	2.0417379447e+09	1.4956412131e+02	9.4970094924e-01	1.0000183099e+00	
32	2.0892961309e+09	2.0892961309e+09	1.4553652270e+02	9.4964664564e-01	1.0000200947e+00	
33	2.1379620895e+09	2.1379620895e+09	1.4159646025e+02	9.4958961751e-01	1.0000220545e+00	
34	2.1877616239e+09	2.1877616239e+09	1.3774228949e+02	9.4952971986e-01	1.0000242066e+00	
35	2.2387211386e+09	2.2387211386e+09	1.3397242031e+02	9.4946679922e-01	1.0000265700e+00	
36	2.2908676528e+09	2.2908676528e+09	1.3028531523e+02	9.4940069298e-01	1.0000291657e+00	
37	2.3442288153e+09	2.3442288153e+09	1.2667948776e+02	9.4933122885e-01	1.0000320167e+00	
38	2.3988329190e+09	2.3988329190e+09	1.2315350052e+02	9.4925822415e-01	1.0000351485e+00	
39	2.4547089157e+09	2.4547089157e+09	1.1970596349e+02	9.4918148506e-01	1.0000385889e+00	
40	2.5118864315e+09	2.5118864315e+09	1.1633553201e+02	9.4910080589e-01	1.0000423687e+00	
41	2.5703957828e+09	2.5703957828e+09	1.1304090487e+02	9.4901596816e-01	1.0000465219e+00	
42	2.6302679919e+09	2.6302679919e+09	1.0982082226e+02	9.4892673972e-01	1.0000510858e+00	
43	2.6915348039e+09	2.6915348039e+09	1.0667406372e+02	9.4883287374e-01	1.0000561015e+00	
44	2.7542287033e+09	2.7542287033e+09	1.0359944599e+02	9.4873410758e-01	1.0000616143e+00	
45	2.8183829313e+09	2.8183829313e+09	1.0059582086e+02	9.4863016164e-01	1.0000676743e+00	
46	2.8840315031e+09	2.8840315031e+09	9.7662072966e+01	9.4852073804e-01	1.0000743366e+00	
47	2.9512092267e+09	2.9512092267e+09	9.4797117578e+01	9.4840551921e-01	1.0000816620e+00	
48	3.0199517204e+09	3.0199517204e+09	9.1999898337e+01	9.4828416637e-01	1.0000897176e+00	
49	3.0902954325e+09	3.0902954325e+09	8.9269385015e+01	9.4815631781e-01	1.0000985774e+00	
50	3.1622776602e+09	3.1622776602e+09	8.6604571261e+01	9.4802158705e-01	1.0001083232e+00	
51	3.2359365693e+09	3.2359365693e+09	8.4004472363e+01	9.4787956085e-01	1.0001190452e+00	
52	3.3113112148e+09	3.3113112148e+09	8.1468123043e+01	9.4772979697e-01	1.0001308432e+00	
53	3.3884415614e+09	3.3884415614e+09	7.8994575271e+01	9.4757182175e-01	1.0001438274e+00	
54	3.4673685045e+09	3.4673685045e+09	7.6582896143e+01	9.4740512744e-01	1.0001581197e+00	
55	3.5481338923e+09	3.5481338923e+09	7.4232165813e+01	9.4722916927e-01	1.0001738548e+00	
56	3.6307805477e+09	3.6307805477e+09	7.1941475501e+01	9.4704336220e-01	1.0001911819e+00	
57	3.7153522910e+09	3.7153522910e+09	6.9709925582e+01	9.4684707738e-01	1.0002102659e+00	
58	3.8018939632e+09	3.8018939632e+09	6.7536623774e+01	9.4663963821e-01	1.0002312898e+00	
59	3.8904514499e+09	3.8904514499e+09	6.5420683432e+01	9.4642031597e-01	1.0002544561e+00	
60	3.9810717055e+09	3.9810717055e+09	6.3361221956e+01	9.4618832504e-01	1.0002799893e+00	
61	4.0738027780e+09	4.0738027780e+09	6.1357359329e+01	9.4594281755e-01	1.0003081385e+00	
62	4.1686938347e+09	4.1686938347e+09	5.9408216781e+01	9.4568287747e-01	1.0003391801e+00	
63	4.2657951880e+09	4.2657951880e+09	5.7512915599e+01	9.4540751406e-01	1.0003734210e+00	
64	4.3651583224e+09	4.3651583224e+09	5.5670576077e+01	9.4511565451e-01	1.0004112024e+00	
65	4.4668359215e+09	4.4668359215e+09	5.3880316618e+01	9.4480613586e-01	1.0004529033e+00	
66	4.5708818961e+09	4.5708818961e+09	5.2141252978e+01	9.4447769588e-01	1.0004989457e+00	
67	4.6773514129e+09	4.6773514129e+09	5.0452497673e+01	9.4412896294e-01	1.0005497995e+00	
68	4.7863009232e+09	4.7863009232e+09	4.8813159525e+01	9.4375844466e-01	1.0006059880e+00	
69	4.8977881937e+09	4.8977881937e+09	4.7222343365e+01	9.4336451519e-01	1.0006680952e+00	
70	5.0118723363e+09	5.0118723363e+09	4.5679149871e+01	9.4294540096e-01	1.0007367728e+00	
71	5.1286138399e+09	5.1286138399e+09	4.4182675553e+01	9.4249916460e-01	1.0008127486e+00	
72	5.2480746025e+09	5.2480746025e+09	4.2732012871e+01	9.4202368697e-01	1.0008968368e+00	
73	5.3703179637e+09	5.3703179637e+09	4.1326250470e+01	9.4151664672e-01	1.0009899486e+00	
74	5.4954087386e+09	5.4954087386e+09	3.9964473544e+01	9.4097549736e-01	1.0010931051e+00	
75	5.6234132519e+09	5.6234132519e+09	3.8645764297e+01	9.4039744124e-01	1.0012074518e+00	
76	5.7543993734e+09	5.7543993734e+09	3.7369202514e+01	9.3977940005e-01	1.0013342750e+00	
77	5.8884365536e+09	5.8884365536e+09	3.6133866209e+01	9.3911798140e-01	1.0014750213e+00	
78	6.0255958607e+09	6.0255958607e+09	3.4938832356e+01	9.3840944070e-01	1.0016313195e+00	
79	6.1659500186e+09	6.1659500186e+09	3.3783177685e+01	9.3764963776e-01	1.0018050061e+00	
80	6.3095734448e+09	6.3095734448e+09	3.2665979530e+01	9.3683398729e-01	1.0019981546e+00	
81	6.4565422903e+09	6.4565422903e+09	3.1586316726e+01	9.3595740212e-01	1.0022131101e+00	
82	6.6069344801e+09	6.6069344801e+09	3.0543270535e+01	9.3501422821e-01	1.0024525288e+00	
83	6.7608297539e+09	6.7608297539e+09	2.9535925594e+01	9.3399816994e-01	1.0027194246e+00	
84	6.9183097092e+09	6.9183097092e+09	2.8563370876e+01	9.3290220404e-01	1.0030172235e+00	
85	7.0794578438e+09	7.0794578438e+09	2.7624700657e+01	9.3171848034e-01	1.0033498273e+00	
86	7.2443596007e+09	7.2443596007e+09	2.6719015470e+01	9.3043820690e-01	1.0037216885e+00	
87	7.4131024130e+09	7.4131024130e+09	2.5845423051e+01	9.2905151690e-01	1.0041378992e+00	
88	7.5857757503e+09	7.5857757503e+09	2.5003039260e+01	9.2754731396e-01	1.0046042957e+00	
89	7.7624711663e+09	7.7624711663e+09	2.4190988972e+01	9.2591309204e-01	1.0051275835e+00	
90	7.9432823472e+09	7.9432823472e+09	2.3408406937e+01	9.2413472512e-01	1.0057154862e+00	
91	8.1283051616e+09	8.1283051616e+09	2.2654438596e+01	9.2219622121e-01	1.0063769233e+00	
92	8.3176377110e+09	8.3176377110e+09	2.1928240855e+01	9.2007943382e-01	1.0071222245e+00	
93	8.5113803820e+09	8.5113803820e+09	2.1228982812e+01	9.1776372276e-01	1.0079633888e+00	
94	8.7096358996e+09	8.7096358996e+09	2.0555846433e+01	9.1522555452e-01	1.0089143972e+00	
95	8.9125093813e+09	8.9125093813e+09	1.9908027170e+01	9.1243803040e-01	1.0099915950e+00	
96	9.1201083936e+09	9.1201083936e+09	1.9284734537e+01	9.0937032816e-01	1.0112141590e+00	
97	9.3325430080e+09	9.3325430080e+09	1.8685192616e+01	9.0598703998e-01	1.0126046716e+00	
98	9.5499258602e+09	9.5499258602e+09	1.8108640517e+01	9.0224738624e-01	1.0141898317e+00	
99	9.7723722096e+09	9.7723722096e+09	1.7554332787e+01	8.9810428028e-01	1.0160013370e+00	
100	1.0000000000e+10	1.0000000000e+10	1.7021539751e+01	8.9350321481e-01	1.0180769877e+00	
101	1.0232929923e+10	1.0232929923e+10	1.6509547812e+01	8.8838093495e-01	1.0204620752e+00	
102	1.0471285481e+10	1.0471285481e+10	1.6017659696e+01	8.8266385735e-01	1.0232111390e+00	
103	1.0715193052e+10	1.0715193052e+10	1.5545194645e+01	8.7626618809e-01	1.0263902065e+00	
104	1.0964781961e+10	1.0964781961e+10	1.5091488567e+01	8.6908768712e-01	1.0300796678e+00	
105	1.1220184543e+10	1.1220184543e+10	1.4655894135e+01	8.6101102215e-01	1.0343779931e+00	
106	1.1481536215e+10	1.1481536215e+10	1.4237780848e+01	8.5189865534e-01	1.0394065797e+00	
107	1.1748975549e+10	1.1748975549e+10	1.3836535051e+01	8.4158921307e-01	1.0453161230e+00	
108	1.2022644346e+10	1.2022644346e+10	1.3451559911e+01	8.2989331046e-01	1.0522950696e+00	
109	1.2302687708e+10	1.2302687708e+10	1.3082275369e+01	8.1658884706e-01	1.0605809384e+00	
110	1.2589254118e+10	1.2589254118e+10	1.2728118049e+01	8.0141587503e-01	1.0704756414e+00	
111	1.2882495517e+10	1.2882495517e+10	1.2388541145e+01	7.8407129057e-01	1.0823664484e+00	
112	1.3182567386e+10	1.3182567386e+10	1.2063014275e+01	7.6420385073e-01	1.0967550224e+00	
113	1.3489628826e+10	1.3489628826e+10	1.1751023310e+01	7.4141042628e-01	1.1142981676e+00	
114	1.3803842646e+10	1.3803842646e+10	1.1452070190e+01	7.1523504196e-01	1.1358658597e+00	
115	1.4125375446e+10	1.4125375446e+10	1.1165672707e+01	6.8517322620e-01	1.1626252691e+00	
116	1.4454397707e+10	1.4454397707e+10	1.0891364282e+01	6.5068560575e-01	1.1961647604e+00	
117	1.4791083882e+10	1.4791083882e+10	1.0628693714e+01	6.1122663615e-01	1.2386810346e+00	
118	1.5135612484e+10	1.5135612484e+10	1.0377224930e+01	5.6629688841e-01	1.2932692797e+00	
119	1.5488166189e+10	1.5488166189e+10	1.0136536711e+01	5.1553026242e-01	1.3643881363e+00	
120	1.5848931925e+10	1.5848931925e+10	9.9062224140e+00	4.5883032383e-01	1.4586360478e+00	
121	1.6218100974e+10	1.6218100974e+10	9.6858896873e+00	3.9657127793e-01	1.5861160287e+00	
122	1.6595869074e+10	1.6595869074e+10	9.4751601745e+00	3.2987560460e-01	1.7629952893e+00	
123	1.6982436525e+10	1.6982436525e+10	9.2736692169e+00	2.6096438222e-01	2.0167146337e+00	
124	1.7378008287e+10	1.7378008287e+10	9.0810655515e+00	1.9353197508e-01	2.3977608577e+00	
125	1.7782794100e+10	1.7782794100e+10	8.8970110060e+00	1.3300051914e-01	3.0102305125e+00	
126	1.8197008586e+10	1.8197008586e+10	8.7211801932e+00	8.6312604155e-02	4.1082143425e+00	
127	1.8620871367e+10	1.8620871367e+10	8.5532602050e+00	6.0183650740e-02	6.4994627991e+00	
128	1.9054607180e+10	1.9054607180e+10	8.3929503069e+00	5.6259909949e-02	1.1906851360e+01	
129	1.9498445998e+10	1.9498445998e+10	8.2399616347e+00	7.2032616851e-02	6.6171802944e+00	
130	1.9952623150e+10	1.9952623150e+10	8.0940168932e+00	1.0607803433e-01	4.3169948299e+00	
131	2.0417379447e+10	2.0417379447e+10	7.9548500588e+00	1.5379254093e-01	3.2709331192e+00	
132	2.0892961309e+10	2.0892961309e+10	7.8222060855e+00	2.0877420864e-01	2.6860360139e+00	
133	2.1379620895e+10	2.1379620895e+10	7.6958406159e+00	2.6574758648e-01	2.3181380755e+00	
134	2.1877616239e+10	2.1877616239e+10	7.5755196966e+00	3.2124121241e-01	2.0686399494e+00	
135	2.2387211386e+10	2.2387211386e+10	7.4610195005e+00	3.7330377214e-01	1.8903255236e+00	
136	2.2908676528e+10	2.2908676528e+10	7.3521260536e+00	4.2103369142e-01	1.7578361145e+00	
137	2.3442288153e+10	2.3442288153e+10	7.2486349699e+00	4.6417745721e-01	1.6563855997e+00	
138	2.3988329190e+10	2.3988329190e+10	7.1503511920e+00	5.0284790772e-01	1.5768039549e+00	
139	2.4547089157e+10	2.4547089157e+10	7.0570887393e+00	5.3734511726e-01	1.5131244961e+00	
140	2.5118864315e+10	2.5118864315e+10	6.9686704635e+00	5.6804932230e-01	1.4613126470e+00	
141	2.5703957828e+10	2.5703957828e+10	6.8849278125e+00	5.9536008354e-01	1.4185528034e+00	
142	2.6302679919e+10	2.6302679919e+10	6.8057006012e+00	6.1966368413e-01	1.3828274038e+00	
143	2.6915348039e+10	2.6915348039e+10	6.7308367913e+00	6.4131720315e-01	1.3526578068e+00	
144	2.7542287033e+10	2.7542287033e+10	6.6601922790e+00	6.6064214533e-01	1.3269390395e+00	
145	2.8183829313e+10	2.8183829313e+10	6.5936306915e+00	6.7792335119e-01	1.3048311892e+00	
146	2.8840315031e+10	2.8840315031e+10	6.5310231916e+00	6.9341066661e-01	1.2856861423e+00	
147	2.9512092267e+10	2.9512092267e+10	6.4722482916e+00	7.0732191235e-01	1.2689970326e+00	
148	3.0199517204e+10	3.0199517204e+10	6.4171916758e+00	7.1984632884e-01	1.2543626548e+00	
149	3.0902954325e+10	3.0902954325e+10	6.3657460318e+00	7.3114804689e-01	1.2414619625e+00	
150	3.1622776602e+10	3.1622776602e+10	6.3178108910e+00	7.4136935442e-01	1.2300354987e+00	
151	3.2359365693e+10	3.2359365693e+10	6.2732924780e+00	7.5063365538e-01	1.2198716789e+00	
152	3.3113112148e+10	3.3113112148e+10	6.2321035690e+00	7.5904808779e-01	1.2107965244e+00	
153	3.3884415614e+10	3.3884415614e+10	6.1941633600e+00	7.6670580624e-01	1.2026658862e+00	
154	3.4673685045e+10	3.4673685045e+10	6.1593973433e+00	7.7368795254e-01	1.1953594895e+00	
155	3.5481338923e+10	3.5481338923e+10	6.1277371938e+00	7.8006534698e-01	1.1887763271e+00	
156	3.6307805477e+10	3.6307805477e+10	6.0991206644e+00	7.8589993419e-01	1.1828310622e+00	
157	3.7153522910e+10	3.7153522910e+10	6.0734914912e+00	7.9124601666e-01	1.1774511949e+00	
158	3.8018939632e+10	3.8018939632e+10	6.0507993070e+00	7.9615130606e-01	1.1725748121e+00	
159	3.8904514499e+10	3.8904514499e+10	6.0309995655e+00	8.0065781925e-01	1.1681487875e+00	
160	3.9810717055e+10	3.9810717055e+10	6.0140534738e+00	8.0480264230e-01	1.1641273312e+00	
161	4.0738027780e+10	4.0738027780e+10	5.9999279351e+00	8.0861858267e-01	1.1604708126e+00	
162	4.1686938347e+10	4.1686938347e+10	5.9885955007e+00	8.1213472668e-01	1.1571448006e+00	
163	4.2657951880e+10	4.2657951880e+10	5.9800343317e+00	8.1537691677e-01	1.1541192746e+00	
164	4.3651583224e+10	4.3651583224e+10	5.9742281701e+00	8.1836816093e-01	1.1513679733e+00	
165	4.4668359215e+10	4.4668359215e+10	5.9711663200e+00	8.2112898456e-01	1.1488678548e+00	
166	4.5708818961e+10	4.5708818961e+10	5.9708436382e+00	8.2367773345e-01	1.1465986449e+00	
167	4.6773514129e+10	4.6773514129e+10	5.9732605353e+00	8.2603083540e-01	1.1445424598e+00	
168	4.7863009232e+10	4.7863009232e+10	5.9784229859e+00	8.2820302637e-01	1.1426834875e+00	
169	4.8977881937e+10	4.8977881937e+10	5.9863425500e+00	8.3020754668e-01	1.1410077183e+00	
170	5.0118723363e+10	5.0118723363e+10	5.9970364037e+00	8.3205631143e-01	1.1395027164e+00	
171	5.1286138399e+10	5.1286138399e+10	6.0105273811e+00	8.3376005888e-01	1.1381574248e+00	
172	5.2480746025e+10	5.2480746025e+10	6.0268440261e+00	8.3532848007e-01	1.1369619978e+00	
173	5.3703179637e+10	5.3703179637e+10	6.0460206552e+00	8.3677033211e-01	1.1359076579e+00	
174	5.4954087386e+10	5.4954087386e+10	6.0680974317e+00	8.3809353766e-01	1.1349865713e+00	
175	5.6234132519e+10	5.6234132519e+10	6.0931204499e+00	8.3930527229e-01	1.1341917408e+00	
176	5.7543993734e+10	5.7543993734e+10	6.1211418322e+00	8.4041204146e-01	1.1335169121e+00	
177	5.8884365536e+10	5.8884365536e+10	6.1522198365e+00	8.4141974857e-01	1.1329564924e+00	
178	6.0255958607e+10	6.0255958607e+10	6.1864189766e+00	8.4233375517e-01	1.1325054791e+00	
179	6.1659500186e+10	6.1659500186e+10	6.2238101541e+00	8.4315893443e-01	1.1321593962e+00	
180	6.3095734448e+10	6.3095734448e+10	6.2644708034e+00	8.4389971869e-01	1.1319142394e+00	
181	6.4565422903e+10	6.4565422903e+10	6.3084850499e+00	8.4456014195e-01	1.1317664263e+00	
182	6.6069344801e+10	6.6069344801e+10	6.3559438808e+00	8.4514387786e-01	1.1317127529e+00	
183	6.7608297539e+10	6.7608297539e+10	6.4069453310e+00	8.4565427380e-01	1.1317503536e+00	
184	6.9183097092e+10	6.9183097092e+10	6.4615946824e+00	8.4609438163e-01	1.1318766664e+00	
185	7.0794578438e+10	7.0794578438e+10	6.5200046787e+00	8.4646698533e-01	1.1320894002e+00	
186	7.2443596007e+10	7.2443596007e+10	6.5822957558e+00	8.4677462621e-01	1.1323865065e+00	
187	7.4131024130e+10	7.4131024130e+10	6.6485962884e+00	8.4701962569e-01	1.1327661521e+00	
188	7.5857757503e+10	7.5857757503e+10	6.7190428534e+00	8.4720410614e-01	1.1332266951e+00	
189	7.7624711663e+10	7.7624711663e+10	6.7937805117e+00	8.4733001003e-01	1.1337666620e+00	
190	7.9432823472e+10	7.9432823472e+10	6.8729631078e+00	8.4739911741e-01	1.1343847269e+00	
191	8.1283051616e+10	8.1283051616e+10	6.9567535901e+00	8.4741306221e-01	1.1350796921e+00	
192	8.3176377110e+10	8.3176377110e+10	7.0453243512e+00	8.4737334721e-01	1.1358504692e+00	
193	8.5113803820e+10	8.5113803820e+10	7.1388575906e+00	8.4728135806e-01	1.1366960620e+00	
194	8.7096358996e+10	8.7096358996e+10	7.2375457000e+00	8.4713837642e-01	1.1376155501e+00	
195	8.9125093813e+10	8.9125093813e+10	7.3415916741e+00	8.4694559216e-01	1.1386080729e+00	
196	9.1201083936e+10	9.1201083936e+10	7.4512095472e+00	8.4670411503e-01	1.1396728148e+00	
197	9.3325430080e+10	9.3325430080e+10	7.5666248570e+00	8.4641498559e-01	1.1408089905e+00	
198	9.5499258602e+10	9.5499258602e+10	7.6880751398e+00	8.4607918562e-01	1.1420158313e+00	
199	9.7723722096e+10	9.7723722096e+10	7.8158104560e+00	8.4569764804e-01	1.1432925713e+00	
200	1.0000000000e+11	1.0000000000e+11	7.9500939511e+00	8.4527126637e-01	1.1446384348e+00	
SWEEP_END
m_s11_db_lo = -9.815163526e+00
m_s11_db_mid = -1.073666657e+01
m_s11_db_hi = -3.169577271e+00
m_s21_db_lo = 2.1296102270e+01
m_s21_db_mid = 2.1312124927e+01
m_s21_db_hi = 1.7830444171e+01
m_s22_db_lo = -1.006980306e+01
m_s22_db_mid = -2.118544056e+01
m_s22_db_hi = -9.094728525e+00
m_s12_db_lo = -4.808119283e+01
m_s12_db_mid = -4.646068442e+01
m_s12_db_hi = -4.847098562e+01
m_k_lo = 8.9336391390e+00
m_k_mid = 8.2561462043e+00
m_k_hi = 7.7414288982e+00
m_nf_db_lo = 2.9700836106e+00
m_nf_db_mid = 3.2186454475e+00
m_nf_db_hi = 3.6059353896e+00
m_q1_vce = 9.7663387807e-01
m_q1_vbe = 8.7136883642e-01
m_q1_ic = 1.2541645969e-03
m_q1_icfrac = 5.2256858204e-02
m_q1_dtj = 2.1418860957e+00
m_q1_ft = 1.7195066860e+02
m_q2_vce = 1.2695991556e+00
m_q2_vbe = 8.7073792994e-01
m_q2_ic = 1.2527055100e-03
m_q2_icfrac = 5.2196062918e-02
m_q2_dtj = 2.7804372315e+00
m_q2_ft = 1.7549892887e+02
m_qr_vce = 8.7403761519e-01
m_qr_vbe = 8.7403761519e-01
m_qr_ic = 1.6979330438e-04
m_qr_icfrac = 5.6597768126e-02
m_qr_dtj = 1.6866775797e+00
m_qr_ft = 1.6709235478e+02
m_idd_ma = 1.6900983104e+00
m_pdc_mw = 3.8027211983e+00
m_d_lo = 1.4439082999e-01
m_mu_lo = 2.8588121922e+00
m_msg_db_lo = 6.9377295098e+01
m_d_mid = 6.9407436977e-02
m_mu_mid = 7.0318879344e+00
m_msg_db_mid = 6.7772809352e+01
m_d_hi = 2.4489748012e-01
m_mu_hi = 2.4355854766e+00
m_msg_db_hi = 6.6301429788e+01
m_sw_n = 2.0100000000e+02
m_sw_kmin = 5.9708436382e+00
m_sw_fkmin_ghz = 4.5708818961e+01
m_sw_kmin_hi = 5.9708436382e+00
m_sw_kmin_lo = 9.0810655515e+00
m_sw_dmax = 9.5055604539e-01
m_sw_mumin = 1.0000010390e+00
m_sw_nunst = 0.0000000000e+00
Doing analysis at TEMP = -40.000000 and TNOM = 27.000000

Using SPARSE 1.3 as Direct Linear Solver

Initial Transient Solution
--------------------------

Node                                   Voltage
----                                   -------
vdd                                       2.25
xdut.nr                               0.878117
xdut.er                             0.00407987
xdut.xqr.s1                        3.47223e-10
xdut.xqr.t                             1.68668
xdut.b1                               0.875136
xdut.oc                                   2.25
xdut.b2                                1.85114
xdut.c1                               0.980401
xdut.xq2.s1                        2.46479e-09
xdut.xq2.t                             2.78044
xdut.e1                             0.00376697
xdut.xq1.s1                        1.06822e-09
xdut.xq1.t                             2.14189
p1                                           0
xdut.in2                                     0
p2                                           0
s1n                                          0
s2n                                          0
l.xdut.lin#branch                            0
l.xdut.lfeed#branch                 0.00125271
vs2#branch                                   0
vs1#branch                                   0
vdd#branch                          -0.0016901


No. of Data Rows : 59

  Measurements for Transient Analysis

lna_rail_v          =  2.25000e+00

ngspice-46 done
