
Note: No compatibility mode selected!


Circuit: * klt sim -- generated corner deck, do not edit

Doing analysis at TEMP = -40.000000 and TNOM = 27.000000

Using SPARSE 1.3 as Direct Linear Solver

No. of Data Rows : 1

  Measurements for Transient Analysis


Doing analysis at TEMP = -40.000000 and TNOM = 27.000000

Using SPARSE 1.3 as Direct Linear Solver

No. of Data Rows : 3

  Measurements for Transient Analysis


Reset re-loads circuit * klt sim -- generated corner deck, do not edit

Circuit: * klt sim -- generated corner deck, do not edit

Doing analysis at TEMP = -40.000000 and TNOM = 27.000000

Using SPARSE 1.3 as Direct Linear Solver

No. of Data Rows : 3

  Measurements for Transient Analysis


Reset re-loads circuit * klt sim -- generated corner deck, do not edit

Circuit: * klt sim -- generated corner deck, do not edit

Doing analysis at TEMP = -40.000000 and TNOM = 27.000000

Using SPARSE 1.3 as Direct Linear Solver

No. of Data Rows : 3

No. of Data Rows : 1

  Measurements for Transient Analysis


Doing analysis at TEMP = -40.000000 and TNOM = 27.000000

Using SPARSE 1.3 as Direct Linear Solver

No. of Data Rows : 201

  Measurements for Transient Analysis


Reset re-loads circuit * klt sim -- generated corner deck, do not edit

Circuit: * klt sim -- generated corner deck, do not edit

Doing analysis at TEMP = -40.000000 and TNOM = 27.000000

Using SPARSE 1.3 as Direct Linear Solver

No. of Data Rows : 201

  Measurements for Transient Analysis


Reset re-loads circuit * klt sim -- generated corner deck, do not edit

Circuit: * klt sim -- generated corner deck, do not edit

SWEEP_BEGIN
                                                                            * klt sim -- generated corner deck, do not edit
                                                                            AC Analysis  Sat Oct 10 01:28:10  2026
--------------------------------------------------------------------------------------------------------------------------------------------------------------------------------------------------------
Index   frequency       wf              wk              wd              wmu             
--------------------------------------------------------------------------------------------------------------------------------------------------------------------------------------------------------
0	1.0000000000e+09	1.0000000000e+09	3.2480591771e+02	9.5146812583e-01	1.0000010388e+00	
1	1.0232929923e+09	1.0232929923e+09	3.1711286716e+02	9.5145953659e-01	1.0000011392e+00	
2	1.0471285481e+09	1.0471285481e+09	3.0958922250e+02	9.5145053588e-01	1.0000012494e+00	
3	1.0715193052e+09	1.0715193052e+09	3.0223104588e+02	9.5144110343e-01	1.0000013702e+00	
4	1.0964781961e+09	1.0964781961e+09	2.9503449325e+02	9.5143121796e-01	1.0000015027e+00	
5	1.1220184543e+09	1.1220184543e+09	2.8799581126e+02	9.5142085709e-01	1.0000016480e+00	
6	1.1481536215e+09	1.1481536215e+09	2.8111133662e+02	9.5140999728e-01	1.0000018074e+00	
7	1.1748975549e+09	1.1748975549e+09	2.7437749224e+02	9.5139861382e-01	1.0000019823e+00	
8	1.2022644346e+09	1.2022644346e+09	2.6779078745e+02	9.5138668069e-01	1.0000021741e+00	
9	1.2302687708e+09	1.2302687708e+09	2.6134781547e+02	9.5137417053e-01	1.0000023845e+00	
10	1.2589254118e+09	1.2589254118e+09	2.5504525190e+02	9.5136105456e-01	1.0000026153e+00	
11	1.2882495517e+09	1.2882495517e+09	2.4887985360e+02	9.5134730249e-01	1.0000028685e+00	
12	1.3182567386e+09	1.3182567386e+09	2.4284845636e+02	9.5133288245e-01	1.0000031463e+00	
13	1.3489628826e+09	1.3489628826e+09	2.3694797425e+02	9.5131776088e-01	1.0000034510e+00	
14	1.3803842646e+09	1.3803842646e+09	2.3117539757e+02	9.5130190244e-01	1.0000037853e+00	
15	1.4125375446e+09	1.4125375446e+09	2.2552779243e+02	9.5128526990e-01	1.0000041520e+00	
16	1.4454397707e+09	1.4454397707e+09	2.2000229836e+02	9.5126782404e-01	1.0000045544e+00	
17	1.4791083882e+09	1.4791083882e+09	2.1459612757e+02	9.5124952355e-01	1.0000049959e+00	
18	1.5135612484e+09	1.5135612484e+09	2.0930656380e+02	9.5123032485e-01	1.0000054802e+00	
19	1.5488166189e+09	1.5488166189e+09	2.0413096095e+02	9.5121018200e-01	1.0000060117e+00	
20	1.5848931925e+09	1.5848931925e+09	1.9906674192e+02	9.5118904655e-01	1.0000065949e+00	
21	1.6218100974e+09	1.6218100974e+09	1.9411139771e+02	9.5116686736e-01	1.0000072348e+00	
22	1.6595869074e+09	1.6595869074e+09	1.8926248591e+02	9.5114359048e-01	1.0000079371e+00	
23	1.6982436525e+09	1.6982436525e+09	1.8451763009e+02	9.5111915892e-01	1.0000087077e+00	
24	1.7378008287e+09	1.7378008287e+09	1.7987451836e+02	9.5109351251e-01	1.0000095534e+00	
25	1.7782794100e+09	1.7782794100e+09	1.7533090254e+02	9.5106658767e-01	1.0000104816e+00	
26	1.8197008586e+09	1.8197008586e+09	1.7088459722e+02	9.5103831719e-01	1.0000115004e+00	
27	1.8620871367e+09	1.8620871367e+09	1.6653347853e+02	9.5100863000e-01	1.0000126186e+00	
28	1.9054607180e+09	1.9054607180e+09	1.6227548329e+02	9.5097745094e-01	1.0000138459e+00	
29	1.9498445998e+09	1.9498445998e+09	1.5810860800e+02	9.5094470045e-01	1.0000151933e+00	
30	1.9952623150e+09	1.9952623150e+09	1.5403090781e+02	9.5091029432e-01	1.0000166723e+00	
31	2.0417379447e+09	2.0417379447e+09	1.5004049559e+02	9.5087414332e-01	1.0000182961e+00	
32	2.0892961309e+09	2.0892961309e+09	1.4613554083e+02	9.5083615293e-01	1.0000200789e+00	
33	2.1379620895e+09	2.1379620895e+09	1.4231426875e+02	9.5079622292e-01	1.0000220364e+00	
34	2.1877616239e+09	2.1877616239e+09	1.3857495912e+02	9.5075424698e-01	1.0000241858e+00	
35	2.2387211386e+09	2.2387211386e+09	1.3491594529e+02	9.5071011228e-01	1.0000265462e+00	
36	2.2908676528e+09	2.2908676528e+09	1.3133561313e+02	9.5066369903e-01	1.0000291384e+00	
37	2.3442288153e+09	2.3442288153e+09	1.2783239983e+02	9.5061487994e-01	1.0000319854e+00	
38	2.3988329190e+09	2.3988329190e+09	1.2440479283e+02	9.5056351973e-01	1.0000351126e+00	
39	2.4547089157e+09	2.4547089157e+09	1.2105132859e+02	9.5050947447e-01	1.0000385478e+00	
40	2.5118864315e+09	2.5118864315e+09	1.1777059142e+02	9.5045259103e-01	1.0000423217e+00	
41	2.5703957828e+09	2.5703957828e+09	1.1456121212e+02	9.5039270630e-01	1.0000464681e+00	
42	2.6302679919e+09	2.6302679919e+09	1.1142186675e+02	9.5032964650e-01	1.0000510241e+00	
43	2.6915348039e+09	2.6915348039e+09	1.0835127527e+02	9.5026322632e-01	1.0000560309e+00	
44	2.7542287033e+09	2.7542287033e+09	1.0534820003e+02	9.5019324802e-01	1.0000615335e+00	
45	2.8183829313e+09	2.8183829313e+09	1.0241144443e+02	9.5011950048e-01	1.0000675818e+00	
46	2.8840315031e+09	2.8840315031e+09	9.9539851310e+01	9.5004175813e-01	1.0000742307e+00	
47	2.9512092267e+09	2.9512092267e+09	9.6732301439e+01	9.4995977976e-01	1.0000815407e+00	
48	3.0199517204e+09	3.0199517204e+09	9.3987711870e+01	9.4987330724e-01	1.0000895786e+00	
49	3.0902954325e+09	3.0902954325e+09	9.1305034305e+01	9.4978206418e-01	1.0000984182e+00	
50	3.1622776602e+09	3.1622776602e+09	8.8683253373e+01	9.4968575433e-01	1.0001081409e+00	
51	3.2359365693e+09	3.2359365693e+09	8.6121384883e+01	9.4958405995e-01	1.0001188364e+00	
52	3.3113112148e+09	3.3113112148e+09	8.3618474052e+01	9.4947663992e-01	1.0001306040e+00	
53	3.3884415614e+09	3.3884415614e+09	8.1173593685e+01	9.4936312778e-01	1.0001435533e+00	
54	3.4673685045e+09	3.4673685045e+09	7.8785842349e+01	9.4924312942e-01	1.0001578056e+00	
55	3.5481338923e+09	3.5481338923e+09	7.6454342511e+01	9.4911622070e-01	1.0001734947e+00	
56	3.6307805477e+09	3.6307805477e+09	7.4178238685e+01	9.4898194466e-01	1.0001907690e+00	
57	3.7153522910e+09	3.7153522910e+09	7.1956695568e+01	9.4883980862e-01	1.0002097925e+00	
58	3.8018939632e+09	3.8018939632e+09	6.9788896190e+01	9.4868928077e-01	1.0002307467e+00	
59	3.8904514499e+09	3.8904514499e+09	6.7674040081e+01	9.4852978660e-01	1.0002538329e+00	
60	3.9810717055e+09	3.9810717055e+09	6.5611341462e+01	9.4836070479e-01	1.0002792740e+00	
61	4.0738027780e+09	4.0738027780e+09	6.3600027478e+01	9.4818136274e-01	1.0003073171e+00	
62	4.1686938347e+09	4.1686938347e+09	6.1639336487e+01	9.4799103157e-01	1.0003382365e+00	
63	4.2657951880e+09	4.2657951880e+09	5.9728516387e+01	9.4778892055e-01	1.0003723366e+00	
64	4.3651583224e+09	4.3651583224e+09	5.7866823034e+01	9.4757417094e-01	1.0004099555e+00	
65	4.4668359215e+09	4.4668359215e+09	5.6053518717e+01	9.4734584910e-01	1.0004514689e+00	
66	4.5708818961e+09	4.5708818961e+09	5.4287870736e+01	9.4710293875e-01	1.0004972947e+00	
67	4.6773514129e+09	4.6773514129e+09	5.2569150063e+01	9.4684433245e-01	1.0005478980e+00	
68	4.7863009232e+09	4.7863009232e+09	5.0896630110e+01	9.4656882190e-01	1.0006037968e+00	
69	4.8977881937e+09	4.8977881937e+09	4.9269585603e+01	9.4627508717e-01	1.0006655683e+00	
70	5.0118723363e+09	5.0118723363e+09	4.7687291570e+01	9.4596168463e-01	1.0007338567e+00	
71	5.1286138399e+09	5.1286138399e+09	4.6149022449e+01	9.4562703326e-01	1.0008093810e+00	
72	5.2480746025e+09	5.2480746025e+09	4.4654051316e+01	9.4526939934e-01	1.0008929446e+00	
73	5.3703179637e+09	5.3703179637e+09	4.3201649231e+01	9.4488687918e-01	1.0009854463e+00	
74	5.4954087386e+09	5.4954087386e+09	4.1791084720e+01	9.4447737953e-01	1.0010878926e+00	
75	5.6234132519e+09	5.6234132519e+09	4.0421623369e+01	9.4403859548e-01	1.0012014114e+00	
76	5.7543993734e+09	5.7543993734e+09	3.9092527544e+01	9.4356798541e-01	1.0013272685e+00	
77	5.8884365536e+09	5.8884365536e+09	3.7803056231e+01	9.4306274247e-01	1.0014668858e+00	
78	6.0255958607e+09	6.0255958607e+09	3.6552464993e+01	9.4251976223e-01	1.0016218632e+00	
79	6.1659500186e+09	6.1659500186e+09	3.5340006027e+01	9.4193560574e-01	1.0017940021e+00	
80	6.3095734448e+09	6.3095734448e+09	3.4164928340e+01	9.4130645737e-01	1.0019853350e+00	
81	6.4565422903e+09	6.4565422903e+09	3.3026478011e+01	9.4062807655e-01	1.0021981572e+00	
82	6.6069344801e+09	6.6069344801e+09	3.1923898547e+01	9.3989574247e-01	1.0024350657e+00	
83	6.7608297539e+09	6.7608297539e+09	3.0856431323e+01	9.3910419047e-01	1.0026990034e+00	
84	6.9183097092e+09	6.9183097092e+09	2.9823316091e+01	9.3824753891e-01	1.0029933108e+00	
85	7.0794578438e+09	7.0794578438e+09	2.8823791558e+01	9.3731920468e-01	1.0033217867e+00	
86	7.2443596007e+09	7.2443596007e+09	2.7857096018e+01	9.3631180554e-01	1.0036887595e+00	
87	7.4131024130e+09	7.4131024130e+09	2.6922468028e+01	9.3521704694e-01	1.0040991714e+00	
88	7.5857757503e+09	7.5857757503e+09	2.6019147129e+01	9.3402559050e-01	1.0045586768e+00	
89	7.7624711663e+09	7.7624711663e+09	2.5146374589e+01	9.3272690090e-01	1.0050737604e+00	
90	7.9432823472e+09	7.9432823472e+09	2.4303394170e+01	9.3130906717e-01	1.0056518769e+00	
91	8.1283051616e+09	8.1283051616e+09	2.3489452903e+01	9.2975859363e-01	1.0063016180e+00	
92	8.3176377110e+09	8.3176377110e+09	2.2703801875e+01	9.2806015471e-01	1.0070329121e+00	
93	8.5113803820e+09	8.5113803820e+09	2.1945697007e+01	9.2619630688e-01	1.0078572658e+00	
94	8.7096358996e+09	8.7096358996e+09	2.1214399819e+01	9.2414714908e-01	1.0087880544e+00	
95	8.9125093813e+09	8.9125093813e+09	2.0509178193e+01	9.2188992204e-01	1.0098408758e+00	
96	9.1201083936e+09	9.1201083936e+09	1.9829307100e+01	9.1939853387e-01	1.0110339809e+00	
97	9.3325430080e+09	9.3325430080e+09	1.9174069304e+01	9.1664299777e-01	1.0123888020e+00	
98	9.5499258602e+09	9.5499258602e+09	1.8542756048e+01	9.1358876392e-01	1.0139306033e+00	
99	9.7723722096e+09	9.7723722096e+09	1.7934667686e+01	9.1019592453e-01	1.0156892860e+00	
100	1.0000000000e+10	1.0000000000e+10	1.7349114293e+01	9.0641826666e-01	1.0177003916e+00	
101	1.0232929923e+10	1.0232929923e+10	1.6785416231e+01	9.0220214260e-01	1.0200063577e+00	
102	1.0471285481e+10	1.0471285481e+10	1.6242904670e+01	8.9748512232e-01	1.0226581012e+00	
103	1.0715193052e+10	1.0715193052e+10	1.5720922076e+01	8.9219438632e-01	1.0257170270e+00	
104	1.0964781961e+10	1.0964781961e+10	1.5218822641e+01	8.8624481181e-01	1.0292575925e+00	
105	1.1220184543e+10	1.1220184543e+10	1.4735972685e+01	8.7953669957e-01	1.0333706085e+00	
106	1.1481536215e+10	1.1481536215e+10	1.4271751003e+01	8.7195308630e-01	1.0381675176e+00	
107	1.1748975549e+10	1.1748975549e+10	1.3825549173e+01	8.6335658920e-01	1.0437859868e+00	
108	1.2022644346e+10	1.2022644346e+10	1.3396771823e+01	8.5358574032e-01	1.0503972807e+00	
109	1.2302687708e+10	1.2302687708e+10	1.2984836852e+01	8.4245079552e-01	1.0582160710e+00	
110	1.2589254118e+10	1.2589254118e+10	1.2589175616e+01	8.2972905687e-01	1.0675136172e+00	
111	1.2882495517e+10	1.2882495517e+10	1.2209233071e+01	8.1515984585e-01	1.0786356629e+00	
112	1.3182567386e+10	1.3182567386e+10	1.1844467880e+01	7.9843943284e-01	1.0920270141e+00	
113	1.3489628826e+10	1.3489628826e+10	1.1494352489e+01	7.7921650339e-01	1.1082657122e+00	
114	1.3803842646e+10	1.3803842646e+10	1.1158373161e+01	7.5708917247e-01	1.1281112032e+00	
115	1.4125375446e+10	1.4125375446e+10	1.0836029987e+01	7.3160520513e-01	1.1525732776e+00	
116	1.4454397707e+10	1.4454397707e+10	1.0526836861e+01	7.0226802691e-01	1.1830124670e+00	
117	1.4791083882e+10	1.4791083882e+10	1.0230321434e+01	6.6855234643e-01	1.2212892326e+00	
118	1.5135612484e+10	1.5135612484e+10	9.9460250343e+00	6.2993472715e-01	1.2699910382e+00	
119	1.5488166189e+10	1.5488166189e+10	9.6735025720e+00	5.8594604603e-01	1.3327881517e+00	
120	1.5848931925e+10	1.5848931925e+10	9.4123224174e+00	5.3625404251e-01	1.4150114541e+00	
121	1.6218100974e+10	1.6218100974e+10	9.1620662610e+00	4.8078443255e-01	1.5246334037e+00	
122	1.6595869074e+10	1.6595869074e+10	8.9223289561e+00	4.1988760630e-01	1.6740281492e+00	
123	1.6982436525e+10	1.6982436525e+10	8.6927183446e+00	3.5455423581e-01	1.8833543192e+00	
124	1.7378008287e+10	1.7378008287e+10	8.4728550690e+00	2.8667656567e-01	2.1876362425e+00	
125	1.7782794100e+10	1.7782794100e+10	8.2623723714e+00	2.1933854027e-01	2.6532590382e+00	
126	1.8197008586e+10	1.8197008586e+10	8.0609158823e+00	1.5707795830e-01	3.4218812199e+00	
127	1.8620871367e+10	1.8620871367e+10	7.8681433987e+00	1.0592895266e-01	4.8452242200e+00	
128	1.9054607180e+10	1.9054607180e+10	7.6837246549e+00	7.2575487267e-02	7.7388099602e+00	
129	1.9498445998e+10	1.9498445998e+10	7.5073410860e+00	6.1307941590e-02	7.6112156870e+00	
130	1.9952623150e+10	1.9952623150e+10	7.3386855865e+00	7.2394011081e-02	4.8850712068e+00	
131	2.0417379447e+10	2.0417379447e+10	7.1774622638e+00	1.0486196583e-01	3.5757340386e+00	
132	2.0892961309e+10	2.0892961309e+10	7.0233861892e+00	1.5372753588e-01	2.8677153179e+00	
133	2.1379620895e+10	2.1379620895e+10	6.8761831459e+00	2.1128833461e-01	2.4347151596e+00	
134	2.1877616239e+10	2.1877616239e+10	6.7355893769e+00	2.7097584378e-01	2.1471460323e+00	
135	2.2387211386e+10	2.2387211386e+10	6.6013513309e+00	3.2858748012e-01	1.9448564783e+00	
136	2.2908676528e+10	2.2908676528e+10	6.4732254107e+00	3.8195738310e-01	1.7964066793e+00	
137	2.3442288153e+10	2.3442288153e+10	6.3509777209e+00	4.3025636054e-01	1.6838642437e+00	
138	2.3988329190e+10	2.3988329190e+10	6.2343838187e+00	4.7340621045e-01	1.5963042076e+00	
139	2.4547089157e+10	2.4547089157e+10	6.1232284674e+00	5.1170054120e-01	1.5267208694e+00	
140	2.5118864315e+10	2.5118864315e+10	6.0173053918e+00	5.4558826426e-01	1.4704342124e+00	
141	2.5703957828e+10	2.5703957828e+10	5.9164170387e+00	5.7555938874e-01	1.4242115707e+00	
142	2.6302679919e+10	2.6302679919e+10	5.8203743409e+00	6.0208898424e-01	1.3857568989e+00	
143	2.6915348039e+10	2.6915348039e+10	5.7289964859e+00	6.2561246778e-01	1.3534003703e+00	
144	2.7542287033e+10	2.7542287033e+10	5.6421106895e+00	6.4651711838e-01	1.3259025978e+00	
145	2.8183829313e+10	2.8183829313e+10	5.5595519748e+00	6.6514164358e-01	1.3023271946e+00	
146	2.8840315031e+10	2.8840315031e+10	5.4811629573e+00	6.8177946442e-01	1.2819555367e+00	
147	2.9512092267e+10	2.9512092267e+10	5.4067936354e+00	6.9668346582e-01	1.2642283870e+00	
148	3.0199517204e+10	3.0199517204e+10	5.3363011875e+00	7.1007107260e-01	1.2487050774e+00	
149	3.0902954325e+10	3.0902954325e+10	5.2695497749e+00	7.2212910301e-01	1.2350344344e+00	
150	3.1622776602e+10	3.1622776602e+10	5.2064103527e+00	7.3301816361e-01	1.2229337264e+00	
151	3.2359365693e+10	3.2359365693e+10	5.1467604858e+00	7.4287651015e-01	1.2121731909e+00	
152	3.3113112148e+10	3.3113112148e+10	5.0904841732e+00	7.5182337913e-01	1.2025645067e+00	
153	3.3884415614e+10	3.3884415614e+10	5.0374716784e+00	7.5996183192e-01	1.1939521009e+00	
154	3.4673685045e+10	3.4673685045e+10	4.9876193683e+00	7.6738116696e-01	1.1862065183e+00	
155	3.5481338923e+10	3.5481338923e+10	4.9408295573e+00	7.7415895821e-01	1.1792193111e+00	
156	3.6307805477e+10	3.6307805477e+10	4.8970103612e+00	7.8036277477e-01	1.1728990627e+00	
157	3.7153522910e+10	3.7153522910e+10	4.8560755567e+00	7.8605163079e-01	1.1671682659e+00	
158	3.8018939632e+10	3.8018939632e+10	4.8179444490e+00	7.9127720845e-01	1.1619608525e+00	
159	3.8904514499e+10	3.8904514499e+10	4.7825417471e+00	7.9608489077e-01	1.1572202212e+00	
160	3.9810717055e+10	3.9810717055e+10	4.7497974468e+00	8.0051463496e-01	1.1528976545e+00	
161	4.0738027780e+10	4.0738027780e+10	4.7196467204e+00	8.0460171250e-01	1.1489510370e+00	
162	4.1686938347e+10	4.1686938347e+10	4.6920298149e+00	8.0837733747e-01	1.1453438127e+00	
163	4.2657951880e+10	4.2657951880e+10	4.6668919581e+00	8.1186920126e-01	1.1420441298e+00	
164	4.3651583224e+10	4.3651583224e+10	4.6441832708e+00	8.1510192867e-01	1.1390241377e+00	
165	4.4668359215e+10	4.4668359215e+10	4.6238586889e+00	8.1809746795e-01	1.1362594040e+00	
166	4.5708818961e+10	4.5708818961e+10	4.6058778912e+00	8.2087542506e-01	1.1337284289e+00	
167	4.6773514129e+10	4.6773514129e+10	4.5902052362e+00	8.2345335105e-01	1.1314122402e+00	
168	4.7863009232e+10	4.7863009232e+10	4.5768097061e+00	8.2584698952e-01	1.1292940516e+00	
169	4.8977881937e+10	4.8977881937e+10	4.5656648589e+00	8.2807049038e-01	1.1273589756e+00	
170	5.0118723363e+10	5.0118723363e+10	4.5567487878e+00	8.3013659498e-01	1.1255937791e+00	
171	5.1286138399e+10	5.1286138399e+10	4.5500440890e+00	8.3205679671e-01	1.1239866761e+00	
172	5.2480746025e+10	5.2480746025e+10	4.5455378371e+00	8.3384148077e-01	1.1225271504e+00	
173	5.3703179637e+10	5.3703179637e+10	4.5432215684e+00	8.3550004607e-01	1.1212058031e+00	
174	5.4954087386e+10	5.4954087386e+10	4.5430912723e+00	8.3704101181e-01	1.1200142225e+00	
175	5.6234132519e+10	5.6234132519e+10	4.5451473905e+00	8.3847211080e-01	1.1189448702e+00	
176	5.7543993734e+10	5.7543993734e+10	4.5493948247e+00	8.3980037155e-01	1.1179909834e+00	
177	5.8884365536e+10	5.8884365536e+10	4.5558429522e+00	8.4103219044e-01	1.1171464896e+00	
178	6.0255958607e+10	6.0255958607e+10	4.5645056495e+00	8.4217339540e-01	1.1164059320e+00	
179	6.1659500186e+10	6.1659500186e+10	4.5754013251e+00	8.4322930232e-01	1.1157644043e+00	
180	6.3095734448e+10	6.3095734448e+10	4.5885529598e+00	8.4420476493e-01	1.1152174932e+00	
181	6.4565422903e+10	6.4565422903e+10	4.6039881566e+00	8.4510421923e-01	1.1147612277e+00	
182	6.6069344801e+10	6.6069344801e+10	4.6217391982e+00	8.4593172301e-01	1.1143920344e+00	
183	6.7608297539e+10	6.7608297539e+10	4.6418431147e+00	8.4669099109e-01	1.1141066971e+00	
184	6.9183097092e+10	6.9183097092e+10	4.6643417589e+00	8.4738542692e-01	1.1139023219e+00	
185	7.0794578438e+10	7.0794578438e+10	4.6892818926e+00	8.4801815091e-01	1.1137763041e+00	
186	7.2443596007e+10	7.2443596007e+10	4.7167152806e+00	8.4859202590e-01	1.1137263006e+00	
187	7.4131024130e+10	7.4131024130e+10	4.7466987958e+00	8.4910968007e-01	1.1137502028e+00	
188	7.5857757503e+10	7.5857757503e+10	4.7792945331e+00	8.4957352780e-01	1.1138461133e+00	
189	7.7624711663e+10	7.7624711663e+10	4.8145699345e+00	8.4998578841e-01	1.1140123242e+00	
190	7.9432823472e+10	7.9432823472e+10	4.8525979241e+00	8.5034850335e-01	1.1142472974e+00	
191	8.1283051616e+10	8.1283051616e+10	4.8934570537e+00	8.5066355176e-01	1.1145496454e+00	
192	8.3176377110e+10	8.3176377110e+10	4.9372316607e+00	8.5093266479e-01	1.1149181153e+00	
193	8.5113803820e+10	8.5113803820e+10	4.9840120360e+00	8.5115743873e-01	1.1153515720e+00	
194	8.7096358996e+10	8.7096358996e+10	5.0338946049e+00	8.5133934706e-01	1.1158489835e+00	
195	8.9125093813e+10	8.9125093813e+10	5.0869821203e+00	8.5147975164e-01	1.1164094070e+00	
196	9.1201083936e+10	9.1201083936e+10	5.1433838687e+00	8.5157991306e-01	1.1170319754e+00	
197	9.3325430080e+10	9.3325430080e+10	5.2032158892e+00	8.5164100030e-01	1.1177158842e+00	
198	9.5499258602e+10	9.5499258602e+10	5.2666012074e+00	8.5166409973e-01	1.1184603799e+00	
199	9.7723722096e+10	9.7723722096e+10	5.3336700836e+00	8.5165022357e-01	1.1192647481e+00	
200	1.0000000000e+11	1.0000000000e+11	5.4045602762e+00	8.5160031781e-01	1.1201283020e+00	
SWEEP_END
m_s11_db_lo = -5.085626942e+00
m_s11_db_mid = -2.110992236e+01
m_s11_db_hi = -5.185460748e+00
m_s21_db_lo = 2.2638787840e+01
m_s21_db_mid = 2.4372950534e+01
m_s21_db_hi = 2.2001811713e+01
m_s22_db_lo = -8.792899138e+00
m_s22_db_mid = -2.553814281e+01
m_s22_db_hi = -9.739823592e+00
m_s12_db_lo = -5.130934385e+01
m_s12_db_mid = -4.798380573e+01
m_s12_db_hi = -4.889385990e+01
m_k_lo = 8.3042910042e+00
m_k_mid = 7.5260197317e+00
m_k_hi = 6.9293394791e+00
m_nf_db_lo = 2.6705316244e+00
m_nf_db_mid = 2.9028015182e+00
m_nf_db_hi = 3.2359403147e+00
m_q1_vce = 1.1842652525e+00
m_q1_vbe = 8.6895616562e-01
m_q1_ic = 1.5692757265e-03
m_q1_icfrac = 6.5386488603e-02
m_q1_dtj = 3.2481343092e+00
m_q1_ft = 2.3210564298e+02
m_q2_vce = 1.3110237736e+00
m_q2_vbe = 8.6861455462e-01
m_q2_ic = 1.5682777883e-03
m_q2_icfrac = 6.5344907846e-02
m_q2_dtj = 3.5932679658e+00
m_q2_ft = 2.3570976909e+02
m_qr_vce = 8.7091736199e-01
m_qr_vbe = 8.7091736199e-01
m_qr_ic = 2.0184464555e-04
m_qr_icfrac = 6.7281548516e-02
m_qr_dtj = 1.9968856482e+00
m_qr_ft = 2.1598586798e+02
m_idd_ma = 2.0662466586e+00
m_pdc_mw = 5.1656166465e+00
m_d_lo = 2.3274562622e-01
m_mu_lo = 2.5407273989e+00
m_msg_db_lo = 7.3948131685e+01
m_d_mid = 6.1439450575e-02
m_mu_mid = 7.9935877445e+00
m_msg_db_mid = 7.2356756265e+01
m_d_hi = 1.8965217804e-01
m_mu_hi = 2.5718216387e+00
m_msg_db_hi = 7.0895671610e+01
m_sw_n = 2.0100000000e+02
m_sw_kmin = 4.5430912723e+00
m_sw_fkmin_ghz = 5.4954087386e+01
m_sw_kmin_hi = 4.5430912723e+00
m_sw_kmin_lo = 8.4728550690e+00
m_sw_dmax = 9.5146812583e-01
m_sw_mumin = 1.0000010388e+00
m_sw_nunst = 0.0000000000e+00
Doing analysis at TEMP = -40.000000 and TNOM = 27.000000

Using SPARSE 1.3 as Direct Linear Solver

Initial Transient Solution
--------------------------

Node                                   Voltage
----                                   -------
vdd                                        2.5
xdut.nr                               0.875765
xdut.er                             0.00484753
xdut.xqr.s1                        3.46351e-10
xdut.xqr.t                             1.99689
xdut.b1                               0.873667
xdut.oc                                    2.5
xdut.b2                                2.05759
xdut.c1                                1.18898
xdut.xq2.s1                        2.73942e-09
xdut.xq2.t                             3.59327
xdut.e1                             0.00471097
xdut.xq1.s1                        1.29729e-09
xdut.xq1.t                             3.24813
p1                                           0
xdut.in2                                     0
p2                                           0
s1n                                          0
s2n                                          0
l.xdut.lin#branch                            0
l.xdut.lfeed#branch                 0.00156828
vs2#branch                                   0
vs1#branch                                   0
vdd#branch                         -0.00206625


No. of Data Rows : 59

  Measurements for Transient Analysis

lna_rail_v          =  2.50000e+00

ngspice-46 done
