
Note: No compatibility mode selected!


Circuit: * klt sim -- generated corner deck, do not edit

Doing analysis at TEMP = 125.000000 and TNOM = 27.000000

Using SPARSE 1.3 as Direct Linear Solver


The temperature limiting function received NaN.
Please check your power dissipation and improve your heat sink Rth!
    This message will be shown only once.

Note: Starting dynamic gmin stepping
Note: Dynamic gmin stepping completed

No. of Data Rows : 1

  Measurements for Transient Analysis


Doing analysis at TEMP = 125.000000 and TNOM = 27.000000

Using SPARSE 1.3 as Direct Linear Solver
Note: Starting dynamic gmin stepping
Note: Dynamic gmin stepping completed

No. of Data Rows : 3

  Measurements for Transient Analysis


Reset re-loads circuit * klt sim -- generated corner deck, do not edit

Circuit: * klt sim -- generated corner deck, do not edit

Doing analysis at TEMP = 125.000000 and TNOM = 27.000000

Using SPARSE 1.3 as Direct Linear Solver
Note: Starting dynamic gmin stepping
Note: Dynamic gmin stepping completed

No. of Data Rows : 3

  Measurements for Transient Analysis


Reset re-loads circuit * klt sim -- generated corner deck, do not edit

Circuit: * klt sim -- generated corner deck, do not edit

Doing analysis at TEMP = 125.000000 and TNOM = 27.000000

Using SPARSE 1.3 as Direct Linear Solver
Note: Starting dynamic gmin stepping
Note: Dynamic gmin stepping completed

No. of Data Rows : 3

No. of Data Rows : 1

  Measurements for Transient Analysis


Doing analysis at TEMP = 125.000000 and TNOM = 27.000000

Using SPARSE 1.3 as Direct Linear Solver
Note: Starting dynamic gmin stepping
Note: Dynamic gmin stepping completed

No. of Data Rows : 201

  Measurements for Transient Analysis


Reset re-loads circuit * klt sim -- generated corner deck, do not edit

Circuit: * klt sim -- generated corner deck, do not edit

Doing analysis at TEMP = 125.000000 and TNOM = 27.000000

Using SPARSE 1.3 as Direct Linear Solver
Note: Starting dynamic gmin stepping
Note: Dynamic gmin stepping completed

No. of Data Rows : 201

  Measurements for Transient Analysis


Reset re-loads circuit * klt sim -- generated corner deck, do not edit

Circuit: * klt sim -- generated corner deck, do not edit

SWEEP_BEGIN
                                                                            * klt sim -- generated corner deck, do not edit
                                                                            AC Analysis  Sat Oct 10 01:28:10  2026
--------------------------------------------------------------------------------------------------------------------------------------------------------------------------------------------------------
Index   frequency       wf              wk              wd              wmu             
--------------------------------------------------------------------------------------------------------------------------------------------------------------------------------------------------------
0	1.0000000000e+09	1.0000000000e+09	4.7412643648e+02	9.5136093742e-01	1.0000010399e+00	
1	1.0232929923e+09	1.0232929923e+09	4.6285551397e+02	9.5135281934e-01	1.0000011404e+00	
2	1.0471285481e+09	1.0471285481e+09	4.5182954672e+02	9.5134431231e-01	1.0000012507e+00	
3	1.0715193052e+09	1.0715193052e+09	4.4104298188e+02	9.5133539716e-01	1.0000013717e+00	
4	1.0964781961e+09	1.0964781961e+09	4.3049039309e+02	9.5132605375e-01	1.0000015044e+00	
5	1.1220184543e+09	1.1220184543e+09	4.2016647499e+02	9.5131626090e-01	1.0000016499e+00	
6	1.1481536215e+09	1.1481536215e+09	4.1006604270e+02	9.5130599637e-01	1.0000018096e+00	
7	1.1748975549e+09	1.1748975549e+09	4.0018402964e+02	9.5129523675e-01	1.0000019847e+00	
8	1.2022644346e+09	1.2022644346e+09	3.9051548764e+02	9.5128395743e-01	1.0000021768e+00	
9	1.2302687708e+09	1.2302687708e+09	3.8105558133e+02	9.5127213253e-01	1.0000023875e+00	
10	1.2589254118e+09	1.2589254118e+09	3.7179959053e+02	9.5125973481e-01	1.0000026187e+00	
11	1.2882495517e+09	1.2882495517e+09	3.6274290689e+02	9.5124673561e-01	1.0000028723e+00	
12	1.3182567386e+09	1.3182567386e+09	3.5388103201e+02	9.5123310476e-01	1.0000031505e+00	
13	1.3489628826e+09	1.3489628826e+09	3.4520957688e+02	9.5121881050e-01	1.0000034557e+00	
14	1.3803842646e+09	1.3803842646e+09	3.3672425950e+02	9.5120381937e-01	1.0000037906e+00	
15	1.4125375446e+09	1.4125375446e+09	3.2842090503e+02	9.5118809616e-01	1.0000041580e+00	
16	1.4454397707e+09	1.4454397707e+09	3.2029544164e+02	9.5117160372e-01	1.0000045611e+00	
17	1.4791083882e+09	1.4791083882e+09	3.1234390184e+02	9.5115430294e-01	1.0000050033e+00	
18	1.5135612484e+09	1.5135612484e+09	3.0456241924e+02	9.5113615256e-01	1.0000054886e+00	
19	1.5488166189e+09	1.5488166189e+09	2.9694722836e+02	9.5111710909e-01	1.0000060211e+00	
20	1.5848931925e+09	1.5848931925e+09	2.8949466250e+02	9.5109712664e-01	1.0000066054e+00	
21	1.6218100974e+09	1.6218100974e+09	2.8220115252e+02	9.5107615679e-01	1.0000072466e+00	
22	1.6595869074e+09	1.6595869074e+09	2.7506322598e+02	9.5105414842e-01	1.0000079503e+00	
23	1.6982436525e+09	1.6982436525e+09	2.6807750548e+02	9.5103104758e-01	1.0000087225e+00	
24	1.7378008287e+09	1.7378008287e+09	2.6124070708e+02	9.5100679725e-01	1.0000095701e+00	
25	1.7782794100e+09	1.7782794100e+09	2.5454963952e+02	9.5098133721e-01	1.0000105003e+00	
26	1.8197008586e+09	1.8197008586e+09	2.4800120249e+02	9.5095460376e-01	1.0000115213e+00	
27	1.8620871367e+09	1.8620871367e+09	2.4159238546e+02	9.5092652959e-01	1.0000126420e+00	
28	1.9054607180e+09	1.9054607180e+09	2.3532026608e+02	9.5089704344e-01	1.0000138722e+00	
29	1.9498445998e+09	1.9498445998e+09	2.2918200902e+02	9.5086606993e-01	1.0000152227e+00	
30	1.9952623150e+09	1.9952623150e+09	2.2317486437e+02	9.5083352923e-01	1.0000167054e+00	
31	2.0417379447e+09	2.0417379447e+09	2.1729616626e+02	9.5079933676e-01	1.0000183332e+00	
32	2.0892961309e+09	2.0892961309e+09	2.1154333115e+02	9.5076340290e-01	1.0000201206e+00	
33	2.1379620895e+09	2.1379620895e+09	2.0591385656e+02	9.5072563262e-01	1.0000220831e+00	
34	2.1877616239e+09	2.1877616239e+09	2.0040531904e+02	9.5068592511e-01	1.0000242383e+00	
35	2.2387211386e+09	2.2387211386e+09	1.9501537281e+02	9.5064417337e-01	1.0000266051e+00	
36	2.2908676528e+09	2.2908676528e+09	1.8974174775e+02	9.5060026376e-01	1.0000292046e+00	
37	2.3442288153e+09	2.3442288153e+09	1.8458224772e+02	9.5055407556e-01	1.0000320598e+00	
38	2.3988329190e+09	2.3988329190e+09	1.7953474848e+02	9.5050548039e-01	1.0000351962e+00	
39	2.4547089157e+09	2.4547089157e+09	1.7459719581e+02	9.5045434172e-01	1.0000386418e+00	
40	2.5118864315e+09	2.5118864315e+09	1.6976760334e+02	9.5040051422e-01	1.0000424273e+00	
41	2.5703957828e+09	2.5703957828e+09	1.6504405043e+02	9.5034384310e-01	1.0000465868e+00	
42	2.6302679919e+09	2.6302679919e+09	1.6042467985e+02	9.5028416340e-01	1.0000511576e+00	
43	2.6915348039e+09	2.6915348039e+09	1.5590769544e+02	9.5022129920e-01	1.0000561810e+00	
44	2.7542287033e+09	2.7542287033e+09	1.5149135971e+02	9.5015506279e-01	1.0000617024e+00	
45	2.8183829313e+09	2.8183829313e+09	1.4717399128e+02	9.5008525370e-01	1.0000677719e+00	
46	2.8840315031e+09	2.8840315031e+09	1.4295396229e+02	9.5001165772e-01	1.0000744446e+00	
47	2.9512092267e+09	2.9512092267e+09	1.3882969573e+02	9.4993404575e-01	1.0000817815e+00	
48	3.0199517204e+09	3.0199517204e+09	1.3479966269e+02	9.4985217264e-01	1.0000898499e+00	
49	3.0902954325e+09	3.0902954325e+09	1.3086237956e+02	9.4976577580e-01	1.0000987238e+00	
50	3.1622776602e+09	3.1622776602e+09	1.2701640519e+02	9.4967457381e-01	1.0001084852e+00	
51	3.2359365693e+09	3.2359365693e+09	1.2326033799e+02	9.4957826473e-01	1.0001192245e+00	
52	3.3113112148e+09	3.3113112148e+09	1.1959281300e+02	9.4947652446e-01	1.0001310416e+00	
53	3.3884415614e+09	3.3884415614e+09	1.1601249896e+02	9.4936900469e-01	1.0001440469e+00	
54	3.4673685045e+09	3.4673685045e+09	1.1251809541e+02	9.4925533087e-01	1.0001583624e+00	
55	3.5481338923e+09	3.5481338923e+09	1.0910832969e+02	9.4913509984e-01	1.0001741232e+00	
56	3.6307805477e+09	3.6307805477e+09	1.0578195414e+02	9.4900787723e-01	1.0001914786e+00	
57	3.7153522910e+09	3.7153522910e+09	1.0253774316e+02	9.4887319463e-01	1.0002105938e+00	
58	3.8018939632e+09	3.8018939632e+09	9.9374490516e+01	9.4873054646e-01	1.0002316521e+00	
59	3.8904514499e+09	3.8904514499e+09	9.6291006541e+01	9.4857938646e-01	1.0002548561e+00	
60	3.9810717055e+09	3.9810717055e+09	9.3286115578e+01	9.4841912383e-01	1.0002804308e+00	
61	4.0738027780e+09	4.0738027780e+09	9.0358653458e+01	9.4824911900e-01	1.0003086255e+00	
62	4.1686938347e+09	4.1686938347e+09	8.7507465110e+01	9.4806867884e-01	1.0003397170e+00	
63	4.2657951880e+09	4.2657951880e+09	8.4731402324e+01	9.4787705138e-01	1.0003740124e+00	
64	4.3651583224e+09	4.3651583224e+09	8.2029321659e+01	9.4767341995e-01	1.0004118531e+00	
65	4.4668359215e+09	4.4668359215e+09	7.9400082510e+01	9.4745689662e-01	1.0004536185e+00	
66	4.5708818961e+09	4.5708818961e+09	7.6842545360e+01	9.4722651492e-01	1.0004997308e+00	
67	4.6773514129e+09	4.6773514129e+09	7.4355570198e+01	9.4698122162e-01	1.0005506599e+00	
68	4.7863009232e+09	4.7863009232e+09	7.1938015146e+01	9.4671986762e-01	1.0006069293e+00	
69	4.8977881937e+09	4.8977881937e+09	6.9588735263e+01	9.4644119773e-01	1.0006691227e+00	
70	5.0118723363e+09	5.0118723363e+09	6.7306581555e+01	9.4614383911e-01	1.0007378914e+00	
71	5.1286138399e+09	5.1286138399e+09	6.5090400185e+01	9.4582628842e-01	1.0008139628e+00	
72	5.2480746025e+09	5.2480746025e+09	6.2939031876e+01	9.4548689722e-01	1.0008981499e+00	
73	5.3703179637e+09	5.3703179637e+09	6.0851311509e+01	9.4512385558e-01	1.0009913624e+00	
74	5.4954087386e+09	5.4954087386e+09	5.8826067917e+01	9.4473517358e-01	1.0010946192e+00	
75	5.6234132519e+09	5.6234132519e+09	5.6862123853e+01	9.4431866035e-01	1.0012090626e+00	
76	5.7543993734e+09	5.7543993734e+09	5.4958296148e+01	9.4387190030e-01	1.0013359749e+00	
77	5.8884365536e+09	5.8884365536e+09	5.3113396019e+01	9.4339222621e-01	1.0014767968e+00	
78	6.0255958607e+09	6.0255958607e+09	5.1326229542e+01	9.4287668856e-01	1.0016331497e+00	
79	6.1659500186e+09	6.1659500186e+09	4.9595598269e+01	9.4232202062e-01	1.0018068600e+00	
80	6.3095734448e+09	6.3095734448e+09	4.7920299971e+01	9.4172459858e-01	1.0019999881e+00	
81	6.4565422903e+09	6.4565422903e+09	4.6299129497e+01	9.4108039601e-01	1.0022148621e+00	
82	6.6069344801e+09	6.6069344801e+09	4.4730879741e+01	9.4038493156e-01	1.0024541161e+00	
83	6.7608297539e+09	6.7608297539e+09	4.3214342693e+01	9.3963320904e-01	1.0027207355e+00	
84	6.9183097092e+09	6.9183097092e+09	4.1748310562e+01	9.3881964832e-01	1.0030181094e+00	
85	7.0794578438e+09	7.0794578438e+09	4.0331576963e+01	9.3793800579e-01	1.0033500923e+00	
86	7.2443596007e+09	7.2443596007e+09	3.8962938141e+01	9.3698128232e-01	1.0037210764e+00	
87	7.4131024130e+09	7.4131024130e+09	3.7641194236e+01	9.3594161670e-01	1.0041360761e+00	
88	7.5857757503e+09	7.5857757503e+09	3.6365150553e+01	9.3481016190e-01	1.0046008288e+00	
89	7.7624711663e+09	7.7624711663e+09	3.5133618849e+01	9.3357694114e-01	1.0051219133e+00	
90	7.9432823472e+09	7.9432823472e+09	3.3945418604e+01	9.3223067996e-01	1.0057068913e+00	
91	8.1283051616e+09	8.1283051616e+09	3.2799378277e+01	9.3075860989e-01	1.0063644756e+00	
92	8.3176377110e+09	8.3176377110e+09	3.1694336537e+01	9.2914623852e-01	1.0071047320e+00	
93	8.5113803820e+09	8.5113803820e+09	3.0629143452e+01	9.2737707925e-01	1.0079393211e+00	
94	8.7096358996e+09	8.7096358996e+09	2.9602661639e+01	9.2543233329e-01	1.0088817914e+00	
95	8.9125093813e+09	8.9125093813e+09	2.8613767357e+01	9.2329051439e-01	1.0099479335e+00	
96	9.1201083936e+09	9.1201083936e+09	2.7661351547e+01	9.2092700510e-01	1.0111562114e+00	
97	9.3325430080e+09	9.3325430080e+09	2.6744320806e+01	9.1831353096e-01	1.0125282909e+00	
98	9.5499258602e+09	9.5499258602e+09	2.5861598296e+01	9.1541753633e-01	1.0140896879e+00	
99	9.7723722096e+09	9.7723722096e+09	2.5012124587e+01	9.1220144203e-01	1.0158705704e+00	
100	1.0000000000e+10	1.0000000000e+10	2.4194858428e+01	9.0862176142e-01	1.0179067546e+00	
101	1.0232929923e+10	1.0232929923e+10	2.3408777437e+01	9.0462804667e-01	1.0202409488e+00	
102	1.0471285481e+10	1.0471285481e+10	2.2652878733e+01	9.0016163203e-01	1.0229243177e+00	
103	1.0715193052e+10	1.0715193052e+10	2.1926179486e+01	8.9515413552e-01	1.0260184606e+00	
104	1.0964781961e+10	1.0964781961e+10	2.1227717393e+01	8.8952567424e-01	1.0295979300e+00	
105	1.1220184543e+10	1.1220184543e+10	2.0556551094e+01	8.8318274403e-01	1.0337534619e+00	
106	1.1481536215e+10	1.1481536215e+10	1.9911760510e+01	8.7601571016e-01	1.0385961478e+00	
107	1.1748975549e+10	1.1748975549e+10	1.9292447120e+01	8.6789585687e-01	1.0442628678e+00	
108	1.2022644346e+10	1.2022644346e+10	1.8697734170e+01	8.5867195143e-01	1.0509234230e+00	
109	1.2302687708e+10	1.2302687708e+10	1.8126766827e+01	8.4816630023e-01	1.0587899848e+00	
110	1.2589254118e+10	1.2589254118e+10	1.7578712270e+01	8.3617031933e-01	1.0681297307e+00	
111	1.2882495517e+10	1.2882495517e+10	1.7052759731e+01	8.2243972468e-01	1.0792819170e+00	
112	1.3182567386e+10	1.3182567386e+10	1.6548120481e+01	8.0668958976e-01	1.0926812022e+00	
113	1.3489628826e+10	1.3489628826e+10	1.6064027771e+01	7.8858975253e-01	1.1088898952e+00	
114	1.3803842646e+10	1.3803842646e+10	1.5599736725e+01	7.6776142193e-01	1.1286431445e+00	
115	1.4125375446e+10	1.4125375446e+10	1.5154524201e+01	7.4377638700e-01	1.1529132125e+00	
116	1.4454397707e+10	1.4454397707e+10	1.4727688601e+01	7.1616102154e-01	1.1830024664e+00	
117	1.4791083882e+10	1.4791083882e+10	1.4318549659e+01	6.8440832594e-01	1.2206806023e+00	
118	1.5135612484e+10	1.5135612484e+10	1.3926448192e+01	6.4800250533e-01	1.2683919490e+00	
119	1.5488166189e+10	1.5488166189e+10	1.3550745822e+01	6.0646183631e-01	1.3295776382e+00	
120	1.5848931925e+10	1.5848931925e+10	1.3190824680e+01	5.5940635563e-01	1.4091939674e+00	
121	1.6218100974e+10	1.6218100974e+10	1.2846087080e+01	5.0665644368e-01	1.5145829813e+00	
122	1.6595869074e+10	1.6595869074e+10	1.2515955177e+01	4.4836576410e-01	1.6570144376e+00	
123	1.6982436525e+10	1.6982436525e+10	1.2199870609e+01	3.8518676159e-01	1.8546030821e+00	
124	1.7378008287e+10	1.7378008287e+10	1.1897294125e+01	3.1845981298e-01	2.1383003429e+00	
125	1.7782794100e+10	1.7782794100e+10	1.1607705199e+01	2.5041068945e-01	2.5655467173e+00	
126	1.8197008586e+10	1.8197008586e+10	1.1330601635e+01	1.8433797338e-01	3.2558639497e+00	
127	1.8620871367e+10	1.8620871367e+10	1.1065499166e+01	1.2477316938e-01	4.5016024984e+00	
128	1.9054607180e+10	1.9054607180e+10	1.0811931041e+01	7.7592711675e-02	7.1763526711e+00	
129	1.9498445998e+10	1.9498445998e+10	1.0569447618e+01	4.9657226551e-02	1.1226762326e+01	
130	1.9952623150e+10	1.9952623150e+10	1.0337615945e+01	4.4652358519e-02	6.8780070141e+00	
131	2.0417379447e+10	2.0417379447e+10	1.0116019340e+01	6.0128789590e-02	4.5490743551e+00	
132	2.0892961309e+10	2.0892961309e+10	9.9042569824e+00	9.5618170130e-02	3.4462258270e+00	
133	2.1379620895e+10	2.1379620895e+10	9.7019434901e+00	1.4725344265e-01	2.8231634802e+00	
134	2.1877616239e+10	2.1877616239e+10	9.5087085106e+00	2.0753317139e-01	2.4294134866e+00	
135	2.2387211386e+10	2.2387211386e+10	9.3241963105e+00	2.6968966984e-01	2.1615313718e+00	
136	2.2908676528e+10	2.2908676528e+10	9.1480653711e+00	3.2929446836e-01	1.9695631828e+00	
137	2.3442288153e+10	2.3442288153e+10	8.9799879886e+00	3.8409131490e-01	1.8265745807e+00	
138	2.3988329190e+10	2.3988329190e+10	8.8196498811e+00	4.3328720550e-01	1.7168250130e+00	
139	2.4547089157e+10	2.4547089157e+10	8.6667498016e+00	4.7690363597e-01	1.6305363321e+00	
140	2.5118864315e+10	2.5118864315e+10	8.5209991590e+00	5.1534679230e-01	1.5613368897e+00	
141	2.5703957828e+10	2.5703957828e+10	8.3821216471e+00	5.4916525720e-01	1.5049121753e+00	
142	2.6302679919e+10	2.6302679919e+10	8.2498528808e+00	5.7892744860e-01	1.4582469180e+00	
143	2.6915348039e+10	2.6915348039e+10	8.1239400432e+00	6.0516594058e-01	1.4191773375e+00	
144	2.7542287033e+10	2.7542287033e+10	8.0041415395e+00	6.2835633969e-01	1.3861152960e+00	
145	2.8183829313e+10	2.8183829313e+10	7.8902266628e+00	6.4891294172e-01	1.3578722434e+00	
146	2.8840315031e+10	2.8840315031e+10	7.7819752676e+00	6.6719193804e-01	1.3335434119e+00	
147	2.9512092267e+10	2.9512092267e+10	7.6791774549e+00	6.8349756016e-01	1.3124296309e+00	
148	3.0199517204e+10	3.0199517204e+10	7.5816332663e+00	6.9808894785e-01	1.2939833247e+00	
149	3.0902954325e+10	3.0902954325e+10	7.4891523897e+00	7.1118673905e-01	1.2777704578e+00	
150	3.1622776602e+10	3.1622776602e+10	7.4015538744e+00	7.2297898084e-01	1.2634432356e+00	
151	3.2359365693e+10	3.2359365693e+10	7.3186658576e+00	7.3362625055e-01	1.2507202043e+00	
152	3.3113112148e+10	3.3113112148e+10	7.2403253013e+00	7.4326600840e-01	1.2393715345e+00	
153	3.3884415614e+10	3.3884415614e+10	7.1663777399e+00	7.5201625779e-01	1.2292079942e+00	
154	3.4673685045e+10	3.4673685045e+10	7.0966770387e+00	7.5997860572e-01	1.2200725880e+00	
155	3.5481338923e+10	3.5481338923e+10	7.0310851637e+00	7.6724081478e-01	1.2118341463e+00	
156	3.6307805477e+10	3.6307805477e+10	6.9694719613e+00	7.7387892967e-01	1.2043823612e+00	
157	3.7153522910e+10	3.7153522910e+10	6.9117149497e+00	7.7995905006e-01	1.1976239069e+00	
158	3.8018939632e+10	3.8018939632e+10	6.8576991208e+00	7.8553881073e-01	1.1914793792e+00	
159	3.8904514499e+10	3.8904514499e+10	6.8073167529e+00	7.9066861963e-01	1.1858808646e+00	
160	3.9810717055e+10	3.9810717055e+10	6.7604672345e+00	7.9539269605e-01	1.1807699921e+00	
161	4.0738027780e+10	4.0738027780e+10	6.7170568984e+00	7.9974994325e-01	1.1760963627e+00	
162	4.1686938347e+10	4.1686938347e+10	6.6769988670e+00	8.0377468405e-01	1.1718162745e+00	
163	4.2657951880e+10	4.2657951880e+10	6.6402129080e+00	8.0749728267e-01	1.1678916806e+00	
164	4.3651583224e+10	4.3651583224e+10	6.6066253012e+00	8.1094467192e-01	1.1642893333e+00	
165	4.4668359215e+10	4.4668359215e+10	6.5761687156e+00	8.1414080139e-01	1.1609800768e+00	
166	4.5708818961e+10	4.5708818961e+10	6.5487820972e+00	8.1710701971e-01	1.1579382599e+00	
167	4.6773514129e+10	4.6773514129e+10	6.5244105675e+00	8.1986240133e-01	1.1551412452e+00	
168	4.7863009232e+10	4.7863009232e+10	6.5030053328e+00	8.2242402692e-01	1.1525689983e+00	
169	4.8977881937e+10	4.8977881937e+10	6.4845236037e+00	8.2480722435e-01	1.1502037409e+00	
170	5.0118723363e+10	5.0118723363e+10	6.4689285257e+00	8.2702577661e-01	1.1480296576e+00	
171	5.1286138399e+10	5.1286138399e+10	6.4561891200e+00	8.2909210151e-01	1.1460326474e+00	
172	5.2480746025e+10	5.2480746025e+10	6.4462802352e+00	8.3101740755e-01	1.1442001102e+00	
173	5.3703179637e+10	5.3703179637e+10	6.4391825097e+00	8.3281182931e-01	1.1425207659e+00	
174	5.4954087386e+10	5.4954087386e+10	6.4348823446e+00	8.3448454547e-01	1.1409844973e+00	
175	5.6234132519e+10	5.6234132519e+10	6.4333718879e+00	8.3604388188e-01	1.1395822156e+00	
176	5.7543993734e+10	5.7543993734e+10	6.4346490290e+00	8.3749740185e-01	1.1383057437e+00	
177	5.8884365536e+10	5.8884365536e+10	6.4387174045e+00	8.3885198530e-01	1.1371477145e+00	
178	6.0255958607e+10	6.0255958607e+10	6.4455864152e+00	8.4011389847e-01	1.1361014829e+00	
179	6.1659500186e+10	6.1659500186e+10	6.4552712542e+00	8.4128885539e-01	1.1351610484e+00	
180	6.3095734448e+10	6.3095734448e+10	6.4677929462e+00	8.4238207213e-01	1.1343209872e+00	
181	6.4565422903e+10	6.4565422903e+10	6.4831783988e+00	8.4339831491e-01	1.1335763927e+00	
182	6.6069344801e+10	6.6069344801e+10	6.5014604649e+00	8.4434194280e-01	1.1329228230e+00	
183	6.7608297539e+10	6.7608297539e+10	6.5226780180e+00	8.4521694572e-01	1.1323562535e+00	
184	6.9183097092e+10	6.9183097092e+10	6.5468760390e+00	8.4602697827e-01	1.1318730362e+00	
185	7.0794578438e+10	7.0794578438e+10	6.5741057156e+00	8.4677539004e-01	1.1314698618e+00	
186	7.2443596007e+10	7.2443596007e+10	6.6044245551e+00	8.4746525275e-01	1.1311437270e+00	
187	7.4131024130e+10	7.4131024130e+10	6.6378965096e+00	8.4809938459e-01	1.1308919042e+00	
188	7.5857757503e+10	7.5857757503e+10	6.6745921155e+00	8.4868037219e-01	1.1307119146e+00	
189	7.7624711663e+10	7.7624711663e+10	6.7145886464e+00	8.4921059041e-01	1.1306015038e+00	
190	7.9432823472e+10	7.9432823472e+10	6.7579702806e+00	8.4969222031e-01	1.1305586191e+00	
191	8.1283051616e+10	8.1283051616e+10	6.8048282843e+00	8.5012726541e-01	1.1305813891e+00	
192	8.3176377110e+10	8.3176377110e+10	6.8552612089e+00	8.5051756658e-01	1.1306681053e+00	
193	8.5113803820e+10	8.5113803820e+10	6.9093751060e+00	8.5086481557e-01	1.1308172037e+00	
194	8.7096358996e+10	8.7096358996e+10	6.9672837578e+00	8.5117056747e-01	1.1310272499e+00	
195	8.9125093813e+10	8.9125093813e+10	7.0291089264e+00	8.5143625220e-01	1.1312969229e+00	
196	9.1201083936e+10	9.1201083936e+10	7.0949806205e+00	8.5166318508e-01	1.1316250016e+00	
197	9.3325430080e+10	9.3325430080e+10	7.1650373816e+00	8.5185257672e-01	1.1320103510e+00	
198	9.5499258602e+10	9.5499258602e+10	7.2394265908e+00	8.5200554214e-01	1.1324519104e+00	
199	9.7723722096e+10	9.7723722096e+10	7.3183047967e+00	8.5212310945e-01	1.1329486804e+00	
200	1.0000000000e+11	1.0000000000e+11	7.4018380653e+00	8.5220622789e-01	1.1334997124e+00	
SWEEP_END
m_s11_db_lo = -3.935968537e+00
m_s11_db_mid = -1.235138614e+01
m_s11_db_hi = -8.882481605e+00
m_s21_db_lo = 1.9354317749e+01
m_s21_db_mid = 2.1590936091e+01
m_s21_db_hi = 2.0508421607e+01
m_s22_db_lo = -8.236769374e+00
m_s22_db_mid = -2.655642448e+01
m_s22_db_hi = -1.072678480e+01
m_s12_db_lo = -5.246522248e+01
m_s12_db_mid = -4.863026579e+01
m_s12_db_hi = -4.824601048e+01
m_k_lo = 1.1665372360e+01
m_k_mid = 1.0595124586e+01
m_k_hi = 9.7750008966e+00
m_nf_db_lo = 3.7804217122e+00
m_nf_db_mid = 4.0270292901e+00
m_nf_db_hi = 4.4099509542e+00
m_q1_vce = 1.3418585805e+00
m_q1_vbe = 7.0876425781e-01
m_q1_ic = 1.7366018568e-03
m_q1_icfrac = 7.2358410700e-02
m_q1_dtj = 4.0729355497e+00
m_q1_ft = 1.7366568187e+02
m_q2_vce = 1.1529268194e+00
m_q2_vbe = 7.0931927713e-01
m_q2_ic = 1.7346343828e-03
m_q2_icfrac = 7.2276432615e-02
m_q2_dtj = 3.4962489455e+00
m_q2_ft = 1.7557645219e+02
m_qr_vce = 7.1186507576e-01
m_qr_vbe = 7.1186507576e-01
m_qr_ic = 2.2099949393e-04
m_qr_icfrac = 7.3666497976e-02
m_qr_dtj = 1.7879579108e+00
m_qr_ft = 1.5472090052e+02
m_idd_ma = 2.2532263738e+00
m_pdc_mw = 5.6330659344e+00
m_d_lo = 2.6416661315e-01
m_mu_lo = 2.4629858952e+00
m_msg_db_lo = 7.1819540229e+01
m_d_mid = 5.1565649544e-02
m_mu_mid = 1.1226681828e+01
m_msg_db_mid = 7.0221201880e+01
m_d_hi = 1.2691682215e-01
m_mu_hi = 3.0164346262e+00
m_msg_db_hi = 6.8754432083e+01
m_sw_n = 2.0100000000e+02
m_sw_kmin = 6.4333718879e+00
m_sw_fkmin_ghz = 5.6234132519e+01
m_sw_kmin_hi = 6.4333718879e+00
m_sw_kmin_lo = 1.1897294125e+01
m_sw_dmax = 9.5136093742e-01
m_sw_mumin = 1.0000010399e+00
m_sw_nunst = 0.0000000000e+00
Doing analysis at TEMP = 125.000000 and TNOM = 27.000000

Using SPARSE 1.3 as Direct Linear Solver
Note: Starting dynamic gmin stepping
Note: Dynamic gmin stepping completed

Initial Transient Solution
--------------------------

Node                                   Voltage
----                                   -------
vdd                                        2.5
xdut.nr                               0.717175
xdut.er                             0.00531012
xdut.xqr.s1                         4.0023e-08
xdut.xqr.t                             1.78796
xdut.b1                               0.713979
xdut.oc                                    2.5
xdut.b2                                2.05639
xdut.c1                                1.34707
xdut.xq2.s1                        5.61731e-07
xdut.xq2.t                             3.49625
xdut.e1                              0.0052146
xdut.xq1.s1                        5.89241e-07
xdut.xq1.t                             4.07294
p1                                           0
xdut.in2                                     0
p2                                           0
s1n                                          0
s2n                                          0
l.xdut.lin#branch                            0
l.xdut.lfeed#branch                 0.00173463
vs2#branch                                   0
vs1#branch                                   0
vdd#branch                         -0.00225323


No. of Data Rows : 59

  Measurements for Transient Analysis

lna_rail_v          =  2.50000e+00

ngspice-46 done
