
Note: No compatibility mode selected!


Circuit: * klt sim -- generated corner deck, do not edit

Doing analysis at TEMP = 27.000000 and TNOM = 27.000000

Using SPARSE 1.3 as Direct Linear Solver

No. of Data Rows : 1

  Measurements for Transient Analysis


Doing analysis at TEMP = 27.000000 and TNOM = 27.000000

Using SPARSE 1.3 as Direct Linear Solver

No. of Data Rows : 3

  Measurements for Transient Analysis


Reset re-loads circuit * klt sim -- generated corner deck, do not edit

Circuit: * klt sim -- generated corner deck, do not edit

Doing analysis at TEMP = 27.000000 and TNOM = 27.000000

Using SPARSE 1.3 as Direct Linear Solver

No. of Data Rows : 3

  Measurements for Transient Analysis


Reset re-loads circuit * klt sim -- generated corner deck, do not edit

Circuit: * klt sim -- generated corner deck, do not edit

Doing analysis at TEMP = 27.000000 and TNOM = 27.000000

Using SPARSE 1.3 as Direct Linear Solver

No. of Data Rows : 3

No. of Data Rows : 1

  Measurements for Transient Analysis


Doing analysis at TEMP = 27.000000 and TNOM = 27.000000

Using SPARSE 1.3 as Direct Linear Solver

No. of Data Rows : 201

  Measurements for Transient Analysis


Reset re-loads circuit * klt sim -- generated corner deck, do not edit

Circuit: * klt sim -- generated corner deck, do not edit

Doing analysis at TEMP = 27.000000 and TNOM = 27.000000

Using SPARSE 1.3 as Direct Linear Solver

No. of Data Rows : 201

  Measurements for Transient Analysis


Reset re-loads circuit * klt sim -- generated corner deck, do not edit

Circuit: * klt sim -- generated corner deck, do not edit

SWEEP_BEGIN
                                                                            * klt sim -- generated corner deck, do not edit
                                                                            AC Analysis  Sat Oct 10 01:29:02  2026
--------------------------------------------------------------------------------------------------------------------------------------------------------------------------------------------------------
Index   frequency       wf              wk              wd              wmu             
--------------------------------------------------------------------------------------------------------------------------------------------------------------------------------------------------------
0	1.0000000000e+09	1.0000000000e+09	3.7215265402e+02	9.5152896896e-01	1.0000010394e+00	
1	1.0232929923e+09	1.0232929923e+09	3.6340247437e+02	9.5152232831e-01	1.0000011399e+00	
2	1.0471285481e+09	1.0471285481e+09	3.5484422517e+02	9.5151536847e-01	1.0000012501e+00	
3	1.0715193052e+09	1.0715193052e+09	3.4647353492e+02	9.5150807358e-01	1.0000013710e+00	
4	1.0964781961e+09	1.0964781961e+09	3.3828613049e+02	9.5150042694e-01	1.0000015036e+00	
5	1.1220184543e+09	1.1220184543e+09	3.3027783091e+02	9.5149241101e-01	1.0000016491e+00	
6	1.1481536215e+09	1.1481536215e+09	3.2244455093e+02	9.5148400730e-01	1.0000018086e+00	
7	1.1748975549e+09	1.1748975549e+09	3.1478229400e+02	9.5147519639e-01	1.0000019836e+00	
8	1.2022644346e+09	1.2022644346e+09	3.0728715413e+02	9.5146595781e-01	1.0000021755e+00	
9	1.2302687708e+09	1.2302687708e+09	2.9995531326e+02	9.5145627005e-01	1.0000023860e+00	
10	1.2589254118e+09	1.2589254118e+09	2.9278304111e+02	9.5144611041e-01	1.0000026170e+00	
11	1.2882495517e+09	1.2882495517e+09	2.8576669121e+02	9.5143545501e-01	1.0000028704e+00	
12	1.3182567386e+09	1.3182567386e+09	2.7890270273e+02	9.5142427868e-01	1.0000031483e+00	
13	1.3489628826e+09	1.3489628826e+09	2.7218759693e+02	9.5141255491e-01	1.0000034532e+00	
14	1.3803842646e+09	1.3803842646e+09	2.6561797618e+02	9.5140025573e-01	1.0000037877e+00	
15	1.4125375446e+09	1.4125375446e+09	2.5919052296e+02	9.5138735166e-01	1.0000041547e+00	
16	1.4454397707e+09	1.4454397707e+09	2.5290199915e+02	9.5137381161e-01	1.0000045574e+00	
17	1.4791083882e+09	1.4791083882e+09	2.4674924388e+02	9.5135960275e-01	1.0000049992e+00	
18	1.5135612484e+09	1.5135612484e+09	2.4072917289e+02	9.5134469046e-01	1.0000054839e+00	
19	1.5488166189e+09	1.5488166189e+09	2.3483877695e+02	9.5132903816e-01	1.0000060157e+00	
20	1.5848931925e+09	1.5848931925e+09	2.2907512144e+02	9.5131260724e-01	1.0000065993e+00	
21	1.6218100974e+09	1.6218100974e+09	2.2343534460e+02	9.5129535688e-01	1.0000072396e+00	
22	1.6595869074e+09	1.6595869074e+09	2.1791665663e+02	9.5127724395e-01	1.0000079424e+00	
23	1.6982436525e+09	1.6982436525e+09	2.1251633894e+02	9.5125822285e-01	1.0000087135e+00	
24	1.7378008287e+09	1.7378008287e+09	2.0723174251e+02	9.5123824532e-01	1.0000095598e+00	
25	1.7782794100e+09	1.7782794100e+09	2.0206028764e+02	9.5121726030e-01	1.0000104886e+00	
26	1.8197008586e+09	1.8197008586e+09	1.9699946225e+02	9.5119521376e-01	1.0000115081e+00	
27	1.8620871367e+09	1.8620871367e+09	1.9204682144e+02	9.5117204843e-01	1.0000126270e+00	
28	1.9054607180e+09	1.9054607180e+09	1.8719998626e+02	9.5114770366e-01	1.0000138552e+00	
29	1.9498445998e+09	1.9498445998e+09	1.8245664276e+02	9.5112211514e-01	1.0000152034e+00	
30	1.9952623150e+09	1.9952623150e+09	1.7781454120e+02	9.5109521466e-01	1.0000166834e+00	
31	2.0417379447e+09	2.0417379447e+09	1.7327149488e+02	9.5106692984e-01	1.0000183083e+00	
32	2.0892961309e+09	2.0892961309e+09	1.6882537940e+02	9.5103718384e-01	1.0000200923e+00	
33	2.1379620895e+09	2.1379620895e+09	1.6447413160e+02	9.5100589504e-01	1.0000220510e+00	
34	2.1877616239e+09	2.1877616239e+09	1.6021574860e+02	9.5097297668e-01	1.0000242018e+00	
35	2.2387211386e+09	2.2387211386e+09	1.5604828688e+02	9.5093833651e-01	1.0000265637e+00	
36	2.2908676528e+09	2.2908676528e+09	1.5196986122e+02	9.5090187637e-01	1.0000291576e+00	
37	2.3442288153e+09	2.3442288153e+09	1.4797864377e+02	9.5086349177e-01	1.0000320064e+00	
38	2.3988329190e+09	2.3988329190e+09	1.4407286291e+02	9.5082307138e-01	1.0000351356e+00	
39	2.4547089157e+09	2.4547089157e+09	1.4025080227e+02	9.5078049655e-01	1.0000385729e+00	
40	2.5118864315e+09	2.5118864315e+09	1.3651079959e+02	9.5073564072e-01	1.0000423491e+00	
41	2.5703957828e+09	2.5703957828e+09	1.3285124554e+02	9.5068836882e-01	1.0000464979e+00	
42	2.6302679919e+09	2.6302679919e+09	1.2927058259e+02	9.5063853658e-01	1.0000510567e+00	
43	2.6915348039e+09	2.6915348039e+09	1.2576730379e+02	9.5058598985e-01	1.0000560664e+00	
44	2.7542287033e+09	2.7542287033e+09	1.2233995143e+02	9.5053056373e-01	1.0000615722e+00	
45	2.8183829313e+09	2.8183829313e+09	1.1898711576e+02	9.5047208179e-01	1.0000676239e+00	
46	2.8840315031e+09	2.8840315031e+09	1.1570743358e+02	9.5041035502e-01	1.0000742764e+00	
47	2.9512092267e+09	2.9512092267e+09	1.1249958682e+02	9.5034518089e-01	1.0000815904e+00	
48	3.0199517204e+09	3.0199517204e+09	1.0936230105e+02	9.5027634213e-01	1.0000896327e+00	
49	3.0902954325e+09	3.0902954325e+09	1.0629434388e+02	9.5020360552e-01	1.0000984769e+00	
50	3.1622776602e+09	3.1622776602e+09	1.0329452343e+02	9.5012672052e-01	1.0001082045e+00	
51	3.2359365693e+09	3.2359365693e+09	1.0036168660e+02	9.5004541774e-01	1.0001189052e+00	
52	3.3113112148e+09	3.3113112148e+09	9.7494717377e+01	9.4995940733e-01	1.0001306784e+00	
53	3.3884415614e+09	3.3884415614e+09	9.4692535081e+01	9.4986837708e-01	1.0001436337e+00	
54	3.4673685045e+09	3.4673685045e+09	9.1954092534e+01	9.4977199051e-01	1.0001578923e+00	
55	3.5481338923e+09	3.5481338923e+09	8.9278374212e+01	9.4966988457e-01	1.0001735881e+00	
56	3.6307805477e+09	3.6307805477e+09	8.6664394355e+01	9.4956166725e-01	1.0001908693e+00	
57	3.7153522910e+09	3.7153522910e+09	8.4111195043e+01	9.4944691486e-01	1.0002099001e+00	
58	3.8018939632e+09	3.8018939632e+09	8.1617844254e+01	9.4932516904e-01	1.0002308619e+00	
59	3.8904514499e+09	3.8904514499e+09	7.9183433909e+01	9.4919593347e-01	1.0002539558e+00	
60	3.9810717055e+09	3.9810717055e+09	7.6807077904e+01	9.4905867017e-01	1.0002794047e+00	
61	4.0738027780e+09	4.0738027780e+09	7.4487910154e+01	9.4891279546e-01	1.0003074557e+00	
62	4.1686938347e+09	4.1686938347e+09	7.2225082648e+01	9.4875767543e-01	1.0003383829e+00	
63	4.2657951880e+09	4.2657951880e+09	7.0017763529e+01	9.4859262091e-01	1.0003724905e+00	
64	4.3651583224e+09	4.3651583224e+09	6.7865135205e+01	9.4841688185e-01	1.0004101162e+00	
65	4.4668359215e+09	4.4668359215e+09	6.5766392512e+01	9.4822964109e-01	1.0004516356e+00	
66	4.5708818961e+09	4.5708818961e+09	6.3720740926e+01	9.4803000735e-01	1.0004974661e+00	
67	4.6773514129e+09	4.6773514129e+09	6.1727394854e+01	9.4781700749e-01	1.0005480724e+00	
68	4.7863009232e+09	4.7863009232e+09	5.9785575986e+01	9.4758957767e-01	1.0006039716e+00	
69	4.8977881937e+09	4.8977881937e+09	5.7894511745e+01	9.4734655367e-01	1.0006657403e+00	
70	5.0118723363e+09	5.0118723363e+09	5.6053433833e+01	9.4708665978e-01	1.0007340216e+00	
71	5.1286138399e+09	5.1286138399e+09	5.4261576873e+01	9.4680849651e-01	1.0008095331e+00	
72	5.2480746025e+09	5.2480746025e+09	5.2518177171e+01	9.4651052661e-01	1.0008930767e+00	
73	5.3703179637e+09	5.3703179637e+09	5.0822471589e+01	9.4619105938e-01	1.0009855491e+00	
74	5.4954087386e+09	5.4954087386e+09	4.9173696550e+01	9.4584823290e-01	1.0010879541e+00	
75	5.6234132519e+09	5.6234132519e+09	4.7571087157e+01	9.4547999396e-01	1.0012014165e+00	
76	5.7543993734e+09	5.7543993734e+09	4.6013876452e+01	9.4508407525e-01	1.0013271980e+00	
77	5.8884365536e+09	5.8884365536e+09	4.4501294802e+01	9.4465796956e-01	1.0014667156e+00	
78	6.0255958607e+09	6.0255958607e+09	4.3032569418e+01	9.4419890030e-01	1.0016215625e+00	
79	6.1659500186e+09	6.1659500186e+09	4.1606923999e+01	9.4370378802e-01	1.0017935326e+00	
80	6.3095734448e+09	6.3095734448e+09	4.0223578513e+01	9.4316921213e-01	1.0019846482e+00	
81	6.4565422903e+09	6.4565422903e+09	3.8881749090e+01	9.4259136706e-01	1.0021971925e+00	
82	6.6069344801e+09	6.6069344801e+09	3.7580648040e+01	9.4196601215e-01	1.0024337469e+00	
83	6.7608297539e+09	6.7608297539e+09	3.6319483990e+01	9.4128841389e-01	1.0026972350e+00	
84	6.9183097092e+09	6.9183097092e+09	3.5097462115e+01	9.4055327963e-01	1.0029909729e+00	
85	7.0794578438e+09	7.0794578438e+09	3.3913784480e+01	9.3975468099e-01	1.0033187293e+00	
86	7.2443596007e+09	7.2443596007e+09	3.2767650464e+01	9.3888596535e-01	1.0036847946e+00	
87	7.4131024130e+09	7.4131024130e+09	3.1658257271e+01	9.3793965331e-01	1.0040940629e+00	
88	7.5857757503e+09	7.5857757503e+09	3.0584800512e+01	9.3690731963e-01	1.0045521288e+00	
89	7.7624711663e+09	7.7624711663e+09	2.9546474854e+01	9.3577945461e-01	1.0050654017e+00	
90	7.9432823472e+09	7.9432823472e+09	2.8542474718e+01	9.3454530241e-01	1.0056412411e+00	
91	8.1283051616e+09	8.1283051616e+09	2.7571995022e+01	9.3319267200e-01	1.0062881189e+00	
92	8.3176377110e+09	8.3176377110e+09	2.6634231968e+01	9.3170771553e-01	1.0070158124e+00	
93	8.5113803820e+09	8.5113803820e+09	2.5728383842e+01	9.3007466799e-01	1.0078356365e+00	
94	8.7096358996e+09	8.7096358996e+09	2.4853651838e+01	9.2827554066e-01	1.0087607239e+00	
95	8.9125093813e+09	8.9125093813e+09	2.4009240896e+01	9.2628975926e-01	1.0098063639e+00	
96	9.1201083936e+09	9.1201083936e+09	2.3194360527e+01	9.2409373599e-01	1.0109904148e+00	
97	9.3325430080e+09	9.3325430080e+09	2.2408225644e+01	9.2166036228e-01	1.0123338073e+00	
98	9.5499258602e+09	9.5499258602e+09	2.1650057375e+01	9.1895840640e-01	1.0138611632e+00	
99	9.7723722096e+09	9.7723722096e+09	2.0919083857e+01	9.1595179681e-01	1.0156015588e+00	
100	1.0000000000e+10	1.0000000000e+10	2.0214541003e+01	9.1259876849e-01	1.0175894720e+00	
101	1.0232929923e+10	1.0232929923e+10	1.9535673240e+01	9.0885084482e-01	1.0198659645e+00	
102	1.0471285481e+10	1.0471285481e+10	1.8881734218e+01	9.0465162276e-01	1.0224801660e+00	
103	1.0715193052e+10	1.0715193052e+10	1.8251987473e+01	8.9993532339e-01	1.0254911492e+00	
104	1.0964781961e+10	1.0964781961e+10	1.7645707056e+01	8.9462506442e-01	1.0289703142e+00	
105	1.1220184543e+10	1.1220184543e+10	1.7062178119e+01	8.8863080546e-01	1.0330044422e+00	
106	1.1481536215e+10	1.1481536215e+10	1.6500697452e+01	8.8184691370e-01	1.0376996354e+00	
107	1.1748975549e+10	1.1748975549e+10	1.5960573979e+01	8.7414929671e-01	1.0431864393e+00	
108	1.2022644346e+10	1.2022644346e+10	1.5441129205e+01	8.6539205609e-01	1.0496265580e+00	
109	1.2302687708e+10	1.2302687708e+10	1.4941697621e+01	8.5540363440e-01	1.0572217363e+00	
110	1.2589254118e+10	1.2589254118e+10	1.4461627056e+01	8.4398246788e-01	1.0662256165e+00	
111	1.2882495517e+10	1.2882495517e+10	1.4000278989e+01	8.3089223224e-01	1.0769597282e+00	
112	1.3182567386e+10	1.3182567386e+10	1.3557028816e+01	8.1585689835e-01	1.0898352839e+00	
113	1.3489628826e+10	1.3489628826e+10	1.3131266068e+01	7.9855602904e-01	1.1053832421e+00	
114	1.3803842646e+10	1.3803842646e+10	1.2722394594e+01	7.7862108503e-01	1.1242963118e+00	
115	1.4125375446e+10	1.4125375446e+10	1.2329832696e+01	7.5563401702e-01	1.1474884929e+00	
116	1.4454397707e+10	1.4454397707e+10	1.1953013234e+01	7.2913014784e-01	1.1761808600e+00	
117	1.4791083882e+10	1.4791083882e+10	1.1591383685e+01	6.9860831933e-01	1.2120275009e+00	
118	1.5135612484e+10	1.5135612484e+10	1.1244406176e+01	6.6355244924e-01	1.2573045497e+00	
119	1.5488166189e+10	1.5488166189e+10	1.0911557472e+01	6.2346982963e-01	1.3152015734e+00	
120	1.5848931925e+10	1.5848931925e+10	1.0592328948e+01	5.7795228836e-01	1.3902855582e+00	
121	1.6218100974e+10	1.6218100974e+10	1.0286226520e+01	5.2676605548e-01	1.4892698808e+00	
122	1.6595869074e+10	1.6595869074e+10	9.9927705571e+00	4.6997406024e-01	1.6223532605e+00	
123	1.6982436525e+10	1.6982436525e+10	9.7114957622e+00	4.0809012192e-01	1.8056972856e+00	
124	1.7378008287e+10	1.7378008287e+10	9.4419510381e+00	3.4225916775e-01	2.0663651834e+00	
125	1.7782794100e+10	1.7782794100e+10	9.1836993269e+00	2.7445416404e-01	2.4531048003e+00	
126	1.8197008586e+10	1.8197008586e+10	8.9363174335e+00	2.0768143219e-01	3.0626201642e+00	
127	1.8620871367e+10	1.8620871367e+10	8.6993958322e+00	1.4618400687e-01	4.1114234947e+00	
128	1.9054607180e+10	1.9054607180e+10	8.4725384584e+00	9.5573037675e-02	6.1162371471e+00	
129	1.9498445998e+10	1.9498445998e+10	8.2553624867e+00	6.2356953988e-02	8.5315216461e+00	
130	1.9952623150e+10	1.9952623150e+10	8.0474980986e+00	5.0854528596e-02	6.0899501536e+00	
131	2.0417379447e+10	2.0417379447e+10	7.8485882395e+00	6.1190471048e-02	4.2268484878e+00	
132	2.0892961309e+10	2.0892961309e+10	7.6582883679e+00	9.4212472137e-02	3.2594991707e+00	
133	2.1379620895e+10	2.1379620895e+10	7.4762661971e+00	1.4578790288e-01	2.6945263734e+00	
134	2.1877616239e+10	2.1877616239e+10	7.3022014324e+00	2.0718158129e-01	2.3316727630e+00	
135	2.2387211386e+10	2.2387211386e+10	7.1357855023e+00	2.7058951201e-01	2.0825479616e+00	
136	2.2908676528e+10	2.2908676528e+10	6.9767212885e+00	3.3109378841e-01	1.9030172875e+00	
137	2.3442288153e+10	2.3442288153e+10	6.8247228520e+00	3.8635282175e-01	1.7688057000e+00	
138	2.3988329190e+10	2.3988329190e+10	6.6795151594e+00	4.3566405845e-01	1.6655406508e+00	
139	2.4547089157e+10	2.4547089157e+10	6.5408338084e+00	4.7917262421e-01	1.5842127065e+00	
140	2.5118864315e+10	2.5118864315e+10	6.4084247542e+00	5.1738604459e-01	1.5189127922e+00	
141	2.5703957828e+10	2.5703957828e+10	6.2820440375e+00	5.5092173759e-01	1.4656203803e+00	
142	2.6302679919e+10	2.6302679919e+10	6.1614575145e+00	5.8039004525e-01	1.4215155477e+00	
143	2.6915348039e+10	2.6915348039e+10	6.0464405901e+00	6.0634687369e-01	1.3845692045e+00	
144	2.7542287033e+10	2.7542287033e+10	5.9367779546e+00	6.2927944022e-01	1.3532890097e+00	
145	2.8183829313e+10	2.8183829313e+10	5.8322633238e+00	6.4960669485e-01	1.3265563708e+00	
146	2.8840315031e+10	2.8840315031e+10	5.7326991848e+00	6.6768556957e-01	1.3035187805e+00	
147	2.9512092267e+10	2.9512092267e+10	5.6378965456e+00	6.8381897475e-01	1.2835168828e+00	
148	3.0199517204e+10	3.0199517204e+10	5.5476746913e+00	6.9826375555e-01	1.2660339602e+00	
149	3.0902954325e+10	3.0902954325e+10	5.4618609447e+00	7.1123790047e-01	1.2506602580e+00	
150	3.1622776602e+10	3.1622776602e+10	5.3802904341e+00	7.2292678990e-01	1.2370673435e+00	
151	3.2359365693e+10	3.2359365693e+10	5.3028058672e+00	7.3348848973e-01	1.2249893879e+00	
152	3.3113112148e+10	3.3113112148e+10	5.2292573108e+00	7.4305818199e-01	1.2142093056e+00	
153	3.3884415614e+10	3.3884415614e+10	5.1595019785e+00	7.5175185016e-01	1.2045483593e+00	
154	3.4673685045e+10	3.4673685045e+10	5.0934040244e+00	7.5966933632e-01	1.1958582700e+00	
155	3.5481338923e+10	3.5481338923e+10	5.0308343448e+00	7.6689687580e-01	1.1880151657e+00	
156	3.6307805477e+10	3.6307805477e+10	4.9716703860e+00	7.7350920024e-01	1.1809148909e+00	
157	3.7153522910e+10	3.7153522910e+10	4.9157959608e+00	7.7957128553e-01	1.1744693406e+00	
158	3.8018939632e+10	3.8018939632e+10	4.8631010714e+00	7.8513980775e-01	1.1686035672e+00	
159	3.8904514499e+10	3.8904514499e+10	4.8134817409e+00	7.9026435910e-01	1.1632534816e+00	
160	3.9810717055e+10	3.9810717055e+10	4.7668398508e+00	7.9498846620e-01	1.1583640110e+00	
161	4.0738027780e+10	4.0738027780e+10	4.7230829883e+00	7.9935044534e-01	1.1538876136e+00	
162	4.1686938347e+10	4.1686938347e+10	4.6821242992e+00	8.0338412313e-01	1.1497830726e+00	
163	4.2657951880e+10	4.2657951880e+10	4.6438823498e+00	8.0711944541e-01	1.1460145108e+00	
164	4.3651583224e+10	4.3651583224e+10	4.6082809964e+00	8.1058299347e-01	1.1425505811e+00	
165	4.4668359215e+10	4.4668359215e+10	4.5752492617e+00	8.1379842286e-01	1.1393637977e+00	
166	4.5708818961e+10	4.5708818961e+10	4.5447212201e+00	8.1678683770e-01	1.1364299811e+00	
167	4.6773514129e+10	4.6773514129e+10	4.5166358896e+00	8.1956711078e-01	1.1337277940e+00	
168	4.7863009232e+10	4.7863009232e+10	4.4909371326e+00	8.2215615811e-01	1.1312383531e+00	
169	4.8977881937e+10	4.8977881937e+10	4.4675735634e+00	8.2456917517e-01	1.1289449014e+00	
170	5.0118723363e+10	5.0118723363e+10	4.4464984640e+00	8.2681984062e-01	1.1268325318e+00	
171	5.1286138399e+10	5.1286138399e+10	4.4276697075e+00	8.2892049254e-01	1.1248879516e+00	
172	5.2480746025e+10	5.2480746025e+10	4.4110496892e+00	8.3088228127e-01	1.1230992822e+00	
173	5.3703179637e+10	5.3703179637e+10	4.3966052656e+00	8.3271530228e-01	1.1214558876e+00	
174	5.4954087386e+10	5.4954087386e+10	4.3843077009e+00	8.3442871198e-01	1.1199482269e+00	
175	5.6234132519e+10	5.6234132519e+10	4.3741326213e+00	8.3603082899e-01	1.1185677273e+00	
176	5.7543993734e+10	5.7543993734e+10	4.3660599774e+00	8.3752922270e-01	1.1173066745e+00	
177	5.8884365536e+10	5.8884365536e+10	4.3600740139e+00	8.3893079117e-01	1.1161581169e+00	
178	6.0255958607e+10	6.0255958607e+10	4.3561632475e+00	8.4024182959e-01	1.1151157830e+00	
179	6.1659500186e+10	6.1659500186e+10	4.3543204528e+00	8.4146809068e-01	1.1141740088e+00	
180	6.3095734448e+10	6.3095734448e+10	4.3545426556e+00	8.4261483808e-01	1.1133276740e+00	
181	6.4565422903e+10	6.4565422903e+10	4.3568311346e+00	8.4368689364e-01	1.1125721463e+00	
182	6.6069344801e+10	6.6069344801e+10	4.3611914312e+00	8.4468867938e-01	1.1119032321e+00	
183	6.7608297539e+10	6.7608297539e+10	4.3676333671e+00	8.4562425488e-01	1.1113171327e+00	
184	6.9183097092e+10	6.9183097092e+10	4.3761710705e+00	8.4649735055e-01	1.1108104057e+00	
185	7.0794578438e+10	7.0794578438e+10	4.3868230105e+00	8.4731139733e-01	1.1103799301e+00	
186	7.2443596007e+10	7.2443596007e+10	4.3996120400e+00	8.4806955339e-01	1.1100228758e+00	
187	7.4131024130e+10	7.4131024130e+10	4.4145654467e+00	8.4877472797e-01	1.1097366752e+00	
188	7.5857757503e+10	7.5857757503e+10	4.4317150140e+00	8.4942960283e-01	1.1095189988e+00	
189	7.7624711663e+10	7.7624711663e+10	4.4510970896e+00	8.5003665165e-01	1.1093677318e+00	
190	7.9432823472e+10	7.9432823472e+10	4.4727526638e+00	8.5059815749e-01	1.1092809539e+00	
191	8.1283051616e+10	8.1283051616e+10	4.4967274571e+00	8.5111622857e-01	1.1092569201e+00	
192	8.3176377110e+10	8.3176377110e+10	4.5230720170e+00	8.5159281265e-01	1.1092940437e+00	
193	8.5113803820e+10	8.5113803820e+10	4.5518418249e+00	8.5202971004e-01	1.1093908797e+00	
194	8.7096358996e+10	8.7096358996e+10	4.5830974129e+00	8.5242858557e-01	1.1095461106e+00	
195	8.9125093813e+10	8.9125093813e+10	4.6169044903e+00	8.5279097936e-01	1.1097585321e+00	
196	9.1201083936e+10	9.1201083936e+10	4.6533340818e+00	8.5311831690e-01	1.1100270402e+00	
197	9.3325430080e+10	9.3325430080e+10	4.6924626758e+00	8.5341191814e-01	1.1103506193e+00	
198	9.5499258602e+10	9.5499258602e+10	4.7343723844e+00	8.5367300598e-01	1.1107283302e+00	
199	9.7723722096e+10	9.7723722096e+10	4.7791511144e+00	8.5390271412e-01	1.1111592994e+00	
200	1.0000000000e+11	1.0000000000e+11	4.8268927514e+00	8.5410209427e-01	1.1116427088e+00	
SWEEP_END
m_s11_db_lo = -3.393841147e+00
m_s11_db_mid = -1.035092067e+01
m_s11_db_hi = -9.356695753e+00
m_s21_db_lo = 2.2124635134e+01
m_s21_db_mid = 2.4701628520e+01
m_s21_db_hi = 2.3905549942e+01
m_s22_db_lo = -7.986822484e+00
m_s22_db_mid = -2.410542795e+01
m_s22_db_hi = -1.068901413e+01
m_s12_db_lo = -5.407955478e+01
m_s12_db_mid = -4.991852175e+01
m_s12_db_hi = -4.925918512e+01
m_k_lo = 9.2351482980e+00
m_k_mid = 8.2783709183e+00
m_k_hi = 7.5420212990e+00
m_nf_db_lo = 2.9560803733e+00
m_nf_db_mid = 3.2079849488e+00
m_nf_db_hi = 3.5586353424e+00
m_q1_vce = 1.4489608785e+00
m_q1_vbe = 8.0780478249e-01
m_q1_ic = 1.9672640341e-03
m_q1_icfrac = 8.1969334755e-02
m_q1_dtj = 4.9806558077e+00
m_q1_ft = 2.4849318715e+02
m_q2_vce = 1.2951346538e+00
m_q2_vbe = 8.0829848287e-01
m_q2_ic = 1.9660157069e-03
m_q2_icfrac = 8.1917321122e-02
m_q2_dtj = 4.4497069925e+00
m_q2_ft = 2.5131455528e+02
m_qr_vce = 8.0971088418e-01
m_qr_vbe = 8.0971088418e-01
m_qr_ic = 2.4075621993e-04
m_qr_icfrac = 8.0252073310e-02
m_qr_dtj = 2.2144832097e+00
m_qr_ft = 2.2055855070e+02
m_idd_ma = 2.5323865316e+00
m_pdc_mw = 6.9640629618e+00
m_d_lo = 2.8822713802e-01
m_mu_lo = 2.3609160128e+00
m_msg_db_lo = 7.6204189910e+01
m_d_mid = 6.4930298268e-02
m_mu_mid = 8.4925637798e+00
m_msg_db_mid = 7.4620150273e+01
m_d_hi = 1.2526765806e-01
m_mu_hi = 2.8710471535e+00
m_msg_db_hi = 7.3164735059e+01
m_sw_n = 2.0100000000e+02
m_sw_kmin = 4.3543204528e+00
m_sw_fkmin_ghz = 6.1659500186e+01
m_sw_kmin_hi = 4.3543204528e+00
m_sw_kmin_lo = 9.4419510381e+00
m_sw_dmax = 9.5152896896e-01
m_sw_mumin = 1.0000010394e+00
m_sw_nunst = 0.0000000000e+00
Doing analysis at TEMP = 27.000000 and TNOM = 27.000000

Using SPARSE 1.3 as Direct Linear Solver

Initial Transient Solution
--------------------------

Node                                   Voltage
----                                   -------
vdd                                       2.75
xdut.nr                               0.815493
xdut.er                             0.00578212
xdut.xqr.s1                        3.23288e-10
xdut.xqr.t                             2.21448
xdut.b1                               0.813709
xdut.oc                                   2.75
xdut.b2                                2.26316
xdut.c1                                1.45487
xdut.xq2.s1                        3.03824e-09
xdut.xq2.t                             4.44971
xdut.e1                             0.00590447
xdut.xq1.s1                        1.61512e-09
xdut.xq1.t                             4.98066
p1                                           0
xdut.in2                                     0
p2                                           0
s1n                                          0
s2n                                          0
l.xdut.lin#branch                            0
l.xdut.lfeed#branch                 0.00196602
vs2#branch                                   0
vs1#branch                                   0
vdd#branch                         -0.00253239


No. of Data Rows : 59

  Measurements for Transient Analysis

lna_rail_v          =  2.75000e+00

ngspice-46 done
