
Note: No compatibility mode selected!


Circuit: * klt sim -- generated corner deck, do not edit

Doing analysis at TEMP = 125.000000 and TNOM = 27.000000

Using SPARSE 1.3 as Direct Linear Solver


The temperature limiting function received NaN.
Please check your power dissipation and improve your heat sink Rth!
    This message will be shown only once.

Note: Starting dynamic gmin stepping
Note: Dynamic gmin stepping completed

No. of Data Rows : 1

  Measurements for Transient Analysis


Doing analysis at TEMP = 125.000000 and TNOM = 27.000000

Using SPARSE 1.3 as Direct Linear Solver
Note: Starting dynamic gmin stepping
Note: Dynamic gmin stepping completed

No. of Data Rows : 3

  Measurements for Transient Analysis


Reset re-loads circuit * klt sim -- generated corner deck, do not edit

Circuit: * klt sim -- generated corner deck, do not edit

Doing analysis at TEMP = 125.000000 and TNOM = 27.000000

Using SPARSE 1.3 as Direct Linear Solver
Note: Starting dynamic gmin stepping
Note: Dynamic gmin stepping completed

No. of Data Rows : 3

  Measurements for Transient Analysis


Reset re-loads circuit * klt sim -- generated corner deck, do not edit

Circuit: * klt sim -- generated corner deck, do not edit

Doing analysis at TEMP = 125.000000 and TNOM = 27.000000

Using SPARSE 1.3 as Direct Linear Solver
Note: Starting dynamic gmin stepping
Note: Dynamic gmin stepping completed

No. of Data Rows : 3

No. of Data Rows : 1

  Measurements for Transient Analysis


Doing analysis at TEMP = 125.000000 and TNOM = 27.000000

Using SPARSE 1.3 as Direct Linear Solver
Note: Starting dynamic gmin stepping
Note: Dynamic gmin stepping completed

No. of Data Rows : 201

  Measurements for Transient Analysis


Reset re-loads circuit * klt sim -- generated corner deck, do not edit

Circuit: * klt sim -- generated corner deck, do not edit

Doing analysis at TEMP = 125.000000 and TNOM = 27.000000

Using SPARSE 1.3 as Direct Linear Solver
Note: Starting dynamic gmin stepping
Note: Dynamic gmin stepping completed

No. of Data Rows : 201

  Measurements for Transient Analysis


Reset re-loads circuit * klt sim -- generated corner deck, do not edit

Circuit: * klt sim -- generated corner deck, do not edit

SWEEP_BEGIN
                                                                            * klt sim -- generated corner deck, do not edit
                                                                            AC Analysis  Sat Oct 10 01:25:51  2026
--------------------------------------------------------------------------------------------------------------------------------------------------------------------------------------------------------
Index   frequency       wf              wk              wd              wmu             
--------------------------------------------------------------------------------------------------------------------------------------------------------------------------------------------------------
0	1.0000000000e+09	1.0000000000e+09	4.8967699670e+02	9.4994418305e-01	1.0000010400e+00	
1	1.0232929923e+09	1.0232929923e+09	4.7778525704e+02	9.4993178094e-01	1.0000011406e+00	
2	1.0471285481e+09	1.0471285481e+09	4.6615142214e+02	9.4991878736e-01	1.0000012509e+00	
3	1.0715193052e+09	1.0715193052e+09	4.5476956421e+02	9.4990517354e-01	1.0000013719e+00	
4	1.0964781961e+09	1.0964781961e+09	4.4363390396e+02	9.4989090925e-01	1.0000015046e+00	
5	1.1220184543e+09	1.1220184543e+09	4.3273881096e+02	9.4987596274e-01	1.0000016502e+00	
6	1.1481536215e+09	1.1481536215e+09	4.2207879792e+02	9.4986030068e-01	1.0000018099e+00	
7	1.1748975549e+09	1.1748975549e+09	4.1164851876e+02	9.4984388807e-01	1.0000019851e+00	
8	1.2022644346e+09	1.2022644346e+09	4.0144276668e+02	9.4982668812e-01	1.0000021772e+00	
9	1.2302687708e+09	1.2302687708e+09	3.9145647311e+02	9.4980866221e-01	1.0000023880e+00	
10	1.2589254118e+09	1.2589254118e+09	3.8168470302e+02	9.4978976972e-01	1.0000026193e+00	
11	1.2882495517e+09	1.2882495517e+09	3.7212265470e+02	9.4976996798e-01	1.0000028730e+00	
12	1.3182567386e+09	1.3182567386e+09	3.6276565674e+02	9.4974921214e-01	1.0000031513e+00	
13	1.3489628826e+09	1.3489628826e+09	3.5360916651e+02	9.4972745505e-01	1.0000034567e+00	
14	1.3803842646e+09	1.3803842646e+09	3.4464876714e+02	9.4970464709e-01	1.0000037917e+00	
15	1.4125375446e+09	1.4125375446e+09	3.3588016659e+02	9.4968073613e-01	1.0000041593e+00	
16	1.4454397707e+09	1.4454397707e+09	3.2729919509e+02	9.4965566728e-01	1.0000045626e+00	
17	1.4791083882e+09	1.4791083882e+09	3.1890180303e+02	9.4962938280e-01	1.0000050051e+00	
18	1.5135612484e+09	1.5135612484e+09	3.1068405926e+02	9.4960182194e-01	1.0000054907e+00	
19	1.5488166189e+09	1.5488166189e+09	3.0264214940e+02	9.4957292072e-01	1.0000060235e+00	
20	1.5848931925e+09	1.5848931925e+09	2.9477237267e+02	9.4954261178e-01	1.0000066082e+00	
21	1.6218100974e+09	1.6218100974e+09	2.8707114126e+02	9.4951082418e-01	1.0000072499e+00	
22	1.6595869074e+09	1.6595869074e+09	2.7953497763e+02	9.4947748319e-01	1.0000079541e+00	
23	1.6982436525e+09	1.6982436525e+09	2.7216051211e+02	9.4944251004e-01	1.0000087270e+00	
24	1.7378008287e+09	1.7378008287e+09	2.6494448125e+02	9.4940582172e-01	1.0000095752e+00	
25	1.7782794100e+09	1.7782794100e+09	2.5788372545e+02	9.4936733069e-01	1.0000105062e+00	
26	1.8197008586e+09	1.8197008586e+09	2.5097518677e+02	9.4932694462e-01	1.0000115282e+00	
27	1.8620871367e+09	1.8620871367e+09	2.4421590636e+02	9.4928456610e-01	1.0000126500e+00	
28	1.9054607180e+09	1.9054607180e+09	2.3760302235e+02	9.4924009231e-01	1.0000138814e+00	
29	1.9498445998e+09	1.9498445998e+09	2.3113376711e+02	9.4919341470e-01	1.0000152334e+00	
30	1.9952623150e+09	1.9952623150e+09	2.2480546467e+02	9.4914441863e-01	1.0000167177e+00	
31	2.0417379447e+09	2.0417379447e+09	2.1861552828e+02	9.4909298295e-01	1.0000183474e+00	
32	2.0892961309e+09	2.0892961309e+09	2.1256145734e+02	9.4903897961e-01	1.0000201369e+00	
33	2.1379620895e+09	2.1379620895e+09	2.0664083454e+02	9.4898227323e-01	1.0000221020e+00	
34	2.1877616239e+09	2.1877616239e+09	2.0085132300e+02	9.4892272057e-01	1.0000242600e+00	
35	2.2387211386e+09	2.2387211386e+09	1.9519066310e+02	9.4886017002e-01	1.0000266302e+00	
36	2.2908676528e+09	2.2908676528e+09	1.8965666919e+02	9.4879446108e-01	1.0000292335e+00	
37	2.3442288153e+09	2.3442288153e+09	1.8424722647e+02	9.4872542370e-01	1.0000320930e+00	
38	2.3988329190e+09	2.3988329190e+09	1.7896028738e+02	9.4865287767e-01	1.0000352345e+00	
39	2.4547089157e+09	2.4547089157e+09	1.7379386833e+02	9.4857663187e-01	1.0000386858e+00	
40	2.5118864315e+09	2.5118864315e+09	1.6874604599e+02	9.4849648355e-01	1.0000424779e+00	
41	2.5703957828e+09	2.5703957828e+09	1.6381495371e+02	9.4841221745e-01	1.0000466450e+00	
42	2.6302679919e+09	2.6302679919e+09	1.5899877785e+02	9.4832360496e-01	1.0000512246e+00	
43	2.6915348039e+09	2.6915348039e+09	1.5429575406e+02	9.4823040309e-01	1.0000562580e+00	
44	2.7542287033e+09	2.7542287033e+09	1.4970416351e+02	9.4813235343e-01	1.0000617909e+00	
45	2.8183829313e+09	2.8183829313e+09	1.4522232915e+02	9.4802918102e-01	1.0000678736e+00	
46	2.8840315031e+09	2.8840315031e+09	1.4084861192e+02	9.4792059305e-01	1.0000745615e+00	
47	2.9512092267e+09	2.9512092267e+09	1.3658140706e+02	9.4780627752e-01	1.0000819160e+00	
48	3.0199517204e+09	3.0199517204e+09	1.3241914044e+02	9.4768590178e-01	1.0000900044e+00	
49	3.0902954325e+09	3.0902954325e+09	1.2836026490e+02	9.4755911081e-01	1.0000989013e+00	
50	3.1622776602e+09	3.1622776602e+09	1.2440325676e+02	9.4742552553e-01	1.0001086892e+00	
51	3.2359365693e+09	3.2359365693e+09	1.2054661240e+02	9.4728474082e-01	1.0001194589e+00	
52	3.3113112148e+09	3.3113112148e+09	1.1678884493e+02	9.4713632337e-01	1.0001313110e+00	
53	3.3884415614e+09	3.3884415614e+09	1.1312848109e+02	9.4697980934e-01	1.0001443565e+00	
54	3.4673685045e+09	3.4673685045e+09	1.0956405826e+02	9.4681470182e-01	1.0001587183e+00	
55	3.5481338923e+09	3.5481338923e+09	1.0609412163e+02	9.4664046796e-01	1.0001745322e+00	
56	3.6307805477e+09	3.6307805477e+09	1.0271722164e+02	9.4645653591e-01	1.0001919488e+00	
57	3.7153522910e+09	3.7153522910e+09	9.9431911595e+01	9.4626229134e-01	1.0002111345e+00	
58	3.8018939632e+09	3.8018939632e+09	9.6236745464e+01	9.4605707369e-01	1.0002322738e+00	
59	3.8904514499e+09	3.8904514499e+09	9.3130276006e+01	9.4584017199e-01	1.0002555713e+00	
60	3.9810717055e+09	3.9810717055e+09	9.0111053062e+01	9.4561082022e-01	1.0002812536e+00	
61	4.0738027780e+09	4.0738027780e+09	8.7177622135e+01	9.4536819223e-01	1.0003095724e+00	
62	4.1686938347e+09	4.1686938347e+09	8.4328523212e+01	9.4511139604e-01	1.0003408070e+00	
63	4.2657951880e+09	4.2657951880e+09	8.1562289836e+01	9.4483946754e-01	1.0003752675e+00	
64	4.3651583224e+09	4.3651583224e+09	7.8877448434e+01	9.4455136350e-01	1.0004132988e+00	
65	4.4668359215e+09	4.4668359215e+09	7.6272517895e+01	9.4424595379e-01	1.0004552844e+00	
66	4.5708818961e+09	4.5708818961e+09	7.3746009380e+01	9.4392201266e-01	1.0005016513e+00	
67	4.6773514129e+09	4.6773514129e+09	7.1296426370e+01	9.4357820905e-01	1.0005528747e+00	
68	4.7863009232e+09	4.7863009232e+09	6.8922264931e+01	9.4321309576e-01	1.0006094849e+00	
69	4.8977881937e+09	4.8977881937e+09	6.6622014190e+01	9.4282509728e-01	1.0006720729e+00	
70	5.0118723363e+09	5.0118723363e+09	6.4394157003e+01	9.4241249619e-01	1.0007412991e+00	
71	5.1286138399e+09	5.1286138399e+09	6.2237170801e+01	9.4197341786e-01	1.0008179011e+00	
72	5.2480746025e+09	5.2480746025e+09	6.0149528599e+01	9.4150581324e-01	1.0009027042e+00	
73	5.3703179637e+09	5.3703179637e+09	5.8129700148e+01	9.4100743947e-01	1.0009966325e+00	
74	5.4954087386e+09	5.4954087386e+09	5.6176153208e+01	9.4047583801e-01	1.0011007219e+00	
75	5.6234132519e+09	5.6234132519e+09	5.4287354938e+01	9.3990830990e-01	1.0012161346e+00	
76	5.7543993734e+09	5.7543993734e+09	5.2461773364e+01	9.3930188770e-01	1.0013441764e+00	
77	5.8884365536e+09	5.8884365536e+09	5.0697878924e+01	9.3865330376e-01	1.0014863162e+00	
78	6.0255958607e+09	6.0255958607e+09	4.8994146059e+01	9.3795895406e-01	1.0016442081e+00	
79	6.1659500186e+09	6.1659500186e+09	4.7349054844e+01	9.3721485702e-01	1.0018197179e+00	
80	6.3095734448e+09	6.3095734448e+09	4.5761092631e+01	9.3641660660e-01	1.0020149526e+00	
81	6.4565422903e+09	6.4565422903e+09	4.4228755697e+01	9.3555931855e-01	1.0022322957e+00	
82	6.6069344801e+09	6.6069344801e+09	4.2750550874e+01	9.3463756897e-01	1.0024744475e+00	
83	6.7608297539e+09	6.7608297539e+09	4.1324997159e+01	9.3364532364e-01	1.0027444724e+00	
84	6.9183097092e+09	6.9183097092e+09	3.9950627276e+01	9.3257585681e-01	1.0030458543e+00	
85	7.0794578438e+09	7.0794578438e+09	3.8625989192e+01	9.3142165755e-01	1.0033825610e+00	
86	7.2443596007e+09	7.2443596007e+09	3.7349647571e+01	9.3017432154e-01	1.0037591210e+00	
87	7.4131024130e+09	7.4131024130e+09	3.6120185155e+01	9.2882442574e-01	1.0041807130e+00	
88	7.5857757503e+09	7.5857757503e+09	3.4936204075e+01	9.2736138296e-01	1.0046532724e+00	
89	7.7624711663e+09	7.7624711663e+09	3.3796327072e+01	9.2577327267e-01	1.0051836180e+00	
90	7.9432823472e+09	7.9432823472e+09	3.2699198631e+01	9.2404664369e-01	1.0057796021e+00	
91	8.1283051616e+09	8.1283051616e+09	3.1643486031e+01	9.2216628363e-01	1.0064502908e+00	
92	8.3176377110e+09	8.3176377110e+09	3.0627880289e+01	9.2011494881e-01	1.0072061806e+00	
93	8.5113803820e+09	8.5113803820e+09	2.9651097021e+01	9.1787304710e-01	1.0080594590e+00	
94	8.7096358996e+09	8.7096358996e+09	2.8711877203e+01	9.1541826477e-01	1.0090243198e+00	
95	8.9125093813e+09	8.9125093813e+09	2.7808987829e+01	9.1272512639e-01	1.0101173477e+00	
96	9.1201083936e+09	9.1201083936e+09	2.6941222491e+01	9.0976447469e-01	1.0113579866e+00	
97	9.3325430080e+09	9.3325430080e+09	2.6107401854e+01	9.0650285467e-01	1.0127691155e+00	
98	9.5499258602e+09	9.5499258602e+09	2.5306374049e+01	9.0290178310e-01	1.0143777588e+00	
99	9.7723722096e+09	9.7723722096e+09	2.4537014978e+01	8.9891688063e-01	1.0162159670e+00	
100	1.0000000000e+10	1.0000000000e+10	2.3798228536e+01	8.9449683964e-01	1.0183219157e+00	
101	1.0232929923e+10	1.0232929923e+10	2.3088946759e+01	8.8958219588e-01	1.0207412842e+00	
102	1.0471285481e+10	1.0471285481e+10	2.2408129890e+01	8.8410386659e-01	1.0235289966e+00	
103	1.0715193052e+10	1.0715193052e+10	2.1754766385e+01	8.7798141192e-01	1.0267514339e+00	
104	1.0964781961e+10	1.0964781961e+10	2.1127872847e+01	8.7112097158e-01	1.0304892651e+00	
105	1.1220184543e+10	1.1220184543e+10	2.0526493905e+01	8.6341282405e-01	1.0348410972e+00	
106	1.1481536215e+10	1.1481536215e+10	1.9949702031e+01	8.5472851574e-01	1.0399282163e+00	
107	1.1748975549e+10	1.1748975549e+10	1.9396597312e+01	8.4491751266e-01	1.0459007986e+00	
108	1.2022644346e+10	1.2022644346e+10	1.8866307174e+01	8.3380334517e-01	1.0529461170e+00	
109	1.2302687708e+10	1.2302687708e+10	1.8357986064e+01	8.2117925427e-01	1.0612994875e+00	
110	1.2589254118e+10	1.2589254118e+10	1.7870815092e+01	8.0680342014e-01	1.0712590171e+00	
111	1.2882495517e+10	1.2882495517e+10	1.7404001645e+01	7.9039398082e-01	1.0832056890e+00	
112	1.3182567386e+10	1.3182567386e+10	1.6956778967e+01	7.7162426310e-01	1.0976310412e+00	
113	1.3489628826e+10	1.3489628826e+10	1.6528405717e+01	7.5011899305e-01	1.1151758055e+00	
114	1.3803842646e+10	1.3803842646e+10	1.6118165501e+01	7.2545279215e-01	1.1366846279e+00	
115	1.4125375446e+10	1.4125375446e+10	1.5725366389e+01	6.9715306967e-01	1.1632848328e+00	
116	1.4454397707e+10	1.4454397707e+10	1.5349340418e+01	6.6471056908e-01	1.1965019357e+00	
117	1.4791083882e+10	1.4791083882e+10	1.4989443076e+01	6.2760235703e-01	1.2384328128e+00	
118	1.5135612484e+10	1.5135612484e+10	1.4645052783e+01	5.8533389618e-01	1.2920122355e+00	
119	1.5488166189e+10	1.5488166189e+10	1.4315570363e+01	5.3750873457e-01	1.3614365074e+00	
120	1.5848931925e+10	1.5848931925e+10	1.4000418510e+01	4.8393559688e-01	1.4528641157e+00	
121	1.6218100974e+10	1.6218100974e+10	1.3699041249e+01	4.2478201618e-01	1.5756333793e+00	
122	1.6595869074e+10	1.6595869074e+10	1.3410903406e+01	3.6077907083e-01	1.7445137905e+00	
123	1.6982436525e+10	1.6982436525e+10	1.3135490063e+01	2.9347026460e-01	1.9842055133e+00	
124	1.7378008287e+10	1.7378008287e+10	1.2872306033e+01	2.2547482771e-01	2.3392709606e+00	
125	1.7782794100e+10	1.7782794100e+10	1.2620875328e+01	1.6069828525e-01	2.8991284789e+00	
126	1.8197008586e+10	1.8197008586e+10	1.2380740631e+01	1.0438792549e-01	3.8736530623e+00	
127	1.8620871367e+10	1.8620871367e+10	1.2151462787e+01	6.2988217157e-02	5.8964752384e+00	
128	1.9054607180e+10	1.9054607180e+10	1.1932620285e+01	4.3345780632e-02	1.1919447759e+01	
129	1.9498445998e+10	1.9498445998e+10	1.1723808761e+01	4.7049114435e-02	1.0406802091e+01	
130	1.9952623150e+10	1.9952623150e+10	1.1524640505e+01	6.9610889269e-02	5.6730636415e+00	
131	2.0417379447e+10	2.0417379447e+10	1.1334743978e+01	1.0845726439e-01	3.9759019149e+00	
132	2.0892961309e+10	2.0892961309e+10	1.1153763343e+01	1.5908438855e-01	3.1260246961e+00	
133	2.1379620895e+10	2.1379620895e+10	1.0981358001e+01	2.1571730569e-01	2.6234349102e+00	
134	2.1877616239e+10	2.1877616239e+10	1.0817202144e+01	2.7353655828e-01	2.2956152115e+00	
135	2.2387211386e+10	2.2387211386e+10	1.0660984317e+01	3.2933428339e-01	2.0674741538e+00	
136	2.2908676528e+10	2.2908676528e+10	1.0512406996e+01	3.8132553978e-01	1.9011833661e+00	
137	2.3442288153e+10	2.3442288153e+10	1.0371186174e+01	4.2872913631e-01	1.7756717924e+00	
138	2.3988329190e+10	2.3988329190e+10	1.0237050962e+01	4.7138403005e-01	1.6783094648e+00	
139	2.4547089157e+10	2.4547089157e+10	1.0109743205e+01	5.0947339878e-01	1.6010910141e+00	
140	2.5118864315e+10	2.5118864315e+10	9.9890171070e+00	5.4334871531e-01	1.5387140579e+00	
141	2.5703957828e+10	2.5703957828e+10	9.8746388740e+00	5.7342591867e-01	1.4875392587e+00	
142	2.6302679919e+10	2.6302679919e+10	9.7663863671e+00	6.0012797230e-01	1.4449940655e+00	
143	2.6915348039e+10	2.6915348039e+10	9.6640487706e+00	6.2385541731e-01	1.4092143099e+00	
144	2.7542287033e+10	2.7542287033e+10	9.5674262740e+00	6.4497309529e-01	1.3788201317e+00	
145	2.8183829313e+10	2.8183829313e+10	9.4763297668e+00	6.6380584746e-01	1.3527711500e+00	
146	2.8840315031e+10	2.8840315031e+10	9.3905805475e+00	6.8063895952e-01	1.3302701488e+00	
147	2.9512092267e+10	2.9512092267e+10	9.3100100464e+00	6.9572092545e-01	1.3106974222e+00	
148	3.0199517204e+10	3.0199517204e+10	9.2344595617e+00	7.0926717285e-01	1.2935650410e+00	
149	3.0902954325e+10	3.0902954325e+10	9.1637800095e+00	7.2146401486e-01	1.2784843789e+00	
150	3.1622776602e+10	3.1622776602e+10	9.0978316873e+00	7.3247245114e-01	1.2651426574e+00	
151	3.2359365693e+10	3.2359365693e+10	9.0364840514e+00	7.4243164217e-01	1.2532857424e+00	
152	3.3113112148e+10	3.3113112148e+10	8.9796155076e+00	7.5146199249e-01	1.2427053497e+00	
153	3.3884415614e+10	3.3884415614e+10	8.9271132155e+00	7.5966783768e-01	1.2332294090e+00	
154	3.4673685045e+10	3.4673685045e+10	8.8788729065e+00	7.6713975955e-01	1.2247147225e+00	
155	3.5481338923e+10	3.5481338923e+10	8.8347987152e+00	7.7395656672e-01	1.2170413109e+00	
156	3.6307805477e+10	3.6307805477e+10	8.7948030243e+00	7.8018698170e-01	1.2101080179e+00	
157	3.7153522910e+10	3.7153522910e+10	8.7588063227e+00	7.8589107453e-01	1.2038290605e+00	
158	3.8018939632e+10	3.8018939632e+10	8.7267370778e+00	7.9112147970e-01	1.1981313000e+00	
159	3.8904514499e+10	3.8904514499e+10	8.6985316203e+00	7.9592442915e-01	1.1929520641e+00	
160	3.9810717055e+10	3.9810717055e+10	8.6741340433e+00	8.0034062959e-01	1.1882373991e+00	
161	4.0738027780e+10	4.0738027780e+10	8.6534961144e+00	8.0440600851e-01	1.1839406543e+00	
162	4.1686938347e+10	4.1686938347e+10	8.6365772018e+00	8.0815234946e-01	1.1800213304e+00	
163	4.2657951880e+10	4.2657951880e+10	8.6233442132e+00	8.1160783400e-01	1.1764441358e+00	
164	4.3651583224e+10	4.3651583224e+10	8.6137715495e+00	8.1479750493e-01	1.1731782094e+00	
165	4.4668359215e+10	4.4668359215e+10	8.6078410712e+00	8.1774366311e-01	1.1701964763e+00	
166	4.5708818961e+10	4.5708818961e+10	8.6055420795e+00	8.2046620808e-01	1.1674751118e+00	
167	4.6773514129e+10	4.6773514129e+10	8.6068713108e+00	8.2298293121e-01	1.1649930928e+00	
168	4.7863009232e+10	4.7863009232e+10	8.6118329459e+00	8.2530976840e-01	1.1627318202e+00	
169	4.8977881937e+10	4.8977881937e+10	8.6204386329e+00	8.2746101864e-01	1.1606748009e+00	
170	5.0118723363e+10	5.0118723363e+10	8.6327075255e+00	8.2944953334e-01	1.1588073772e+00	
171	5.1286138399e+10	5.1286138399e+10	8.6486663357e+00	8.3128688076e-01	1.1571164969e+00	
172	5.2480746025e+10	5.2480746025e+10	8.6683494012e+00	8.3298348914e-01	1.1555905169e+00	
173	5.3703179637e+10	5.3703179637e+10	8.6917987691e+00	8.3454877171e-01	1.1542190339e+00	
174	5.4954087386e+10	5.4954087386e+10	8.7190642945e+00	8.3599123587e-01	1.1529927389e+00	
175	5.6234132519e+10	5.6234132519e+10	8.7502037560e+00	8.3731857911e-01	1.1519032918e+00	
176	5.7543993734e+10	5.7543993734e+10	8.7852829873e+00	8.3853777313e-01	1.1509432118e+00	
177	5.8884365536e+10	5.8884365536e+10	8.8243760262e+00	8.3965513810e-01	1.1501057822e+00	
178	6.0255958607e+10	6.0255958607e+10	8.8675652811e+00	8.4067640817e-01	1.1493849674e+00	
179	6.1659500186e+10	6.1659500186e+10	8.9149417160e+00	8.4160678949e-01	1.1487753395e+00	
180	6.3095734448e+10	6.3095734448e+10	8.9666050542e+00	8.4245101175e-01	1.1482720142e+00	
181	6.4565422903e+10	6.4565422903e+10	9.0226640014e+00	8.4321337400e-01	1.1478705938e+00	
182	6.6069344801e+10	6.6069344801e+10	9.0832364907e+00	8.4389778560e-01	1.1475671162e+00	
183	6.7608297539e+10	6.7608297539e+10	9.1484499468e+00	8.4450780286e-01	1.1473580105e+00	
184	6.9183097092e+10	6.9183097092e+10	9.2184415748e+00	8.4504666194e-01	1.1472400560e+00	
185	7.0794578438e+10	7.0794578438e+10	9.2933586710e+00	8.4551730850e-01	1.1472103459e+00	
186	7.2443596007e+10	7.2443596007e+10	9.3733589595e+00	8.4592242451e-01	1.1472662550e+00	
187	7.4131024130e+10	7.4131024130e+10	9.4586109537e+00	8.4626445256e-01	1.1474054091e+00	
188	7.5857757503e+10	7.5857757503e+10	9.5492943465e+00	8.4654561803e-01	1.1476256584e+00	
189	7.7624711663e+10	7.7624711663e+10	9.6456004289e+00	8.4676794933e-01	1.1479250523e+00	
190	7.9432823472e+10	7.9432823472e+10	9.7477325399e+00	8.4693329656e-01	1.1483018163e+00	
191	8.1283051616e+10	8.1283051616e+10	9.8559065486e+00	8.4704334865e-01	1.1487543310e+00	
192	8.3176377110e+10	8.3176377110e+10	9.9703513723e+00	8.4709964933e-01	1.1492811122e+00	
193	8.5113803820e+10	8.5113803820e+10	1.0091309531e+01	8.4710361197e-01	1.1498807922e+00	
194	8.7096358996e+10	8.7096358996e+10	1.0219037742e+01	8.4705653343e-01	1.1505521026e+00	
195	8.9125093813e+10	8.9125093813e+10	1.0353807559e+01	8.4695960722e-01	1.1512938576e+00	
196	9.1201083936e+10	9.1201083936e+10	1.0495906053e+01	8.4681393578e-01	1.1521049389e+00	
197	9.3325430080e+10	9.3325430080e+10	1.0645636546e+01	8.4662054226e-01	1.1529842804e+00	
198	9.5499258602e+10	9.5499258602e+10	1.0803319399e+01	8.4638038170e-01	1.1539308547e+00	
199	9.7723722096e+10	9.7723722096e+10	1.0969292854e+01	8.4609435172e-01	1.1549436588e+00	
200	1.0000000000e+11	1.0000000000e+11	1.1143913937e+01	8.4576330283e-01	1.1560217020e+00	
SWEEP_END
m_s11_db_lo = -7.404792260e+00
m_s11_db_mid = -1.984199850e+01
m_s11_db_hi = -4.718920137e+00
m_s21_db_lo = 1.7949627558e+01
m_s21_db_mid = 1.8782074561e+01
m_s21_db_hi = 1.6112326168e+01
m_s22_db_lo = -9.340576444e+00
m_s22_db_mid = -2.638309986e+01
m_s22_db_hi = -9.824960972e+00
m_s12_db_lo = -4.873761600e+01
m_s12_db_mid = -4.629281710e+01
m_s12_db_hi = -4.748452453e+01
m_k_lo = 1.2670906389e+01
m_k_mid = 1.1745897232e+01
m_k_hi = 1.1043555227e+01
m_nf_db_lo = 4.1269557854e+00
m_nf_db_mid = 4.3924471192e+00
m_nf_db_hi = 4.8577477194e+00
m_q1_vce = 1.1357633953e+00
m_q1_vbe = 7.0952042894e-01
m_q1_ic = 1.3652568765e-03
m_q1_icfrac = 5.6885703186e-02
m_q1_dtj = 2.7124763834e+00
m_q1_ft = 1.2424881952e+02
m_q2_vce = 1.1101321632e+00
m_q2_vbe = 7.0949965833e-01
m_q2_ic = 1.3623643721e-03
m_q2_icfrac = 5.6765182173e-02
m_q2_dtj = 2.6457382356e+00
m_q2_ft = 1.2617814138e+02
m_qr_vce = 7.1488299242e-01
m_qr_vbe = 7.1488299242e-01
m_qr_ic = 1.8803186863e-04
m_qr_icfrac = 6.2677289544e-02
m_qr_dtj = 1.5291883981e+00
m_qr_ft = 1.1817152238e+02
m_idd_ma = 1.8207775239e+00
m_pdc_mw = 4.0967494288e+00
m_d_lo = 1.7333152194e-01
m_mu_lo = 2.7618828968e+00
m_msg_db_lo = 6.6687243562e+01
m_d_mid = 4.5679551420e-02
m_mu_mid = 1.1418464767e+01
m_msg_db_mid = 6.5074891659e+01
m_d_hi = 1.9460743170e-01
m_mu_hi = 2.7813379556e+00
m_msg_db_hi = 6.3596850701e+01
m_sw_n = 2.0100000000e+02
m_sw_kmin = 8.6055420795e+00
m_sw_fkmin_ghz = 4.5708818961e+01
m_sw_kmin_hi = 8.6055420795e+00
m_sw_kmin_lo = 1.2872306033e+01
m_sw_dmax = 9.4994418305e-01
m_sw_mumin = 1.0000010400e+00
m_sw_nunst = 0.0000000000e+00
Doing analysis at TEMP = 125.000000 and TNOM = 27.000000

Using SPARSE 1.3 as Direct Linear Solver
Note: Starting dynamic gmin stepping
Note: Dynamic gmin stepping completed

Initial Transient Solution
--------------------------

Node                                   Voltage
----                                   -------
vdd                                       2.25
xdut.nr                               0.719405
xdut.er                             0.00452241
xdut.xqr.s1                        3.91227e-08
xdut.xqr.t                             1.52919
xdut.b1                               0.713625
xdut.oc                                   2.25
xdut.b2                                1.84937
xdut.c1                                1.13987
xdut.xq2.s1                         5.2145e-07
xdut.xq2.t                             2.64574
xdut.e1                             0.00410444
xdut.xq1.s1                        5.23267e-07
xdut.xq1.t                             2.71248
p1                                           0
xdut.in2                                     0
p2                                           0
s1n                                          0
s2n                                          0
l.xdut.lin#branch                            0
l.xdut.lfeed#branch                 0.00136236
vs2#branch                                   0
vs1#branch                                   0
vdd#branch                         -0.00182078


No. of Data Rows : 59

  Measurements for Transient Analysis

lna_rail_v          =  2.25000e+00

ngspice-46 done
