
Note: No compatibility mode selected!


Circuit: * klt sim -- generated corner deck, do not edit

Doing analysis at TEMP = -40.000000 and TNOM = 27.000000

Using SPARSE 1.3 as Direct Linear Solver

No. of Data Rows : 1

  Measurements for Transient Analysis


Doing analysis at TEMP = -40.000000 and TNOM = 27.000000

Using SPARSE 1.3 as Direct Linear Solver

No. of Data Rows : 3

  Measurements for Transient Analysis


Reset re-loads circuit * klt sim -- generated corner deck, do not edit

Circuit: * klt sim -- generated corner deck, do not edit

Doing analysis at TEMP = -40.000000 and TNOM = 27.000000

Using SPARSE 1.3 as Direct Linear Solver

No. of Data Rows : 3

  Measurements for Transient Analysis


Reset re-loads circuit * klt sim -- generated corner deck, do not edit

Circuit: * klt sim -- generated corner deck, do not edit

Doing analysis at TEMP = -40.000000 and TNOM = 27.000000

Using SPARSE 1.3 as Direct Linear Solver

No. of Data Rows : 3

No. of Data Rows : 1

  Measurements for Transient Analysis


Doing analysis at TEMP = -40.000000 and TNOM = 27.000000

Using SPARSE 1.3 as Direct Linear Solver

No. of Data Rows : 201

  Measurements for Transient Analysis


Reset re-loads circuit * klt sim -- generated corner deck, do not edit

Circuit: * klt sim -- generated corner deck, do not edit

Doing analysis at TEMP = -40.000000 and TNOM = 27.000000

Using SPARSE 1.3 as Direct Linear Solver

No. of Data Rows : 201

  Measurements for Transient Analysis


Reset re-loads circuit * klt sim -- generated corner deck, do not edit

Circuit: * klt sim -- generated corner deck, do not edit

SWEEP_BEGIN
                                                                            * klt sim -- generated corner deck, do not edit
                                                                            AC Analysis  Sat Oct 10 01:28:10  2026
--------------------------------------------------------------------------------------------------------------------------------------------------------------------------------------------------------
Index   frequency       wf              wk              wd              wmu             
--------------------------------------------------------------------------------------------------------------------------------------------------------------------------------------------------------
0	1.0000000000e+09	1.0000000000e+09	3.0885595465e+02	9.4964261076e-01	1.0000010388e+00	
1	1.0232929923e+09	1.0232929923e+09	3.0144019742e+02	9.4963082600e-01	1.0000011392e+00	
2	1.0471285481e+09	1.0471285481e+09	2.9418643134e+02	9.4961847901e-01	1.0000012493e+00	
3	1.0715193052e+09	1.0715193052e+09	2.8709089965e+02	9.4960554234e-01	1.0000013701e+00	
4	1.0964781961e+09	1.0964781961e+09	2.8014993540e+02	9.4959198712e-01	1.0000015026e+00	
5	1.1220184543e+09	1.1220184543e+09	2.7335996470e+02	9.4957778307e-01	1.0000016480e+00	
6	1.1481536215e+09	1.1481536215e+09	2.6671750056e+02	9.4956289833e-01	1.0000018074e+00	
7	1.1748975549e+09	1.1748975549e+09	2.6021914360e+02	9.4954729949e-01	1.0000019823e+00	
8	1.2022644346e+09	1.2022644346e+09	2.5386157933e+02	9.4953095140e-01	1.0000021741e+00	
9	1.2302687708e+09	1.2302687708e+09	2.4764157793e+02	9.4951381713e-01	1.0000023845e+00	
10	1.2589254118e+09	1.2589254118e+09	2.4155599095e+02	9.4949585788e-01	1.0000026153e+00	
11	1.2882495517e+09	1.2882495517e+09	2.3560175172e+02	9.4947703283e-01	1.0000028685e+00	
12	1.3182567386e+09	1.3182567386e+09	2.2977587288e+02	9.4945729908e-01	1.0000031463e+00	
13	1.3489628826e+09	1.3489628826e+09	2.2407544545e+02	9.4943661149e-01	1.0000034510e+00	
14	1.3803842646e+09	1.3803842646e+09	2.1849763735e+02	9.4941492261e-01	1.0000037853e+00	
15	1.4125375446e+09	1.4125375446e+09	2.1303969189e+02	9.4939218246e-01	1.0000041521e+00	
16	1.4454397707e+09	1.4454397707e+09	2.0769892729e+02	9.4936833850e-01	1.0000045544e+00	
17	1.4791083882e+09	1.4791083882e+09	2.0247273465e+02	9.4934333537e-01	1.0000049959e+00	
18	1.5135612484e+09	1.5135612484e+09	1.9735857721e+02	9.4931711482e-01	1.0000054803e+00	
19	1.5488166189e+09	1.5488166189e+09	1.9235398915e+02	9.4928961547e-01	1.0000060119e+00	
20	1.5848931925e+09	1.5848931925e+09	1.8745657423e+02	9.4926077270e-01	1.0000065951e+00	
21	1.6218100974e+09	1.6218100974e+09	1.8266400483e+02	9.4923051837e-01	1.0000072350e+00	
22	1.6595869074e+09	1.6595869074e+09	1.7797402100e+02	9.4919878070e-01	1.0000079373e+00	
23	1.6982436525e+09	1.6982436525e+09	1.7338442873e+02	9.4916548397e-01	1.0000087080e+00	
24	1.7378008287e+09	1.7378008287e+09	1.6889309954e+02	9.4913054836e-01	1.0000095538e+00	
25	1.7782794100e+09	1.7782794100e+09	1.6449796871e+02	9.4909388962e-01	1.0000104821e+00	
26	1.8197008586e+09	1.8197008586e+09	1.6019703457e+02	9.4905541887e-01	1.0000115010e+00	
27	1.8620871367e+09	1.8620871367e+09	1.5598835714e+02	9.4901504225e-01	1.0000126193e+00	
28	1.9054607180e+09	1.9054607180e+09	1.5187005692e+02	9.4897266065e-01	1.0000138468e+00	
29	1.9498445998e+09	1.9498445998e+09	1.4784031366e+02	9.4892816937e-01	1.0000151943e+00	
30	1.9952623150e+09	1.9952623150e+09	1.4389736520e+02	9.4888145773e-01	1.0000166735e+00	
31	2.0417379447e+09	2.0417379447e+09	1.4003950613e+02	9.4883240873e-01	1.0000182976e+00	
32	2.0892961309e+09	2.0892961309e+09	1.3626508641e+02	9.4878089859e-01	1.0000200806e+00	
33	2.1379620895e+09	2.1379620895e+09	1.3257251002e+02	9.4872679633e-01	1.0000220384e+00	
34	2.1877616239e+09	2.1877616239e+09	1.2896023353e+02	9.4866996330e-01	1.0000241881e+00	
35	2.2387211386e+09	2.2387211386e+09	1.2542676470e+02	9.4861025262e-01	1.0000265489e+00	
36	2.2908676528e+09	2.2908676528e+09	1.2197066078e+02	9.4854750867e-01	1.0000291416e+00	
37	2.3442288153e+09	2.3442288153e+09	1.1859052709e+02	9.4848156643e-01	1.0000319892e+00	
38	2.3988329190e+09	2.3988329190e+09	1.1528501525e+02	9.4841225089e-01	1.0000351170e+00	
39	2.4547089157e+09	2.4547089157e+09	1.1205282155e+02	9.4833937626e-01	1.0000385529e+00	
40	2.5118864315e+09	2.5118864315e+09	1.0889268516e+02	9.4826274528e-01	1.0000423277e+00	
41	2.5703957828e+09	2.5703957828e+09	1.0580338633e+02	9.4818214834e-01	1.0000464750e+00	
42	2.6302679919e+09	2.6302679919e+09	1.0278374450e+02	9.4809736261e-01	1.0000510321e+00	
43	2.6915348039e+09	2.6915348039e+09	9.9832616395e+01	9.4800815102e-01	1.0000560401e+00	
44	2.7542287033e+09	2.7542287033e+09	9.6948894043e+01	9.4791426122e-01	1.0000615441e+00	
45	2.8183829313e+09	2.8183829313e+09	9.4131502797e+01	9.4781542442e-01	1.0000675941e+00	
46	2.8840315031e+09	2.8840315031e+09	9.1379399265e+01	9.4771135410e-01	1.0000742448e+00	
47	2.9512092267e+09	2.9512092267e+09	8.8691569252e+01	9.4760174466e-01	1.0000815570e+00	
48	3.0199517204e+09	3.0199517204e+09	8.6067025664e+01	9.4748626990e-01	1.0000895975e+00	
49	3.0902954325e+09	3.0902954325e+09	8.3504806418e+01	9.4736458135e-01	1.0000984399e+00	
50	3.1622776602e+09	3.1622776602e+09	8.1003972322e+01	9.4723630650e-01	1.0001081659e+00	
51	3.2359365693e+09	3.2359365693e+09	7.8563604997e+01	9.4710104683e-01	1.0001188652e+00	
52	3.3113112148e+09	3.3113112148e+09	7.6182804786e+01	9.4695837560e-01	1.0001306371e+00	
53	3.3884415614e+09	3.3884415614e+09	7.3860688718e+01	9.4680783553e-01	1.0001435914e+00	
54	3.4673685045e+09	3.4673685045e+09	7.1596388497e+01	9.4664893615e-01	1.0001578494e+00	
55	3.5481338923e+09	3.5481338923e+09	6.9389048556e+01	9.4648115092e-01	1.0001735452e+00	
56	3.6307805477e+09	3.6307805477e+09	6.7237824162e+01	9.4630391413e-01	1.0001908272e+00	
57	3.7153522910e+09	3.7153522910e+09	6.5141879611e+01	9.4611661733e-01	1.0002098596e+00	
58	3.8018939632e+09	3.8018939632e+09	6.3100386494e+01	9.4591860552e-01	1.0002308241e+00	
59	3.8904514499e+09	3.8904514499e+09	6.1112522072e+01	9.4570917289e-01	1.0002539222e+00	
60	3.9810717055e+09	3.9810717055e+09	5.9177467747e+01	9.4548755810e-01	1.0002793772e+00	
61	4.0738027780e+09	4.0738027780e+09	5.7294407655e+01	9.4525293906e-01	1.0003074365e+00	
62	4.1686938347e+09	4.1686938347e+09	5.5462527373e+01	9.4500442714e-01	1.0003383747e+00	
63	4.2657951880e+09	4.2657951880e+09	5.3681012760e+01	9.4474106073e-01	1.0003724969e+00	
64	4.3651583224e+09	4.3651583224e+09	5.1949048929e+01	9.4446179806e-01	1.0004101417e+00	
65	4.4668359215e+09	4.4668359215e+09	5.0265819357e+01	9.4416550925e-01	1.0004516856e+00	
66	4.5708818961e+09	4.5708818961e+09	4.8630505136e+01	9.4385096741e-01	1.0004975473e+00	
67	4.6773514129e+09	4.6773514129e+09	4.7042284359e+01	9.4351683865e-01	1.0005481931e+00	
68	4.7863009232e+09	4.7863009232e+09	4.5500331656e+01	9.4316167103e-01	1.0006041421e+00	
69	4.8977881937e+09	4.8977881937e+09	4.4003817863e+01	9.4278388203e-01	1.0006659735e+00	
70	5.0118723363e+09	5.0118723363e+09	4.2551909829e+01	9.4238174461e-01	1.0007343330e+00	
71	5.1286138399e+09	5.1286138399e+09	4.1143770353e+01	9.4195337147e-01	1.0008099422e+00	
72	5.2480746025e+09	5.2480746025e+09	3.9778558253e+01	9.4149669735e-01	1.0008936076e+00	
73	5.3703179637e+09	5.3703179637e+09	3.8455428546e+01	9.4100945911e-01	1.0009862314e+00	
74	5.4954087386e+09	5.4954087386e+09	3.7173532753e+01	9.4048917319e-01	1.0010888246e+00	
75	5.6234132519e+09	5.6234132519e+09	3.5932019295e+01	9.3993311007e-01	1.0012025204e+00	
76	5.7543993734e+09	5.7543993734e+09	3.4730033994e+01	9.3933826544e-01	1.0013285914e+00	
77	5.8884365536e+09	5.8884365536e+09	3.3566720655e+01	9.3870132739e-01	1.0014684678e+00	
78	6.0255958607e+09	6.0255958607e+09	3.2441221727e+01	9.3801863904e-01	1.0016237594e+00	
79	6.1659500186e+09	6.1659500186e+09	3.1352679020e+01	9.3728615607e-01	1.0017962805e+00	
80	6.3095734448e+09	6.3095734448e+09	3.0300234496e+01	9.3649939811e-01	1.0019880786e+00	
81	6.4565422903e+09	6.4565422903e+09	2.9283031079e+01	9.3565339320e-01	1.0022014684e+00	
82	6.6069344801e+09	6.6069344801e+09	2.8300213525e+01	9.3474261404e-01	1.0024390706e+00	
83	6.7608297539e+09	6.7608297539e+09	2.7350929297e+01	9.3376090483e-01	1.0027038572e+00	
84	6.9183097092e+09	6.9183097092e+09	2.6434329465e+01	9.3270139691e-01	1.0029992051e+00	
85	7.0794578438e+09	7.0794578438e+09	2.5549569609e+01	9.3155641155e-01	1.0033289583e+00	
86	7.2443596007e+09	7.2443596007e+09	2.4695810717e+01	9.3031734742e-01	1.0036975013e+00	
87	7.4131024130e+09	7.4131024130e+09	2.3872220078e+01	9.2897455021e-01	1.0041098459e+00	
88	7.5857757503e+09	7.5857757503e+09	2.3077972151e+01	9.2751716116e-01	1.0045717333e+00	
89	7.7624711663e+09	7.7624711663e+09	2.2312249410e+01	9.2593294062e-01	1.0050897569e+00	
90	7.9432823472e+09	7.9432823472e+09	2.1574243164e+01	9.2420806220e-01	1.0056715067e+00	
91	8.1283051616e+09	8.1283051616e+09	2.0863154334e+01	9.2232687186e-01	1.0063257439e+00	
92	8.3176377110e+09	8.3176377110e+09	2.0178194195e+01	9.2027160547e-01	1.0070626096e+00	
93	8.5113803820e+09	8.5113803820e+09	1.9518585077e+01	9.1802205677e-01	1.0078938775e+00	
94	8.7096358996e+09	8.7096358996e+09	1.8883561007e+01	9.1555518632e-01	1.0088332591e+00	
95	8.9125093813e+09	8.9125093813e+09	1.8272368320e+01	9.1284465968e-01	1.0098967767e+00	
96	9.1201083936e+09	9.1201083936e+09	1.7684266206e+01	9.0986030111e-01	1.0111032183e+00	
97	9.3325430080e+09	9.3325430080e+09	1.7118527212e+01	9.0656744596e-01	1.0124746976e+00	
98	9.5499258602e+09	9.5499258602e+09	1.6574437691e+01	9.0292617161e-01	1.0140373463e+00	
99	9.7723722096e+09	9.7723722096e+09	1.6051298202e+01	8.9889038287e-01	1.0158221734e+00	
100	1.0000000000e+10	1.0000000000e+10	1.5548423852e+01	8.9440672306e-01	1.0178661402e+00	
101	1.0232929923e+10	1.0232929923e+10	1.5065144597e+01	8.8941327677e-01	1.0202135119e+00	
102	1.0471285481e+10	1.0471285481e+10	1.4600805489e+01	8.8383802443e-01	1.0229175677e+00	
103	1.0715193052e+10	1.0715193052e+10	1.4154766874e+01	8.7759700287e-01	1.0260427802e+00	
104	1.0964781961e+10	1.0964781961e+10	1.3726404554e+01	8.7059212033e-01	1.0296676119e+00	
105	1.1220184543e+10	1.1220184543e+10	1.3315109892e+01	8.6270857042e-01	1.0338881309e+00	
106	1.1481536215e+10	1.1481536215e+10	1.2920289888e+01	8.5381178919e-01	1.0388227238e+00	
107	1.1748975549e+10	1.1748975549e+10	1.2541367212e+01	8.4374390589e-01	1.0446182896e+00	
108	1.2022644346e+10	1.2022644346e+10	1.2177780198e+01	8.3231965850e-01	1.0514584550e+00	
109	1.2302687708e+10	1.2302687708e+10	1.1828982807e+01	8.1932178704e-01	1.0595745747e+00	
110	1.2589254118e+10	1.2589254118e+10	1.1494444560e+01	8.0449599851e-01	1.0692606134e+00	
111	1.2882495517e+10	1.2882495517e+10	1.1173650440e+01	7.8754573858e-01	1.0808935022e+00	
112	1.3182567386e+10	1.3182567386e+10	1.0866100766e+01	7.6812724383e-01	1.0949613195e+00	
113	1.3489628826e+10	1.3489628826e+10	1.0571311045e+01	7.4584573398e-01	1.1121028160e+00	
114	1.3803842646e+10	1.3803842646e+10	1.0288811805e+01	7.2025420854e-01	1.1331636611e+00	
115	1.4125375446e+10	1.4125375446e+10	1.0018148401e+01	6.9085722661e-01	1.1592778005e+00	
116	1.4454397707e+10	1.4454397707e+10	9.7588808125e+00	6.5712337695e-01	1.1919873559e+00	
117	1.4791083882e+10	1.4791083882e+10	9.5105834161e+00	6.1851198238e-01	1.2334232422e+00	
118	1.5135612484e+10	1.5135612484e+10	9.2728447541e+00	5.7452196720e-01	1.2865844951e+00	
119	1.5488166189e+10	1.5488166189e+10	9.0452672847e+00	5.2477363903e-01	1.3557843788e+00	
120	1.5848931925e+10	1.5848931925e+10	8.8274671250e+00	4.6913699610e-01	1.4473919196e+00	
121	1.6218100974e+10	1.6218100974e+10	8.6190737862e+00	4.0792203954e-01	1.5711278566e+00	
122	1.6595869074e+10	1.6595869074e+10	8.4197299003e+00	3.4214490484e-01	1.7424767219e+00	
123	1.6982436525e+10	1.6982436525e+10	8.2290909432e+00	2.7387184655e-01	1.9875465174e+00	
124	1.7378008287e+10	1.7378008287e+10	8.0468249531e+00	2.0660514052e-01	2.3538965460e+00	
125	1.7782794100e+10	1.7782794100e+10	7.8726122460e+00	1.4557793301e-01	2.9380412037e+00	
126	1.8197008586e+10	1.8197008586e+10	7.7061451297e+00	9.7593093174e-02	3.9687598201e+00	
127	1.8620871367e+10	1.8620871367e+10	7.5471276172e+00	6.9361882303e-02	6.1197449716e+00	
128	1.9054607180e+10	1.9054607180e+10	7.3952751408e+00	6.3238587506e-02	9.9584303155e+00	
129	1.9498445998e+10	1.9498445998e+10	7.2503142664e+00	7.7444953137e-02	6.0994585786e+00	
130	1.9952623150e+10	1.9952623150e+10	7.1119824111e+00	1.1039400017e-01	4.0983083834e+00	
131	2.0417379447e+10	2.0417379447e+10	6.9800275626e+00	1.5742667221e-01	3.1433626548e+00	
132	2.0892961309e+10	2.0892961309e+10	6.8542080024e+00	2.1201325850e-01	2.5990117481e+00	
133	2.1379620895e+10	2.1379620895e+10	6.7342920325e+00	2.6872291175e-01	2.2531192932e+00	
134	2.1877616239e+10	2.1877616239e+10	6.6200577077e+00	3.2399157271e-01	2.0171129623e+00	
135	2.2387211386e+10	2.2387211386e+10	6.5112925717e+00	3.7583219696e-01	1.8477790260e+00	
136	2.2908676528e+10	2.2908676528e+10	6.4077933994e+00	4.2333725969e-01	1.7216295688e+00	
137	2.3442288153e+10	2.3442288153e+10	6.3093659449e+00	4.6625807894e-01	1.6248561807e+00	
138	2.3988329190e+10	2.3988329190e+10	6.2158246956e+00	5.0471399049e-01	1.5488442934e+00	
139	2.4547089157e+10	2.4547089157e+10	6.1269926330e+00	5.3901000963e-01	1.4879639246e+00	
140	2.5118864315e+10	2.5118864315e+10	6.0427010000e+00	5.6952919158e-01	1.4383954477e+00	
141	2.5703957828e+10	2.5703957828e+10	5.9627890759e+00	5.9667215876e-01	1.3974664087e+00	
142	2.6302679919e+10	2.6302679919e+10	5.8871039578e+00	6.2082505041e-01	1.3632579870e+00	
143	2.6915348039e+10	2.6915348039e+10	5.8155003501e+00	6.4234407350e-01	1.3343616954e+00	
144	2.7542287033e+10	2.7542287033e+10	5.7478403615e+00	6.6154947838e-01	1.3097236777e+00	
145	2.8183829313e+10	2.8183829313e+10	5.6839933095e+00	6.7872469658e-01	1.2885420855e+00	
146	2.8840315031e+10	2.8840315031e+10	5.6238355331e+00	6.9411814961e-01	1.2701976920e+00	
147	2.9512092267e+10	2.9512092267e+10	5.5672502137e+00	7.0794629755e-01	1.2542059207e+00	
148	3.0199517204e+10	3.0199517204e+10	5.5141272034e+00	7.2039712413e-01	1.2401830200e+00	
149	3.0902954325e+10	3.0902954325e+10	5.4643628621e+00	7.3163362399e-01	1.2278217908e+00	
150	3.1622776602e+10	3.1622776602e+10	5.4178599027e+00	7.4179707184e-01	1.2168738928e+00	
151	3.2359365693e+10	3.2359365693e+10	5.3745272443e+00	7.5100997616e-01	1.2071367606e+00	
152	3.3113112148e+10	3.3113112148e+10	5.3342798745e+00	7.5937868815e-01	1.1984438043e+00	
153	3.3884415614e+10	3.3884415614e+10	5.2970387191e+00	7.6699567343e-01	1.1906569808e+00	
154	3.4673685045e+10	3.4673685045e+10	5.2627305210e+00	7.7394147183e-01	1.1836611025e+00	
155	3.5481338923e+10	3.5481338923e+10	5.2312877273e+00	7.8028637813e-01	1.1773594320e+00	
156	3.6307805477e+10	3.6307805477e+10	5.2026483847e+00	7.8609187830e-01	1.1716702407e+00	
157	3.7153522910e+10	3.7153522910e+10	5.1767560440e+00	7.9141187438e-01	1.1665240973e+00	
158	3.8018939632e+10	3.8018939632e+10	5.1535596722e+00	7.9629372819e-01	1.1618617142e+00	
159	3.8904514499e+10	3.8904514499e+10	5.1330135745e+00	8.0077915059e-01	1.1576322238e+00	
160	3.9810717055e+10	3.9810717055e+10	5.1150773233e+00	8.0490495976e-01	1.1537917890e+00	
161	4.0738027780e+10	4.0738027780e+10	5.0997156972e+00	8.0870372834e-01	1.1503024768e+00	
162	4.1686938347e+10	4.1686938347e+10	5.0868986281e+00	8.1220433655e-01	1.1471313377e+00	
163	4.2657951880e+10	4.2657951880e+10	5.0766011570e+00	8.1543244575e-01	1.1442496506e+00	
164	4.3651583224e+10	4.3651583224e+10	5.0688033984e+00	8.1841090465e-01	1.1416322986e+00	
165	4.4668359215e+10	4.4668359215e+10	5.0634905141e+00	8.2116009837e-01	1.1392572514e+00	
166	4.5708818961e+10	4.5708818961e+10	5.0606526954e+00	8.2369824911e-01	1.1371051329e+00	
167	4.6773514129e+10	4.6773514129e+10	5.0602851540e+00	8.2604167567e-01	1.1351588594e+00	
168	4.7863009232e+10	4.7863009232e+10	5.0623881228e+00	8.2820501785e-01	1.1334033342e+00	
169	4.8977881937e+10	4.8977881937e+10	5.0669668649e+00	8.3020143114e-01	1.1318251897e+00	
170	5.0118723363e+10	5.0118723363e+10	5.0740316923e+00	8.3204275576e-01	1.1304125683e+00	
171	5.1286138399e+10	5.1286138399e+10	5.0835979937e+00	8.3373966400e-01	1.1291549352e+00	
172	5.2480746025e+10	5.2480746025e+10	5.0956862721e+00	8.3530178873e-01	1.1280429186e+00	
173	5.3703179637e+10	5.3703179637e+10	5.1103221916e+00	8.3673783594e-01	1.1270681719e+00	
174	5.4954087386e+10	5.4954087386e+10	5.1275366338e+00	8.3805568341e-01	1.1262232547e+00	
175	5.6234132519e+10	5.6234132519e+10	5.1473657650e+00	8.3926246740e-01	1.1255015302e+00	
176	5.7543993734e+10	5.7543993734e+10	5.1698511124e+00	8.4036465912e-01	1.1248970754e+00	
177	5.8884365536e+10	5.8884365536e+10	5.1950396514e+00	8.4136813226e-01	1.1244046031e+00	
178	6.0255958607e+10	6.0255958607e+10	5.2229839031e+00	8.4227822273e-01	1.1240193930e+00	
179	6.1659500186e+10	6.1659500186e+10	5.2537420428e+00	8.4309978176e-01	1.1237372321e+00	
180	6.3095734448e+10	6.3095734448e+10	5.2873780191e+00	8.4383722314e-01	1.1235543606e+00	
181	6.4565422903e+10	6.4565422903e+10	5.3239616854e+00	8.4449456537e-01	1.1234674252e+00	
182	6.6069344801e+10	6.6069344801e+10	5.3635689421e+00	8.4507546939e-01	1.1234734364e+00	
183	6.7608297539e+10	6.7608297539e+10	5.4062818912e+00	8.4558327244e-01	1.1235697311e+00	
184	6.9183097092e+10	6.9183097092e+10	5.4521890037e+00	8.4602101852e-01	1.1237539384e+00	
185	7.0794578438e+10	7.0794578438e+10	5.5013852998e+00	8.4639148590e-01	1.1240239489e+00	
186	7.2443596007e+10	7.2443596007e+10	5.5539725421e+00	8.4669721211e-01	1.1243778864e+00	
187	7.4131024130e+10	7.4131024130e+10	5.6100594435e+00	8.4694051652e-01	1.1248140828e+00	
188	7.5857757503e+10	7.5857757503e+10	5.6697618887e+00	8.4712352106e-01	1.1253310540e+00	
189	7.7624711663e+10	7.7624711663e+10	5.7332031715e+00	8.4724816915e-01	1.1259274785e+00	
190	7.9432823472e+10	7.9432823472e+10	5.8005142478e+00	8.4731624307e-01	1.1266021767e+00	
191	8.1283051616e+10	8.1283051616e+10	5.8718340050e+00	8.4732938002e-01	1.1273540923e+00	
192	8.3176377110e+10	8.3176377110e+10	5.9473095487e+00	8.4728908702e-01	1.1281822740e+00	
193	8.5113803820e+10	8.5113803820e+10	6.0270965083e+00	8.4719675471e-01	1.1290858589e+00	
194	8.7096358996e+10	8.7096358996e+10	6.1113593607e+00	8.4705367028e-01	1.1300640561e+00	
195	8.9125093813e+10	8.9125093813e+10	6.2002717758e+00	8.4686102958e-01	1.1311161316e+00	
196	9.1201083936e+10	9.1201083936e+10	6.2940169822e+00	8.4661994851e-01	1.1322413931e+00	
197	9.3325430080e+10	9.3325430080e+10	6.3927881570e+00	8.4633147381e-01	1.1334391762e+00	
198	9.5499258602e+10	9.5499258602e+10	6.4967888387e+00	8.4599659325e-01	1.1347088301e+00	
199	9.7723722096e+10	9.7723722096e+10	6.6062333673e+00	8.4561624529e-01	1.1360497048e+00	
200	1.0000000000e+11	1.0000000000e+11	6.7213473505e+00	8.4519132837e-01	1.1374611378e+00	
SWEEP_END
m_s11_db_lo = -9.161080346e+00
m_s11_db_mid = -1.101792597e+01
m_s11_db_hi = -3.170494120e+00
m_s21_db_lo = 2.2308012973e+01
m_s21_db_mid = 2.2459263818e+01
m_s21_db_hi = 1.8963516615e+01
m_s22_db_lo = -9.960478733e+00
m_s22_db_mid = -2.086974965e+01
m_s22_db_hi = -9.000119176e+00
m_s12_db_lo = -4.820061798e+01
m_s12_db_mid = -4.644539083e+01
m_s12_db_hi = -4.847015316e+01
m_k_lo = 7.9072848954e+00
m_k_mid = 7.2656517650e+00
m_k_hi = 6.7775598744e+00
m_nf_db_lo = 2.9582361835e+00
m_nf_db_mid = 3.2140750447e+00
m_nf_db_hi = 3.5967651033e+00
m_q1_vce = 1.1772306984e+00
m_q1_vbe = 8.7537917153e-01
m_q1_ic = 1.4847004046e-03
m_q1_icfrac = 6.1862516858e-02
m_q1_dtj = 3.0560794352e+00
m_q1_ft = 1.9552972262e+02
m_q2_vce = 1.3183098989e+00
m_q2_vbe = 8.7501222750e-01
m_q2_ic = 1.4829832431e-03
m_q2_icfrac = 6.1790968462e-02
m_q2_dtj = 3.4179646411e+00
m_q2_ft = 1.9852134176e+02
m_qr_vce = 8.7856543221e-01
m_qr_vbe = 8.7856543221e-01
m_qr_ic = 2.0007304498e-04
m_qr_icfrac = 6.6691014993e-02
m_qr_dtj = 1.9977731724e+00
m_qr_ft = 1.8828387285e+02
m_idd_ma = 1.9805934142e+00
m_pdc_mw = 4.9514835354e+00
m_d_lo = 1.5712980574e-01
m_mu_lo = 2.7941948575e+00
m_msg_db_lo = 7.0508630957e+01
m_d_mid = 7.4963939907e-02
m_mu_mid = 6.4432652056e+00
m_msg_db_mid = 6.8904654647e+01
m_d_hi = 2.4796154702e-01
m_mu_hi = 2.3638221874e+00
m_msg_db_hi = 6.7433669773e+01
m_sw_n = 2.0100000000e+02
m_sw_kmin = 5.0602851540e+00
m_sw_fkmin_ghz = 4.6773514129e+01
m_sw_kmin_hi = 5.0602851540e+00
m_sw_kmin_lo = 8.0468249531e+00
m_sw_dmax = 9.4964261076e-01
m_sw_mumin = 1.0000010388e+00
m_sw_nunst = 0.0000000000e+00
Doing analysis at TEMP = -40.000000 and TNOM = 27.000000

Using SPARSE 1.3 as Direct Linear Solver

Initial Transient Solution
--------------------------

Node                                   Voltage
----                                   -------
vdd                                        2.5
xdut.nr                               0.883373
xdut.er                             0.00480747
xdut.xqr.s1                        3.48606e-10
xdut.xqr.t                             1.99777
xdut.b1                               0.879839
xdut.oc                                    2.5
xdut.b2                                 2.0567
xdut.c1                                1.18169
xdut.xq2.s1                         2.7379e-09
xdut.xq2.t                             3.41796
xdut.e1                              0.0044594
xdut.xq1.s1                        1.28775e-09
xdut.xq1.t                             3.05608
p1                                           0
xdut.in2                                     0
p2                                           0
s1n                                          0
s2n                                          0
l.xdut.lin#branch                            0
l.xdut.lfeed#branch                 0.00148298
vs2#branch                                   0
vs1#branch                                   0
vdd#branch                         -0.00198059


No. of Data Rows : 59

  Measurements for Transient Analysis

lna_rail_v          =  2.50000e+00

ngspice-46 done
