
Note: No compatibility mode selected!


Circuit: * klt sim -- generated corner deck, do not edit

Doing analysis at TEMP = 125.000000 and TNOM = 27.000000

Using SPARSE 1.3 as Direct Linear Solver


The temperature limiting function received NaN.
Please check your power dissipation and improve your heat sink Rth!
    This message will be shown only once.

Note: Starting dynamic gmin stepping
Note: Dynamic gmin stepping completed

No. of Data Rows : 1

  Measurements for Transient Analysis


Doing analysis at TEMP = 125.000000 and TNOM = 27.000000

Using SPARSE 1.3 as Direct Linear Solver
Note: Starting dynamic gmin stepping
Note: Dynamic gmin stepping completed

No. of Data Rows : 3

  Measurements for Transient Analysis


Reset re-loads circuit * klt sim -- generated corner deck, do not edit

Circuit: * klt sim -- generated corner deck, do not edit

Doing analysis at TEMP = 125.000000 and TNOM = 27.000000

Using SPARSE 1.3 as Direct Linear Solver
Note: Starting dynamic gmin stepping
Note: Dynamic gmin stepping completed

No. of Data Rows : 3

  Measurements for Transient Analysis


Reset re-loads circuit * klt sim -- generated corner deck, do not edit

Circuit: * klt sim -- generated corner deck, do not edit

Doing analysis at TEMP = 125.000000 and TNOM = 27.000000

Using SPARSE 1.3 as Direct Linear Solver
Note: Starting dynamic gmin stepping
Note: Dynamic gmin stepping completed

No. of Data Rows : 3

No. of Data Rows : 1

  Measurements for Transient Analysis


Doing analysis at TEMP = 125.000000 and TNOM = 27.000000

Using SPARSE 1.3 as Direct Linear Solver
Note: Starting dynamic gmin stepping
Note: Dynamic gmin stepping completed

No. of Data Rows : 201

  Measurements for Transient Analysis


Reset re-loads circuit * klt sim -- generated corner deck, do not edit

Circuit: * klt sim -- generated corner deck, do not edit

Doing analysis at TEMP = 125.000000 and TNOM = 27.000000

Using SPARSE 1.3 as Direct Linear Solver
Note: Starting dynamic gmin stepping
Note: Dynamic gmin stepping completed

No. of Data Rows : 201

  Measurements for Transient Analysis


Reset re-loads circuit * klt sim -- generated corner deck, do not edit

Circuit: * klt sim -- generated corner deck, do not edit

SWEEP_BEGIN
                                                                            * klt sim -- generated corner deck, do not edit
                                                                            AC Analysis  Sat Oct 10 01:29:02  2026
--------------------------------------------------------------------------------------------------------------------------------------------------------------------------------------------------------
Index   frequency       wf              wk              wd              wmu             
--------------------------------------------------------------------------------------------------------------------------------------------------------------------------------------------------------
0	1.0000000000e+09	1.0000000000e+09	4.0872814127e+02	9.5080893360e-01	1.0000010401e+00	
1	1.0232929923e+09	1.0232929923e+09	3.9934368342e+02	9.5080115208e-01	1.0000011407e+00	
2	1.0471285481e+09	1.0471285481e+09	3.9014122784e+02	9.5079299709e-01	1.0000012510e+00	
3	1.0715193052e+09	1.0715193052e+09	3.8111799591e+02	9.5078445019e-01	1.0000013720e+00	
4	1.0964781961e+09	1.0964781961e+09	3.7227118798e+02	9.5077549200e-01	1.0000015047e+00	
5	1.1220184543e+09	1.1220184543e+09	3.6359799106e+02	9.5076610216e-01	1.0000016502e+00	
6	1.1481536215e+09	1.1481536215e+09	3.5509558429e+02	9.5075625923e-01	1.0000018099e+00	
7	1.1748975549e+09	1.1748975549e+09	3.4676114219e+02	9.5074594071e-01	1.0000019850e+00	
8	1.2022644346e+09	1.2022644346e+09	3.3859184073e+02	9.5073512288e-01	1.0000021771e+00	
9	1.2302687708e+09	1.2302687708e+09	3.3058486274e+02	9.5072378083e-01	1.0000023878e+00	
10	1.2589254118e+09	1.2589254118e+09	3.2273739954e+02	9.5071188830e-01	1.0000026190e+00	
11	1.2882495517e+09	1.2882495517e+09	3.1504665848e+02	9.5069941768e-01	1.0000028725e+00	
12	1.3182567386e+09	1.3182567386e+09	3.0750986265e+02	9.5068633989e-01	1.0000031507e+00	
13	1.3489628826e+09	1.3489628826e+09	3.0012425728e+02	9.5067262431e-01	1.0000034559e+00	
14	1.3803842646e+09	1.3803842646e+09	2.9288711169e+02	9.5065823867e-01	1.0000037907e+00	
15	1.4125375446e+09	1.4125375446e+09	2.8579572236e+02	9.5064314899e-01	1.0000041581e+00	
16	1.4454397707e+09	1.4454397707e+09	2.7884741581e+02	9.5062731943e-01	1.0000045611e+00	
17	1.4791083882e+09	1.4791083882e+09	2.7203955123e+02	9.5061071222e-01	1.0000050032e+00	
18	1.5135612484e+09	1.5135612484e+09	2.6536952261e+02	9.5059328754e-01	1.0000054884e+00	
19	1.5488166189e+09	1.5488166189e+09	2.5883476087e+02	9.5057500335e-01	1.0000060208e+00	
20	1.5848931925e+09	1.5848931925e+09	2.5243273595e+02	9.5055581533e-01	1.0000066049e+00	
21	1.6218100974e+09	1.6218100974e+09	2.4616095883e+02	9.5053567666e-01	1.0000072459e+00	
22	1.6595869074e+09	1.6595869074e+09	2.4001698262e+02	9.5051453791e-01	1.0000079493e+00	
23	1.6982436525e+09	1.6982436525e+09	2.3399840447e+02	9.5049234689e-01	1.0000087213e+00	
24	1.7378008287e+09	1.7378008287e+09	2.2810286691e+02	9.5046904841e-01	1.0000095685e+00	
25	1.7782794100e+09	1.7782794100e+09	2.2232805861e+02	9.5044458416e-01	1.0000104983e+00	
26	1.8197008586e+09	1.8197008586e+09	2.1667171583e+02	9.5041889247e-01	1.0000115188e+00	
27	1.8620871367e+09	1.8620871367e+09	2.1113162317e+02	9.5039190809e-01	1.0000126389e+00	
28	1.9054607180e+09	1.9054607180e+09	2.0570561418e+02	9.5036356195e-01	1.0000138685e+00	
29	1.9498445998e+09	1.9498445998e+09	2.0039157198e+02	9.5033378094e-01	1.0000152182e+00	
30	1.9952623150e+09	1.9952623150e+09	1.9518742991e+02	9.5030248760e-01	1.0000167000e+00	
31	2.0417379447e+09	2.0417379447e+09	1.9009117170e+02	9.5026959984e-01	1.0000183267e+00	
32	2.0892961309e+09	2.0892961309e+09	1.8510083160e+02	9.5023503061e-01	1.0000201127e+00	
33	2.1379620895e+09	2.1379620895e+09	1.8021449462e+02	9.5019868758e-01	1.0000220738e+00	
34	2.1877616239e+09	2.1877616239e+09	1.7543029620e+02	9.5016047274e-01	1.0000242273e+00	
35	2.2387211386e+09	2.2387211386e+09	1.7074642224e+02	9.5012028201e-01	1.0000265921e+00	
36	2.2908676528e+09	2.2908676528e+09	1.6616110855e+02	9.5007800481e-01	1.0000291892e+00	
37	2.3442288153e+09	2.3442288153e+09	1.6167264043e+02	9.5003352359e-01	1.0000320417e+00	
38	2.3988329190e+09	2.3988329190e+09	1.5727935208e+02	9.4998671330e-01	1.0000351749e+00	
39	2.4547089157e+09	2.4547089157e+09	1.5297962577e+02	9.4993744085e-01	1.0000386167e+00	
40	2.5118864315e+09	2.5118864315e+09	1.4877189101e+02	9.4988556450e-01	1.0000423980e+00	
41	2.5703957828e+09	2.5703957828e+09	1.4465462346e+02	9.4983093322e-01	1.0000465525e+00	
42	2.6302679919e+09	2.6302679919e+09	1.4062634386e+02	9.4977338594e-01	1.0000511175e+00	
43	2.6915348039e+09	2.6915348039e+09	1.3668561667e+02	9.4971275080e-01	1.0000561342e+00	
44	2.7542287033e+09	2.7542287033e+09	1.3283104872e+02	9.4964884432e-01	1.0000616479e+00	
45	2.8183829313e+09	2.8183829313e+09	1.2906128767e+02	9.4958147043e-01	1.0000677084e+00	
46	2.8840315031e+09	2.8840315031e+09	1.2537502040e+02	9.4951041950e-01	1.0000743708e+00	
47	2.9512092267e+09	2.9512092267e+09	1.2177097126e+02	9.4943546719e-01	1.0000816958e+00	
48	3.0199517204e+09	3.0199517204e+09	1.1824790021e+02	9.4935637329e-01	1.0000897503e+00	
49	3.0902954325e+09	3.0902954325e+09	1.1480460095e+02	9.4927288040e-01	1.0000986083e+00	
50	3.1622776602e+09	3.1622776602e+09	1.1143989888e+02	9.4918471242e-01	1.0001083512e+00	
51	3.2359365693e+09	3.2359365693e+09	1.0815264901e+02	9.4909157301e-01	1.0001190692e+00	
52	3.3113112148e+09	3.3113112148e+09	1.0494173388e+02	9.4899314384e-01	1.0001308617e+00	
53	3.3884415614e+09	3.3884415614e+09	1.0180606133e+02	9.4888908264e-01	1.0001438387e+00	
54	3.4673685045e+09	3.4673685045e+09	9.8744562313e+01	9.4877902112e-01	1.0001581215e+00	
55	3.5481338923e+09	3.5481338923e+09	9.5756188673e+01	9.4866256261e-01	1.0001738445e+00	
56	3.6307805477e+09	3.6307805477e+09	9.2839910903e+01	9.4853927951e-01	1.0001911562e+00	
57	3.7153522910e+09	3.7153522910e+09	8.9994715923e+01	9.4840871042e-01	1.0002102212e+00	
58	3.8018939632e+09	3.8018939632e+09	8.7219604892e+01	9.4827035707e-01	1.0002312215e+00	
59	3.8904514499e+09	3.8904514499e+09	8.4513591054e+01	9.4812368076e-01	1.0002543587e+00	
60	3.9810717055e+09	3.9810717055e+09	8.1875697650e+01	9.4796809860e-01	1.0002798562e+00	
61	4.0738027780e+09	4.0738027780e+09	7.9304955888e+01	9.4780297918e-01	1.0003079619e+00	
62	4.1686938347e+09	4.1686938347e+09	7.6800403015e+01	9.4762763786e-01	1.0003389507e+00	
63	4.2657951880e+09	4.2657951880e+09	7.4361080484e+01	9.4744133152e-01	1.0003731277e+00	
64	4.3651583224e+09	4.3651583224e+09	7.1986032230e+01	9.4724325268e-01	1.0004108318e+00	
65	4.4668359215e+09	4.4668359215e+09	6.9674303080e+01	9.4703252295e-01	1.0004524396e+00	
66	4.5708818961e+09	4.5708818961e+09	6.7424937290e+01	9.4680818578e-01	1.0004983700e+00	
67	4.6773514129e+09	4.6773514129e+09	6.5236977235e+01	9.4656919827e-01	1.0005490892e+00	
68	4.7863009232e+09	4.7863009232e+09	6.3109462246e+01	9.4631442208e-01	1.0006051163e+00	
69	4.8977881937e+09	4.8977881937e+09	6.1041427607e+01	9.4604261319e-01	1.0006670300e+00	
70	5.0118723363e+09	5.0118723363e+09	5.9031903713e+01	9.4575241042e-01	1.0007354757e+00	
71	5.1286138399e+09	5.1286138399e+09	5.7079915397e+01	9.4544232260e-01	1.0008111741e+00	
72	5.2480746025e+09	5.2480746025e+09	5.5184481419e+01	9.4511071394e-01	1.0008949302e+00	
73	5.3703179637e+09	5.3703179637e+09	5.3344614119e+01	9.4475578780e-01	1.0009876447e+00	
74	5.4954087386e+09	5.4954087386e+09	5.1559319237e+01	9.4437556808e-01	1.0010903258e+00	
75	5.6234132519e+09	5.6234132519e+09	4.9827595885e+01	9.4396787842e-01	1.0012041036e+00	
76	5.7543993734e+09	5.7543993734e+09	4.8148436673e+01	9.4353031844e-01	1.0013302458e+00	
77	5.8884365536e+09	5.8884365536e+09	4.6520827983e+01	9.4306023689e-01	1.0014701767e+00	
78	6.0255958607e+09	6.0255958607e+09	4.4943750368e+01	9.4255470106e-01	1.0016254980e+00	
79	6.1659500186e+09	6.1659500186e+09	4.3416179093e+01	9.4201046192e-01	1.0017980135e+00	
80	6.3095734448e+09	6.3095734448e+09	4.1937084777e+01	9.4142391442e-01	1.0019897571e+00	
81	6.4565422903e+09	6.4565422903e+09	4.0505434150e+01	9.4079105195e-01	1.0022030258e+00	
82	6.6069344801e+09	6.6069344801e+09	3.9120190895e+01	9.4010741426e-01	1.0024404177e+00	
83	6.7608297539e+09	6.7608297539e+09	3.7780316577e+01	9.3936802763e-01	1.0027048756e+00	
84	6.9183097092e+09	6.9183097092e+09	3.6484771634e+01	9.3856733601e-01	1.0029997389e+00	
85	7.0794578438e+09	7.0794578438e+09	3.5232516426e+01	9.3769912160e-01	1.0033288039e+00	
86	7.2443596007e+09	7.2443596007e+09	3.4022512328e+01	9.3675641314e-01	1.0036963939e+00	
87	7.4131024130e+09	7.4131024130e+09	3.2853722851e+01	9.3573137960e-01	1.0041074427e+00	
88	7.5857757503e+09	7.5857757503e+09	3.1725114785e+01	9.3461520683e-01	1.0045675924e+00	
89	7.7624711663e+09	7.7624711663e+09	3.0635659349e+01	9.3339795398e-01	1.0050833093e+00	
90	7.9432823472e+09	7.9432823472e+09	2.9584333338e+01	9.3206838618e-01	1.0056620222e+00	
91	8.1283051616e+09	8.1283051616e+09	2.8570120254e+01	9.3061377879e-01	1.0063122861e+00	
92	8.3176377110e+09	8.3176377110e+09	2.7592011428e+01	9.2901968818e-01	1.0070439796e+00	
93	8.5113803820e+09	8.5113803820e+09	2.6649007095e+01	9.2726968251e-01	1.0078685407e+00	
94	8.7096358996e+09	8.7096358996e+09	2.5740117449e+01	9.2534502476e-01	1.0087992521e+00	
95	8.9125093813e+09	8.9125093813e+09	2.4864363643e+01	9.2322429894e-01	1.0098515870e+00	
96	9.1201083936e+09	9.1201083936e+09	2.4020778744e+01	9.2088296804e-01	1.0110436289e+00	
97	9.3325430080e+09	9.3325430080e+09	2.3208408640e+01	9.1829285043e-01	1.0123965863e+00	
98	9.5499258602e+09	9.5499258602e+09	2.2426312881e+01	9.1542149831e-01	1.0139354240e+00	
99	9.7723722096e+09	9.7723722096e+09	2.1673565467e+01	9.1223145879e-01	1.0156896439e+00	
100	1.0000000000e+10	1.0000000000e+10	2.0949255569e+01	9.0867939416e-01	1.0176942540e+00	
101	1.0232929923e+10	1.0232929923e+10	2.0252488193e+01	9.0471503347e-01	1.0199909789e+00	
102	1.0471285481e+10	1.0471285481e+10	1.9582384771e+01	9.0027992261e-01	1.0226297810e+00	
103	1.0715193052e+10	1.0715193052e+10	1.8938083698e+01	8.9530593433e-01	1.0256707841e+00	
104	1.0964781961e+10	1.0964781961e+10	1.8318740795e+01	8.8971349430e-01	1.0291867219e+00	
105	1.1220184543e+10	1.1220184543e+10	1.7723529718e+01	8.8340947409e-01	1.0332660773e+00	
106	1.1481536215e+10	1.1481536215e+10	1.7151642298e+01	8.7628469866e-01	1.0380171365e+00	
107	1.1748975549e+10	1.1748975549e+10	1.6602288830e+01	8.6821101655e-01	1.0435732657e+00	
108	1.2022644346e+10	1.2022644346e+10	1.6074698296e+01	8.5903788922e-01	1.0500998386e+00	
109	1.2302687708e+10	1.2302687708e+10	1.5568118537e+01	8.4858847723e-01	1.0578034088e+00	
110	1.2589254118e+10	1.2589254118e+10	1.5081816377e+01	8.3665524564e-01	1.0669439732e+00	
111	1.2882495517e+10	1.2882495517e+10	1.4615077686e+01	8.2299519180e-01	1.0778515330e+00	
112	1.3182567386e+10	1.3182567386e+10	1.4167207408e+01	8.0732493973e-01	1.0909487064e+00	
113	1.3489628826e+10	1.3489628826e+10	1.3737529539e+01	7.8931617457e-01	1.1067819757e+00	
114	1.3803842646e+10	1.3803842646e+10	1.3325387064e+01	7.6859225243e-01	1.1260654341e+00	
115	1.4125375446e+10	1.4125375446e+10	1.2930141858e+01	7.4472736400e-01	1.1497429417e+00	
116	1.4454397707e+10	1.4454397707e+10	1.2551174554e+01	7.1725040667e-01	1.1790779192e+00	
117	1.4791083882e+10	1.4791083882e+10	1.2187884374e+01	6.8565675552e-01	1.2157855957e+00	
118	1.5135612484e+10	1.5135612484e+10	1.1839688934e+01	6.4943237757e-01	1.2622322763e+00	
119	1.5488166189e+10	1.5488166189e+10	1.1506024025e+01	6.0809601685e-01	1.3217439587e+00	
120	1.5848931925e+10	1.5848931925e+10	1.1186343365e+01	5.6126607250e-01	1.3991006446e+00	
121	1.6218100974e+10	1.6218100974e+10	1.0880118334e+01	5.0875861421e-01	1.5013616425e+00	
122	1.6595869074e+10	1.6595869074e+10	1.0586837690e+01	4.5072094113e-01	1.6393161643e+00	
123	1.6982436525e+10	1.6982436525e+10	1.0306007267e+01	3.8780080782e-01	1.8302002054e+00	
124	1.7378008287e+10	1.7378008287e+10	1.0037149662e+01	3.2134565201e-01	2.1032005071e+00	
125	1.7782794100e+10	1.7782794100e+10	9.7798039058e+00	2.5362065358e-01	2.5117459787e+00	
126	1.8197008586e+10	1.8197008586e+10	9.5335251286e+00	1.8802890422e-01	3.1645068161e+00	
127	1.8620871367e+10	1.8620871367e+10	9.2978842139e+00	1.2929927285e-01	4.3155650319e+00	
128	1.9054607180e+10	1.9054607180e+10	9.0724674478e+00	8.3508343717e-02	6.6295155317e+00	
129	1.9498445998e+10	1.9498445998e+10	8.8568761633e+00	5.7130571306e-02	9.3381698028e+00	
130	1.9952623150e+10	1.9952623150e+10	8.6507263808e+00	5.3076807961e-02	6.1945011047e+00	
131	2.0417379447e+10	2.0417379447e+10	8.4536484467e+00	7.0428477548e-02	4.2542069255e+00	
132	2.0892961309e+10	2.0892961309e+10	8.2652866721e+00	1.0834664624e-01	3.2759967039e+00	
133	2.1379620895e+10	2.1379620895e+10	8.0852989704e+00	1.6140269361e-01	2.7083461980e+00	
134	2.1877616239e+10	2.1877616239e+10	7.9133564982e+00	2.2173174987e-01	2.3444242530e+00	
135	2.2387211386e+10	2.2387211386e+10	7.7491432971e+00	2.8290965848e-01	2.0946657875e+00	
136	2.2908676528e+10	2.2908676528e+10	7.5923559401e+00	3.4100522697e-01	1.9146590577e+00	
137	2.3442288153e+10	2.3442288153e+10	7.4427031808e+00	3.9414867160e-01	1.7800502060e+00	
138	2.3988329190e+10	2.3988329190e+10	7.2999056089e+00	4.4177020814e-01	1.6764402658e+00	
139	2.4547089157e+10	2.4547089157e+10	7.1636953098e+00	4.8399043401e-01	1.5948089820e+00	
140	2.5118864315e+10	2.5118864315e+10	7.0338155316e+00	5.2124193938e-01	1.5292415222e+00	
141	2.5703957828e+10	2.5703957828e+10	6.9100203573e+00	5.5406409688e-01	1.4757133999e+00	
142	2.6302679919e+10	2.6302679919e+10	6.7920743852e+00	5.8300193877e-01	1.4314014742e+00	
143	2.6915348039e+10	2.6915348039e+10	6.6797524160e+00	6.0856131855e-01	1.3942738315e+00	
144	2.7542287033e+10	2.7542287033e+10	6.5728391481e+00	6.3119262776e-01	1.3628355872e+00	
145	2.8183829313e+10	2.8183829313e+10	6.4711288807e+00	6.5128822826e-01	1.3359658461e+00	
146	2.8840315031e+10	2.8840315031e+10	6.3744252257e+00	6.6918599510e-01	1.3128100203e+00	
147	2.9512092267e+10	2.9512092267e+10	6.2825408274e+00	6.8517519110e-01	1.2927068815e+00	
148	3.0199517204e+10	3.0199517204e+10	6.1952970922e+00	6.9950285922e-01	1.2751380339e+00	
149	3.0902954325e+10	3.0902954325e+10	6.1125239258e+00	7.1237991142e-01	1.2596922224e+00	
150	3.1622776602e+10	3.1622776602e+10	6.0340594809e+00	7.2398658626e-01	1.2460396768e+00	
151	3.2359365693e+10	3.2359365693e+10	5.9597499128e+00	7.3447718642e-01	1.2339133771e+00	
152	3.3113112148e+10	3.3113112148e+10	5.8894491455e+00	7.4398411827e-01	1.2230951788e+00	
153	3.3884415614e+10	3.3884415614e+10	5.8230186462e+00	7.5262130129e-01	1.2134054031e+00	
154	3.4673685045e+10	3.4673685045e+10	5.7603272097e+00	7.6048702966e-01	1.2046949353e+00	
155	3.5481338923e+10	3.5481338923e+10	5.7012507521e+00	7.6766636748e-01	1.1968391607e+00	
156	3.6307805477e+10	3.6307805477e+10	5.6456721136e+00	7.7423315175e-01	1.1897332655e+00	
157	3.7153522910e+10	3.7153522910e+10	5.5934808717e+00	7.8025166808e-01	1.1832885602e+00	
158	3.8018939632e+10	3.8018939632e+10	5.5445731627e+00	7.8577805406e-01	1.1774295793e+00	
159	3.8904514499e+10	3.8904514499e+10	5.4988515134e+00	7.9086147669e-01	1.1720917752e+00	
160	3.9810717055e+10	3.9810717055e+10	5.4562246820e+00	7.9554512231e-01	1.1672196696e+00	
161	4.0738027780e+10	4.0738027780e+10	5.4166075085e+00	7.9986703095e-01	1.1627653629e+00	
162	4.1686938347e+10	4.1686938347e+10	5.3799207741e+00	8.0386080117e-01	1.1586873231e+00	
163	4.2657951880e+10	4.2657951880e+10	5.3460910708e+00	8.0755618731e-01	1.1549493961e+00	
164	4.3651583224e+10	4.3651583224e+10	5.3150506793e+00	8.1097960675e-01	1.1515199928e+00	
165	4.4668359215e+10	4.4668359215e+10	5.2867374572e+00	8.1415457208e-01	1.1483714167e+00	
166	4.5708818961e+10	4.5708818961e+10	5.2610947357e+00	8.1710206024e-01	1.1454793056e+00	
167	4.6773514129e+10	4.6773514129e+10	5.2380712262e+00	8.1984082863e-01	1.1428221655e+00	
168	4.7863009232e+10	4.7863009232e+10	5.2176209357e+00	8.2238768677e-01	1.1403809794e+00	
169	4.8977881937e+10	4.8977881937e+10	5.1997030919e+00	8.2475773007e-01	1.1381388779e+00	
170	5.0118723363e+10	5.0118723363e+10	5.1842820776e+00	8.2696454180e-01	1.1360808607e+00	
171	5.1286138399e+10	5.1286138399e+10	5.1713273735e+00	8.2902036788e-01	1.1341935594e+00	
172	5.2480746025e+10	5.2480746025e+10	5.1608135117e+00	8.3093626865e-01	1.1324650356e+00	
173	5.3703179637e+10	5.3703179637e+10	5.1527200376e+00	8.3272225083e-01	1.1308846077e+00	
174	5.4954087386e+10	5.4954087386e+10	5.1470314814e+00	8.3438738269e-01	1.1294427028e+00	
175	5.6234132519e+10	5.6234132519e+10	5.1437373393e+00	8.3593989472e-01	1.1281307278e+00	
176	5.7543993734e+10	5.7543993734e+10	5.1428320636e+00	8.3738726783e-01	1.1269409587e+00	
177	5.8884365536e+10	5.8884365536e+10	5.1443150634e+00	8.3873631090e-01	1.1258664442e+00	
178	6.0255958607e+10	6.0255958607e+10	5.1481907137e+00	8.3999322899e-01	1.1249009220e+00	
179	6.1659500186e+10	6.1659500186e+10	5.1544683759e+00	8.4116368352e-01	1.1240387445e+00	
180	6.3095734448e+10	6.3095734448e+10	5.1631624262e+00	8.4225284556e-01	1.1232748154e+00	
181	6.4565422903e+10	6.4565422903e+10	5.1742922963e+00	8.4326544301e-01	1.1226045320e+00	
182	6.6069344801e+10	6.6069344801e+10	5.1878825224e+00	8.4420580248e-01	1.1220237359e+00	
183	6.7608297539e+10	6.7608297539e+10	5.2039628062e+00	8.4507788670e-01	1.1215286678e+00	
184	6.9183097092e+10	6.9183097092e+10	5.2225680850e+00	8.4588532774e-01	1.1211159284e+00	
185	7.0794578438e+10	7.0794578438e+10	5.2437386142e+00	8.4663145682e-01	1.1207824430e+00	
186	7.2443596007e+10	7.2443596007e+10	5.2675200598e+00	8.4731933099e-01	1.1205254297e+00	
187	7.4131024130e+10	7.4131024130e+10	5.2939636026e+00	8.4795175714e-01	1.1203423708e+00	
188	7.5857757503e+10	7.5857757503e+10	5.3231260543e+00	8.4853131359e-01	1.1202309870e+00	
189	7.7624711663e+10	7.7624711663e+10	5.3550699856e+00	8.4906036955e-01	1.1201892142e+00	
190	7.9432823472e+10	7.9432823472e+10	5.3898638661e+00	8.4954110285e-01	1.1202151815e+00	
191	8.1283051616e+10	8.1283051616e+10	5.4275822178e+00	8.4997551594e-01	1.1203071924e+00	
192	8.3176377110e+10	8.3176377110e+10	5.4683057815e+00	8.5036545048e-01	1.1204637056e+00	
193	8.5113803820e+10	8.5113803820e+10	5.5121216965e+00	8.5071260072e-01	1.1206833194e+00	
194	8.7096358996e+10	8.7096358996e+10	5.5591236951e+00	8.5101852567e-01	1.1209647550e+00	
195	8.9125093813e+10	8.9125093813e+10	5.6094123114e+00	8.5128466042e-01	1.1213068426e+00	
196	9.1201083936e+10	9.1201083936e+10	5.6630951058e+00	8.5151232645e-01	1.1217085075e+00	
197	9.3325430080e+10	9.3325430080e+10	5.7202869047e+00	8.5170274133e-01	1.1221687569e+00	
198	9.5499258602e+10	9.5499258602e+10	5.7811100582e+00	8.5185702761e-01	1.1226866676e+00	
199	9.7723722096e+10	9.7723722096e+10	5.8456947140e+00	8.5197622125e-01	1.1232613744e+00	
200	1.0000000000e+11	1.0000000000e+11	5.9141791106e+00	8.5206127945e-01	1.1238920589e+00	
SWEEP_END
m_s11_db_lo = -4.009049629e+00
m_s11_db_mid = -1.339676997e+01
m_s11_db_hi = -7.884439154e+00
m_s21_db_lo = 2.0929132556e+01
m_s21_db_mid = 2.3201525704e+01
m_s21_db_hi = 2.1902886171e+01
m_s22_db_lo = -8.155420005e+00
m_s22_db_mid = -2.545297314e+01
m_s22_db_hi = -1.057313353e+01
m_s12_db_lo = -5.246073566e+01
m_s12_db_mid = -4.859114584e+01
m_s12_db_hi = -4.842392582e+01
m_k_lo = 9.8310526629e+00
m_k_mid = 8.8797068879e+00
m_k_hi = 8.1502979942e+00
m_nf_db_lo = 3.7049261819e+00
m_nf_db_mid = 3.9811201057e+00
m_nf_db_hi = 4.3827540226e+00
m_q1_vce = 1.5374213593e+00
m_q1_vbe = 7.1652003269e-01
m_q1_ic = 2.1580314721e-03
m_q1_icfrac = 8.9917978002e-02
m_q1_dtj = 5.7964606778e+00
m_q1_ft = 2.0161578048e+02
m_q2_vce = 1.2061038069e+00
m_q2_vbe = 7.1778388310e-01
m_q2_ic = 2.1555826332e-03
m_q2_icfrac = 8.9815943051e-02
m_q2_dtj = 4.5449822175e+00
m_q2_ft = 2.0329851315e+02
m_qr_vce = 7.1741408603e-01
m_qr_vbe = 7.1741408603e-01
m_qr_ic = 2.5277285131e-04
m_qr_icfrac = 8.4257617102e-02
m_qr_dtj = 2.0609768721e+00
m_qr_ft = 1.7001468626e+02
m_idd_ma = 2.7344438640e+00
m_pdc_mw = 7.5197206259e+00
m_d_lo = 2.6730285586e-01
m_mu_lo = 2.4139730588e+00
m_msg_db_lo = 7.3389868221e+01
m_d_mid = 5.8900796996e-02
m_mu_mid = 9.3815850739e+00
m_msg_db_mid = 7.1792671548e+01
m_d_hi = 1.4070810444e-01
m_mu_hi = 2.8855303255e+00
m_msg_db_hi = 7.0326811991e+01
m_sw_n = 2.0100000000e+02
m_sw_kmin = 5.1428320636e+00
m_sw_fkmin_ghz = 5.7543993734e+01
m_sw_kmin_hi = 5.1428320636e+00
m_sw_kmin_lo = 1.0037149662e+01
m_sw_dmax = 9.5080893360e-01
m_sw_mumin = 1.0000010401e+00
m_sw_nunst = 0.0000000000e+00
Doing analysis at TEMP = 125.000000 and TNOM = 27.000000

Using SPARSE 1.3 as Direct Linear Solver
Note: Starting dynamic gmin stepping
Note: Dynamic gmin stepping completed

Initial Transient Solution
--------------------------

Node                                   Voltage
----                                   -------
vdd                                       2.75
xdut.nr                               0.723488
xdut.er                             0.00607362
xdut.xqr.s1                         4.0997e-08
xdut.xqr.t                             2.06098
xdut.b1                               0.722995
xdut.oc                                   2.75
xdut.b2                                2.26168
xdut.c1                                 1.5439
xdut.xq2.s1                        6.15381e-07
xdut.xq2.t                             4.54498
xdut.e1                             0.00647483
xdut.xq1.s1                          6.841e-07
xdut.xq1.t                             5.79646
p1                                           0
xdut.in2                                     0
p2                                           0
s1n                                          0
s2n                                          0
l.xdut.lin#branch                            0
l.xdut.lfeed#branch                 0.00215558
vs2#branch                                   0
vs1#branch                                   0
vdd#branch                         -0.00273444


No. of Data Rows : 59

  Measurements for Transient Analysis

lna_rail_v          =  2.75000e+00

ngspice-46 done
