
Note: No compatibility mode selected!


Circuit: * klt sim -- generated corner deck, do not edit

Doing analysis at TEMP = 27.000000 and TNOM = 27.000000

Using SPARSE 1.3 as Direct Linear Solver

No. of Data Rows : 1

  Measurements for Transient Analysis


Doing analysis at TEMP = 27.000000 and TNOM = 27.000000

Using SPARSE 1.3 as Direct Linear Solver

No. of Data Rows : 3

  Measurements for Transient Analysis


Reset re-loads circuit * klt sim -- generated corner deck, do not edit

Circuit: * klt sim -- generated corner deck, do not edit

Doing analysis at TEMP = 27.000000 and TNOM = 27.000000

Using SPARSE 1.3 as Direct Linear Solver

No. of Data Rows : 3

  Measurements for Transient Analysis


Reset re-loads circuit * klt sim -- generated corner deck, do not edit

Circuit: * klt sim -- generated corner deck, do not edit

Doing analysis at TEMP = 27.000000 and TNOM = 27.000000

Using SPARSE 1.3 as Direct Linear Solver

No. of Data Rows : 3

No. of Data Rows : 1

  Measurements for Transient Analysis


Doing analysis at TEMP = 27.000000 and TNOM = 27.000000

Using SPARSE 1.3 as Direct Linear Solver

No. of Data Rows : 201

  Measurements for Transient Analysis


Reset re-loads circuit * klt sim -- generated corner deck, do not edit

Circuit: * klt sim -- generated corner deck, do not edit

Doing analysis at TEMP = 27.000000 and TNOM = 27.000000

Using SPARSE 1.3 as Direct Linear Solver

No. of Data Rows : 201

  Measurements for Transient Analysis


Reset re-loads circuit * klt sim -- generated corner deck, do not edit

Circuit: * klt sim -- generated corner deck, do not edit

SWEEP_BEGIN
                                                                            * klt sim -- generated corner deck, do not edit
                                                                            AC Analysis  Sat Oct 10 01:25:51  2026
--------------------------------------------------------------------------------------------------------------------------------------------------------------------------------------------------------
Index   frequency       wf              wk              wd              wmu             
--------------------------------------------------------------------------------------------------------------------------------------------------------------------------------------------------------
0	1.0000000000e+09	1.0000000000e+09	4.1231688553e+02	9.5105329231e-01	1.0000010395e+00	
1	1.0232929923e+09	1.0232929923e+09	4.0245522134e+02	9.5104271989e-01	1.0000011400e+00	
2	1.0471285481e+09	1.0471285481e+09	3.9280936706e+02	9.5103164214e-01	1.0000012503e+00	
3	1.0715193052e+09	1.0715193052e+09	3.8337432109e+02	9.5102003438e-01	1.0000013712e+00	
4	1.0964781961e+09	1.0964781961e+09	3.7414519868e+02	9.5100787065e-01	1.0000015038e+00	
5	1.1220184543e+09	1.1220184543e+09	3.6511723588e+02	9.5099512370e-01	1.0000016493e+00	
6	1.1481536215e+09	1.1481536215e+09	3.5628578566e+02	9.5098176491e-01	1.0000018089e+00	
7	1.1748975549e+09	1.1748975549e+09	3.4764631376e+02	9.5096776419e-01	1.0000019840e+00	
8	1.2022644346e+09	1.2022644346e+09	3.3919439978e+02	9.5095308992e-01	1.0000021760e+00	
9	1.2302687708e+09	1.2302687708e+09	3.3092573229e+02	9.5093770888e-01	1.0000023867e+00	
10	1.2589254118e+09	1.2589254118e+09	3.2283610882e+02	9.5092158612e-01	1.0000026178e+00	
11	1.2882495517e+09	1.2882495517e+09	3.1492143261e+02	9.5090468490e-01	1.0000028713e+00	
12	1.3182567386e+09	1.3182567386e+09	3.0717771200e+02	9.5088696660e-01	1.0000031494e+00	
13	1.3489628826e+09	1.3489628826e+09	2.9960105799e+02	9.5086839056e-01	1.0000034545e+00	
14	1.3803842646e+09	1.3803842646e+09	2.9218768229e+02	9.5084891402e-01	1.0000037893e+00	
15	1.4125375446e+09	1.4125375446e+09	2.8493389646e+02	9.5082849197e-01	1.0000041565e+00	
16	1.4454397707e+09	1.4454397707e+09	2.7783610922e+02	9.5080707705e-01	1.0000045595e+00	
17	1.4791083882e+09	1.4791083882e+09	2.7089082591e+02	9.5078461937e-01	1.0000050016e+00	
18	1.5135612484e+09	1.5135612484e+09	2.6409464617e+02	9.5076106639e-01	1.0000054867e+00	
19	1.5488166189e+09	1.5488166189e+09	2.5744426279e+02	9.5073636279e-01	1.0000060191e+00	
20	1.5848931925e+09	1.5848931925e+09	2.5093645999e+02	9.5071045026e-01	1.0000066032e+00	
21	1.6218100974e+09	1.6218100974e+09	2.4456811238e+02	9.5068326733e-01	1.0000072442e+00	
22	1.6595869074e+09	1.6595869074e+09	2.3833618290e+02	9.5065474922e-01	1.0000079477e+00	
23	1.6982436525e+09	1.6982436525e+09	2.3223772190e+02	9.5062482760e-01	1.0000087197e+00	
24	1.7378008287e+09	1.7378008287e+09	2.2626986538e+02	9.5059343037e-01	1.0000095671e+00	
25	1.7782794100e+09	1.7782794100e+09	2.2042983363e+02	9.5056048146e-01	1.0000104970e+00	
26	1.8197008586e+09	1.8197008586e+09	2.1471492996e+02	9.5052590056e-01	1.0000115178e+00	
27	1.8620871367e+09	1.8620871367e+09	2.0912253891e+02	9.5048960288e-01	1.0000126383e+00	
28	1.9054607180e+09	1.9054607180e+09	2.0365012496e+02	9.5045149881e-01	1.0000138683e+00	
29	1.9498445998e+09	1.9498445998e+09	1.9829523113e+02	9.5041149368e-01	1.0000152185e+00	
30	1.9952623150e+09	1.9952623150e+09	1.9305547704e+02	9.5036948740e-01	1.0000167009e+00	
31	2.0417379447e+09	2.0417379447e+09	1.8792855784e+02	9.5032537409e-01	1.0000183285e+00	
32	2.0892961309e+09	2.0892961309e+09	1.8291224216e+02	9.5027904174e-01	1.0000201155e+00	
33	2.1379620895e+09	2.1379620895e+09	1.7800437069e+02	9.5023037176e-01	1.0000220779e+00	
34	2.1877616239e+09	2.1877616239e+09	1.7320285428e+02	9.5017923856e-01	1.0000242328e+00	
35	2.2387211386e+09	2.2387211386e+09	1.6850567227e+02	9.5012550910e-01	1.0000265994e+00	
36	2.2908676528e+09	2.2908676528e+09	1.6391087054e+02	9.5006904231e-01	1.0000291987e+00	
37	2.3442288153e+09	2.3442288153e+09	1.5941655967e+02	9.5000968858e-01	1.0000320538e+00	
38	2.3988329190e+09	2.3988329190e+09	1.5502091283e+02	9.4994728915e-01	1.0000351901e+00	
39	2.4547089157e+09	2.4547089157e+09	1.5072216385e+02	9.4988167548e-01	1.0000386356e+00	
40	2.5118864315e+09	2.5118864315e+09	1.4651860496e+02	9.4981266849e-01	1.0000424213e+00	
41	2.5703957828e+09	2.5703957828e+09	1.4240858461e+02	9.4974007783e-01	1.0000465810e+00	
42	2.6302679919e+09	2.6302679919e+09	1.3839050520e+02	9.4966370107e-01	1.0000511522e+00	
43	2.6915348039e+09	2.6915348039e+09	1.3446282072e+02	9.4958332275e-01	1.0000561761e+00	
44	2.7542287033e+09	2.7542287033e+09	1.3062403429e+02	9.4949871342e-01	1.0000616983e+00	
45	2.8183829313e+09	2.8183829313e+09	1.2687269568e+02	9.4940962858e-01	1.0000677688e+00	
46	2.8840315031e+09	2.8840315031e+09	1.2320739882e+02	9.4931580750e-01	1.0000744429e+00	
47	2.9512092267e+09	2.9512092267e+09	1.1962677911e+02	9.4921697192e-01	1.0000817816e+00	
48	3.0199517204e+09	3.0199517204e+09	1.1612951088e+02	9.4911282474e-01	1.0000898522e+00	
49	3.0902954325e+09	3.0902954325e+09	1.1271430465e+02	9.4900304841e-01	1.0000987290e+00	
50	3.1622776602e+09	3.1622776602e+09	1.0937990448e+02	9.4888730333e-01	1.0001084940e+00	
51	3.2359365693e+09	3.2359365693e+09	1.0612508527e+02	9.4876522600e-01	1.0001192376e+00	
52	3.3113112148e+09	3.3113112148e+09	1.0294865008e+02	9.4863642700e-01	1.0001310601e+00	
53	3.3884415614e+09	3.3884415614e+09	9.9849427427e+01	9.4850048887e-01	1.0001440719e+00	
54	3.4673685045e+09	3.4673685045e+09	9.6826268649e+01	9.4835696361e-01	1.0001583954e+00	
55	3.5481338923e+09	3.5481338923e+09	9.3878045325e+01	9.4820537009e-01	1.0001741658e+00	
56	3.6307805477e+09	3.6307805477e+09	9.1003646724e+01	9.4804519109e-01	1.0001915327e+00	
57	3.7153522910e+09	3.7153522910e+09	8.8201977335e+01	9.4787587011e-01	1.0002106618e+00	
58	3.8018939632e+09	3.8018939632e+09	8.5471954503e+01	9.4769680775e-01	1.0002317367e+00	
59	3.8904514499e+09	3.8904514499e+09	8.2812506152e+01	9.4750735786e-01	1.0002549607e+00	
60	3.9810717055e+09	3.9810717055e+09	8.0222568626e+01	9.4730682310e-01	1.0002805592e+00	
61	4.0738027780e+09	4.0738027780e+09	7.7701084668e+01	9.4709445017e-01	1.0003087822e+00	
62	4.1686938347e+09	4.1686938347e+09	7.5247001534e+01	9.4686942443e-01	1.0003399074e+00	
63	4.2657951880e+09	4.2657951880e+09	7.2859269252e+01	9.4663086393e-01	1.0003742428e+00	
64	4.3651583224e+09	4.3651583224e+09	7.0536839053e+01	9.4637781283e-01	1.0004121310e+00	
65	4.4668359215e+09	4.4668359215e+09	6.8278661960e+01	9.4610923399e-01	1.0004539529e+00	
66	4.5708818961e+09	4.5708818961e+09	6.6083687556e+01	9.4582400076e-01	1.0005001322e+00	
67	4.6773514129e+09	4.6773514129e+09	6.3950862925e+01	9.4552088777e-01	1.0005511406e+00	
68	4.7863009232e+09	4.7863009232e+09	6.1879131779e+01	9.4519856066e-01	1.0006075041e+00	
69	4.8977881937e+09	4.8977881937e+09	5.9867433759e+01	9.4485556456e-01	1.0006698090e+00	
70	5.0118723363e+09	5.0118723363e+09	5.7914703921e+01	9.4449031115e-01	1.0007387099e+00	
71	5.1286138399e+09	5.1286138399e+09	5.6019872393e+01	9.4410106415e-01	1.0008149378e+00	
72	5.2480746025e+09	5.2480746025e+09	5.4181864214e+01	9.4368592297e-01	1.0008993106e+00	
73	5.3703179637e+09	5.3703179637e+09	5.2399599323e+01	9.4324280425e-01	1.0009927433e+00	
74	5.4954087386e+09	5.4954087386e+09	5.0671992723e+01	9.4276942109e-01	1.0010962613e+00	
75	5.6234132519e+09	5.6234132519e+09	4.8997954784e+01	9.4226325948e-01	1.0012110149e+00	
76	5.7543993734e+09	5.7543993734e+09	4.7376391690e+01	9.4172155162e-01	1.0013382956e+00	
77	5.8884365536e+09	5.8884365536e+09	4.5806206007e+01	9.4114124568e-01	1.0014795556e+00	
78	6.0255958607e+09	6.0255958607e+09	4.4286297379e+01	9.4051897131e-01	1.0016364296e+00	
79	6.1659500186e+09	6.1659500186e+09	4.2815563315e+01	9.3985100042e-01	1.0018107605e+00	
80	6.3095734448e+09	6.3095734448e+09	4.1392900076e+01	9.3913320243e-01	1.0020046285e+00	
81	6.4565422903e+09	6.4565422903e+09	4.0017203637e+01	9.3836099299e-01	1.0022203854e+00	
82	6.6069344801e+09	6.6069344801e+09	3.8687370706e+01	9.3752927527e-01	1.0024606943e+00	
83	6.7608297539e+09	6.7608297539e+09	3.7402299808e+01	9.3663237253e-01	1.0027285755e+00	
84	6.9183097092e+09	6.9183097092e+09	3.6160892391e+01	9.3566395049e-01	1.0030274609e+00	
85	7.0794578438e+09	7.0794578438e+09	3.4962053971e+01	9.3461692780e-01	1.0033612567e+00	
86	7.2443596007e+09	7.2443596007e+09	3.3804695281e+01	9.3348337251e-01	1.0037344184e+00	
87	7.4131024130e+09	7.4131024130e+09	3.2687733430e+01	9.3225438218e-01	1.0041520377e+00	
88	7.5857757503e+09	7.5857757503e+09	3.1610093042e+01	9.3091994461e-01	1.0046199468e+00	
89	7.7624711663e+09	7.7624711663e+09	3.0570707393e+01	9.2946877575e-01	1.0051448409e+00	
90	7.9432823472e+09	7.9432823472e+09	2.9568519506e+01	9.2788813057e-01	1.0057344248e+00	
91	8.1283051616e+09	8.1283051616e+09	2.8602483217e+01	9.2616358200e-01	1.0063975880e+00	
92	8.3176377110e+09	8.3176377110e+09	2.7671564203e+01	9.2427876166e-01	1.0071446146e+00	
93	8.5113803820e+09	8.5113803820e+09	2.6774740954e+01	9.2221505539e-01	1.0079874363e+00	
94	8.7096358996e+09	8.7096358996e+09	2.5911005698e+01	9.1995124469e-01	1.0089399384e+00	
95	8.9125093813e+09	8.9125093813e+09	2.5079365263e+01	9.1746308345e-01	1.0100183316e+00	
96	9.1201083936e+09	9.1201083936e+09	2.4278841887e+01	9.1472279754e-01	1.0112416059e+00	
97	9.3325430080e+09	9.3325430080e+09	2.3508473954e+01	9.1169849160e-01	1.0126320872e+00	
98	9.5499258602e+09	9.5499258602e+09	2.2767316671e+01	9.0835344482e-01	1.0142161232e+00	
99	9.7723722096e+09	9.7723722096e+09	2.2054442684e+01	9.0464527356e-01	1.0160249343e+00	
100	1.0000000000e+10	1.0000000000e+10	2.1368942617e+01	9.0052493424e-01	1.0180956728e+00	
101	1.0232929923e+10	1.0232929923e+10	2.0709925552e+01	8.9593553524e-01	1.0204727519e+00	
102	1.0471285481e+10	1.0471285481e+10	2.0076519449e+01	8.9081092085e-01	1.0232095213e+00	
103	1.0715193052e+10	1.0715193052e+10	1.9467871490e+01	8.8507398436e-01	1.0263703944e+00	
104	1.0964781961e+10	1.0964781961e+10	1.8883148374e+01	8.7863466187e-01	1.0300335688e+00	
105	1.1220184543e+10	1.1220184543e+10	1.8321536544e+01	8.7138755343e-01	1.0342945281e+00	
106	1.1481536215e+10	1.1481536215e+10	1.7782242364e+01	8.6320911624e-01	1.0392705869e+00	
107	1.1748975549e+10	1.1748975549e+10	1.7264492237e+01	8.5395437829e-01	1.0451068366e+00	
108	1.2022644346e+10	1.2022644346e+10	1.6767532672e+01	8.4345313454e-01	1.0519839920e+00	
109	1.2302687708e+10	1.2302687708e+10	1.6290630308e+01	8.3150562032e-01	1.0601288426e+00	
110	1.2589254118e+10	1.2589254118e+10	1.5833071884e+01	8.1787771900e-01	1.0698283113e+00	
111	1.2882495517e+10	1.2882495517e+10	1.5394164174e+01	8.0229587410e-01	1.0814485702e+00	
112	1.3182567386e+10	1.3182567386e+10	1.4973233883e+01	7.8444206693e-01	1.0954613329e+00	
113	1.3489628826e+10	1.3489628826e+10	1.4569627503e+01	7.6394953242e-01	1.1124804807e+00	
114	1.3803842646e+10	1.3803842646e+10	1.4182711136e+01	7.4040037302e-01	1.1333138070e+00	
115	1.4125375446e+10	1.4125375446e+10	1.3811870293e+01	7.1332696305e-01	1.1590372842e+00	
116	1.4454397707e+10	1.4454397707e+10	1.3456509664e+01	6.8222008491e-01	1.1911036123e+00	
117	1.4791083882e+10	1.4791083882e+10	1.3116052856e+01	6.4654814923e-01	1.2315042757e+00	
118	1.5135612484e+10	1.5135612484e+10	1.2789942124e+01	6.0579358525e-01	1.2830177038e+00	
119	1.5488166189e+10	1.5488166189e+10	1.2477638070e+01	5.5951432860e-01	1.3496012067e+00	
120	1.5848931925e+10	1.5848931925e+10	1.2178619332e+01	5.0743977293e-01	1.4370340413e+00	
121	1.6218100974e+10	1.6218100974e+10	1.1892382259e+01	4.4961069072e-01	1.5540238007e+00	
122	1.6595869074e+10	1.6595869074e+10	1.1618440575e+01	3.8657016200e-01	1.7142261304e+00	
123	1.6982436525e+10	1.6982436525e+10	1.1356325024e+01	3.1960567903e-01	1.9402155967e+00	
124	1.7378008287e+10	1.7378008287e+10	1.1105583021e+01	2.5102824411e-01	2.2720607855e+00	
125	1.7782794100e+10	1.7782794100e+10	1.0865778287e+01	1.8444596013e-01	2.7882436859e+00	
126	1.8197008586e+10	1.8197008586e+10	1.0636490480e+01	1.2493736737e-01	3.6658982598e+00	
127	1.8620871367e+10	1.8620871367e+10	1.0417314828e+01	7.8935076310e-02	5.4006063021e+00	
128	1.9054607180e+10	1.9054607180e+10	1.0207861756e+01	5.3125714798e-02	9.8169872847e+00	
129	1.9498445998e+10	1.9498445998e+10	1.0007756514e+01	5.0229555380e-02	9.7443352155e+00	
130	1.9952623150e+10	1.9952623150e+10	9.8166388021e+00	6.8086927285e-02	5.5431242521e+00	
131	2.0417379447e+10	2.0417379447e+10	9.6341624073e+00	1.0468342636e-01	3.9089758469e+00	
132	2.0892961309e+10	2.0892961309e+10	9.4599948308e+00	1.5498062364e-01	3.0796245979e+00	
133	2.1379620895e+10	2.1379620895e+10	9.2938169275e+00	2.1228621359e-01	2.5869954472e+00	
134	2.1877616239e+10	2.1877616239e+10	9.1353225468e+00	2.7107961606e-01	2.2650923200e+00	
135	2.2387211386e+10	2.2387211386e+10	8.9842181790e+00	3.2777967201e-01	2.0409048617e+00	
136	2.2908676528e+10	2.2908676528e+10	8.8402226082e+00	3.8046582155e-01	1.8774613161e+00	
137	2.3442288153e+10	2.3442288153e+10	8.7030665711e+00	4.2834626217e-01	1.7541066002e+00	
138	2.3988329190e+10	2.3988329190e+10	8.5724924232e+00	4.7129795354e-01	1.6584376528e+00	
139	2.4547089157e+10	2.4547089157e+10	8.4482538130e+00	5.0955182620e-01	1.5825840383e+00	
140	2.5118864315e+10	2.5118864315e+10	8.3301153630e+00	5.4350138755e-01	1.5213291307e+00	
141	2.5703957828e+10	2.5703957828e+10	8.2178523605e+00	5.7359485958e-01	1.4710910318e+00	
142	2.6302679919e+10	2.6302679919e+10	8.1112504560e+00	6.0027828258e-01	1.4293373200e+00	
143	2.6915348039e+10	2.6915348039e+10	8.0101053715e+00	6.2396796585e-01	1.3942328426e+00	
144	2.7542287033e+10	2.7542287033e+10	7.9142226169e+00	6.4503916714e-01	1.3644193201e+00	
145	2.8183829313e+10	2.8183829313e+10	7.8234172173e+00	6.6382339749e-01	1.3388728044e+00	
146	2.8840315031e+10	2.8840315031e+10	7.7375134489e+00	6.8061006407e-01	1.3168088408e+00	
147	2.9512092267e+10	2.9512092267e+10	7.6563445854e+00	6.9565008458e-01	1.2976178007e+00	
148	3.0199517204e+10	3.0199517204e+10	7.5797526537e+00	7.0916019951e-01	1.2808198267e+00	
149	3.0902954325e+10	3.0902954325e+10	7.5075882004e+00	7.2132732198e-01	1.2660328375e+00	
150	3.1622776602e+10	3.1622776602e+10	7.4397100681e+00	7.3231260497e-01	1.2529494186e+00	
151	3.2359365693e+10	3.2359365693e+10	7.3759851821e+00	7.4225509212e-01	1.2413198726e+00	
152	3.3113112148e+10	3.3113112148e+10	7.3162883475e+00	7.5127491671e-01	1.2309396155e+00	
153	3.3884415614e+10	3.3884415614e+10	7.2605020564e+00	7.5947606372e-01	1.2216396847e+00	
154	3.4673685045e+10	3.4673685045e+10	7.2085163059e+00	7.6694873298e-01	1.2132795090e+00	
155	3.5481338923e+10	3.5481338923e+10	7.1602284264e+00	7.7377134972e-01	1.2057413418e+00	
156	3.6307805477e+10	3.6307805477e+10	7.1155429205e+00	7.8001226974e-01	1.1989259337e+00	
157	3.7153522910e+10	3.7153522910e+10	7.0743713119e+00	7.8573122331e-01	1.1927491377e+00	
158	3.8018939632e+10	3.8018939632e+10	7.0366320056e+00	7.9098053748e-01	1.1871392234e+00	
159	3.8904514499e+10	3.8904514499e+10	7.0022501584e+00	7.9580617106e-01	1.1820347357e+00	
160	3.9810717055e+10	3.9810717055e+10	6.9711575594e+00	8.0024859205e-01	1.1773827747e+00	
161	4.0738027780e+10	4.0738027780e+10	6.9432925219e+00	8.0434352250e-01	1.1731376053e+00	
162	4.1686938347e+10	4.1686938347e+10	6.9185997850e+00	8.0812257200e-01	1.1692595243e+00	
163	4.2657951880e+10	4.2657951880e+10	6.8970304271e+00	8.1161377746e-01	1.1657139341e+00	
164	4.3651583224e+10	4.3651583224e+10	6.8785417884e+00	8.1484206405e-01	1.1624705784e+00	
165	4.4668359215e+10	4.4668359215e+10	6.8630974053e+00	8.1782963980e-01	1.1595029102e+00	
166	4.5708818961e+10	4.5708818961e+10	6.8506669551e+00	8.2059633402e-01	1.1567875657e+00	
167	4.6773514129e+10	4.6773514129e+10	6.8412262114e+00	8.2315988838e-01	1.1543039236e+00	
168	4.7863009232e+10	4.7863009232e+10	6.8347570103e+00	8.2553620780e-01	1.1520337352e+00	
169	4.8977881937e+10	4.8977881937e+10	6.8312472278e+00	8.2773957722e-01	1.1499608126e+00	
170	5.0118723363e+10	5.0118723363e+10	6.8306907676e+00	8.2978284941e-01	1.1480707633e+00	
171	5.1286138399e+10	5.1286138399e+10	6.8330875605e+00	8.3167760792e-01	1.1463507651e+00	
172	5.2480746025e+10	5.2480746025e+10	6.8384435748e+00	8.3343430904e-01	1.1447893739e+00	
173	5.3703179637e+10	5.3703179637e+10	6.8467708376e+00	8.3506240550e-01	1.1433763577e+00	
174	5.4954087386e+10	5.4954087386e+10	6.8580874686e+00	8.3657045474e-01	1.1421025551e+00	
175	5.6234132519e+10	5.6234132519e+10	6.8724177241e+00	8.3796621372e-01	1.1409597516e+00	
176	5.7543993734e+10	5.7543993734e+10	6.8897920541e+00	8.3925672227e-01	1.1399405737e+00	
177	5.8884365536e+10	5.8884365536e+10	6.9102471703e+00	8.4044837646e-01	1.1390383954e+00	
178	6.0255958607e+10	6.0255958607e+10	6.9338261277e+00	8.4154699335e-01	1.1382472574e+00	
179	6.1659500186e+10	6.1659500186e+10	6.9605784170e+00	8.4255786828e-01	1.1375617960e+00	
180	6.3095734448e+10	6.3095734448e+10	6.9905600711e+00	8.4348582566e-01	1.1369771803e+00	
181	6.4565422903e+10	6.4565422903e+10	7.0238337847e+00	8.4433526416e-01	1.1364890570e+00	
182	6.6069344801e+10	6.6069344801e+10	7.0604690461e+00	8.4511019692e-01	1.1360935015e+00	
183	6.7608297539e+10	6.7608297539e+10	7.1005422845e+00	8.4581428751e-01	1.1357869739e+00	
184	6.9183097092e+10	6.9183097092e+10	7.1441370305e+00	8.4645088215e-01	1.1355662806e+00	
185	7.0794578438e+10	7.0794578438e+10	7.1913440914e+00	8.4702303863e-01	1.1354285385e+00	
186	7.2443596007e+10	7.2443596007e+10	7.2422617425e+00	8.4753355235e-01	1.1353711442e+00	
187	7.4131024130e+10	7.4131024130e+10	7.2969959336e+00	8.4798497990e-01	1.1353917449e+00	
188	7.5857757503e+10	7.5857757503e+10	7.3556605119e+00	8.4837966037e-01	1.1354882125e+00	
189	7.7624711663e+10	7.7624711663e+10	7.4183774626e+00	8.4871973479e-01	1.1356586201e+00	
190	7.9432823472e+10	7.9432823472e+10	7.4852771668e+00	8.4900716382e-01	1.1359012198e+00	
191	8.1283051616e+10	8.1283051616e+10	7.5564986784e+00	8.4924374401e-01	1.1362144224e+00	
192	8.3176377110e+10	8.3176377110e+10	7.6321900209e+00	8.4943112269e-01	1.1365967793e+00	
193	8.5113803820e+10	8.5113803820e+10	7.7125085040e+00	8.4957081181e-01	1.1370469643e+00	
194	8.7096358996e+10	8.7096358996e+10	7.7976210628e+00	8.4966420069e-01	1.1375637577e+00	
195	8.9125093813e+10	8.9125093813e+10	7.8877046190e+00	8.4971256796e-01	1.1381460305e+00	
196	9.1201083936e+10	9.1201083936e+10	7.9829464673e+00	8.4971709269e-01	1.1387927301e+00	
197	9.3325430080e+10	9.3325430080e+10	8.0835446864e+00	8.4967886488e-01	1.1395028664e+00	
198	9.5499258602e+10	9.5499258602e+10	8.1897085777e+00	8.4959889535e-01	1.1402754982e+00	
199	9.7723722096e+10	9.7723722096e+10	8.3016591330e+00	8.4947812516e-01	1.1411097210e+00	
200	1.0000000000e+11	1.0000000000e+11	8.4196295330e+00	8.4931743446e-01	1.1420046547e+00	
SWEEP_END
m_s11_db_lo = -6.377464037e+00
m_s11_db_mid = -2.451410802e+01
m_s11_db_hi = -4.826506497e+00
m_s21_db_lo = 1.9992408645e+01
m_s21_db_mid = 2.1190041161e+01
m_s21_db_hi = 1.8590750790e+01
m_s22_db_lo = -9.064219007e+00
m_s22_db_mid = -2.696342681e+01
m_s22_db_hi = -9.911137435e+00
m_s12_db_lo = -5.006223636e+01
m_s12_db_mid = -4.726268867e+01
m_s12_db_hi = -4.839247209e+01
m_k_lo = 1.0913517181e+01
m_k_mid = 1.0028936428e+01
m_k_hi = 9.3537990295e+00
m_nf_db_lo = 3.2885805046e+00
m_nf_db_mid = 3.5345884788e+00
m_nf_db_hi = 3.9248227393e+00
m_q1_vce = 1.0425765733e+00
m_q1_vbe = 8.0474931616e-01
m_q1_ic = 1.3272763956e-03
m_q1_icfrac = 5.5303183149e-02
m_q1_dtj = 2.4198104258e+00
m_q1_ft = 1.6052103091e+02
m_q2_vce = 1.2034365710e+00
m_q2_vbe = 8.0434361409e-01
m_q2_ic = 1.3256297170e-03
m_q2_icfrac = 5.5234571544e-02
m_q2_dtj = 2.7892982735e+00
m_q2_ft = 1.6368073993e+02
m_qr_vce = 8.0781362756e-01
m_qr_vbe = 8.0781362756e-01
m_qr_ic = 1.7783941849e-04
m_qr_icfrac = 5.9279806165e-02
m_qr_dtj = 1.6328753344e+00
m_qr_ft = 1.5296023419e+02
m_idd_ma = 1.7714307968e+00
m_pdc_mw = 3.9857192927e+00
m_d_lo = 1.9755514423e-01
m_mu_lo = 2.6625067422e+00
m_msg_db_lo = 7.0054645003e+01
m_d_mid = 4.9505897946e-02
m_mu_mid = 1.0512228532e+01
m_msg_db_mid = 6.8452729835e+01
m_d_hi = 1.9086522381e-01
m_mu_hi = 2.7419035473e+00
m_msg_db_hi = 6.6983222880e+01
m_sw_n = 2.0100000000e+02
m_sw_kmin = 6.8306907676e+00
m_sw_fkmin_ghz = 5.0118723363e+01
m_sw_kmin_hi = 6.8306907676e+00
m_sw_kmin_lo = 1.1105583021e+01
m_sw_dmax = 9.5105329231e-01
m_sw_mumin = 1.0000010395e+00
m_sw_nunst = 0.0000000000e+00
Doing analysis at TEMP = 27.000000 and TNOM = 27.000000

Using SPARSE 1.3 as Direct Linear Solver

Initial Transient Solution
--------------------------

Node                                   Voltage
----                                   -------
vdd                                       2.25
xdut.nr                               0.812087
xdut.er                             0.00427353
xdut.xqr.s1                        3.22113e-10
xdut.xqr.t                             1.63288
xdut.b1                               0.808736
xdut.oc                                   2.25
xdut.b2                                1.85091
xdut.c1                                1.04656
xdut.xq2.s1                        2.48563e-09
xdut.xq2.t                              2.7893
xdut.e1                             0.00398686
xdut.xq1.s1                          1.161e-09
xdut.xq1.t                             2.41981
p1                                           0
xdut.in2                                     0
p2                                           0
s1n                                          0
s2n                                          0
l.xdut.lin#branch                            0
l.xdut.lfeed#branch                 0.00132563
vs2#branch                                   0
vs1#branch                                   0
vdd#branch                         -0.00177143


No. of Data Rows : 59

  Measurements for Transient Analysis

lna_rail_v          =  2.25000e+00

ngspice-46 done
