
Note: No compatibility mode selected!


Circuit: * klt sim -- generated corner deck, do not edit

Doing analysis at TEMP = -40.000000 and TNOM = 27.000000

Using SPARSE 1.3 as Direct Linear Solver

No. of Data Rows : 1

  Measurements for Transient Analysis


Doing analysis at TEMP = -40.000000 and TNOM = 27.000000

Using SPARSE 1.3 as Direct Linear Solver

No. of Data Rows : 3

  Measurements for Transient Analysis


Reset re-loads circuit * klt sim -- generated corner deck, do not edit

Circuit: * klt sim -- generated corner deck, do not edit

Doing analysis at TEMP = -40.000000 and TNOM = 27.000000

Using SPARSE 1.3 as Direct Linear Solver

No. of Data Rows : 3

  Measurements for Transient Analysis


Reset re-loads circuit * klt sim -- generated corner deck, do not edit

Circuit: * klt sim -- generated corner deck, do not edit

Doing analysis at TEMP = -40.000000 and TNOM = 27.000000

Using SPARSE 1.3 as Direct Linear Solver

No. of Data Rows : 3

No. of Data Rows : 1

  Measurements for Transient Analysis


Doing analysis at TEMP = -40.000000 and TNOM = 27.000000

Using SPARSE 1.3 as Direct Linear Solver

No. of Data Rows : 201

  Measurements for Transient Analysis


Reset re-loads circuit * klt sim -- generated corner deck, do not edit

Circuit: * klt sim -- generated corner deck, do not edit

Doing analysis at TEMP = -40.000000 and TNOM = 27.000000

Using SPARSE 1.3 as Direct Linear Solver

No. of Data Rows : 201

  Measurements for Transient Analysis


Reset re-loads circuit * klt sim -- generated corner deck, do not edit

Circuit: * klt sim -- generated corner deck, do not edit

SWEEP_BEGIN
                                                                            * klt sim -- generated corner deck, do not edit
                                                                            AC Analysis  Sat Oct 10 01:25:51  2026
--------------------------------------------------------------------------------------------------------------------------------------------------------------------------------------------------------
Index   frequency       wf              wk              wd              wmu             
--------------------------------------------------------------------------------------------------------------------------------------------------------------------------------------------------------
0	1.0000000000e+09	1.0000000000e+09	3.8485931794e+02	9.5321877835e-01	1.0000010391e+00	
1	1.0232929923e+09	1.0232929923e+09	3.7585004034e+02	9.5321252261e-01	1.0000011396e+00	
2	1.0471285481e+09	1.0471285481e+09	3.6704078729e+02	9.5320596518e-01	1.0000012498e+00	
3	1.0715193052e+09	1.0715193052e+09	3.5842692065e+02	9.5319909108e-01	1.0000013706e+00	
4	1.0964781961e+09	1.0964781961e+09	3.5000390999e+02	9.5319188453e-01	1.0000015032e+00	
5	1.1220184543e+09	1.1220184543e+09	3.4176732998e+02	9.5318432897e-01	1.0000016486e+00	
6	1.1481536215e+09	1.1481536215e+09	3.3371285572e+02	9.5317640693e-01	1.0000018081e+00	
7	1.1748975549e+09	1.1748975549e+09	3.2583626361e+02	9.5316810005e-01	1.0000019831e+00	
8	1.2022644346e+09	1.2022644346e+09	3.1813342874e+02	9.5315938898e-01	1.0000021750e+00	
9	1.2302687708e+09	1.2302687708e+09	3.1060032065e+02	9.5315025337e-01	1.0000023855e+00	
10	1.2589254118e+09	1.2589254118e+09	3.0323300484e+02	9.5314067177e-01	1.0000026164e+00	
11	1.2882495517e+09	1.2882495517e+09	2.9602763676e+02	9.5313062159e-01	1.0000028698e+00	
12	1.3182567386e+09	1.3182567386e+09	2.8898046400e+02	9.5312007900e-01	1.0000031477e+00	
13	1.3489628826e+09	1.3489628826e+09	2.8208782195e+02	9.5310901891e-01	1.0000034526e+00	
14	1.3803842646e+09	1.3803842646e+09	2.7534613237e+02	9.5309741486e-01	1.0000037871e+00	
15	1.4125375446e+09	1.4125375446e+09	2.6875190329e+02	9.5308523893e-01	1.0000041541e+00	
16	1.4454397707e+09	1.4454397707e+09	2.6230172487e+02	9.5307246166e-01	1.0000045567e+00	
17	1.4791083882e+09	1.4791083882e+09	2.5599227005e+02	9.5305905198e-01	1.0000049985e+00	
18	1.5135612484e+09	1.5135612484e+09	2.4982029165e+02	9.5304497706e-01	1.0000054832e+00	
19	1.5488166189e+09	1.5488166189e+09	2.4378262157e+02	9.5303020225e-01	1.0000060150e+00	
20	1.5848931925e+09	1.5848931925e+09	2.3787616911e+02	9.5301469094e-01	1.0000065986e+00	
21	1.6218100974e+09	1.6218100974e+09	2.3209791949e+02	9.5299840443e-01	1.0000072391e+00	
22	1.6595869074e+09	1.6595869074e+09	2.2644493283e+02	9.5298130180e-01	1.0000079418e+00	
23	1.6982436525e+09	1.6982436525e+09	2.2091434258e+02	9.5296333979e-01	1.0000087131e+00	
24	1.7378008287e+09	1.7378008287e+09	2.1550335428e+02	9.5294447260e-01	1.0000095595e+00	
25	1.7782794100e+09	1.7782794100e+09	2.1020924450e+02	9.5292465178e-01	1.0000104885e+00	
26	1.8197008586e+09	1.8197008586e+09	2.0502935936e+02	9.5290382600e-01	1.0000115081e+00	
27	1.8620871367e+09	1.8620871367e+09	1.9996111385e+02	9.5288194087e-01	1.0000126273e+00	
28	1.9054607180e+09	1.9054607180e+09	1.9500199019e+02	9.5285893877e-01	1.0000138559e+00	
29	1.9498445998e+09	1.9498445998e+09	1.9014953714e+02	9.5283475856e-01	1.0000152045e+00	
30	1.9952623150e+09	1.9952623150e+09	1.8540136867e+02	9.5280933540e-01	1.0000166850e+00	
31	2.0417379447e+09	2.0417379447e+09	1.8075516313e+02	9.5278260046e-01	1.0000183105e+00	
32	2.0892961309e+09	2.0892961309e+09	1.7620866199e+02	9.5275448062e-01	1.0000200951e+00	
33	2.1379620895e+09	2.1379620895e+09	1.7175966911e+02	9.5272489820e-01	1.0000220547e+00	
34	2.1877616239e+09	2.1877616239e+09	1.6740604950e+02	9.5269377060e-01	1.0000242066e+00	
35	2.2387211386e+09	2.2387211386e+09	1.6314572848e+02	9.5266100996e-01	1.0000265697e+00	
36	2.2908676528e+09	2.2908676528e+09	1.5897669070e+02	9.5262652276e-01	1.0000291650e+00	
37	2.3442288153e+09	2.3442288153e+09	1.5489697910e+02	9.5259020938e-01	1.0000320156e+00	
38	2.3988329190e+09	2.3988329190e+09	1.5090469395e+02	9.5255196369e-01	1.0000351468e+00	
39	2.4547089157e+09	2.4547089157e+09	1.4699799192e+02	9.5251167248e-01	1.0000385866e+00	
40	2.5118864315e+09	2.5118864315e+09	1.4317508502e+02	9.5246921499e-01	1.0000423656e+00	
41	2.5703957828e+09	2.5703957828e+09	1.3943423962e+02	9.5242446225e-01	1.0000465179e+00	
42	2.6302679919e+09	2.6302679919e+09	1.3577377543e+02	9.5237727648e-01	1.0000510806e+00	
43	2.6915348039e+09	2.6915348039e+09	1.3219206444e+02	9.5232751036e-01	1.0000560950e+00	
44	2.7542287033e+09	2.7542287033e+09	1.2868752984e+02	9.5227500627e-01	1.0000616062e+00	
45	2.8183829313e+09	2.8183829313e+09	1.2525864491e+02	9.5221959544e-01	1.0000676644e+00	
46	2.8840315031e+09	2.8840315031e+09	1.2190393191e+02	9.5216109703e-01	1.0000743245e+00	
47	2.9512092267e+09	2.9512092267e+09	1.1862196085e+02	9.5209931715e-01	1.0000816473e+00	
48	3.0199517204e+09	3.0199517204e+09	1.1541134832e+02	9.5203404769e-01	1.0000896998e+00	
49	3.0902954325e+09	3.0902954325e+09	1.1227075616e+02	9.5196506519e-01	1.0000985560e+00	
50	3.1622776602e+09	3.1622776602e+09	1.0919889024e+02	9.5189212942e-01	1.0001082975e+00	
51	3.2359365693e+09	3.2359365693e+09	1.0619449902e+02	9.5181498202e-01	1.0001190146e+00	
52	3.3113112148e+09	3.3113112148e+09	1.0325637219e+02	9.5173334477e-01	1.0001308067e+00	
53	3.3884415614e+09	3.3884415614e+09	1.0038333921e+02	9.5164691794e-01	1.0001437841e+00	
54	3.4673685045e+09	3.4673685045e+09	9.7574267792e+01	9.5155537824e-01	1.0001580683e+00	
55	3.5481338923e+09	3.5481338923e+09	9.4828062347e+01	9.5145837674e-01	1.0001737940e+00	
56	3.6307805477e+09	3.6307805477e+09	9.2143662409e+01	9.5135553642e-01	1.0001911100e+00	
57	3.7153522910e+09	3.7153522910e+09	8.9520040964e+01	9.5124644961e-01	1.0002101811e+00	
58	3.8018939632e+09	3.8018939632e+09	8.6956202789e+01	9.5113067502e-01	1.0002311897e+00	
59	3.8904514499e+09	3.8904514499e+09	8.4451182716e+01	9.5100773457e-01	1.0002543381e+00	
60	3.9810717055e+09	3.9810717055e+09	8.2004043883e+01	9.5087710977e-01	1.0002798501e+00	
61	4.0738027780e+09	4.0738027780e+09	7.9613875963e+01	9.5073823777e-01	1.0003079744e+00	
62	4.1686938347e+09	4.1686938347e+09	7.7279793354e+01	9.5059050693e-01	1.0003389865e+00	
63	4.2657951880e+09	4.2657951880e+09	7.5000933378e+01	9.5043325194e-01	1.0003731925e+00	
64	4.3651583224e+09	4.3651583224e+09	7.2776454461e+01	9.5026574832e-01	1.0004109325e+00	
65	4.4668359215e+09	4.4668359215e+09	7.0605534322e+01	9.5008720629e-01	1.0004525843e+00	
66	4.5708818961e+09	4.5708818961e+09	6.8487368177e+01	9.4989676402e-01	1.0004985683e+00	
67	4.6773514129e+09	4.6773514129e+09	6.6421166961e+01	9.4969347992e-01	1.0005493523e+00	
68	4.7863009232e+09	4.7863009232e+09	6.4406155584e+01	9.4947632412e-01	1.0006054576e+00	
69	4.8977881937e+09	4.8977881937e+09	6.2441571227e+01	9.4924416891e-01	1.0006674651e+00	
70	5.0118723363e+09	5.0118723363e+09	6.0526661693e+01	9.4899577792e-01	1.0007360230e+00	
71	5.1286138399e+09	5.1286138399e+09	5.8660683811e+01	9.4872979403e-01	1.0008118549e+00	
72	5.2480746025e+09	5.2480746025e+09	5.6842901919e+01	9.4844472572e-01	1.0008957699e+00	
73	5.3703179637e+09	5.3703179637e+09	5.5072586418e+01	9.4813893166e-01	1.0009886725e+00	
74	5.4954087386e+09	5.4954087386e+09	5.3349012415e+01	9.4781060328e-01	1.0010915761e+00	
75	5.6234132519e+09	5.6234132519e+09	5.1671458465e+01	9.4745774511e-01	1.0012056161e+00	
76	5.7543993734e+09	5.7543993734e+09	5.0039205404e+01	9.4707815239e-01	1.0013320671e+00	
77	5.8884365536e+09	5.8884365536e+09	4.8451535298e+01	9.4666938569e-01	1.0014723607e+00	
78	6.0255958607e+09	6.0255958607e+09	4.6907730497e+01	9.4622874202e-01	1.0016281073e+00	
79	6.1659500186e+09	6.1659500186e+09	4.5407072812e+01	9.4575322192e-01	1.0018011207e+00	
80	6.3095734448e+09	6.3095734448e+09	4.3948842796e+01	9.4523949177e-01	1.0019934463e+00	
81	6.4565422903e+09	6.4565422903e+09	4.2532319159e+01	9.4468384080e-01	1.0022073944e+00	
82	6.6069344801e+09	6.6069344801e+09	4.1156778289e+01	9.4408213166e-01	1.0024455781e+00	
83	6.7608297539e+09	6.7608297539e+09	3.9821493903e+01	9.4342974367e-01	1.0027109577e+00	
84	6.9183097092e+09	6.9183097092e+09	3.8525736803e+01	9.4272150753e-01	1.0030068926e+00	
85	7.0794578438e+09	7.0794578438e+09	3.7268774753e+01	9.4195162982e-01	1.0033372017e+00	
86	7.2443596007e+09	7.2443596007e+09	3.6049872459e+01	9.4111360584e-01	1.0037062347e+00	
87	7.4131024130e+09	7.4131024130e+09	3.4868291656e+01	9.4020011850e-01	1.0041189549e+00	
88	7.5857757503e+09	7.5857757503e+09	3.3723291291e+01	9.3920292082e-01	1.0045810385e+00	
89	7.7624711663e+09	7.7624711663e+09	3.2614127797e+01	9.3811269920e-01	1.0050989906e+00	
90	7.9432823472e+09	7.9432823472e+09	3.1540055451e+01	9.3691891372e-01	1.0056802835e+00	
91	8.1283051616e+09	8.1283051616e+09	3.0500326807e+01	9.3560961135e-01	1.0063335223e+00	
92	8.3176377110e+09	8.3176377110e+09	2.9494193197e+01	9.3417120693e-01	1.0070686415e+00	
93	8.5113803820e+09	8.5113803820e+09	2.8520905293e+01	9.3258822559e-01	1.0078971425e+00	
94	8.7096358996e+09	8.7096358996e+09	2.7579713718e+01	9.3084299937e-01	1.0088323791e+00	
95	8.9125093813e+09	8.9125093813e+09	2.6669869698e+01	9.2891530887e-01	1.0098899033e+00	
96	9.1201083936e+09	9.1201083936e+09	2.5790625752e+01	9.2678195908e-01	1.0110878868e+00	
97	9.3325430080e+09	9.3325430080e+09	2.4941236406e+01	9.2441627630e-01	1.0124476346e+00	
98	9.5499258602e+09	9.5499258602e+09	2.4120958922e+01	9.2178751023e-01	1.0139942168e+00	
99	9.7723722096e+09	9.7723722096e+09	2.3329054044e+01	9.1886012199e-01	1.0157572482e+00	
100	1.0000000000e+10	1.0000000000e+10	2.2564786739e+01	9.1559293532e-01	1.0177718558e+00	
101	1.0232929923e+10	1.0232929923e+10	2.1827426939e+01	9.1193812323e-01	1.0200798855e+00	
102	1.0471285481e+10	1.0471285481e+10	2.1116250276e+01	9.0783999749e-01	1.0227314189e+00	
103	1.0715193052e+10	1.0715193052e+10	2.0430538796e+01	9.0323356278e-01	1.0257866872e+00	
104	1.0964781961e+10	1.0964781961e+10	1.9769581658e+01	8.9804279102e-01	1.0293185073e+00	
105	1.1220184543e+10	1.1220184543e+10	1.9132675803e+01	8.9217856591e-01	1.0334154002e+00	
106	1.1481536215e+10	1.1481536215e+10	1.8519126597e+01	8.8553624361e-01	1.0381856143e+00	
107	1.1748975549e+10	1.1748975549e+10	1.7928248447e+01	8.7799277406e-01	1.0437623567e+00	
108	1.2022644346e+10	1.2022644346e+10	1.7359365374e+01	8.6940333356e-01	1.0503106510e+00	
109	1.2302687708e+10	1.2302687708e+10	1.6811811553e+01	8.5959743666e-01	1.0580364060e+00	
110	1.2589254118e+10	1.2589254118e+10	1.6284931815e+01	8.4837453382e-01	1.0671985239e+00	
111	1.2882495517e+10	1.2882495517e+10	1.5778082109e+01	8.3549917417e-01	1.0781252264e+00	
112	1.3182567386e+10	1.3182567386e+10	1.5290629923e+01	8.2069593981e-01	1.0912363127e+00	
113	1.3489628826e+10	1.3489628826e+10	1.4821954664e+01	8.0364456925e-01	1.1070738620e+00	
114	1.3803842646e+10	1.3803842646e+10	1.4371447994e+01	7.8397602212e-01	1.1263451452e+00	
115	1.4125375446e+10	1.4125375446e+10	1.3938514133e+01	7.6127074232e-01	1.1499834763e+00	
116	1.4454397707e+10	1.4454397707e+10	1.3522570113e+01	7.3506110107e-01	1.1792359457e+00	
117	1.4791083882e+10	1.4791083882e+10	1.3123045999e+01	7.0484096568e-01	1.2157923554e+00	
118	1.5135612484e+10	1.5135612484e+10	1.2739385066e+01	6.7008649685e-01	1.2619790418e+00	
119	1.5488166189e+10	1.5488166189e+10	1.2371043949e+01	6.3029342339e-01	1.3210582800e+00	
120	1.5848931925e+10	1.5848931925e+10	1.2017492742e+01	5.8503673256e-01	1.3977064298e+00	
121	1.6218100974e+10	1.6218100974e+10	1.1678215080e+01	5.3405820531e-01	1.4988094923e+00	
122	1.6595869074e+10	1.6595869074e+10	1.1352708173e+01	4.7738465466e-01	1.6348556107e+00	
123	1.6982436525e+10	1.6982436525e+10	1.1040482825e+01	4.1547469824e-01	1.8225298406e+00	
124	1.7378008287e+10	1.7378008287e+10	1.0741063408e+01	3.4938558823e-01	2.0899375948e+00	
125	1.7782794100e+10	1.7782794100e+10	1.0453987824e+01	2.8094775016e-01	2.4881793275e+00	
126	1.8197008586e+10	1.8197008586e+10	1.0178807431e+01	2.1293860245e-01	3.1202804717e+00	
127	1.8620871367e+10	1.8620871367e+10	9.9150869480e+00	1.4926106742e-01	4.2248239531e+00	
128	1.9054607180e+10	1.9054607180e+10	9.6624043465e+00	9.5141166468e-02	6.4354820633e+00	
129	1.9498445998e+10	1.9498445998e+10	9.4203507104e+00	5.7169832475e-02	9.7189019708e+00	
130	1.9952623150e+10	1.9952623150e+10	9.1885300857e+00	4.0958307468e-02	6.7025197462e+00	
131	2.0417379447e+10	2.0417379447e+10	8.9665593123e+00	4.5635747545e-02	4.5002059440e+00	
132	2.0892961309e+10	2.0892961309e+10	8.7540678405e+00	7.2670513659e-02	3.4170557204e+00	
133	2.1379620895e+10	2.1379620895e+10	8.5506975357e+00	1.2146621446e-01	2.8000026010e+00	
134	2.1877616239e+10	2.1877616239e+10	8.3561024708e+00	1.8344226721e-01	2.4090601551e+00	
135	2.2387211386e+10	2.2387211386e+10	8.1699487097e+00	2.4949379475e-01	2.1428835676e+00	
136	2.2908676528e+10	2.2908676528e+10	7.9919140820e+00	3.1338571515e-01	1.9521197532e+00	
137	2.3442288153e+10	2.3442288153e+10	7.8216879503e+00	3.7194567442e-01	1.8100556183e+00	
138	2.3988329190e+10	2.3988329190e+10	7.6589709725e+00	4.2410981073e-01	1.7010495813e+00	
139	2.4547089157e+10	2.4547089157e+10	7.5034748589e+00	4.6994298638e-01	1.6153752526e+00	
140	2.5118864315e+10	2.5118864315e+10	7.3549221262e+00	5.0999746009e-01	1.5466916557e+00	
141	2.5703957828e+10	2.5703957828e+10	7.2130458489e+00	5.4497405235e-01	1.4907043167e+00	
142	2.6302679919e+10	2.6302679919e+10	7.0775894094e+00	5.7556724442e-01	1.4444120550e+00	
143	2.6915348039e+10	2.6915348039e+10	6.9483062479e+00	6.0240473685e-01	1.4056615522e+00	
144	2.7542287033e+10	2.7542287033e+10	6.8249596120e+00	6.2603084648e-01	1.3728727527e+00	
145	2.8183829313e+10	2.8183829313e+10	6.7073223081e+00	6.4690847487e-01	1.3448635333e+00	
146	2.8840315031e+10	2.8840315031e+10	6.5951764545e+00	6.6542789317e-01	1.3207343471e+00	
147	2.9512092267e+10	2.9512092267e+10	6.4883132369e+00	6.8191717387e-01	1.2997903328e+00	
148	3.0199517204e+10	3.0199517204e+10	6.3865326672e+00	6.9665215990e-01	1.2814875158e+00	
149	3.0902954325e+10	3.0902954325e+10	6.2896433462e+00	7.0986523365e-01	1.2653948985e+00	
150	3.1622776602e+10	3.1622776602e+10	6.1974622299e+00	7.2175273943e-01	1.2511672691e+00	
151	3.2359365693e+10	3.2359365693e+10	6.1098144015e+00	7.3248114780e-01	1.2385253829e+00	
152	3.3113112148e+10	3.3113112148e+10	6.0265328473e+00	7.4219212852e-01	1.2272413099e+00	
153	3.3884415614e+10	3.3884415614e+10	5.9474582390e+00	7.5100670934e-01	1.2171274580e+00	
154	3.4673685045e+10	3.4673685045e+10	5.8724387212e+00	7.5902868325e-01	1.2080282523e+00	
155	3.5481338923e+10	3.5481338923e+10	5.8013297054e+00	7.6634740287e-01	1.1998137568e+00	
156	3.6307805477e+10	3.6307805477e+10	5.7339936701e+00	7.7304007743e-01	1.1923747380e+00	
157	3.7153522910e+10	3.7153522910e+10	5.6702999672e+00	7.7917366622e-01	1.1856188057e+00	
158	3.8018939632e+10	3.8018939632e+10	5.6101246358e+00	7.8480644453e-01	1.1794673726e+00	
159	3.8904514499e+10	3.8904514499e+10	5.5533502223e+00	7.8998930308e-01	1.1738532377e+00	
160	3.9810717055e+10	3.9810717055e+10	5.4998656078e+00	7.9476683031e-01	1.1687186513e+00	
161	4.0738027780e+10	4.0738027780e+10	5.4495658429e+00	7.9917821692e-01	1.1640137561e+00	
162	4.1686938347e+10	4.1686938347e+10	5.4023519893e+00	8.0325801461e-01	1.1596953206e+00	
163	4.2657951880e+10	4.2657951880e+10	5.3581309693e+00	8.0703677480e-01	1.1557257059e+00	
164	4.3651583224e+10	4.3651583224e+10	5.3168154225e+00	8.1054158813e-01	1.1520720166e+00	
165	4.4668359215e+10	4.4668359215e+10	5.2783235700e+00	8.1379654172e-01	1.1487053993e+00	
166	4.5708818961e+10	4.5708818961e+10	5.2425790862e+00	8.1682310808e-01	1.1456004605e+00	
167	4.6773514129e+10	4.6773514129e+10	5.2095109780e+00	8.1964047680e-01	1.1427347807e+00	
168	4.7863009232e+10	4.7863009232e+10	5.1790534726e+00	8.2226583851e-01	1.1400885071e+00	
169	4.8977881937e+10	4.8977881937e+10	5.1511459111e+00	8.2471462857e-01	1.1376440108e+00	
170	5.0118723363e+10	5.0118723363e+10	5.1257326517e+00	8.2700073694e-01	1.1353855963e+00	
171	5.1286138399e+10	5.1286138399e+10	5.1027629797e+00	8.2913668929e-01	1.1332992557e+00	
172	5.2480746025e+10	5.2480746025e+10	5.0821910248e+00	8.3113380396e-01	1.1313724584e+00	
173	5.3703179637e+10	5.3703179637e+10	5.0639756870e+00	8.3300232809e-01	1.1295939715e+00	
174	5.4954087386e+10	5.4954087386e+10	5.0480805696e+00	8.3475155617e-01	1.1279537056e+00	
175	5.6234132519e+10	5.6234132519e+10	5.0344739203e+00	8.3638993356e-01	1.1264425818e+00	
176	5.7543993734e+10	5.7543993734e+10	5.0231285798e+00	8.3792514694e-01	1.1250524165e+00	
177	5.8884365536e+10	5.8884365536e+10	5.0140219383e+00	8.3936420373e-01	1.1237758219e+00	
178	6.0255958607e+10	6.0255958607e+10	5.0071358997e+00	8.4071350184e-01	1.1226061191e+00	
179	6.1659500186e+10	6.1659500186e+10	5.0024568535e+00	8.4197889114e-01	1.1215372620e+00	
180	6.3095734448e+10	6.3095734448e+10	4.9999756552e+00	8.4316572776e-01	1.1205637713e+00	
181	6.4565422903e+10	6.4565422903e+10	4.9996876135e+00	8.4427892212e-01	1.1196806757e+00	
182	6.6069344801e+10	6.6069344801e+10	5.0015924862e+00	8.4532298151e-01	1.1188834605e+00	
183	6.7608297539e+10	6.7608297539e+10	5.0056944840e+00	8.4630204796e-01	1.1181680225e+00	
184	6.9183097092e+10	6.9183097092e+10	5.0120022820e+00	8.4721993197e-01	1.1175306289e+00	
185	7.0794578438e+10	7.0794578438e+10	5.0205290397e+00	8.4808014255e-01	1.1169678820e+00	
186	7.2443596007e+10	7.2443596007e+10	5.0312924287e+00	8.4888591414e-01	1.1164766864e+00	
187	7.4131024130e+10	7.4131024130e+10	5.0443146691e+00	8.4964023070e-01	1.1160542208e+00	
188	7.5857757503e+10	7.5857757503e+10	5.0596225743e+00	8.5034584735e-01	1.1156979118e+00	
189	7.7624711663e+10	7.7624711663e+10	5.0772476036e+00	8.5100530984e-01	1.1154054103e+00	
190	7.9432823472e+10	7.9432823472e+10	5.0972259246e+00	8.5162097205e-01	1.1151745707e+00	
191	8.1283051616e+10	8.1283051616e+10	5.1195984830e+00	8.5219501187e-01	1.1150034312e+00	
192	8.3176377110e+10	8.3176377110e+10	5.1444110825e+00	8.5272944553e-01	1.1148901963e+00	
193	8.5113803820e+10	8.5113803820e+10	5.1717144733e+00	8.5322614061e-01	1.1148332202e+00	
194	8.7096358996e+10	8.7096358996e+10	5.2015644493e+00	8.5368682784e-01	1.1148309926e+00	
195	8.9125093813e+10	8.9125093813e+10	5.2340219565e+00	8.5411311193e-01	1.1148821241e+00	
196	9.1201083936e+10	9.1201083936e+10	5.2691532091e+00	8.5450648136e-01	1.1149853334e+00	
197	9.3325430080e+10	9.3325430080e+10	5.3070298168e+00	8.5486831741e-01	1.1151394355e+00	
198	9.5499258602e+10	9.5499258602e+10	5.3477289227e+00	8.5519990247e-01	1.1153433303e+00	
199	9.7723722096e+10	9.7723722096e+10	5.3913333509e+00	8.5550242761e-01	1.1155959915e+00	
200	1.0000000000e+11	1.0000000000e+11	5.4379317654e+00	8.5577699967e-01	1.1158964573e+00	
SWEEP_END
m_s11_db_lo = -3.043996034e+00
m_s11_db_mid = -8.598385510e+00
m_s11_db_hi = -1.176591790e+01
m_s21_db_lo = 2.1338517001e+01
m_s21_db_mid = 2.4005535889e+01
m_s21_db_hi = 2.3679975150e+01
m_s22_db_lo = -8.020983272e+00
m_s22_db_mid = -2.457797596e+01
m_s22_db_hi = -1.090617862e+01
m_s12_db_lo = -5.506042745e+01
m_s12_db_mid = -5.082035476e+01
m_s12_db_hi = -4.969923922e+01
m_k_lo = 1.0511194949e+01
m_k_mid = 9.4460020481e+00
m_k_hi = 8.6241786088e+00
m_nf_db_lo = 2.4506039482e+00
m_nf_db_mid = 2.6550701795e+00
m_nf_db_hi = 2.9463396833e+00
m_q1_vce = 9.8921104356e-01
m_q1_vbe = 8.5969762151e-01
m_q1_ic = 1.3645586114e-03
m_q1_icfrac = 5.6856608808e-02
m_q1_dtj = 2.3588369849e+00
m_q1_ft = 2.4362808988e+02
m_q2_vce = 1.2566937975e+00
m_q2_vbe = 8.5907172849e-01
m_q2_ic = 1.3641026514e-03
m_q2_icfrac = 5.6837610477e-02
m_q2_dtj = 2.9954080129e+00
m_q2_ft = 2.4877911518e+02
m_qr_vce = 8.6063769259e-01
m_qr_vbe = 8.6063769259e-01
m_qr_ic = 1.7259565910e-04
m_qr_icfrac = 5.7531886365e-02
m_qr_dtj = 1.6868391337e+00
m_qr_ft = 2.2441522761e+02
m_idd_ma = 1.8023363479e+00
m_pdc_mw = 4.0552567829e+00
m_d_lo = 2.9488879991e-01
m_mu_lo = 2.3930694831e+00
m_msg_db_lo = 7.6398944451e+01
m_d_mid = 6.0282184333e-02
m_mu_mid = 9.5946118856e+00
m_msg_db_mid = 7.4825890649e+01
m_d_hi = 1.0152771730e-01
m_mu_hi = 2.9916646671e+00
m_msg_db_hi = 7.3379214366e+01
m_sw_n = 2.0100000000e+02
m_sw_kmin = 4.9996876135e+00
m_sw_fkmin_ghz = 6.4565422903e+01
m_sw_kmin_hi = 4.9996876135e+00
m_sw_kmin_lo = 1.0741063408e+01
m_sw_dmax = 9.5321877835e-01
m_sw_mumin = 1.0000010391e+00
m_sw_nunst = 0.0000000000e+00
Doing analysis at TEMP = -40.000000 and TNOM = 27.000000

Using SPARSE 1.3 as Direct Linear Solver

Initial Transient Solution
--------------------------

Node                                   Voltage
----                                   -------
vdd                                       2.25
xdut.nr                               0.864781
xdut.er                             0.00414379
xdut.xqr.s1                        3.43242e-10
xdut.xqr.t                             1.68684
xdut.b1                               0.863793
xdut.oc                                   2.25
xdut.b2                                1.85238
xdut.c1                               0.993306
xdut.xq2.s1                        2.46774e-09
xdut.xq2.t                             2.99541
xdut.e1                             0.00409516
xdut.xq1.s1                        1.08538e-09
xdut.xq1.t                             2.35884
p1                                           0
xdut.in2                                     0
p2                                           0
s1n                                          0
s2n                                          0
l.xdut.lin#branch                            0
l.xdut.lfeed#branch                  0.0013641
vs2#branch                                   0
vs1#branch                                   0
vdd#branch                         -0.00180234


No. of Data Rows : 59

  Measurements for Transient Analysis

lna_rail_v          =  2.25000e+00

ngspice-46 done
