
Note: No compatibility mode selected!


Circuit: * klt sim -- generated corner deck, do not edit

Doing analysis at TEMP = 27.000000 and TNOM = 27.000000

Using SPARSE 1.3 as Direct Linear Solver

No. of Data Rows : 1

  Measurements for Transient Analysis


Doing analysis at TEMP = 27.000000 and TNOM = 27.000000

Using SPARSE 1.3 as Direct Linear Solver

No. of Data Rows : 3

  Measurements for Transient Analysis


Reset re-loads circuit * klt sim -- generated corner deck, do not edit

Circuit: * klt sim -- generated corner deck, do not edit

Doing analysis at TEMP = 27.000000 and TNOM = 27.000000

Using SPARSE 1.3 as Direct Linear Solver

No. of Data Rows : 3

  Measurements for Transient Analysis


Reset re-loads circuit * klt sim -- generated corner deck, do not edit

Circuit: * klt sim -- generated corner deck, do not edit

Doing analysis at TEMP = 27.000000 and TNOM = 27.000000

Using SPARSE 1.3 as Direct Linear Solver

No. of Data Rows : 3

No. of Data Rows : 1

  Measurements for Transient Analysis


Doing analysis at TEMP = 27.000000 and TNOM = 27.000000

Using SPARSE 1.3 as Direct Linear Solver

No. of Data Rows : 201

  Measurements for Transient Analysis


Reset re-loads circuit * klt sim -- generated corner deck, do not edit

Circuit: * klt sim -- generated corner deck, do not edit

Doing analysis at TEMP = 27.000000 and TNOM = 27.000000

Using SPARSE 1.3 as Direct Linear Solver

No. of Data Rows : 201

  Measurements for Transient Analysis


Reset re-loads circuit * klt sim -- generated corner deck, do not edit

Circuit: * klt sim -- generated corner deck, do not edit

SWEEP_BEGIN
                                                                            * klt sim -- generated corner deck, do not edit
                                                                            AC Analysis  Sat Oct 10 01:28:10  2026
--------------------------------------------------------------------------------------------------------------------------------------------------------------------------------------------------------
Index   frequency       wf              wk              wd              wmu             
--------------------------------------------------------------------------------------------------------------------------------------------------------------------------------------------------------
0	1.0000000000e+09	1.0000000000e+09	4.0802054021e+02	9.5201941001e-01	1.0000010394e+00	
1	1.0232929923e+09	1.0232929923e+09	3.9840499998e+02	9.5201249646e-01	1.0000011399e+00	
2	1.0471285481e+09	1.0471285481e+09	3.8900167037e+02	9.5200525068e-01	1.0000012501e+00	
3	1.0715193052e+09	1.0715193052e+09	3.7980563350e+02	9.5199765618e-01	1.0000013710e+00	
4	1.0964781961e+09	1.0964781961e+09	3.7081208707e+02	9.5198969565e-01	1.0000015036e+00	
5	1.1220184543e+09	1.1220184543e+09	3.6201633811e+02	9.5198135087e-01	1.0000016491e+00	
6	1.1481536215e+09	1.1481536215e+09	3.5341380443e+02	9.5197260269e-01	1.0000018087e+00	
7	1.1748975549e+09	1.1748975549e+09	3.4500001052e+02	9.5196343095e-01	1.0000019837e+00	
8	1.2022644346e+09	1.2022644346e+09	3.3677058680e+02	9.5195381444e-01	1.0000021756e+00	
9	1.2302687708e+09	1.2302687708e+09	3.2872126497e+02	9.5194373083e-01	1.0000023862e+00	
10	1.2589254118e+09	1.2589254118e+09	3.2084787924e+02	9.5193315662e-01	1.0000026172e+00	
11	1.2882495517e+09	1.2882495517e+09	3.1314636262e+02	9.5192206706e-01	1.0000028706e+00	
12	1.3182567386e+09	1.3182567386e+09	3.0561274503e+02	9.5191043606e-01	1.0000031487e+00	
13	1.3489628826e+09	1.3489628826e+09	2.9824315250e+02	9.5189823617e-01	1.0000034536e+00	
14	1.3803842646e+09	1.3803842646e+09	2.9103380393e+02	9.5188543842e-01	1.0000037882e+00	
15	1.4125375446e+09	1.4125375446e+09	2.8398101116e+02	9.5187201230e-01	1.0000041553e+00	
16	1.4454397707e+09	1.4454397707e+09	2.7708117593e+02	9.5185792562e-01	1.0000045581e+00	
17	1.4791083882e+09	1.4791083882e+09	2.7033078877e+02	9.5184314443e-01	1.0000050000e+00	
18	1.5135612484e+09	1.5135612484e+09	2.6372642774e+02	9.5182763290e-01	1.0000054849e+00	
19	1.5488166189e+09	1.5488166189e+09	2.5726475641e+02	9.5181135322e-01	1.0000060169e+00	
20	1.5848931925e+09	1.5848931925e+09	2.5094252304e+02	9.5179426546e-01	1.0000066007e+00	
21	1.6218100974e+09	1.6218100974e+09	2.4475655866e+02	9.5177632745e-01	1.0000072413e+00	
22	1.6595869074e+09	1.6595869074e+09	2.3870377600e+02	9.5175749463e-01	1.0000079444e+00	
23	1.6982436525e+09	1.6982436525e+09	2.3278116815e+02	9.5173771991e-01	1.0000087159e+00	
24	1.7378008287e+09	1.7378008287e+09	2.2698580688e+02	9.5171695346e-01	1.0000095626e+00	
25	1.7782794100e+09	1.7782794100e+09	2.2131484208e+02	9.5169514262e-01	1.0000104919e+00	
26	1.8197008586e+09	1.8197008586e+09	2.1576550010e+02	9.5167223161e-01	1.0000115118e+00	
27	1.8620871367e+09	1.8620871367e+09	2.1033508244e+02	9.5164816140e-01	1.0000126314e+00	
28	1.9054607180e+09	1.9054607180e+09	2.0502096500e+02	9.5162286948e-01	1.0000138603e+00	
29	1.9498445998e+09	1.9498445998e+09	1.9982059645e+02	9.5159628957e-01	1.0000152094e+00	
30	1.9952623150e+09	1.9952623150e+09	1.9473149745e+02	9.5156835143e-01	1.0000166904e+00	
31	2.0417379447e+09	2.0417379447e+09	1.8975125925e+02	9.5153898054e-01	1.0000183163e+00	
32	2.0892961309e+09	2.0892961309e+09	1.8487754278e+02	9.5150809784e-01	1.0000201015e+00	
33	2.1379620895e+09	2.1379620895e+09	1.8010807718e+02	9.5147561937e-01	1.0000220618e+00	
34	2.1877616239e+09	2.1877616239e+09	1.7544065905e+02	9.5144145593e-01	1.0000242143e+00	
35	2.2387211386e+09	2.2387211386e+09	1.7087315095e+02	9.5140551273e-01	1.0000265781e+00	
36	2.2908676528e+09	2.2908676528e+09	1.6640348043e+02	9.5136768894e-01	1.0000291742e+00	
37	2.3442288153e+09	2.3442288153e+09	1.6202963874e+02	9.5132787728e-01	1.0000320256e+00	
38	2.3988329190e+09	2.3988329190e+09	1.5774967963e+02	9.5128596351e-01	1.0000351577e+00	
39	2.4547089157e+09	2.4547089157e+09	1.5356171811e+02	9.5124182594e-01	1.0000385984e+00	
40	2.5118864315e+09	2.5118864315e+09	1.4946392913e+02	9.5119533481e-01	1.0000423786e+00	
41	2.5703957828e+09	2.5703957828e+09	1.4545454626e+02	9.5114635174e-01	1.0000465319e+00	
42	2.6302679919e+09	2.6302679919e+09	1.4153186030e+02	9.5109472897e-01	1.0000510958e+00	
43	2.6915348039e+09	2.6915348039e+09	1.3769421790e+02	9.5104030870e-01	1.0000561114e+00	
44	2.7542287033e+09	2.7542287033e+09	1.3394002003e+02	9.5098292226e-01	1.0000616240e+00	
45	2.8183829313e+09	2.8183829313e+09	1.3026772049e+02	9.5092238920e-01	1.0000676835e+00	
46	2.8840315031e+09	2.8840315031e+09	1.2667582428e+02	9.5085851639e-01	1.0000743451e+00	
47	2.9512092267e+09	2.9512092267e+09	1.2316288600e+02	9.5079109691e-01	1.0000816694e+00	
48	3.0199517204e+09	3.0199517204e+09	1.1972750811e+02	9.5071990897e-01	1.0000897235e+00	
49	3.0902954325e+09	3.0902954325e+09	1.1636833915e+02	9.5064471458e-01	1.0000985813e+00	
50	3.1622776602e+09	3.1622776602e+09	1.1308407196e+02	9.5056525822e-01	1.0001083244e+00	
51	3.2359365693e+09	3.2359365693e+09	1.0987344175e+02	9.5048126530e-01	1.0001190431e+00	
52	3.3113112148e+09	3.3113112148e+09	1.0673522419e+02	9.5039244049e-01	1.0001308369e+00	
53	3.3884415614e+09	3.3884415614e+09	1.0366823338e+02	9.5029846589e-01	1.0001438158e+00	
54	3.4673685045e+09	3.4673685045e+09	1.0067131987e+02	9.5019899904e-01	1.0001581015e+00	
55	3.5481338923e+09	3.5481338923e+09	9.7743368514e+01	9.5009367062e-01	1.0001738285e+00	
56	3.6307805477e+09	3.6307805477e+09	9.4883296384e+01	9.4998208206e-01	1.0001911455e+00	
57	3.7153522910e+09	3.7153522910e+09	9.2090050631e+01	9.4986380279e-01	1.0002102174e+00	
58	3.8018939632e+09	3.8018939632e+09	8.9362606307e+01	9.4973836724e-01	1.0002312264e+00	
59	3.8904514499e+09	3.8904514499e+09	8.6699964191e+01	9.4960527152e-01	1.0002543746e+00	
60	3.9810717055e+09	3.9810717055e+09	8.4101148620e+01	9.4946396970e-01	1.0002798859e+00	
61	4.0738027780e+09	4.0738027780e+09	8.1565205318e+01	9.4931386976e-01	1.0003080086e+00	
62	4.1686938347e+09	4.1686938347e+09	7.9091199255e+01	9.4915432902e-01	1.0003390182e+00	
63	4.2657951880e+09	4.2657951880e+09	7.6678212537e+01	9.4898464907e-01	1.0003732205e+00	
64	4.3651583224e+09	4.3651583224e+09	7.4325342336e+01	9.4880407015e-01	1.0004109552e+00	
65	4.4668359215e+09	4.4668359215e+09	7.2031698881e+01	9.4861176487e-01	1.0004525999e+00	
66	4.5708818961e+09	4.5708818961e+09	6.9796403519e+01	9.4840683117e-01	1.0004985746e+00	
67	4.6773514129e+09	4.6773514129e+09	6.7618586849e+01	9.4818828447e-01	1.0005493468e+00	
68	4.7863009232e+09	4.7863009232e+09	6.5497386949e+01	9.4795504893e-01	1.0006054372e+00	
69	4.8977881937e+09	4.8977881937e+09	6.3431947708e+01	9.4770594754e-01	1.0006674259e+00	
70	5.0118723363e+09	5.0118723363e+09	6.1421417262e+01	9.4743969111e-01	1.0007359607e+00	
71	5.1286138399e+09	5.1286138399e+09	5.9464946549e+01	9.4715486579e-01	1.0008117643e+00	
72	5.2480746025e+09	5.2480746025e+09	5.7561688000e+01	9.4684991908e-01	1.0008956446e+00	
73	5.3703179637e+09	5.3703179637e+09	5.5710794347e+01	9.4652314405e-01	1.0009885054e+00	
74	5.4954087386e+09	5.4954087386e+09	5.3911417583e+01	9.4617266145e-01	1.0010913585e+00	
75	5.6234132519e+09	5.6234132519e+09	5.2162708058e+01	9.4579639954e-01	1.0012053380e+00	
76	5.7543993734e+09	5.7543993734e+09	5.0463813714e+01	9.4539207121e-01	1.0013317167e+00	
77	5.8884365536e+09	5.8884365536e+09	4.8813879475e+01	9.4495714790e-01	1.0014719243e+00	
78	6.0255958607e+09	6.0255958607e+09	4.7212046770e+01	9.4448883012e-01	1.0016275689e+00	
79	6.1659500186e+09	6.1659500186e+09	4.5657453211e+01	9.4398401367e-01	1.0018004616e+00	
80	6.3095734448e+09	6.3095734448e+09	4.4149232396e+01	9.4343925118e-01	1.0019926449e+00	
81	6.4565422903e+09	6.4565422903e+09	4.2686513858e+01	9.4285070807e-01	1.0022064256e+00	
82	6.6069344801e+09	6.6069344801e+09	4.1268423135e+01	9.4221411204e-01	1.0024444129e+00	
83	6.7608297539e+09	6.7608297539e+09	3.9894081965e+01	9.4152469510e-01	1.0027095625e+00	
84	6.9183097092e+09	6.9183097092e+09	3.8562608596e+01	9.4077712683e-01	1.0030052286e+00	
85	7.0794578438e+09	7.0794578438e+09	3.7273118196e+01	9.3996543731e-01	1.0033352244e+00	
86	7.2443596007e+09	7.2443596007e+09	3.6024723365e+01	9.3908292817e-01	1.0037038928e+00	
87	7.4131024130e+09	7.4131024130e+09	3.4816534729e+01	9.3812206934e-01	1.0041161896e+00	
88	7.5857757503e+09	7.5857757503e+09	3.3647661614e+01	9.3707437932e-01	1.0045777822e+00	
89	7.7624711663e+09	7.7624711663e+09	3.2517212778e+01	9.3593028567e-01	1.0050951662e+00	
90	7.9432823472e+09	7.9432823472e+09	3.1424297205e+01	9.3467896231e-01	1.0056758031e+00	
91	8.1283051616e+09	8.1283051616e+09	3.0368024941e+01	9.3330813926e-01	1.0063282855e+00	
92	8.3176377110e+09	8.3176377110e+09	2.9347507964e+01	9.3180387958e-01	1.0070625346e+00	
93	8.5113803820e+09	8.5113803820e+09	2.8361861079e+01	9.3015031726e-01	1.0078900366e+00	
94	8.7096358996e+09	8.7096358996e+09	2.7410202823e+01	9.2832934862e-01	1.0088241286e+00	
95	8.9125093813e+09	8.9125093813e+09	2.6491656386e+01	9.2632026793e-01	1.0098803447e+00	
96	9.1201083936e+09	9.1201083936e+09	2.5605350516e+01	9.2409933647e-01	1.0110768367e+00	
97	9.3325430080e+09	9.3325430080e+09	2.4750420427e+01	9.2163927153e-01	1.0124348890e+00	
98	9.5499258602e+09	9.5499258602e+09	2.3926008675e+01	9.1890863962e-01	1.0139795500e+00	
99	9.7723722096e+09	9.7723722096e+09	2.3131266024e+01	9.1587113434e-01	1.0157404124e+00	
100	1.0000000000e+10	1.0000000000e+10	2.2365352267e+01	9.1248471605e-01	1.0177525821e+00	
101	1.0232929923e+10	1.0232929923e+10	2.1627437030e+01	9.0870058558e-01	1.0200578861e+00	
102	1.0471285481e+10	1.0471285481e+10	2.0916700517e+01	9.0446195937e-01	1.0227063914e+00	
103	1.0715193052e+10	1.0715193052e+10	2.0232334228e+01	8.9970260774e-01	1.0257583230e+00	
104	1.0964781961e+10	1.0964781961e+10	1.9573541623e+01	8.9434511219e-01	1.0292865041e+00	
105	1.1220184543e+10	1.1220184543e+10	1.8939538740e+01	8.8829879227e-01	1.0333794826e+00	
106	1.1481536215e+10	1.1481536215e+10	1.8329554766e+01	8.8145724852e-01	1.0381455648e+00	
107	1.1748975549e+10	1.1748975549e+10	1.7742832555e+01	8.7369546798e-01	1.0437180622e+00	
108	1.2022644346e+10	1.2022644346e+10	1.7178629095e+01	8.6486644510e-01	1.0502621724e+00	
109	1.2302687708e+10	1.2302687708e+10	1.6636215923e+01	8.5479729014e-01	1.0579840817e+00	
110	1.2589254118e+10	1.2589254118e+10	1.6114879496e+01	8.4328483806e-01	1.0671431229e+00	
111	1.2882495517e+10	1.2882495517e+10	1.5613921502e+01	8.3009084667e-01	1.0780681756e+00	
112	1.3182567386e+10	1.3182567386e+10	1.5132659133e+01	8.1493700502e-01	1.0911800352e+00	
113	1.3489628826e+10	1.3489628826e+10	1.4670425301e+01	7.9750019134e-01	1.1070222839e+00	
114	1.3803842646e+10	1.3803842646e+10	1.4226568816e+01	7.7740876363e-01	1.1263044591e+00	
115	1.4125375446e+10	1.4125375446e+10	1.3800454516e+01	7.5424118535e-01	1.1499633038e+00	
116	1.4454397707e+10	1.4454397707e+10	1.3391463357e+01	7.2752903055e-01	1.1792511276e+00	
117	1.4791083882e+10	1.4791083882e+10	1.2998992465e+01	6.9676740195e-01	1.2158657504e+00	
118	1.5135612484e+10	1.5135612484e+10	1.2622455146e+01	6.6143698484e-01	1.2621459823e+00	
119	1.5488166189e+10	1.5488166189e+10	1.2261280864e+01	6.2104315137e-01	1.3213738403e+00	
120	1.5848931925e+10	1.5848931925e+10	1.1914915187e+01	5.7517828708e-01	1.3982576460e+00	
121	1.6218100974e+10	1.6218100974e+10	1.1582819703e+01	5.2361311555e-01	1.4997367421e+00	
122	1.6595869074e+10	1.6595869074e+10	1.1264471904e+01	4.6642041425e-01	1.6363919932e+00	
123	1.6982436525e+10	1.6982436525e+10	1.0959365046e+01	4.0412976979e-01	1.8250786720e+00	
124	1.7378008287e+10	1.7378008287e+10	1.0667007988e+01	3.3790597624e-01	2.0942383569e+00	
125	1.7782794100e+10	1.7782794100e+10	1.0386925005e+01	2.6973947104e-01	2.4957033898e+00	
126	1.8197008586e+10	1.8197008586e+10	1.0118655589e+01	2.0263836069e-01	3.1343129943e+00	
127	1.8620871367e+10	1.8620871367e+10	9.8617542203e+00	1.4081554416e-01	4.2539399121e+00	
128	1.9054607180e+10	1.9054607180e+10	9.6157901375e+00	8.9840014540e-02	6.5043115190e+00	
129	1.9498445998e+10	1.9498445998e+10	9.3803470841e+00	5.6365309895e-02	9.7216435783e+00	
130	1.9952623150e+10	1.9952623150e+10	9.1550230479e+00	4.4990594341e-02	6.6139236462e+00	
131	2.0417379447e+10	2.0417379447e+10	8.9394299892e+00	5.4908995629e-02	4.4564313520e+00	
132	2.0892961309e+10	2.0892961309e+10	8.7331935603e+00	8.6926013520e-02	3.3923793619e+00	
133	2.1379620895e+10	2.1379620895e+10	8.5359528191e+00	1.3781726298e-01	2.7843715858e+00	
134	2.1877616239e+10	2.1877616239e+10	8.3473599363e+00	1.9916831874e-01	2.3983735890e+00	
135	2.2387211386e+10	2.2387211386e+10	8.1670798990e+00	2.6308770399e-01	2.1351963372e+00	
136	2.2908676528e+10	2.2908676528e+10	7.9947902111e+00	3.2441972004e-01	1.9463946588e+00	
137	2.3442288153e+10	2.3442288153e+10	7.8301805920e+00	3.8060719047e-01	1.8056890689e+00	
138	2.3988329190e+10	2.3988329190e+10	7.6729526749e+00	4.3081348130e-01	1.6976661745e+00	
139	2.4547089157e+10	2.4547089157e+10	7.5228197051e+00	4.7512099162e-01	1.6127290951e+00	
140	2.5118864315e+10	2.5118864315e+10	7.3795062395e+00	5.1401863478e-01	1.5446148990e+00	
141	2.5703957828e+10	2.5703957828e+10	7.2427478482e+00	5.4812743852e-01	1.4890784803e+00	
142	2.6302679919e+10	2.6302679919e+10	7.1122908195e+00	5.7807044895e-01	1.4431511568e+00	
143	2.6915348039e+10	2.6915348039e+10	6.9878918670e+00	6.0441863389e-01	1.4047017286e+00	
144	2.7542287033e+10	2.7542287033e+10	6.8693178425e+00	6.2767359346e-01	1.3721656245e+00	
145	2.8183829313e+10	2.8183829313e+10	6.7563454528e+00	6.4826684700e-01	1.3443718269e+00	
146	2.8840315031e+10	2.8840315031e+10	6.6487609812e+00	6.6656584170e-01	1.3204289233e+00	
147	2.9512092267e+10	2.9512092267e+10	6.5463600162e+00	6.8288208660e-01	1.2996481213e+00	
148	3.0199517204e+10	3.0199517204e+10	6.4489471850e+00	6.9747937650e-01	1.2814900486e+00	
149	3.0902954325e+10	3.0902954325e+10	6.3563358940e+00	7.1058128717e-01	1.2655272500e+00	
150	3.1622776602e+10	3.1622776602e+10	6.2683480764e+00	7.2237768441e-01	1.2514172755e+00	
151	3.2359365693e+10	3.2359365693e+10	6.1848139465e+00	7.3303023848e-01	1.2388830610e+00	
152	3.3113112148e+10	3.3113112148e+10	6.1055717615e+00	7.4267703491e-01	1.2276984171e+00	
153	3.3884415614e+10	3.3884415614e+10	6.0304675911e+00	7.5143640405e-01	1.2176771559e+00	
154	3.4673685045e+10	3.4673685045e+10	5.9593550944e+00	7.5941009253e-01	1.2086648462e+00	
155	3.5481338923e+10	3.5481338923e+10	5.8920953058e+00	7.6668588792e-01	1.2005324930e+00	
156	3.6307805477e+10	3.6307805477e+10	5.8285564274e+00	7.7333979264e-01	1.1931716434e+00	
157	3.7153522910e+10	3.7153522910e+10	5.7686136311e+00	7.7943782765e-01	1.1864905614e+00	
158	3.8018939632e+10	3.8018939632e+10	5.7121488683e+00	7.8503753240e-01	1.1804112121e+00	
159	3.8904514499e+10	3.8904514499e+10	5.6590506876e+00	7.9018921545e-01	1.1748668651e+00	
160	3.9810717055e+10	3.9810717055e+10	5.6092140619e+00	7.9493700038e-01	1.1698001757e+00	
161	4.0738027780e+10	4.0738027780e+10	5.5625402233e+00	7.9931970305e-01	1.1651616375e+00	
162	4.1686938347e+10	4.1686938347e+10	5.5189365063e+00	8.0337156978e-01	1.1609083264e+00	
163	4.2657951880e+10	4.2657951880e+10	5.4783162004e+00	8.0712290040e-01	1.1570028746e+00	
164	4.3651583224e+10	4.3651583224e+10	5.4405984105e+00	8.1060057581e-01	1.1534126286e+00	
165	4.4668359215e+10	4.4668359215e+10	5.4057079259e+00	8.1382850606e-01	1.1501089522e+00	
166	4.5708818961e+10	4.5708818961e+10	5.3735750984e+00	8.1682801213e-01	1.1470666491e+00	
167	4.6773514129e+10	4.6773514129e+10	5.3441357285e+00	8.1961815216e-01	1.1442634802e+00	
168	4.7863009232e+10	4.7863009232e+10	5.3173309599e+00	8.2221600102e-01	1.1416797594e+00	
169	4.8977881937e+10	4.8977881937e+10	5.2931071836e+00	8.2463689069e-01	1.1392980127e+00	
170	5.0118723363e+10	5.0118723363e+10	5.2714159494e+00	8.2689461741e-01	1.1371026903e+00	
171	5.1286138399e+10	5.1286138399e+10	5.2522138865e+00	8.2900162073e-01	1.1350799217e+00	
172	5.2480746025e+10	5.2480746025e+10	5.2354626329e+00	8.3096913870e-01	1.1332173073e+00	
173	5.3703179637e+10	5.3703179637e+10	5.2211287728e+00	8.3280734272e-01	1.1315037397e+00	
174	5.4954087386e+10	5.4954087386e+10	5.2091837829e+00	8.3452545505e-01	1.1299292503e+00	
175	5.6234132519e+10	5.6234132519e+10	5.1996039874e+00	8.3613185134e-01	1.1284848772e+00	
176	5.7543993734e+10	5.7543993734e+10	5.1923705211e+00	8.3763415050e-01	1.1271625508e+00	
177	5.8884365536e+10	5.8884365536e+10	5.1874693022e+00	8.3903929350e-01	1.1259549943e+00	
178	6.0255958607e+10	6.0255958607e+10	5.1848910126e+00	8.4035361268e-01	1.1248556376e+00	
179	6.1659500186e+10	6.1659500186e+10	5.1846310873e+00	8.4158289286e-01	1.1238585416e+00	
180	6.3095734448e+10	6.3095734448e+10	5.1866897135e+00	8.4273242534e-01	1.1229583320e+00	
181	6.4565422903e+10	6.4565422903e+10	5.1910718372e+00	8.4380705570e-01	1.1221501413e+00	
182	6.6069344801e+10	6.6069344801e+10	5.1977871797e+00	8.4481122622e-01	1.1214295570e+00	
183	6.7608297539e+10	6.7608297539e+10	5.2068502626e+00	8.4574901360e-01	1.1207925765e+00	
184	6.9183097092e+10	6.9183097092e+10	5.2182804425e+00	8.4662416255e-01	1.1202355667e+00	
185	7.0794578438e+10	7.0794578438e+10	5.2321019547e+00	8.4744011585e-01	1.1197552278e+00	
186	7.2443596007e+10	7.2443596007e+10	5.2483439662e+00	8.4820004119e-01	1.1193485614e+00	
187	7.4131024130e+10	7.4131024130e+10	5.2670406382e+00	8.4890685524e-01	1.1190128411e+00	
188	7.5857757503e+10	7.5857757503e+10	5.2882311991e+00	8.4956324536e-01	1.1187455869e+00	
189	7.7624711663e+10	7.7624711663e+10	5.3119600266e+00	8.5017168903e-01	1.1185445415e+00	
190	7.9432823472e+10	7.9432823472e+10	5.3382767403e+00	8.5073447151e-01	1.1184076485e+00	
191	8.1283051616e+10	8.1283051616e+10	5.3672363048e+00	8.5125370176e-01	1.1183330332e+00	
192	8.3176377110e+10	8.3176377110e+10	5.3988991431e+00	8.5173132689e-01	1.1183189845e+00	
193	8.5113803820e+10	8.5113803820e+10	5.4333312619e+00	8.5216914532e-01	1.1183639386e+00	
194	8.7096358996e+10	8.7096358996e+10	5.4706043866e+00	8.5256881876e-01	1.1184664629e+00	
195	8.9125093813e+10	8.9125093813e+10	5.5107961094e+00	8.5293188315e-01	1.1186252429e+00	
196	9.1201083936e+10	9.1201083936e+10	5.5539900484e+00	8.5325975879e-01	1.1188390679e+00	
197	9.3325430080e+10	9.3325430080e+10	5.6002760199e+00	8.5355375949e-01	1.1191068190e+00	
198	9.5499258602e+10	9.5499258602e+10	5.6497502224e+00	8.5381510120e-01	1.1194274572e+00	
199	9.7723722096e+10	9.7723722096e+10	5.7025154354e+00	8.5404490987e-01	1.1198000123e+00	
200	1.0000000000e+11	1.0000000000e+11	5.7586812304e+00	8.5424422885e-01	1.1202235723e+00	
SWEEP_END
m_s11_db_lo = -3.424285271e+00
m_s11_db_mid = -1.025691439e+01
m_s11_db_hi = -9.886972388e+00
m_s21_db_lo = 2.1022974448e+01
m_s21_db_mid = 2.3539923426e+01
m_s21_db_hi = 2.2807213065e+01
m_s22_db_lo = -8.057576489e+00
m_s22_db_mid = -2.490052554e+01
m_s22_db_hi = -1.081239571e+01
m_s12_db_lo = -5.398754666e+01
m_s12_db_mid = -4.988556246e+01
m_s12_db_hi = -4.916208545e+01
m_k_lo = 1.0442721151e+01
m_k_mid = 9.4052896133e+00
m_k_hi = 8.6072026390e+00
m_nf_db_lo = 2.9916143586e+00
m_nf_db_mid = 3.2273474587e+00
m_nf_db_hi = 3.5671949582e+00
m_q1_vce = 1.2492003668e+00
m_q1_vbe = 8.0333044242e-01
m_q1_ic = 1.6575668201e-03
m_q1_icfrac = 6.9065284171e-02
m_q1_dtj = 3.6188151529e+00
m_q1_ft = 2.2071284083e+02
m_q2_vce = 1.2458237163e+00
m_q2_vbe = 8.0332078678e-01
m_q2_ic = 1.6564930212e-03
m_q2_icfrac = 6.9020542549e-02
m_q2_dtj = 3.6067025077e+00
m_q2_ft = 2.2395922956e+02
m_qr_vce = 8.0540767822e-01
m_qr_vbe = 8.0540767822e-01
m_qr_ic = 2.0997838436e-04
m_qr_icfrac = 6.9992794787e-02
m_qr_dtj = 1.9211114376e+00
m_qr_ft = 2.0063521301e+02
m_idd_ma = 2.1626886527e+00
m_pdc_mw = 5.4067216318e+00
m_d_lo = 2.8358272079e-01
m_mu_lo = 2.3997597813e+00
m_msg_db_lo = 7.5010521103e+01
m_d_mid = 5.8947439361e-02
m_mu_mid = 9.6333023893e+00
m_msg_db_mid = 7.3425485881e+01
m_d_hi = 1.1747834627e-01
m_mu_hi = 2.9733823791e+00
m_msg_db_hi = 7.1969298517e+01
m_sw_n = 2.0100000000e+02
m_sw_kmin = 5.1846310873e+00
m_sw_fkmin_ghz = 6.1659500186e+01
m_sw_kmin_hi = 5.1846310873e+00
m_sw_kmin_lo = 1.0667007988e+01
m_sw_dmax = 9.5201941001e-01
m_sw_mumin = 1.0000010394e+00
m_sw_nunst = 0.0000000000e+00
Doing analysis at TEMP = 27.000000 and TNOM = 27.000000

Using SPARSE 1.3 as Direct Linear Solver

Initial Transient Solution
--------------------------

Node                                   Voltage
----                                   -------
vdd                                        2.5
xdut.nr                               0.810451
xdut.er                             0.00504292
xdut.xqr.s1                        3.21741e-10
xdut.xqr.t                             1.92111
xdut.b1                               0.808306
xdut.oc                                    2.5
xdut.b2                                 2.0575
xdut.c1                                1.25418
xdut.xq2.s1                        2.76274e-09
xdut.xq2.t                              3.6067
xdut.e1                             0.00497592
xdut.xq1.s1                        1.39236e-09
xdut.xq1.t                             3.61882
p1                                           0
xdut.in2                                     0
p2                                           0
s1n                                          0
s2n                                          0
l.xdut.lin#branch                            0
l.xdut.lfeed#branch                 0.00165649
vs2#branch                                   0
vs1#branch                                   0
vdd#branch                         -0.00216269


No. of Data Rows : 59

  Measurements for Transient Analysis

lna_rail_v          =  2.50000e+00

ngspice-46 done
