
Note: No compatibility mode selected!


Circuit: * klt sim -- generated corner deck, do not edit

Doing analysis at TEMP = 125.000000 and TNOM = 27.000000

Using SPARSE 1.3 as Direct Linear Solver


The temperature limiting function received NaN.
Please check your power dissipation and improve your heat sink Rth!
    This message will be shown only once.

Note: Starting dynamic gmin stepping
Note: Dynamic gmin stepping completed

No. of Data Rows : 1

  Measurements for Transient Analysis


Doing analysis at TEMP = 125.000000 and TNOM = 27.000000

Using SPARSE 1.3 as Direct Linear Solver
Note: Starting dynamic gmin stepping
Note: Dynamic gmin stepping completed

No. of Data Rows : 3

  Measurements for Transient Analysis


Reset re-loads circuit * klt sim -- generated corner deck, do not edit

Circuit: * klt sim -- generated corner deck, do not edit

Doing analysis at TEMP = 125.000000 and TNOM = 27.000000

Using SPARSE 1.3 as Direct Linear Solver
Note: Starting dynamic gmin stepping
Note: Dynamic gmin stepping completed

No. of Data Rows : 3

  Measurements for Transient Analysis


Reset re-loads circuit * klt sim -- generated corner deck, do not edit

Circuit: * klt sim -- generated corner deck, do not edit

Doing analysis at TEMP = 125.000000 and TNOM = 27.000000

Using SPARSE 1.3 as Direct Linear Solver
Note: Starting dynamic gmin stepping
Note: Dynamic gmin stepping completed

No. of Data Rows : 3

No. of Data Rows : 1

  Measurements for Transient Analysis


Doing analysis at TEMP = 125.000000 and TNOM = 27.000000

Using SPARSE 1.3 as Direct Linear Solver
Note: Starting dynamic gmin stepping
Note: Dynamic gmin stepping completed

No. of Data Rows : 201

  Measurements for Transient Analysis


Reset re-loads circuit * klt sim -- generated corner deck, do not edit

Circuit: * klt sim -- generated corner deck, do not edit

Doing analysis at TEMP = 125.000000 and TNOM = 27.000000

Using SPARSE 1.3 as Direct Linear Solver
Note: Starting dynamic gmin stepping
Note: Dynamic gmin stepping completed

No. of Data Rows : 201

  Measurements for Transient Analysis


Reset re-loads circuit * klt sim -- generated corner deck, do not edit

Circuit: * klt sim -- generated corner deck, do not edit

SWEEP_BEGIN
                                                                            * klt sim -- generated corner deck, do not edit
                                                                            AC Analysis  Sat Oct 10 01:29:02  2026
--------------------------------------------------------------------------------------------------------------------------------------------------------------------------------------------------------
Index   frequency       wf              wk              wd              wmu             
--------------------------------------------------------------------------------------------------------------------------------------------------------------------------------------------------------
0	1.0000000000e+09	1.0000000000e+09	4.1003212578e+02	9.4743316045e-01	1.0000010401e+00	
1	1.0232929923e+09	1.0232929923e+09	4.0028557545e+02	9.4742181477e-01	1.0000011407e+00	
2	1.0471285481e+09	1.0471285481e+09	3.9073618904e+02	9.4740992829e-01	1.0000012510e+00	
3	1.0715193052e+09	1.0715193052e+09	3.8138031314e+02	9.4739747454e-01	1.0000013720e+00	
4	1.0964781961e+09	1.0964781961e+09	3.7221433108e+02	9.4738442572e-01	1.0000015047e+00	
5	1.1220184543e+09	1.1220184543e+09	3.6323466759e+02	9.4737075261e-01	1.0000016503e+00	
6	1.1481536215e+09	1.1481536215e+09	3.5443779181e+02	9.4735642456e-01	1.0000018100e+00	
7	1.1748975549e+09	1.1748975549e+09	3.4582022092e+02	9.4734140932e-01	1.0000019851e+00	
8	1.2022644346e+09	1.2022644346e+09	3.3737852082e+02	9.4732567303e-01	1.0000021773e+00	
9	1.2302687708e+09	1.2302687708e+09	3.2910931068e+02	9.4730918009e-01	1.0000023880e+00	
10	1.2589254118e+09	1.2589254118e+09	3.2100926276e+02	9.4729189310e-01	1.0000026192e+00	
11	1.2882495517e+09	1.2882495517e+09	3.1307510597e+02	9.4727377271e-01	1.0000028729e+00	
12	1.3182567386e+09	1.3182567386e+09	3.0530362670e+02	9.4725477757e-01	1.0000031511e+00	
13	1.3489628826e+09	1.3489628826e+09	2.9769167115e+02	9.4723486415e-01	1.0000034564e+00	
14	1.3803842646e+09	1.3803842646e+09	2.9023614574e+02	9.4721398669e-01	1.0000037913e+00	
15	1.4125375446e+09	1.4125375446e+09	2.8293401939e+02	9.4719209701e-01	1.0000041587e+00	
16	1.4454397707e+09	1.4454397707e+09	2.7578232341e+02	9.4716914444e-01	1.0000045618e+00	
17	1.4791083882e+09	1.4791083882e+09	2.6877815380e+02	9.4714507560e-01	1.0000050041e+00	
18	1.5135612484e+09	1.5135612484e+09	2.6191867086e+02	9.4711983428e-01	1.0000054894e+00	
19	1.5488166189e+09	1.5488166189e+09	2.5520110021e+02	9.4709336132e-01	1.0000060219e+00	
20	1.5848931925e+09	1.5848931925e+09	2.4862273352e+02	9.4706559434e-01	1.0000066063e+00	
21	1.6218100974e+09	1.6218100974e+09	2.4218092819e+02	9.4703646762e-01	1.0000072475e+00	
22	1.6595869074e+09	1.6595869074e+09	2.3587310830e+02	9.4700591190e-01	1.0000079512e+00	
23	1.6982436525e+09	1.6982436525e+09	2.2969676414e+02	9.4697385411e-01	1.0000087234e+00	
24	1.7378008287e+09	1.7378008287e+09	2.2364945224e+02	9.4694021722e-01	1.0000095710e+00	
25	1.7782794100e+09	1.7782794100e+09	2.1772879505e+02	9.4690491992e-01	1.0000105012e+00	
26	1.8197008586e+09	1.8197008586e+09	2.1193248067e+02	9.4686787641e-01	1.0000115222e+00	
27	1.8620871367e+09	1.8620871367e+09	2.0625826217e+02	9.4682899608e-01	1.0000126428e+00	
28	1.9054607180e+09	1.9054607180e+09	2.0070395693e+02	9.4678818324e-01	1.0000138730e+00	
29	1.9498445998e+09	1.9498445998e+09	1.9526744586e+02	9.4674533678e-01	1.0000152234e+00	
30	1.9952623150e+09	1.9952623150e+09	1.8994667229e+02	9.4670034982e-01	1.0000167059e+00	
31	2.0417379447e+09	2.0417379447e+09	1.8473964094e+02	9.4665310935e-01	1.0000183336e+00	
32	2.0892961309e+09	2.0892961309e+09	1.7964441655e+02	9.4660349580e-01	1.0000201207e+00	
33	2.1379620895e+09	2.1379620895e+09	1.7465912244e+02	9.4655138265e-01	1.0000220830e+00	
34	2.1877616239e+09	2.1877616239e+09	1.6978193895e+02	9.4649663590e-01	1.0000242378e+00	
35	2.2387211386e+09	2.2387211386e+09	1.6501110176e+02	9.4643911364e-01	1.0000266042e+00	
36	2.2908676528e+09	2.2908676528e+09	1.6034489989e+02	9.4637866545e-01	1.0000292032e+00	
37	2.3442288153e+09	2.3442288153e+09	1.5578167386e+02	9.4631513184e-01	1.0000320577e+00	
38	2.3988329190e+09	2.3988329190e+09	1.5131981340e+02	9.4624834359e-01	1.0000351933e+00	
39	2.4547089157e+09	2.4547089157e+09	1.4695775537e+02	9.4617812111e-01	1.0000386379e+00	
40	2.5118864315e+09	2.5118864315e+09	1.4269398127e+02	9.4610427364e-01	1.0000424223e+00	
41	2.5703957828e+09	2.5703957828e+09	1.3852701482e+02	9.4602659847e-01	1.0000465804e+00	
42	2.6302679919e+09	2.6302679919e+09	1.3445541944e+02	9.4594488008e-01	1.0000511496e+00	
43	2.6915348039e+09	2.6915348039e+09	1.3047779558e+02	9.4585888916e-01	1.0000561711e+00	
44	2.7542287033e+09	2.7542287033e+09	1.2659277806e+02	9.4576838158e-01	1.0000616901e+00	
45	2.8183829313e+09	2.8183829313e+09	1.2279903332e+02	9.4567309728e-01	1.0000677569e+00	
46	2.8840315031e+09	2.8840315031e+09	1.1909525661e+02	9.4557275902e-01	1.0000744264e+00	
47	2.9512092267e+09	2.9512092267e+09	1.1548016926e+02	9.4546707108e-01	1.0000817595e+00	
48	3.0199517204e+09	3.0199517204e+09	1.1195251585e+02	9.4535571774e-01	1.0000898234e+00	
49	3.0902954325e+09	3.0902954325e+09	1.0851106145e+02	9.4523836175e-01	1.0000986921e+00	
50	3.1622776602e+09	3.1622776602e+09	1.0515458890e+02	9.4511464254e-01	1.0001084473e+00	
51	3.2359365693e+09	3.2359365693e+09	1.0188189611e+02	9.4498417433e-01	1.0001191794e+00	
52	3.3113112148e+09	3.3113112148e+09	9.8691793480e+01	9.4484654403e-01	1.0001309880e+00	
53	3.3884415614e+09	3.3884415614e+09	9.5583101386e+01	9.4470130891e-01	1.0001439834e+00	
54	3.4673685045e+09	3.4673685045e+09	9.2554647780e+01	9.4454799416e-01	1.0001582875e+00	
55	3.5481338923e+09	3.5481338923e+09	8.9605265917e+01	9.4438608999e-01	1.0001740349e+00	
56	3.6307805477e+09	3.6307805477e+09	8.6733792228e+01	9.4421504869e-01	1.0001913747e+00	
57	3.7153522910e+09	3.7153522910e+09	8.3939064349e+01	9.4403428119e-01	1.0002104719e+00	
58	3.8018939632e+09	3.8018939632e+09	8.1219919309e+01	9.4384315333e-01	1.0002315093e+00	
59	3.8904514499e+09	3.8904514499e+09	7.8575191914e+01	9.4364098182e-01	1.0002546891e+00	
60	3.9810717055e+09	3.9810717055e+09	7.6003713304e+01	9.4342702960e-01	1.0002802357e+00	
61	4.0738027780e+09	4.0738027780e+09	7.3504309717e+01	9.4320050090e-01	1.0003083981e+00	
62	4.1686938347e+09	4.1686938347e+09	7.1075801449e+01	9.4296053556e-01	1.0003394521e+00	
63	4.2657951880e+09	4.2657951880e+09	6.8717002014e+01	9.4270620288e-01	1.0003737044e+00	
64	4.3651583224e+09	4.3651583224e+09	6.6426717519e+01	9.4243649474e-01	1.0004114955e+00	
65	4.4668359215e+09	4.4668359215e+09	6.4203746231e+01	9.4215031784e-01	1.0004532039e+00	
66	4.5708818961e+09	4.5708818961e+09	6.2046878350e+01	9.4184648523e-01	1.0004992508e+00	
67	4.6773514129e+09	4.6773514129e+09	5.9954895977e+01	9.4152370669e-01	1.0005501050e+00	
68	4.7863009232e+09	4.7863009232e+09	5.7926573259e+01	9.4118057805e-01	1.0006062887e+00	
69	4.8977881937e+09	4.8977881937e+09	5.5960676731e+01	9.4081556923e-01	1.0006683843e+00	
70	5.0118723363e+09	5.0118723363e+09	5.4055965804e+01	9.4042701081e-01	1.0007370415e+00	
71	5.1286138399e+09	5.1286138399e+09	5.2211193426e+01	9.4001307895e-01	1.0008129861e+00	
72	5.2480746025e+09	5.2480746025e+09	5.0425106877e+01	9.3957177844e-01	1.0008970293e+00	
73	5.3703179637e+09	5.3703179637e+09	4.8696448694e+01	9.3910092355e-01	1.0009900789e+00	
74	5.4954087386e+09	5.4954087386e+09	4.7023957711e+01	9.3859811651e-01	1.0010931520e+00	
75	5.6234132519e+09	5.6234132519e+09	4.5406370204e+01	9.3806072309e-01	1.0012073886e+00	
76	5.7543993734e+09	5.7543993734e+09	4.3842421107e+01	9.3748584497e-01	1.0013340690e+00	
77	5.8884365536e+09	5.8884365536e+09	4.2330845314e+01	9.3687028845e-01	1.0014746321e+00	
78	6.0255958607e+09	6.0255958607e+09	4.0870379015e+01	9.3621052878e-01	1.0016306971e+00	
79	6.1659500186e+09	6.1659500186e+09	3.9459761088e+01	9.3550266963e-01	1.0018040891e+00	
80	6.3095734448e+09	6.3095734448e+09	3.8097734505e+01	9.3474239680e-01	1.0019968674e+00	
81	6.4565422903e+09	6.4565422903e+09	3.6783047750e+01	9.3392492530e-01	1.0022113598e+00	
82	6.6069344801e+09	6.6069344801e+09	3.5514456237e+01	9.3304493876e-01	1.0024502012e+00	
83	6.7608297539e+09	6.7608297539e+09	3.4290723708e+01	9.3209651986e-01	1.0027163795e+00	
84	6.9183097092e+09	6.9183097092e+09	3.3110623610e+01	9.3107307027e-01	1.0030132884e+00	
85	7.0794578438e+09	7.0794578438e+09	3.1972940432e+01	9.2996721841e-01	1.0033447901e+00	
86	7.2443596007e+09	7.2443596007e+09	3.0876470997e+01	9.2877071284e-01	1.0037152886e+00	
87	7.4131024130e+09	7.4131024130e+09	2.9820025703e+01	9.2747429887e-01	1.0041298155e+00	
88	7.5857757503e+09	7.5857757503e+09	2.8802429700e+01	9.2606757528e-01	1.0045941328e+00	
89	7.7624711663e+09	7.7624711663e+09	2.7822523998e+01	9.2453882772e-01	1.0051148540e+00	
90	7.9432823472e+09	7.9432823472e+09	2.6879166515e+01	9.2287483449e-01	1.0056995880e+00	
91	8.1283051616e+09	8.1283051616e+09	2.5971233036e+01	9.2106063951e-01	1.0063571122e+00	
92	8.3176377110e+09	8.3176377110e+09	2.5097618103e+01	9.1907928648e-01	1.0070975792e+00	
93	8.5113803820e+09	8.5113803820e+09	2.4257235822e+01	9.1691150677e-01	1.0079327664e+00	
94	8.7096358996e+09	8.7096358996e+09	2.3449020589e+01	9.1453535221e-01	1.0088763778e+00	
95	8.9125093813e+09	8.9125093813e+09	2.2671927742e+01	9.1192576205e-01	1.0099444107e+00	
96	9.1201083936e+09	9.1201083936e+09	2.1924934120e+01	9.0905405139e-01	1.0111556034e+00	
97	9.3325430080e+09	9.3325430080e+09	2.1207038552e+01	9.0588730538e-01	1.0125319850e+00	
98	9.5499258602e+09	9.5499258602e+09	2.0517262272e+01	9.0238766094e-01	1.0140995521e+00	
99	9.7723722096e+09	9.7723722096e+09	1.9854649246e+01	8.9851145347e-01	1.0158891091e+00	
100	1.0000000000e+10	1.0000000000e+10	1.9218266440e+01	8.9420820235e-01	1.0179373149e+00	
101	1.0232929923e+10	1.0232929923e+10	1.8607204015e+01	8.8941940377e-01	1.0202879963e+00	
102	1.0471285481e+10	1.0471285481e+10	1.8020575447e+01	8.8407709424e-01	1.0229938042e+00	
103	1.0715193052e+10	1.0715193052e+10	1.7457517602e+01	8.7810214255e-01	1.0261183190e+00	
104	1.0964781961e+10	1.0964781961e+10	1.6917190738e+01	8.7140222268e-01	1.0297387421e+00	
105	1.1220184543e+10	1.1220184543e+10	1.6398778457e+01	8.6386941602e-01	1.0339493646e+00	
106	1.1481536215e+10	1.1481536215e+10	1.5901487611e+01	8.5537739036e-01	1.0388660708e+00	
107	1.1748975549e+10	1.1748975549e+10	1.5424548153e+01	8.4577810843e-01	1.0446322341e+00	
108	1.2022644346e+10	1.2022644346e+10	1.4967212953e+01	8.3489803487e-01	1.0514265035e+00	
109	1.2302687708e+10	1.2302687708e+10	1.4528757569e+01	8.2253384626e-01	1.0594731823e+00	
110	1.2589254118e+10	1.2589254118e+10	1.4108479985e+01	8.0844771682e-01	1.0690562003e+00	
111	1.2882495517e+10	1.2882495517e+10	1.3705700321e+01	7.9236237194e-01	1.0805381276e+00	
112	1.3182567386e+10	1.3182567386e+10	1.3319760507e+01	7.7395630395e-01	1.0943863488e+00	
113	1.3489628826e+10	1.3489628826e+10	1.2950023941e+01	7.5285987040e-01	1.1112095558e+00	
114	1.3803842646e+10	1.3803842646e+10	1.2595875115e+01	7.2865350419e-01	1.1318093454e+00	
115	1.4125375446e+10	1.4125375446e+10	1.2256719237e+01	7.0087002884e-01	1.1572543345e+00	
116	1.4454397707e+10	1.4454397707e+10	1.1931981820e+01	6.6900416897e-01	1.1889885598e+00	
117	1.4791083882e+10	1.4791083882e+10	1.1621108274e+01	6.3253383303e-01	1.2289934030e+00	
118	1.5135612484e+10	1.5135612484e+10	1.1323563473e+01	5.9095960527e-01	1.2800356439e+00	
119	1.5488166189e+10	1.5488166189e+10	1.1038831327e+01	5.4387093944e-01	1.3460592884e+00	
120	1.5848931925e+10	1.5848931925e+10	1.0766414337e+01	4.9104933148e-01	1.4328284085e+00	
121	1.6218100974e+10	1.6218100974e+10	1.0505833151e+01	4.3261935583e-01	1.5490327880e+00	
122	1.6595869074e+10	1.6595869074e+10	1.0256626118e+01	3.6925629098e-01	1.7083051234e+00	
123	1.6982436525e+10	1.6982436525e+10	1.0018348838e+01	3.0245122363e-01	1.9331833294e+00	
124	1.7378008287e+10	1.7378008287e+10	9.7905737142e+00	2.3481511595e-01	2.2636535973e+00	
125	1.7782794100e+10	1.7782794100e+10	9.5728895085e+00	1.7036159948e-01	2.7779237407e+00	
126	1.8197008586e+10	1.8197008586e+10	9.3649008975e+00	1.1463295074e-01	3.6517542168e+00	
127	1.8620871367e+10	1.8620871367e+10	9.1662280347e+00	7.4377276776e-02	5.3689282076e+00	
128	1.9054607180e+10	1.9054607180e+10	8.9765061174e+00	5.5629930153e-02	9.4648021185e+00	
129	1.9498445998e+10	1.9498445998e+10	8.7953849594e+00	5.9108812206e-02	8.4167230001e+00	
130	1.9952623150e+10	1.9952623150e+10	8.6225285711e+00	8.2190543442e-02	5.0875123264e+00	
131	2.0417379447e+10	2.0417379447e+10	8.4576147467e+00	1.2209622491e-01	3.6791241856e+00	
132	2.0892961309e+10	2.0892961309e+10	8.3003346598e+00	1.7336431870e-01	2.9375094955e+00	
133	2.1379620895e+10	2.1379620895e+10	8.1503924683e+00	2.2988958056e-01	2.4883702551e+00	
134	2.1877616239e+10	2.1877616239e+10	8.0075049272e+00	2.8695274018e-01	2.1914248442e+00	
135	2.2387211386e+10	2.2387211386e+10	7.8714010120e+00	3.4158988413e-01	1.9830168866e+00	
136	2.2908676528e+10	2.2908676528e+10	7.7418215522e+00	3.9224468360e-01	1.8302576178e+00	
137	2.3442288153e+10	2.3442288153e+10	7.6185188737e+00	4.3829626232e-01	1.7145150800e+00	
138	2.3988329190e+10	2.3988329190e+10	7.5012564534e+00	4.7967686755e-01	1.6244867577e+00	
139	2.4547089157e+10	2.4547089157e+10	7.3898085833e+00	5.1661426531e-01	1.5529453408e+00	
140	2.5118864315e+10	2.5118864315e+10	7.2839600458e+00	5.4947418677e-01	1.4950719314e+00	
141	2.5703957828e+10	2.5703957828e+10	7.1835058000e+00	5.7866999459e-01	1.4475421509e+00	
142	2.6302679919e+10	2.6302679919e+10	7.0882506794e+00	6.0461385228e-01	1.4079967582e+00	
143	2.6915348039e+10	2.6915348039e+10	6.9980091000e+00	6.2769230543e-01	1.3747208293e+00	
144	2.7542287033e+10	2.7542287033e+10	6.9126047805e+00	6.4825572662e-01	1.3464418446e+00	
145	2.8183829313e+10	2.8183829313e+10	6.8318704737e+00	6.6661536089e-01	1.3221984736e+00	
146	2.8840315031e+10	2.8840315031e+10	6.7556477084e+00	6.8304433991e-01	1.3012529211e+00	
147	2.9512092267e+10	2.9512092267e+10	6.6837865436e+00	6.9778059901e-01	1.2830309545e+00	
148	3.0199517204e+10	3.0199517204e+10	6.6161453335e+00	7.1103054756e-01	1.2670799968e+00	
149	3.0902954325e+10	3.0902954325e+10	6.5525905041e+00	7.2297287351e-01	1.2530392938e+00	
150	3.1622776602e+10	3.1622776602e+10	6.4929963407e+00	7.3376216593e-01	1.2406183182e+00	
151	3.2359365693e+10	3.2359365693e+10	6.4372447874e+00	7.4353221139e-01	1.2295809008e+00	
152	3.3113112148e+10	3.3113112148e+10	6.3852252567e+00	7.5239891378e-01	1.2197334103e+00	
153	3.3884415614e+10	3.3884415614e+10	6.3368344519e+00	7.6046283817e-01	1.2109158391e+00	
154	3.4673685045e+10	3.4673685045e+10	6.2919761991e+00	7.6781140358e-01	1.2029950037e+00	
155	3.5481338923e+10	3.5481338923e+10	6.2505612914e+00	7.7452076082e-01	1.1958593041e+00	
156	3.6307805477e+10	3.6307805477e+10	6.2125073439e+00	7.8065739394e-01	1.1894146451e+00	
157	3.7153522910e+10	3.7153522910e+10	6.1777386599e+00	7.8627948306e-01	1.1835812339e+00	
158	3.8018939632e+10	3.8018939632e+10	6.1461861078e+00	7.9143806285e-01	1.1782910444e+00	
159	3.8904514499e+10	3.8904514499e+10	6.1177870099e+00	7.9617800743e-01	1.1734857942e+00	
160	3.9810717055e+10	3.9810717055e+10	6.0924850415e+00	8.0053886803e-01	1.1691153183e+00	
161	4.0738027780e+10	4.0738027780e+10	6.0702301414e+00	8.0455558631e-01	1.1651362531e+00	
162	4.1686938347e+10	4.1686938347e+10	6.0509784338e+00	8.0825910268e-01	1.1615109651e+00	
163	4.2657951880e+10	4.2657951880e+10	6.0346921604e+00	8.1167687587e-01	1.1582066724e+00	
164	4.3651583224e+10	4.3651583224e+10	6.0213396249e+00	8.1483332774e-01	1.1551947212e+00	
165	4.4668359215e+10	4.4668359215e+10	6.0108951479e+00	8.1775022461e-01	1.1524499868e+00	
166	4.5708818961e+10	4.5708818961e+10	6.0033390333e+00	8.2044700515e-01	1.1499503738e+00	
167	4.6773514129e+10	4.6773514129e+10	5.9986575456e+00	8.2294106271e-01	1.1476763990e+00	
168	4.7863009232e+10	4.7863009232e+10	5.9968429001e+00	8.2524798915e-01	1.1456108397e+00	
169	4.8977881937e+10	4.8977881937e+10	5.9978932627e+00	8.2738178573e-01	1.1437384377e+00	
170	5.0118723363e+10	5.0118723363e+10	6.0018127628e+00	8.2935504615e-01	1.1420456473e+00	
171	5.1286138399e+10	5.1286138399e+10	6.0086115180e+00	8.3117911554e-01	1.1405204213e+00	
172	5.2480746025e+10	5.2480746025e+10	6.0183056697e+00	8.3286422906e-01	1.1391520284e+00	
173	5.3703179637e+10	5.3703179637e+10	6.0309174328e+00	8.3441963298e-01	1.1379308950e+00	
174	5.4954087386e+10	5.4954087386e+10	6.0464751557e+00	8.3585369055e-01	1.1368484709e+00	
175	5.6234132519e+10	5.6234132519e+10	6.0650133952e+00	8.3717397506e-01	1.1358971113e+00	
176	5.7543993734e+10	5.7543993734e+10	6.0865730027e+00	8.3838735150e-01	1.1350699756e+00	
177	5.8884365536e+10	5.8884365536e+10	6.1112012246e+00	8.3950004874e-01	1.1343609387e+00	
178	6.0255958607e+10	6.0255958607e+10	6.1389518159e+00	8.4051772311e-01	1.1337645134e+00	
179	6.1659500186e+10	6.1659500186e+10	6.1698851684e+00	8.4144551490e-01	1.1332757826e+00	
180	6.3095734448e+10	6.3095734448e+10	6.2040684529e+00	8.4228809842e-01	1.1328903390e+00	
181	6.4565422903e+10	6.4565422903e+10	6.2415757760e+00	8.4304972659e-01	1.1326042323e+00	
182	6.6069344801e+10	6.6069344801e+10	6.2824883533e+00	8.4373427077e-01	1.1324139219e+00	
183	6.7608297539e+10	6.7608297539e+10	6.3268946971e+00	8.4434525638e-01	1.1323162350e+00	
184	6.9183097092e+10	6.9183097092e+10	6.3748908220e+00	8.4488589492e-01	1.1323083284e+00	
185	7.0794578438e+10	7.0794578438e+10	6.4265804668e+00	8.4535911272e-01	1.1323876551e+00	
186	7.2443596007e+10	7.2443596007e+10	6.4820753342e+00	8.4576757701e-01	1.1325519332e+00	
187	7.4131024130e+10	7.4131024130e+10	6.5414953498e+00	8.4611371948e-01	1.1327991176e+00	
188	7.5857757503e+10	7.5857757503e+10	6.6049689395e+00	8.4639975776e-01	1.1331273750e+00	
189	7.7624711663e+10	7.7624711663e+10	6.6726333282e+00	8.4662771496e-01	1.1335350600e+00	
190	7.9432823472e+10	7.9432823472e+10	6.7446348589e+00	8.4679943769e-01	1.1340206933e+00	
191	8.1283051616e+10	8.1283051616e+10	6.8211293349e+00	8.4691661260e-01	1.1345829415e+00	
192	8.3176377110e+10	8.3176377110e+10	6.9022823849e+00	8.4698078163e-01	1.1352205980e+00	
193	8.5113803820e+10	8.5113803820e+10	6.9882698529e+00	8.4699335626e-01	1.1359325654e+00	
194	8.7096358996e+10	8.7096358996e+10	7.0792782149e+00	8.4695563078e-01	1.1367178388e+00	
195	8.9125093813e+10	8.9125093813e+10	7.1755050223e+00	8.4686879473e-01	1.1375754890e+00	
196	9.1201083936e+10	9.1201083936e+10	7.2771593751e+00	8.4673394462e-01	1.1385046484e+00	
197	9.3325430080e+10	9.3325430080e+10	7.3844624261e+00	8.4655209506e-01	1.1395044954e+00	
198	9.5499258602e+10	9.5499258602e+10	7.4976479181e+00	8.4632418928e-01	1.1405742408e+00	
199	9.7723722096e+10	9.7723722096e+10	7.6169627563e+00	8.4605110927e-01	1.1417131142e+00	
200	1.0000000000e+11	1.0000000000e+11	7.7426676180e+00	8.4573368542e-01	1.1429203507e+00	
SWEEP_END
m_s11_db_lo = -7.442763377e+00
m_s11_db_mid = -1.742785138e+01
m_s11_db_hi = -4.217929531e+00
m_s21_db_lo = 2.0479720140e+01
m_s21_db_mid = 2.1329102305e+01
m_s21_db_hi = 1.8441946426e+01
m_s22_db_lo = -9.162416437e+00
m_s22_db_mid = -2.511033159e+01
m_s22_db_hi = -9.680784147e+00
m_s12_db_lo = -4.887016058e+01
m_s12_db_mid = -4.640995550e+01
m_s12_db_hi = -4.782038541e+01
m_k_lo = 9.6162123328e+00
m_k_mid = 8.8145490997e+00
m_k_hi = 8.2044997798e+00
m_nf_db_lo = 4.0230002015e+00
m_nf_db_mid = 4.3307812469e+00
m_nf_db_hi = 4.8012831822e+00
m_q1_vce = 1.5304460683e+00
m_q1_vbe = 7.2231678809e-01
m_q1_ic = 1.9336474454e-03
m_q1_icfrac = 8.0568643557e-02
m_q1_dtj = 5.1728970662e+00
m_q1_ft = 1.6111469900e+02
m_q2_vce = 1.2137459385e+00
m_q2_vbe = 7.2334892869e-01
m_q2_ic = 1.9295171232e-03
m_q2_icfrac = 8.0396546801e-02
m_q2_dtj = 4.0965643852e+00
m_q2_ft = 1.6233214567e+02
m_qr_vce = 7.2683019393e-01
m_qr_vbe = 7.2683019393e-01
m_qr_ic = 2.4925435837e-04
m_qr_icfrac = 8.3084786123e-02
m_qr_dtj = 2.0610383903e+00
m_qr_ft = 1.4494079427e+02
m_idd_ma = 2.5085958560e+00
m_pdc_mw = 6.8986386039e+00
m_d_lo = 1.8292089857e-01
m_mu_lo = 2.6526498037e+00
m_msg_db_lo = 6.9349880725e+01
m_d_mid = 5.7752786660e-02
m_mu_mid = 8.9956069488e+00
m_msg_db_mid = 6.7739057801e+01
m_d_hi = 2.0890522679e-01
m_mu_hi = 2.6302949424e+00
m_msg_db_hi = 6.6262331838e+01
m_sw_n = 2.0100000000e+02
m_sw_kmin = 5.9968429001e+00
m_sw_fkmin_ghz = 4.7863009232e+01
m_sw_kmin_hi = 5.9968429001e+00
m_sw_kmin_lo = 9.7905737142e+00
m_sw_dmax = 9.4743316045e-01
m_sw_mumin = 1.0000010401e+00
m_sw_nunst = 0.0000000000e+00
Doing analysis at TEMP = 125.000000 and TNOM = 27.000000

Using SPARSE 1.3 as Direct Linear Solver
Note: Starting dynamic gmin stepping
Note: Dynamic gmin stepping completed

Initial Transient Solution
--------------------------

Node                                   Voltage
----                                   -------
vdd                                       2.75
xdut.nr                               0.732825
xdut.er                             0.00599512
xdut.xqr.s1                        4.09998e-08
xdut.xqr.t                             2.06104
xdut.b1                               0.728125
xdut.oc                                   2.75
xdut.b2                                 2.2596
xdut.c1                                1.53625
xdut.xq2.s1                        5.91988e-07
xdut.xq2.t                             4.09656
xdut.e1                             0.00580799
xdut.xq1.s1                        6.48287e-07
xdut.xq1.t                              5.1729
p1                                           0
xdut.in2                                     0
p2                                           0
s1n                                          0
s2n                                          0
l.xdut.lin#branch                            0
l.xdut.lfeed#branch                 0.00192952
vs2#branch                                   0
vs1#branch                                   0
vdd#branch                          -0.0025086


No. of Data Rows : 59

  Measurements for Transient Analysis

lna_rail_v          =  2.75000e+00

ngspice-46 done
