
Note: No compatibility mode selected!


Circuit: * klt sim -- generated corner deck, do not edit

Doing analysis at TEMP = -40.000000 and TNOM = 27.000000

Using SPARSE 1.3 as Direct Linear Solver

No. of Data Rows : 1

  Measurements for Transient Analysis


Doing analysis at TEMP = -40.000000 and TNOM = 27.000000

Using SPARSE 1.3 as Direct Linear Solver

No. of Data Rows : 3

  Measurements for Transient Analysis


Reset re-loads circuit * klt sim -- generated corner deck, do not edit

Circuit: * klt sim -- generated corner deck, do not edit

Doing analysis at TEMP = -40.000000 and TNOM = 27.000000

Using SPARSE 1.3 as Direct Linear Solver

No. of Data Rows : 3

  Measurements for Transient Analysis


Reset re-loads circuit * klt sim -- generated corner deck, do not edit

Circuit: * klt sim -- generated corner deck, do not edit

Doing analysis at TEMP = -40.000000 and TNOM = 27.000000

Using SPARSE 1.3 as Direct Linear Solver

No. of Data Rows : 3

No. of Data Rows : 1

  Measurements for Transient Analysis


Doing analysis at TEMP = -40.000000 and TNOM = 27.000000

Using SPARSE 1.3 as Direct Linear Solver

No. of Data Rows : 201

  Measurements for Transient Analysis


Reset re-loads circuit * klt sim -- generated corner deck, do not edit

Circuit: * klt sim -- generated corner deck, do not edit

Doing analysis at TEMP = -40.000000 and TNOM = 27.000000

Using SPARSE 1.3 as Direct Linear Solver

No. of Data Rows : 201

  Measurements for Transient Analysis


Reset re-loads circuit * klt sim -- generated corner deck, do not edit

Circuit: * klt sim -- generated corner deck, do not edit

SWEEP_BEGIN
                                                                            * klt sim -- generated corner deck, do not edit
                                                                            AC Analysis  Sat Oct 10 01:29:02  2026
--------------------------------------------------------------------------------------------------------------------------------------------------------------------------------------------------------
Index   frequency       wf              wk              wd              wmu             
--------------------------------------------------------------------------------------------------------------------------------------------------------------------------------------------------------
0	1.0000000000e+09	1.0000000000e+09	3.0285168419e+02	9.5091595590e-01	1.0000010387e+00	
1	1.0232929923e+09	1.0232929923e+09	2.9568164707e+02	9.5090773041e-01	1.0000011391e+00	
2	1.0471285481e+09	1.0471285481e+09	2.8866942963e+02	9.5089911110e-01	1.0000012492e+00	
3	1.0715193052e+09	1.0715193052e+09	2.8181137014e+02	9.5089007852e-01	1.0000013700e+00	
4	1.0964781961e+09	1.0964781961e+09	2.7510388911e+02	9.5088061224e-01	1.0000015025e+00	
5	1.1220184543e+09	1.1220184543e+09	2.6854349355e+02	9.5087069075e-01	1.0000016478e+00	
6	1.1481536215e+09	1.1481536215e+09	2.6212677254e+02	9.5086029146e-01	1.0000018072e+00	
7	1.1748975549e+09	1.1748975549e+09	2.5585039697e+02	9.5084939063e-01	1.0000019820e+00	
8	1.2022644346e+09	1.2022644346e+09	2.4971111501e+02	9.5083796325e-01	1.0000021738e+00	
9	1.2302687708e+09	1.2302687708e+09	2.4370575500e+02	9.5082598306e-01	1.0000023841e+00	
10	1.2589254118e+09	1.2589254118e+09	2.3783122010e+02	9.5081342238e-01	1.0000026149e+00	
11	1.2882495517e+09	1.2882495517e+09	2.3208448934e+02	9.5080025211e-01	1.0000028680e+00	
12	1.3182567386e+09	1.3182567386e+09	2.2646261488e+02	9.5078644160e-01	1.0000031457e+00	
13	1.3489628826e+09	1.3489628826e+09	2.2096272150e+02	9.5077195859e-01	1.0000034503e+00	
14	1.3803842646e+09	1.3803842646e+09	2.1558200450e+02	9.5075676908e-01	1.0000037844e+00	
15	1.4125375446e+09	1.4125375446e+09	2.1031772960e+02	9.5074083729e-01	1.0000041510e+00	
16	1.4454397707e+09	1.4454397707e+09	2.0516723033e+02	9.5072412546e-01	1.0000045533e+00	
17	1.4791083882e+09	1.4791083882e+09	2.0012790812e+02	9.5070659384e-01	1.0000049945e+00	
18	1.5135612484e+09	1.5135612484e+09	1.9519723030e+02	9.5068820048e-01	1.0000054787e+00	
19	1.5488166189e+09	1.5488166189e+09	1.9037272954e+02	9.5066890116e-01	1.0000060099e+00	
20	1.5848931925e+09	1.5848931925e+09	1.8565200255e+02	9.5064864920e-01	1.0000065928e+00	
21	1.6218100974e+09	1.6218100974e+09	1.8103270887e+02	9.5062739535e-01	1.0000072325e+00	
22	1.6595869074e+09	1.6595869074e+09	1.7651257045e+02	9.5060508762e-01	1.0000079343e+00	
23	1.6982436525e+09	1.6982436525e+09	1.7208936986e+02	9.5058167107e-01	1.0000087045e+00	
24	1.7378008287e+09	1.7378008287e+09	1.6776094996e+02	9.5055708770e-01	1.0000095498e+00	
25	1.7782794100e+09	1.7782794100e+09	1.6352521275e+02	9.5053127617e-01	1.0000104774e+00	
26	1.8197008586e+09	1.8197008586e+09	1.5938011833e+02	9.5050417164e-01	1.0000114955e+00	
27	1.8620871367e+09	1.8620871367e+09	1.5532368412e+02	9.5047570554e-01	1.0000126130e+00	
28	1.9054607180e+09	1.9054607180e+09	1.5135398387e+02	9.5044580527e-01	1.0000138395e+00	
29	1.9498445998e+09	1.9498445998e+09	1.4746914678e+02	9.5041439402e-01	1.0000151859e+00	
30	1.9952623150e+09	1.9952623150e+09	1.4366735659e+02	9.5038139041e-01	1.0000166638e+00	
31	2.0417379447e+09	2.0417379447e+09	1.3994685070e+02	9.5034670822e-01	1.0000182863e+00	
32	2.0892961309e+09	2.0892961309e+09	1.3630591919e+02	9.5031025604e-01	1.0000200677e+00	
33	2.1379620895e+09	2.1379620895e+09	1.3274290392e+02	9.5027193693e-01	1.0000220235e+00	
34	2.1877616239e+09	2.1877616239e+09	1.2925619761e+02	9.5023164802e-01	1.0000241710e+00	
35	2.2387211386e+09	2.2387211386e+09	1.2584424286e+02	9.5018928009e-01	1.0000265292e+00	
36	2.2908676528e+09	2.2908676528e+09	1.2250553113e+02	9.5014471711e-01	1.0000291189e+00	
37	2.3442288153e+09	2.3442288153e+09	1.1923860181e+02	9.5009783578e-01	1.0000319631e+00	
38	2.3988329190e+09	2.3988329190e+09	1.1604204108e+02	9.5004850495e-01	1.0000350870e+00	
39	2.4547089157e+09	2.4547089157e+09	1.1291448093e+02	9.4999658507e-01	1.0000385184e+00	
40	2.5118864315e+09	2.5118864315e+09	1.0985459796e+02	9.4994192757e-01	1.0000422880e+00	
41	2.5703957828e+09	2.5703957828e+09	1.0686111230e+02	9.4988437414e-01	1.0000464294e+00	
42	2.6302679919e+09	2.6302679919e+09	1.0393278635e+02	9.4982375602e-01	1.0000509798e+00	
43	2.6915348039e+09	2.6915348039e+09	1.0106842362e+02	9.4975989319e-01	1.0000559801e+00	
44	2.7542287033e+09	2.7542287033e+09	9.8266867334e+01	9.4969259347e-01	1.0000614752e+00	
45	2.8183829313e+09	2.8183829313e+09	9.5526999210e+01	9.4962165155e-01	1.0000675150e+00	
46	2.8840315031e+09	2.8840315031e+09	9.2847738012e+01	9.4954684797e-01	1.0000741541e+00	
47	2.9512092267e+09	2.9512092267e+09	9.0228038130e+01	9.4946794794e-01	1.0000814530e+00	
48	3.0199517204e+09	3.0199517204e+09	8.7666888119e+01	9.4938470011e-01	1.0000894781e+00	
49	3.0902954325e+09	3.0902954325e+09	8.5163309180e+01	9.4929683515e-01	1.0000983031e+00	
50	3.1622776602e+09	3.1622776602e+09	8.2716353575e+01	9.4920406431e-01	1.0001080089e+00	
51	3.2359365693e+09	3.2359365693e+09	8.0325103052e+01	9.4910607768e-01	1.0001186851e+00	
52	3.3113112148e+09	3.3113112148e+09	7.7988667193e+01	9.4900254244e-01	1.0001304306e+00	
53	3.3884415614e+09	3.3884415614e+09	7.5706181750e+01	9.4889310080e-01	1.0001433546e+00	
54	3.4673685045e+09	3.4673685045e+09	7.3476806957e+01	9.4877736786e-01	1.0001575778e+00	
55	3.5481338923e+09	3.5481338923e+09	7.1299725811e+01	9.4865492913e-01	1.0001732336e+00	
56	3.6307805477e+09	3.6307805477e+09	6.9174142361e+01	9.4852533788e-01	1.0001904697e+00	
57	3.7153522910e+09	3.7153522910e+09	6.7099279972e+01	9.4838811217e-01	1.0002094493e+00	
58	3.8018939632e+09	3.8018939632e+09	6.5074379614e+01	9.4824273160e-01	1.0002303532e+00	
59	3.8904514499e+09	3.8904514499e+09	6.3098698146e+01	9.4808863367e-01	1.0002533816e+00	
60	3.9810717055e+09	3.9810717055e+09	6.1171506635e+01	9.4792520980e-01	1.0002787563e+00	
61	4.0738027780e+09	4.0738027780e+09	5.9292088700e+01	9.4775180087e-01	1.0003067232e+00	
62	4.1686938347e+09	4.1686938347e+09	5.7459738901e+01	9.4756769228e-01	1.0003375551e+00	
63	4.2657951880e+09	4.2657951880e+09	5.5673761172e+01	9.4737210845e-01	1.0003715546e+00	
64	4.3651583224e+09	4.3651583224e+09	5.3933467317e+01	9.4716420676e-01	1.0004090579e+00	
65	4.4668359215e+09	4.4668359215e+09	5.2238175578e+01	9.4694307065e-01	1.0004504384e+00	
66	4.5708818961e+09	4.5708818961e+09	5.0587209273e+01	9.4670770211e-01	1.0004961114e+00	
67	4.6773514129e+09	4.6773514129e+09	4.8979895521e+01	9.4645701309e-01	1.0005465389e+00	
68	4.7863009232e+09	4.7863009232e+09	4.7415564058e+01	9.4618981604e-01	1.0006022354e+00	
69	4.8977881937e+09	4.8977881937e+09	4.5893546154e+01	9.4590481320e-01	1.0006637741e+00	
70	5.0118723363e+09	5.0118723363e+09	4.4413173629e+01	9.4560058465e-01	1.0007317943e+00	
71	5.1286138399e+09	5.1286138399e+09	4.2973777980e+01	9.4527557481e-01	1.0008070095e+00	
72	5.2480746025e+09	5.2480746025e+09	4.1574689619e+01	9.4492807732e-01	1.0008902170e+00	
73	5.3703179637e+09	5.3703179637e+09	4.0215237222e+01	9.4455621787e-01	1.0009823080e+00	
74	5.4954087386e+09	5.4954087386e+09	3.8894747197e+01	9.4415793491e-01	1.0010842805e+00	
75	5.6234132519e+09	5.6234132519e+09	3.7612543264e+01	9.4373095779e-01	1.0011972524e+00	
76	5.7543993734e+09	5.7543993734e+09	3.6367946151e+01	9.4327278192e-01	1.0013224779e+00	
77	5.8884365536e+09	5.8884365536e+09	3.5160273397e+01	9.4278064067e-01	1.0014613655e+00	
78	6.0255958607e+09	6.0255958607e+09	3.3988839271e+01	9.4225147330e-01	1.0016154991e+00	
79	6.1659500186e+09	6.1659500186e+09	3.2852954790e+01	9.4168188846e-01	1.0017866620e+00	
80	6.3095734448e+09	6.3095734448e+09	3.1751927832e+01	9.4106812252e-01	1.0019768649e+00	
81	6.4565422903e+09	6.4565422903e+09	3.0685063355e+01	9.4040599185e-01	1.0021883782e+00	
82	6.6069344801e+09	6.6069344801e+09	2.9651663690e+01	9.3969083810e-01	1.0024237694e+00	
83	6.7608297539e+09	6.7608297539e+09	2.8651028917e+01	9.3891746541e-01	1.0026859468e+00	
84	6.9183097092e+09	6.9183097092e+09	2.7682457316e+01	9.3808006803e-01	1.0029782104e+00	
85	7.0794578438e+09	7.0794578438e+09	2.6745245878e+01	9.3717214684e-01	1.0033043115e+00	
86	7.2443596007e+09	7.2443596007e+09	2.5838690873e+01	9.3618641283e-01	1.0036685224e+00	
87	7.4131024130e+09	7.4131024130e+09	2.4962088463e+01	9.3511467522e-01	1.0040757188e+00	
88	7.5857757503e+09	7.5857757503e+09	2.4114735355e+01	9.3394771149e-01	1.0045314773e+00	
89	7.7624711663e+09	7.7624711663e+09	2.3295929485e+01	9.3267511610e-01	1.0050421900e+00	
90	7.9432823472e+09	7.9432823472e+09	2.2504970723e+01	9.3128512389e-01	1.0056152020e+00	
91	8.1283051616e+09	8.1283051616e+09	2.1741161592e+01	9.2976440352e-01	1.0062589745e+00	
92	8.3176377110e+09	8.3176377110e+09	2.1003807994e+01	9.2809781532e-01	1.0069832813e+00	
93	8.5113803820e+09	8.5113803820e+09	2.0292219940e+01	9.2626812665e-01	1.0077994437e+00	
94	8.7096358996e+09	8.7096358996e+09	1.9605712268e+01	9.2425567668e-01	1.0087206160e+00	
95	8.9125093813e+09	8.9125093813e+09	1.8943605349e+01	9.2203798053e-01	1.0097621307e+00	
96	9.1201083936e+09	9.1201083936e+09	1.8305225785e+01	9.1958926102e-01	1.0109419201e+00	
97	9.3325430080e+09	9.3325430080e+09	1.7689907070e+01	9.1687989350e-01	1.0122810322e+00	
98	9.5499258602e+09	9.5499258602e+09	1.7096990233e+01	9.1387574640e-01	1.0138042663e+00	
99	9.7723722096e+09	9.7723722096e+09	1.6525824453e+01	9.1053739674e-01	1.0155409598e+00	
100	1.0000000000e+10	1.0000000000e+10	1.5975767633e+01	9.0681919555e-01	1.0175259675e+00	
101	1.0232929923e+10	1.0232929923e+10	1.5446186943e+01	9.0266815356e-01	1.0198008879e+00	
102	1.0471285481e+10	1.0471285481e+10	1.4936459326e+01	8.9802261206e-01	1.0224156082e+00	
103	1.0715193052e+10	1.0715193052e+10	1.4445971964e+01	8.9281065824e-01	1.0254302638e+00	
104	1.0964781961e+10	1.0964781961e+10	1.3974122701e+01	8.8694823838e-01	1.0289177403e+00	
105	1.1220184543e+10	1.1220184543e+10	1.3520320430e+01	8.8033691733e-01	1.0329668921e+00	
106	1.1481536215e+10	1.1481536215e+10	1.3083985438e+01	8.7286123006e-01	1.0376867130e+00	
107	1.1748975549e+10	1.1748975549e+10	1.2664549705e+01	8.6438557260e-01	1.0432117872e+00	
108	1.2022644346e+10	1.2022644346e+10	1.2261457177e+01	8.5475059077e-01	1.0497094724e+00	
109	1.2302687708e+10	1.2302687708e+10	1.1874163982e+01	8.4376905128e-01	1.0573894541e+00	
110	1.2589254118e+10	1.2589254118e+10	1.1502138624e+01	8.3122123240e-01	1.0665165789e+00	
111	1.2882495517e+10	1.2882495517e+10	1.1144862129e+01	8.1684996755e-01	1.0774282705e+00	
112	1.3182567386e+10	1.3182567386e+10	1.0801828163e+01	8.0035563826e-01	1.0905584370e+00	
113	1.3489628826e+10	1.3489628826e+10	1.0472543115e+01	7.8139168031e-01	1.1064706900e+00	
114	1.3803842646e+10	1.3803842646e+10	1.0156526144e+01	7.5956158418e-01	1.1259051320e+00	
115	1.4125375446e+10	1.4125375446e+10	9.8533092000e+00	7.3441899850e-01	1.1498452484e+00	
116	1.4454397707e+10	1.4454397707e+10	9.5624370170e+00	7.0547343940e-01	1.1796151894e+00	
117	1.4791083882e+10	1.4791083882e+10	9.2834670773e+00	6.7220530716e-01	1.2170240665e+00	
118	1.5135612484e+10	1.5135612484e+10	9.0159695522e+00	6.3409537555e-01	1.2645850437e+00	
119	1.5488166189e+10	1.5488166189e+10	8.7595272204e+00	5.9067547162e-01	1.3258575173e+00	
120	1.5848931925e+10	1.5848931925e+10	8.5137353646e+00	5.4160831271e-01	1.4060003989e+00	
121	1.6218100974e+10	1.6218100974e+10	8.2782016503e+00	4.8680481182e-01	1.5127060753e+00	
122	1.6595869074e+10	1.6595869074e+10	8.0525459859e+00	4.2658598103e-01	1.6578635286e+00	
123	1.6982436525e+10	1.6982436525e+10	7.8364003680e+00	3.6189353064e-01	1.8607222577e+00	
124	1.7378008287e+10	1.7378008287e+10	7.6294087127e+00	2.9454801967e-01	2.1544206667e+00	
125	1.7782794100e+10	1.7782794100e+10	7.4312266738e+00	2.2754180933e-01	2.6008588309e+00	
126	1.8197008586e+10	1.8197008586e+10	7.2415214512e+00	1.6531472128e-01	3.3287279442e+00	
127	1.8620871367e+10	1.8620871367e+10	7.0599715886e+00	1.1381509374e-01	4.6390462192e+00	
128	1.9054607180e+10	1.9054607180e+10	6.8862667636e+00	7.9665052173e-02	7.0572510018e+00	
129	1.9498445998e+10	1.9498445998e+10	6.7201075712e+00	6.7303437162e-02	6.8431149547e+00	
130	1.9952623150e+10	1.9952623150e+10	6.5612053014e+00	7.7465734974e-02	4.5932776458e+00	
131	2.0417379447e+10	2.0417379447e+10	6.4092817116e+00	1.0932028253e-01	3.4212074483e+00	
132	2.0892961309e+10	2.0892961309e+10	6.2640687969e+00	1.5781762629e-01	2.7681204545e+00	
133	2.1379620895e+10	2.1379620895e+10	6.1253085568e+00	2.1511033938e-01	2.3628962593e+00	
134	2.1877616239e+10	2.1877616239e+10	5.9927527608e+00	2.7451807059e-01	2.0915494738e+00	
135	2.2387211386e+10	2.2387211386e+10	5.8661627131e+00	3.3180791176e-01	1.8996858126e+00	
136	2.2908676528e+10	2.2908676528e+10	5.7453090178e+00	3.8482972259e-01	1.7584044329e+00	
137	2.3442288153e+10	2.3442288153e+10	5.6299713444e+00	4.3277997835e-01	1.6510423700e+00	
138	2.3988329190e+10	2.3988329190e+10	5.5199381951e+00	4.7560022574e-01	1.5673711658e+00	
139	2.4547089157e+10	2.4547089157e+10	5.4150066740e+00	5.1359504404e-01	1.5007956375e+00	
140	2.5118864315e+10	2.5118864315e+10	5.3149822595e+00	5.4721743384e-01	1.4468918667e+00	
141	2.5703957828e+10	2.5703957828e+10	5.2196785792e+00	5.7695721387e-01	1.4025944877e+00	
142	2.6302679919e+10	2.6302679919e+10	5.1289171889e+00	6.0328700887e-01	1.3657209908e+00	
143	2.6915348039e+10	2.6915348039e+10	5.0425273557e+00	6.2663883456e-01	1.3346811007e+00	
144	2.7542287033e+10	2.7542287033e+10	4.9603458453e+00	6.4739635421e-01	1.3082927046e+00	
145	2.8183829313e+10	2.8183829313e+10	4.8822167140e+00	6.6589482770e-01	1.2856616249e+00	
146	2.8840315031e+10	2.8840315031e+10	4.8079911068e+00	6.8242456741e-01	1.2661009809e+00	
147	2.9512092267e+10	2.9512092267e+10	4.7375270596e+00	6.9723574263e-01	1.2490758354e+00	
148	3.0199517204e+10	3.0199517204e+10	4.6706893076e+00	7.1054344991e-01	1.2341644151e+00	
149	3.0902954325e+10	3.0902954325e+10	4.6073491002e+00	7.2253253318e-01	1.2210304448e+00	
150	3.1622776602e+10	3.1622776602e+10	4.5473840205e+00	7.3336193535e-01	1.2094030876e+00	
151	3.2359365693e+10	3.2359365693e+10	4.4906778125e+00	7.4316851457e-01	1.1990621837e+00	
152	3.3113112148e+10	3.3113112148e+10	4.4371202136e+00	7.5207033458e-01	1.1898272446e+00	
153	3.3884415614e+10	3.3884415614e+10	4.3866067943e+00	7.6016947218e-01	1.1815491447e+00	
154	3.4673685045e+10	3.4673685045e+10	4.3390388037e+00	7.6755439820e-01	1.1741037813e+00	
155	3.5481338923e+10	3.5481338923e+10	4.2943230228e+00	7.7430198953e-01	1.1673871845e+00	
156	3.6307805477e+10	3.6307805477e+10	4.2523716230e+00	7.8047922672e-01	1.1613117106e+00	
157	3.7153522910e+10	3.7153522910e+10	4.2131020331e+00	7.8614462564e-01	1.1558030529e+00	
158	3.8018939632e+10	3.8018939632e+10	4.1764368120e+00	7.9134944546e-01	1.1507978739e+00	
159	3.8904514499e+10	3.8904514499e+10	4.1423035285e+00	7.9613870897e-01	1.1462419164e+00	
160	3.9810717055e+10	3.9810717055e+10	4.1106346483e+00	8.0055206578e-01	1.1420884853e+00	
161	4.0738027780e+10	4.0738027780e+10	4.0813674282e+00	8.0462452388e-01	1.1382972189e+00	
162	4.1686938347e+10	4.1686938347e+10	4.0544438163e+00	8.0838707102e-01	1.1348330888e+00	
163	4.2657951880e+10	4.2657951880e+10	4.0298103605e+00	8.1186720368e-01	1.1316655805e+00	
164	4.3651583224e+10	4.3651583224e+10	4.0074181229e+00	8.1508937831e-01	1.1287680181e+00	
165	4.4668359215e+10	4.4668359215e+10	3.9872226020e+00	8.1807539740e-01	1.1261170055e+00	
166	4.5708818961e+10	4.5708818961e+10	3.9691836614e+00	8.2084474047e-01	1.1236919609e+00	
167	4.6773514129e+10	4.6773514129e+10	3.9532654662e+00	8.2341484857e-01	1.1214747276e+00	
168	4.7863009232e+10	4.7863009232e+10	3.9394364257e+00	8.2580136946e-01	1.1194492470e+00	
169	4.8977881937e+10	4.8977881937e+10	3.9276691441e+00	8.2801836942e-01	1.1176012825e+00	
170	5.0118723363e+10	5.0118723363e+10	3.9179403773e+00	8.3007851667e-01	1.1159181854e+00	
171	5.1286138399e+10	5.1286138399e+10	3.9102309976e+00	8.3199324060e-01	1.1143886964e+00	
172	5.2480746025e+10	5.2480746025e+10	3.9045259657e+00	8.3377287036e-01	1.1130027745e+00	
173	5.3703179637e+10	5.3703179637e+10	3.9008143087e+00	8.3542675574e-01	1.1117514523e+00	
174	5.4954087386e+10	5.4954087386e+10	3.8990891072e+00	8.3696337284e-01	1.1106267095e+00	
175	5.6234132519e+10	5.6234132519e+10	3.8993474879e+00	8.3839041678e-01	1.1096213652e+00	
176	5.7543993734e+10	5.7543993734e+10	3.9015906246e+00	8.3971488304e-01	1.1087289831e+00	
177	5.8884365536e+10	5.8884365536e+10	3.9058237462e+00	8.4094313913e-01	1.1079437905e+00	
178	6.0255958607e+10	6.0255958607e+10	3.9120561528e+00	8.4208098784e-01	1.1072606063e+00	
179	6.1659500186e+10	6.1659500186e+10	3.9203012380e+00	8.4313372323e-01	1.1066747787e+00	
180	6.3095734448e+10	6.3095734448e+10	3.9305765206e+00	8.4410618018e-01	1.1061821298e+00	
181	6.4565422903e+10	6.4565422903e+10	3.9429036825e+00	8.4500277850e-01	1.1057789074e+00	
182	6.6069344801e+10	6.6069344801e+10	3.9573086152e+00	8.4582756221e-01	1.1054617418e+00	
183	6.7608297539e+10	6.7608297539e+10	3.9738214747e+00	8.4658423460e-01	1.1052276072e+00	
184	6.9183097092e+10	6.9183097092e+10	3.9924767434e+00	8.4727618960e-01	1.1050737879e+00	
185	7.0794578438e+10	7.0794578438e+10	4.0133133013e+00	8.4790653994e-01	1.1049978472e+00	
186	7.2443596007e+10	7.2443596007e+10	4.0363745049e+00	8.4847814248e-01	1.1049975999e+00	
187	7.4131024130e+10	7.4131024130e+10	4.0617082755e+00	8.4899362106e-01	1.1050710871e+00	
188	7.5857757503e+10	7.5857757503e+10	4.0893671955e+00	8.4945538715e-01	1.1052165533e+00	
189	7.7624711663e+10	7.7624711663e+10	4.1194086144e+00	8.4986565858e-01	1.1054324258e+00	
190	7.9432823472e+10	7.9432823472e+10	4.1518947638e+00	8.5022647656e-01	1.1057172950e+00	
191	8.1283051616e+10	8.1283051616e+10	4.1868928819e+00	8.5053972127e-01	1.1060698972e+00	
192	8.3176377110e+10	8.3176377110e+10	4.2244753482e+00	8.5080712600e-01	1.1064890974e+00	
193	8.5113803820e+10	8.5113803820e+10	4.2647198276e+00	8.5103029026e-01	1.1069738744e+00	
194	8.7096358996e+10	8.7096358996e+10	4.3077094260e+00	8.5121069177e-01	1.1075233059e+00	
195	8.9125093813e+10	8.9125093813e+10	4.3535328559e+00	8.5134969758e-01	1.1081365550e+00	
196	9.1201083936e+10	9.1201083936e+10	4.4022846139e+00	8.5144857436e-01	1.1088128568e+00	
197	9.3325430080e+10	9.3325430080e+10	4.4540651690e+00	8.5150849795e-01	1.1095515062e+00	
198	9.5499258602e+10	9.5499258602e+10	4.5089811645e+00	8.5153056235e-01	1.1103518461e+00	
199	9.7723722096e+10	9.7723722096e+10	4.5671456312e+00	8.5151578807e-01	1.1112132555e+00	
200	1.0000000000e+11	1.0000000000e+11	4.6286782142e+00	8.5146512996e-01	1.1121351385e+00	
SWEEP_END
m_s11_db_lo = -4.899283166e+00
m_s11_db_mid = -1.950655491e+01
m_s11_db_hi = -5.148298122e+00
m_s21_db_lo = 2.3522677352e+01
m_s21_db_mid = 2.5352341971e+01
m_s21_db_hi = 2.2989456919e+01
m_s22_db_lo = -8.708480256e+00
m_s22_db_mid = -2.469153933e+01
m_s22_db_hi = -9.632675319e+00
m_s12_db_lo = -5.145103889e+01
m_s12_db_mid = -4.803078458e+01
m_s12_db_hi = -4.893318622e+01
m_k_lo = 7.4706973674e+00
m_k_mid = 6.7377046036e+00
m_k_hi = 6.1754191273e+00
m_nf_db_lo = 2.6568799556e+00
m_nf_db_mid = 2.8987654706e+00
m_nf_db_hi = 3.2364752449e+00
m_q1_vce = 1.3851586588e+00
m_q1_vbe = 8.7252983152e-01
m_q1_ic = 1.8450446290e-03
m_q1_icfrac = 7.6876859542e-02
m_q1_dtj = 4.4660257821e+00
m_q1_ft = 2.5980221152e+02
m_q2_vce = 1.3593028537e+00
m_q2_vbe = 8.7259089346e-01
m_q2_ic = 1.8438968531e-03
m_q2_icfrac = 7.6829035546e-02
m_q2_dtj = 4.3800157368e+00
m_q2_ft = 2.6297291303e+02
m_qr_vce = 8.7472184187e-01
m_qr_vbe = 8.7472184187e-01
m_qr_ic = 2.3243671312e-04
m_qr_icfrac = 7.7478904374e-02
m_qr_dtj = 2.3095938433e+00
m_qr_ft = 2.3808750889e+02
m_idd_ma = 2.4020834827e+00
m_pdc_mw = 6.6057295774e+00
m_d_lo = 2.4090265162e-01
m_mu_lo = 2.4933156984e+00
m_msg_db_lo = 7.4973716243e+01
m_d_mid = 6.7552144717e-02
m_mu_mid = 7.1344678136e+00
m_msg_db_mid = 7.3383126547e+01
m_d_hi = 1.9356974841e-01
m_mu_hi = 2.4916566061e+00
m_msg_db_hi = 7.1922643143e+01
m_sw_n = 2.0100000000e+02
m_sw_kmin = 3.8990891072e+00
m_sw_fkmin_ghz = 5.4954087386e+01
m_sw_kmin_hi = 3.8990891072e+00
m_sw_kmin_lo = 7.6294087127e+00
m_sw_dmax = 9.5091595590e-01
m_sw_mumin = 1.0000010387e+00
m_sw_nunst = 0.0000000000e+00
Doing analysis at TEMP = -40.000000 and TNOM = 27.000000

Using SPARSE 1.3 as Direct Linear Solver

Initial Transient Solution
--------------------------

Node                                   Voltage
----                                   -------
vdd                                       2.75
xdut.nr                               0.880304
xdut.er                             0.00558226
xdut.xqr.s1                        3.47566e-10
xdut.xqr.t                             2.30959
xdut.b1                               0.878068
xdut.oc                                   2.75
xdut.b2                                2.26329
xdut.c1                                 1.3907
xdut.xq2.s1                        3.01255e-09
xdut.xq2.t                             4.38002
xdut.e1                             0.00553849
xdut.xq1.s1                        1.51731e-09
xdut.xq1.t                             4.46603
p1                                           0
xdut.in2                                     0
p2                                           0
s1n                                          0
s2n                                          0
l.xdut.lin#branch                            0
l.xdut.lfeed#branch                  0.0018439
vs2#branch                                   0
vs1#branch                                   0
vdd#branch                         -0.00240208


No. of Data Rows : 59

  Measurements for Transient Analysis

lna_rail_v          =  2.75000e+00

ngspice-46 done
