
Note: No compatibility mode selected!


Circuit: * klt sim -- generated corner deck, do not edit

Doing analysis at TEMP = 27.000000 and TNOM = 27.000000

Using SPARSE 1.3 as Direct Linear Solver

No. of Data Rows : 1

  Measurements for Transient Analysis


Doing analysis at TEMP = 27.000000 and TNOM = 27.000000

Using SPARSE 1.3 as Direct Linear Solver

No. of Data Rows : 3

  Measurements for Transient Analysis


Reset re-loads circuit * klt sim -- generated corner deck, do not edit

Circuit: * klt sim -- generated corner deck, do not edit

Doing analysis at TEMP = 27.000000 and TNOM = 27.000000

Using SPARSE 1.3 as Direct Linear Solver

No. of Data Rows : 3

  Measurements for Transient Analysis


Reset re-loads circuit * klt sim -- generated corner deck, do not edit

Circuit: * klt sim -- generated corner deck, do not edit

Doing analysis at TEMP = 27.000000 and TNOM = 27.000000

Using SPARSE 1.3 as Direct Linear Solver

No. of Data Rows : 3

No. of Data Rows : 1

  Measurements for Transient Analysis


Doing analysis at TEMP = 27.000000 and TNOM = 27.000000

Using SPARSE 1.3 as Direct Linear Solver

No. of Data Rows : 201

  Measurements for Transient Analysis


Reset re-loads circuit * klt sim -- generated corner deck, do not edit

Circuit: * klt sim -- generated corner deck, do not edit

Doing analysis at TEMP = 27.000000 and TNOM = 27.000000

Using SPARSE 1.3 as Direct Linear Solver

No. of Data Rows : 201

  Measurements for Transient Analysis


Reset re-loads circuit * klt sim -- generated corner deck, do not edit

Circuit: * klt sim -- generated corner deck, do not edit

SWEEP_BEGIN
                                                                            * klt sim -- generated corner deck, do not edit
                                                                            AC Analysis  Sat Oct 10 01:28:10  2026
--------------------------------------------------------------------------------------------------------------------------------------------------------------------------------------------------------
Index   frequency       wf              wk              wd              wmu             
--------------------------------------------------------------------------------------------------------------------------------------------------------------------------------------------------------
0	1.0000000000e+09	1.0000000000e+09	3.7559736680e+02	9.4710903433e-01	1.0000010395e+00	
1	1.0232929923e+09	1.0232929923e+09	3.6646226900e+02	9.4709515442e-01	1.0000011400e+00	
2	1.0471285481e+09	1.0471285481e+09	3.5752535008e+02	9.4708061375e-01	1.0000012503e+00	
3	1.0715193052e+09	1.0715193052e+09	3.4878204565e+02	9.4706538012e-01	1.0000013712e+00	
4	1.0964781961e+09	1.0964781961e+09	3.4022790656e+02	9.4704941975e-01	1.0000015038e+00	
5	1.1220184543e+09	1.1220184543e+09	3.3185859804e+02	9.4703269713e-01	1.0000016493e+00	
6	1.1481536215e+09	1.1481536215e+09	3.2366989759e+02	9.4701517502e-01	1.0000018089e+00	
7	1.1748975549e+09	1.1748975549e+09	3.1565769164e+02	9.4699681426e-01	1.0000019839e+00	
8	1.2022644346e+09	1.2022644346e+09	3.0781797643e+02	9.4697757377e-01	1.0000021760e+00	
9	1.2302687708e+09	1.2302687708e+09	3.0014685346e+02	9.4695741035e-01	1.0000023866e+00	
10	1.2589254118e+09	1.2589254118e+09	2.9264052910e+02	9.4693627863e-01	1.0000026177e+00	
11	1.2882495517e+09	1.2882495517e+09	2.8529531247e+02	9.4691413093e-01	1.0000028712e+00	
12	1.3182567386e+09	1.3182567386e+09	2.7810761457e+02	9.4689091713e-01	1.0000031493e+00	
13	1.3489628826e+09	1.3489628826e+09	2.7107394529e+02	9.4686658454e-01	1.0000034543e+00	
14	1.3803842646e+09	1.3803842646e+09	2.6419091226e+02	9.4684107775e-01	1.0000037891e+00	
15	1.4125375446e+09	1.4125375446e+09	2.5745521988e+02	9.4681433852e-01	1.0000041563e+00	
16	1.4454397707e+09	1.4454397707e+09	2.5086366716e+02	9.4678630554e-01	1.0000045592e+00	
17	1.4791083882e+09	1.4791083882e+09	2.4441314613e+02	9.4675691433e-01	1.0000050013e+00	
18	1.5135612484e+09	1.5135612484e+09	2.3810064064e+02	9.4672609704e-01	1.0000054864e+00	
19	1.5488166189e+09	1.5488166189e+09	2.3192322411e+02	9.4669378224e-01	1.0000060187e+00	
20	1.5848931925e+09	1.5848931925e+09	2.2587805888e+02	9.4665989471e-01	1.0000066028e+00	
21	1.6218100974e+09	1.6218100974e+09	2.1996239362e+02	9.4662435526e-01	1.0000072437e+00	
22	1.6595869074e+09	1.6595869074e+09	2.1417356255e+02	9.4658708045e-01	1.0000079471e+00	
23	1.6982436525e+09	1.6982436525e+09	2.0850898319e+02	9.4654798238e-01	1.0000087190e+00	
24	1.7378008287e+09	1.7378008287e+09	2.0296615499e+02	9.4650696840e-01	1.0000095662e+00	
25	1.7782794100e+09	1.7782794100e+09	1.9754265746e+02	9.4646394080e-01	1.0000104961e+00	
26	1.8197008586e+09	1.8197008586e+09	1.9223614837e+02	9.4641879658e-01	1.0000115167e+00	
27	1.8620871367e+09	1.8620871367e+09	1.8704436191e+02	9.4637142704e-01	1.0000126370e+00	
28	1.9054607180e+09	1.9054607180e+09	1.8196510690e+02	9.4632171749e-01	1.0000138668e+00	
29	1.9498445998e+09	1.9498445998e+09	1.7699626459e+02	9.4626954683e-01	1.0000152168e+00	
30	1.9952623150e+09	1.9952623150e+09	1.7213578678e+02	9.4621478721e-01	1.0000166990e+00	
31	2.0417379447e+09	2.0417379447e+09	1.6738169368e+02	9.4615730352e-01	1.0000183263e+00	
32	2.0892961309e+09	2.0892961309e+09	1.6273207156e+02	9.4609695300e-01	1.0000201130e+00	
33	2.1379620895e+09	2.1379620895e+09	1.5818507071e+02	9.4603358469e-01	1.0000220749e+00	
34	2.1877616239e+09	2.1877616239e+09	1.5373890288e+02	9.4596703892e-01	1.0000242294e+00	
35	2.2387211386e+09	2.2387211386e+09	1.4939183891e+02	9.4589714672e-01	1.0000265955e+00	
36	2.2908676528e+09	2.2908676528e+09	1.4514220622e+02	9.4582372922e-01	1.0000291942e+00	
37	2.3442288153e+09	2.3442288153e+09	1.4098838622e+02	9.4574659694e-01	1.0000320486e+00	
38	2.3988329190e+09	2.3988329190e+09	1.3692881163e+02	9.4566554911e-01	1.0000351841e+00	
39	2.4547089157e+09	2.4547089157e+09	1.3296196375e+02	9.4558037285e-01	1.0000386287e+00	
40	2.5118864315e+09	2.5118864315e+09	1.2908636972e+02	9.4549084234e-01	1.0000424133e+00	
41	2.5703957828e+09	2.5703957828e+09	1.2530059963e+02	9.4539671789e-01	1.0000465718e+00	
42	2.6302679919e+09	2.6302679919e+09	1.2160326368e+02	9.4529774497e-01	1.0000511416e+00	
43	2.6915348039e+09	2.6915348039e+09	1.1799300929e+02	9.4519365309e-01	1.0000561640e+00	
44	2.7542287033e+09	2.7542287033e+09	1.1446851817e+02	9.4508415466e-01	1.0000616843e+00	
45	2.8183829313e+09	2.8183829313e+09	1.1102850343e+02	9.4496894371e-01	1.0000677526e+00	
46	2.8840315031e+09	2.8840315031e+09	1.0767170661e+02	9.4484769449e-01	1.0000744243e+00	
47	2.9512092267e+09	2.9512092267e+09	1.0439689487e+02	9.4472005995e-01	1.0000817602e+00	
48	3.0199517204e+09	3.0199517204e+09	1.0120285813e+02	9.4458567013e-01	1.0000898276e+00	
49	3.0902954325e+09	3.0902954325e+09	9.8088406266e+01	9.4444413031e-01	1.0000987007e+00	
50	3.1622776602e+09	3.1622776602e+09	9.5052366437e+01	9.4429501908e-01	1.0001084613e+00	
51	3.2359365693e+09	3.2359365693e+09	9.2093580444e+01	9.4413788616e-01	1.0001192001e+00	
52	3.3113112148e+09	3.3113112148e+09	8.9210902223e+01	9.4397225006e-01	1.0001310169e+00	
53	3.3884415614e+09	3.3884415614e+09	8.6403195446e+01	9.4379759548e-01	1.0001440222e+00	
54	3.4673685045e+09	3.4673685045e+09	8.3669331263e+01	9.4361337050e-01	1.0001583383e+00	
55	3.5481338923e+09	3.5481338923e+09	8.1008186188e+01	9.4341898339e-01	1.0001741002e+00	
56	3.6307805477e+09	3.6307805477e+09	7.8418640135e+01	9.4321379926e-01	1.0001914574e+00	
57	3.7153522910e+09	3.7153522910e+09	7.5899574636e+01	9.4299713622e-01	1.0002105754e+00	
58	3.8018939632e+09	3.8018939632e+09	7.3449871229e+01	9.4276826122e-01	1.0002316376e+00	
59	3.8904514499e+09	3.8904514499e+09	7.1068410032e+01	9.4252638544e-01	1.0002548471e+00	
60	3.9810717055e+09	3.9810717055e+09	6.8754068510e+01	9.4227065918e-01	1.0002804291e+00	
61	4.0738027780e+09	4.0738027780e+09	6.6505720435e+01	9.4200016625e-01	1.0003086335e+00	
62	4.1686938347e+09	4.1686938347e+09	6.4322235044e+01	9.4171391765e-01	1.0003397374e+00	
63	4.2657951880e+09	4.2657951880e+09	6.2202476389e+01	9.4141084468e-01	1.0003740488e+00	
64	4.3651583224e+09	4.3651583224e+09	6.0145302885e+01	9.4108979116e-01	1.0004119100e+00	
65	4.4668359215e+09	4.4668359215e+09	5.8149567047e+01	9.4074950488e-01	1.0004537014e+00	
66	4.5708818961e+09	4.5708818961e+09	5.6214115406e+01	9.4038862797e-01	1.0004998464e+00	
67	4.6773514129e+09	4.6773514129e+09	5.4337788610e+01	9.4000568621e-01	1.0005508166e+00	
68	4.7863009232e+09	4.7863009232e+09	5.2519421687e+01	9.3959907704e-01	1.0006071374e+00	
69	4.8977881937e+09	4.8977881937e+09	5.0757844466e+01	9.3916705621e-01	1.0006693951e+00	
70	5.0118723363e+09	5.0118723363e+09	4.9051882143e+01	9.3870772268e-01	1.0007382437e+00	
71	5.1286138399e+09	5.1286138399e+09	4.7400355988e+01	9.3821900177e-01	1.0008144145e+00	
72	5.2480746025e+09	5.2480746025e+09	4.5802084161e+01	9.3769862614e-01	1.0008987250e+00	
73	5.3703179637e+09	5.3703179637e+09	4.4255882640e+01	9.3714411444e-01	1.0009920907e+00	
74	5.4954087386e+09	5.4954087386e+09	4.2760566243e+01	9.3655274705e-01	1.0010955372e+00	
75	5.6234132519e+09	5.6234132519e+09	4.1314949723e+01	9.3592153882e-01	1.0012102156e+00	
76	5.7543993734e+09	5.7543993734e+09	3.9917848932e+01	9.3524720809e-01	1.0013374187e+00	
77	5.8884365536e+09	5.8884365536e+09	3.8568082026e+01	9.3452614155e-01	1.0014786005e+00	
78	6.0255958607e+09	6.0255958607e+09	3.7264470710e+01	9.3375435432e-01	1.0016353986e+00	
79	6.1659500186e+09	6.1659500186e+09	3.6005841508e+01	9.3292744440e-01	1.0018096596e+00	
80	6.3095734448e+09	6.3095734448e+09	3.4791027033e+01	9.3204054077e-01	1.0020034691e+00	
81	6.4565422903e+09	6.4565422903e+09	3.3618867262e+01	9.3108824396e-01	1.0022191860e+00	
82	6.6069344801e+09	6.6069344801e+09	3.2488210790e+01	9.3006455801e-01	1.0024594831e+00	
83	6.7608297539e+09	6.7608297539e+09	3.1397916062e+01	9.2896281226e-01	1.0027273934e+00	
84	6.9183097092e+09	6.9183097092e+09	3.0346852573e+01	9.2777557140e-01	1.0030263656e+00	
85	7.0794578438e+09	7.0794578438e+09	2.9333902023e+01	9.2649453170e-01	1.0033603282e+00	
86	7.2443596007e+09	7.2443596007e+09	2.8357959419e+01	9.2511040107e-01	1.0037337655e+00	
87	7.4131024130e+09	7.4131024130e+09	2.7417934127e+01	9.2361276009e-01	1.0041518068e+00	
88	7.5857757503e+09	7.5857757503e+09	2.6512750859e+01	9.2198990067e-01	1.0046203329e+00	
89	7.7624711663e+09	7.7624711663e+09	2.5641350594e+01	9.2022863829e-01	1.0051461021e+00	
90	7.9432823472e+09	7.9432823472e+09	2.4802691433e+01	9.1831409293e-01	1.0057369004e+00	
91	8.1283051616e+09	8.1283051616e+09	2.3995749378e+01	9.1622943294e-01	1.0064017225e+00	
92	8.3176377110e+09	8.3176377110e+09	2.3219519040e+01	9.1395557497e-01	1.0071509877e+00	
93	8.5113803820e+09	8.5113803820e+09	2.2473014278e+01	9.1147083135e-01	1.0079968024e+00	
94	8.7096358996e+09	8.7096358996e+09	2.1755268753e+01	9.0875049514e-01	1.0089532770e+00	
95	8.9125093813e+09	8.9125093813e+09	2.1065336424e+01	9.0576635046e-01	1.0100369129e+00	
96	9.1201083936e+09	9.1201083936e+09	2.0402291957e+01	9.0248609378e-01	1.0112670756e+00	
97	9.3325430080e+09	9.3325430080e+09	1.9765231075e+01	8.9887264836e-01	1.0126665768e+00	
98	9.5499258602e+09	9.5499258602e+09	1.9153270836e+01	8.9488335103e-01	1.0142623946e+00	
99	9.7723722096e+09	9.7723722096e+09	1.8565549844e+01	8.9046898617e-01	1.0160865682e+00	
100	1.0000000000e+10	1.0000000000e+10	1.8001228402e+01	8.8557263689e-01	1.0181773175e+00	
101	1.0232929923e+10	1.0232929923e+10	1.7459488603e+01	8.8012831844e-01	1.0205804510e+00	
102	1.0471285481e+10	1.0471285481e+10	1.6939534364e+01	8.7405935286e-01	1.0233511495e+00	
103	1.0715193052e+10	1.0715193052e+10	1.6440591414e+01	8.6727643817e-01	1.0265562390e+00	
104	1.0964781961e+10	1.0964781961e+10	1.5961907226e+01	8.5967536033e-01	1.0302771096e+00	
105	1.1220184543e+10	1.1220184543e+10	1.5502750906e+01	8.5113429309e-01	1.0346134917e+00	
106	1.1481536215e+10	1.1481536215e+10	1.5062413046e+01	8.4151063257e-01	1.0396883801e+00	
107	1.1748975549e+10	1.1748975549e+10	1.4640205530e+01	8.3063732313e-01	1.0456545100e+00	
108	1.2022644346e+10	1.2022644346e+10	1.4235461317e+01	8.1831865697e-01	1.0527029523e+00	
109	1.2302687708e+10	1.2302687708e+10	1.3847534178e+01	8.0432558127e-01	1.0610746298e+00	
110	1.2589254118e+10	1.2589254118e+10	1.3475798422e+01	7.8839064264e-01	1.0710759102e+00	
111	1.2882495517e+10	1.2882495517e+10	1.3119648587e+01	7.7020286424e-01	1.0830999542e+00	
112	1.3182567386e+10	1.3182567386e+10	1.2778499112e+01	7.4940312879e-01	1.0976562998e+00	
113	1.3489628826e+10	1.3489628826e+10	1.2451783992e+01	7.2558108816e-01	1.1154124093e+00	
114	1.3803842646e+10	1.3803842646e+10	1.2138956416e+01	6.9827532163e-01	1.1372528870e+00	
115	1.4125375446e+10	1.4125375446e+10	1.1839488393e+01	6.6697952619e-01	1.1643653059e+00	
116	1.4454397707e+10	1.4454397707e+10	1.1552870363e+01	6.3115906832e-01	1.1983670222e+00	
117	1.4791083882e+10	1.4791083882e+10	1.1278610806e+01	5.9028436794e-01	1.2414968541e+00	
118	1.5135612484e+10	1.5135612484e+10	1.1016235843e+01	5.4389034586e-01	1.2969128297e+00	
119	1.5488166189e+10	1.5488166189e+10	1.0765288822e+01	4.9167432336e-01	1.3691704727e+00	
120	1.5848931925e+10	1.5848931925e+10	1.0525329918e+01	4.3364750117e-01	1.4650238299e+00	
121	1.6218100974e+10	1.6218100974e+10	1.0295935718e+01	3.7035531398e-01	1.5948390844e+00	
122	1.6595869074e+10	1.6595869074e+10	1.0076698814e+01	3.0317450275e-01	1.7752589459e+00	
123	1.6982436525e+10	1.6982436525e+10	9.8672273905e+00	2.3466930176e-01	2.0346603631e+00	
124	1.7378008287e+10	1.7378008287e+10	9.6671448211e+00	1.6893077827e-01	2.4255970697e+00	
125	1.7782794100e+10	1.7782794100e+10	9.4760892653e+00	1.1173198181e-01	3.0575272287e+00	
126	1.8197008586e+10	1.8197008586e+10	9.2937132699e+00	7.0205658057e-02	4.2023541435e+00	
127	1.8620871367e+10	1.8620871367e+10	9.1196833769e+00	5.0718191628e-02	6.7602017765e+00	
128	1.9054607180e+10	1.9054607180e+10	8.9536797367e+00	5.2933499327e-02	1.3147197543e+01	
129	1.9498445998e+10	1.9498445998e+10	8.7953957288e+00	7.3278695617e-02	6.7980601685e+00	
130	1.9952623150e+10	1.9952623150e+10	8.6445375894e+00	1.1014567220e-01	4.3897382718e+00	
131	2.0417379447e+10	2.0417379447e+10	8.5008240474e+00	1.5893210718e-01	3.3135756541e+00	
132	2.0892961309e+10	2.0892961309e+10	8.3639859693e+00	2.1382546547e-01	2.7156283850e+00	
133	2.1379620895e+10	2.1379620895e+10	8.2337660116e+00	2.7014838799e-01	2.3407031444e+00	
134	2.1877616239e+10	2.1877616239e+10	8.1099182843e+00	3.2482004106e-01	2.0868984744e+00	
135	2.2387211386e+10	2.2387211386e+10	7.9922080225e+00	3.7609134575e-01	1.9057091944e+00	
136	2.2908676528e+10	2.2908676528e+10	7.8804112685e+00	4.2314260990e-01	1.7711814939e+00	
137	2.3442288153e+10	2.3442288153e+10	7.7743145642e+00	4.6573860948e-01	1.6682203860e+00	
138	2.3988329190e+10	2.3988329190e+10	7.6737146530e+00	5.0398208728e-01	1.5874810097e+00	
139	2.4547089157e+10	2.4547089157e+10	7.5784181928e+00	5.3815326179e-01	1.5228908371e+00	
140	2.5118864315e+10	2.5118864315e+10	7.4882414795e+00	5.6861143585e-01	1.4703476931e+00	
141	2.5703957828e+10	2.5703957828e+10	7.4030101809e+00	5.9573761945e-01	1.4269908782e+00	
142	2.6302679919e+10	2.6302679919e+10	7.3225590816e+00	6.1990290042e-01	1.3907716428e+00	
143	2.6915348039e+10	2.6915348039e+10	7.2467318387e+00	6.4145242418e-01	1.3601891132e+00	
144	2.7542287033e+10	2.7542287033e+10	7.1753807484e+00	6.6069854930e-01	1.3341220564e+00	
145	2.8183829313e+10	2.8183829313e+10	7.1083665235e+00	6.7791920911e-01	1.3117184039e+00	
146	2.8840315031e+10	2.8840315031e+10	7.0455580825e+00	6.9335908036e-01	1.2923207806e+00	
147	2.9512092267e+10	2.9512092267e+10	6.9868323483e+00	7.0723213725e-01	1.2754151475e+00	
148	3.0199517204e+10	3.0199517204e+10	6.9320740600e+00	7.1972476803e-01	1.2605946636e+00	
149	3.0902954325e+10	3.0902954325e+10	6.8811755935e+00	7.3099899335e-01	1.2475337986e+00	
150	3.1622776602e+10	3.1622776602e+10	6.8340367954e+00	7.4119554220e-01	1.2359694882e+00	
151	3.2359365693e+10	3.2359365693e+10	6.7905648258e+00	7.5043666782e-01	1.2256872177e+00	
152	3.3113112148e+10	3.3113112148e+10	6.7506740142e+00	7.5882865930e-01	1.2165106075e+00	
153	3.3884415614e+10	3.3884415614e+10	6.7142857252e+00	7.6646404484e-01	1.2082935266e+00	
154	3.4673685045e+10	3.4673685045e+10	6.6813282354e+00	7.7342350383e-01	1.2009140530e+00	
155	3.5481338923e+10	3.5481338923e+10	6.6517366224e+00	7.7977751446e-01	1.1942698029e+00	
156	3.6307805477e+10	3.6307805477e+10	6.6254526635e+00	7.8558776744e-01	1.1882742832e+00	
157	3.7153522910e+10	3.7153522910e+10	6.6024247469e+00	7.9090837547e-01	1.1828540188e+00	
158	3.8018939632e+10	3.8018939632e+10	6.5826077932e+00	7.9578690686e-01	1.1779462713e+00	
159	3.8904514499e+10	3.8904514499e+10	6.5659631889e+00	8.0026526832e-01	1.1734972144e+00	
160	3.9810717055e+10	3.9810717055e+10	6.5524587301e+00	8.0438045916e-01	1.1694604627e+00	
161	4.0738027780e+10	4.0738027780e+10	6.5420685791e+00	8.0816521624e-01	1.1657958794e+00	
162	4.1686938347e+10	4.1686938347e+10	6.5347732309e+00	8.1164856605e-01	1.1624686021e+00	
163	4.2657951880e+10	4.2657951880e+10	6.5305594925e+00	8.1485629798e-01	1.1594482437e+00	
164	4.3651583224e+10	4.3651583224e+10	6.5294204727e+00	8.1781137080e-01	1.1567082319e+00	
165	4.4668359215e+10	4.4668359215e+10	6.5313555848e+00	8.2053426239e-01	1.1542252611e+00	
166	4.5708818961e+10	4.5708818961e+10	6.5363705605e+00	8.2304327117e-01	1.1519788357e+00	
167	4.6773514129e+10	4.6773514129e+10	6.5444774756e+00	8.2535477653e-01	1.1499508858e+00	
168	4.7863009232e+10	4.7863009232e+10	6.5556947890e+00	8.2748346431e-01	1.1481254453e+00	
169	4.8977881937e+10	4.8977881937e+10	6.5700473930e+00	8.2944252234e-01	1.1464883781e+00	
170	5.0118723363e+10	5.0118723363e+10	6.5875666768e+00	8.3124381055e-01	1.1450271464e+00	
171	5.1286138399e+10	5.1286138399e+10	6.6082906031e+00	8.3289800916e-01	1.1437306121e+00	
172	5.2480746025e+10	5.2480746025e+10	6.6322637972e+00	8.3441474816e-01	1.1425888680e+00	
173	5.3703179637e+10	5.3703179637e+10	6.6595376504e+00	8.3580272061e-01	1.1415930914e+00	
174	5.4954087386e+10	5.4954087386e+10	6.6901704367e+00	8.3706978216e-01	1.1407354181e+00	
175	5.6234132519e+10	5.6234132519e+10	6.7242274434e+00	8.3822303846e-01	1.1400088334e+00	
176	5.7543993734e+10	5.7543993734e+10	6.7617811174e+00	8.3926892238e-01	1.1394070770e+00	
177	5.8884365536e+10	5.8884365536e+10	6.8029112253e+00	8.4021326215e-01	1.1389245601e+00	
178	6.0255958607e+10	6.0255958607e+10	6.8477050297e+00	8.4106134182e-01	1.1385562923e+00	
179	6.1659500186e+10	6.1659500186e+10	6.8962574815e+00	8.4181795496e-01	1.1382978176e+00	
180	6.3095734448e+10	6.3095734448e+10	6.9486714283e+00	8.4248745249e-01	1.1381451579e+00	
181	6.4565422903e+10	6.4565422903e+10	7.0050578411e+00	8.4307378547e-01	1.1380947621e+00	
182	6.6069344801e+10	6.6069344801e+10	7.0655360580e+00	8.4358054338e-01	1.1381434614e+00	
183	6.7608297539e+10	6.7608297539e+10	7.1302340468e+00	8.4401098864e-01	1.1382884288e+00	
184	6.9183097092e+10	6.9183097092e+10	7.1992886876e+00	8.4436808762e-01	1.1385271428e+00	
185	7.0794578438e+10	7.0794578438e+10	7.2728460754e+00	8.4465453884e-01	1.1388573544e+00	
186	7.2443596007e+10	7.2443596007e+10	7.3510618444e+00	8.4487279852e-01	1.1392770568e+00	
187	7.4131024130e+10	7.4131024130e+10	7.4341015146e+00	8.4502510391e-01	1.1397844584e+00	
188	7.5857757503e+10	7.5857757503e+10	7.5221408621e+00	8.4511349468e-01	1.1403779567e+00	
189	7.7624711663e+10	7.7624711663e+10	7.6153663150e+00	8.4513983253e-01	1.1410561155e+00	
190	7.9432823472e+10	7.9432823472e+10	7.7139753746e+00	8.4510581940e-01	1.1418176425e+00	
191	8.1283051616e+10	8.1283051616e+10	7.8181770656e+00	8.4501301433e-01	1.1426613690e+00	
192	8.3176377110e+10	8.3176377110e+10	7.9281924157e+00	8.4486284914e-01	1.1435862304e+00	
193	8.5113803820e+10	8.5113803820e+10	8.0442549665e+00	8.4465664322e-01	1.1445912479e+00	
194	8.7096358996e+10	8.7096358996e+10	8.1666113183e+00	8.4439561733e-01	1.1456755111e+00	
195	8.9125093813e+10	8.9125093813e+10	8.2955217109e+00	8.4408090672e-01	1.1468381610e+00	
196	9.1201083936e+10	9.1201083936e+10	8.4312606428e+00	8.4371357358e-01	1.1480783746e+00	
197	9.3325430080e+10	9.3325430080e+10	8.5741175310e+00	8.4329461881e-01	1.1493953487e+00	
198	9.5499258602e+10	9.5499258602e+10	8.7243974164e+00	8.4282499343e-01	1.1507882856e+00	
199	9.7723722096e+10	9.7723722096e+10	8.8824217155e+00	8.4230560930e-01	1.1522563785e+00	
200	1.0000000000e+11	1.0000000000e+11	9.0485290242e+00	8.4173734963e-01	1.1537987976e+00	
SWEEP_END
m_s11_db_lo = -1.184930051e+01
m_s11_db_mid = -9.568888872e+00
m_s11_db_hi = -3.021854613e+00
m_s21_db_lo = 2.0380721729e+01
m_s21_db_mid = 2.0066788049e+01
m_s21_db_hi = 1.6556942072e+01
m_s22_db_lo = -1.021975060e+01
m_s22_db_mid = -2.096534517e+01
m_s22_db_hi = -9.083122991e+00
m_s12_db_lo = -4.733373899e+01
m_s12_db_mid = -4.603553146e+01
m_s12_db_hi = -4.806770678e+01
m_k_lo = 9.5140987942e+00
m_k_mid = 8.8121337179e+00
m_k_hi = 8.2807279866e+00
m_nf_db_lo = 3.5734778174e+00
m_nf_db_mid = 3.8708626855e+00
m_nf_db_hi = 4.3397229510e+00
m_q1_vce = 1.2344220127e+00
m_q1_vbe = 8.1627103887e-01
m_q1_ic = 1.4401691871e-03
m_q1_icfrac = 6.0007049461e-02
m_q1_dtj = 3.1102981851e+00
m_q1_ft = 1.5002832486e+02
m_q2_vce = 1.2612478565e+00
m_q2_vbe = 8.1613540745e-01
m_q2_ic = 1.4369829200e-03
m_q2_icfrac = 5.9874288334e-02
m_q2_dtj = 3.1707387732e+00
m_q2_ft = 1.5210393791e+02
m_qr_vce = 8.2207472427e-01
m_qr_vbe = 8.2207472427e-01
m_qr_ic = 2.0545299054e-04
m_qr_icfrac = 6.8484330180e-02
m_qr_dtj = 1.9216149005e+00
m_qr_ft = 1.4900109248e+02
m_idd_ma = 1.9428474697e+00
m_pdc_mw = 4.8571186742e+00
m_d_lo = 1.2230222716e-01
m_mu_lo = 2.9008757591e+00
m_msg_db_lo = 6.7714460723e+01
m_d_mid = 7.0236465915e-02
m_mu_mid = 7.2407544445e+00
m_msg_db_mid = 6.6102319509e+01
m_d_hi = 2.4957246952e-01
m_mu_hi = 2.4603024051e+00
m_msg_db_hi = 6.4624648854e+01
m_sw_n = 2.0100000000e+02
m_sw_kmin = 6.5294204727e+00
m_sw_fkmin_ghz = 4.3651583224e+01
m_sw_kmin_hi = 6.5294204727e+00
m_sw_kmin_lo = 9.6671448211e+00
m_sw_dmax = 9.4710903433e-01
m_sw_mumin = 1.0000010395e+00
m_sw_nunst = 0.0000000000e+00
Doing analysis at TEMP = 27.000000 and TNOM = 27.000000

Using SPARSE 1.3 as Direct Linear Solver

Initial Transient Solution
--------------------------

Node                                   Voltage
----                                   -------
vdd                                        2.5
xdut.nr                               0.827017
xdut.er                             0.00494196
xdut.xqr.s1                        3.26645e-10
xdut.xqr.t                             1.92161
xdut.b1                               0.820601
xdut.oc                                    2.5
xdut.b2                                2.05489
xdut.c1                                1.23875
xdut.xq2.s1                        2.75858e-09
xdut.xq2.t                             3.17074
xdut.e1                             0.00433013
xdut.xq1.s1                        1.37103e-09
xdut.xq1.t                              3.1103
p1                                           0
xdut.in2                                     0
p2                                           0
s1n                                          0
s2n                                          0
l.xdut.lin#branch                            0
l.xdut.lfeed#branch                 0.00143698
vs2#branch                                   0
vs1#branch                                   0
vdd#branch                         -0.00194285


No. of Data Rows : 59

  Measurements for Transient Analysis

lna_rail_v          =  2.50000e+00

ngspice-46 done
