
Note: No compatibility mode selected!


Circuit: * lna-sparam-nf @ hbt_wcs_27c_2.75v -- generated by sim/harness, do not edit

Doing analysis at TEMP = 27.000000 and TNOM = 27.000000

Using SPARSE 1.3 as Direct Linear Solver

No. of Data Rows : 3
Reset re-loads circuit * lna-sparam-nf @ hbt_wcs_27c_2.75v -- generated by sim/harness, do not edit

Circuit: * lna-sparam-nf @ hbt_wcs_27c_2.75v -- generated by sim/harness, do not edit

Doing analysis at TEMP = 27.000000 and TNOM = 27.000000

Using SPARSE 1.3 as Direct Linear Solver

No. of Data Rows : 3
Reset re-loads circuit * lna-sparam-nf @ hbt_wcs_27c_2.75v -- generated by sim/harness, do not edit

Circuit: * lna-sparam-nf @ hbt_wcs_27c_2.75v -- generated by sim/harness, do not edit

Doing analysis at TEMP = 27.000000 and TNOM = 27.000000

Using SPARSE 1.3 as Direct Linear Solver

No. of Data Rows : 3

No. of Data Rows : 1
m_s11_db_lo = -8.424602023e-01
m_s11_db_mid = -8.973428347e-01
m_s11_db_hi = -9.563871234e-01
m_s21_db_lo = 7.9142095196e+00
m_s21_db_mid = 7.8539041137e+00
m_s21_db_hi = 7.7887800118e+00
m_s22_db_lo = -4.830175004e+00
m_s22_db_mid = -4.884159246e+00
m_s22_db_hi = -4.941240081e+00
m_s12_db_lo = -2.457865626e+01
m_s12_db_mid = -2.382308681e+01
m_s12_db_hi = -2.314245902e+01
m_k_lo = 4.2317874584e-01
m_k_mid = 4.2317296753e-01
m_k_hi = 4.2639241886e-01
m_nf_db_lo = 4.7725314799e+00
m_nf_db_mid = 4.7824252307e+00
m_nf_db_hi = 4.7933382767e+00
Note: Simulation executed from .control section 

