
Note: No compatibility mode selected!


Circuit: * lna-sparam-nf @ hbt_bcs_125c_2.50v -- generated by sim/harness, do not edit

Doing analysis at TEMP = 125.000000 and TNOM = 27.000000

Using SPARSE 1.3 as Direct Linear Solver

No. of Data Rows : 3
Reset re-loads circuit * lna-sparam-nf @ hbt_bcs_125c_2.50v -- generated by sim/harness, do not edit

Circuit: * lna-sparam-nf @ hbt_bcs_125c_2.50v -- generated by sim/harness, do not edit

Doing analysis at TEMP = 125.000000 and TNOM = 27.000000

Using SPARSE 1.3 as Direct Linear Solver

No. of Data Rows : 3
Reset re-loads circuit * lna-sparam-nf @ hbt_bcs_125c_2.50v -- generated by sim/harness, do not edit

Circuit: * lna-sparam-nf @ hbt_bcs_125c_2.50v -- generated by sim/harness, do not edit

Doing analysis at TEMP = 125.000000 and TNOM = 27.000000

Using SPARSE 1.3 as Direct Linear Solver

No. of Data Rows : 3

No. of Data Rows : 1
m_s11_db_lo = -7.804977796e-01
m_s11_db_mid = -8.311840898e-01
m_s11_db_hi = -8.856426369e-01
m_s21_db_lo = 1.0153915332e+01
m_s21_db_mid = 1.0093047296e+01
m_s21_db_hi = 1.0027244080e+01
m_s22_db_lo = -4.712101054e+00
m_s22_db_mid = -4.766057294e+00
m_s22_db_hi = -4.823131617e+00
m_s12_db_lo = -2.516103813e+01
m_s12_db_mid = -2.440319915e+01
m_s12_db_hi = -2.372092504e+01
m_k_lo = 2.8228909853e-01
m_k_mid = 2.8563294389e-01
m_k_hi = 2.9088278932e-01
m_nf_db_lo = 4.4044259491e+00
m_nf_db_mid = 4.4151475407e+00
m_nf_db_hi = 4.4269941697e+00
Note: Simulation executed from .control section 



The temperature limiting function received NaN.
Please check your power dissipation and improve your heat sink Rth!
    This message will be shown only once.

Note: Starting dynamic gmin stepping
Note: Dynamic gmin stepping completed
Note: Starting dynamic gmin stepping
Note: Dynamic gmin stepping completed
Note: Starting dynamic gmin stepping
Note: Dynamic gmin stepping completed
