
Note: No compatibility mode selected!


Circuit: * lna-sparam-nf @ hbt_bcs_125c_2.25v -- generated by sim/harness, do not edit

Doing analysis at TEMP = 125.000000 and TNOM = 27.000000

Using SPARSE 1.3 as Direct Linear Solver

No. of Data Rows : 3
Reset re-loads circuit * lna-sparam-nf @ hbt_bcs_125c_2.25v -- generated by sim/harness, do not edit

Circuit: * lna-sparam-nf @ hbt_bcs_125c_2.25v -- generated by sim/harness, do not edit

Doing analysis at TEMP = 125.000000 and TNOM = 27.000000

Using SPARSE 1.3 as Direct Linear Solver

No. of Data Rows : 3
Reset re-loads circuit * lna-sparam-nf @ hbt_bcs_125c_2.25v -- generated by sim/harness, do not edit

Circuit: * lna-sparam-nf @ hbt_bcs_125c_2.25v -- generated by sim/harness, do not edit

Doing analysis at TEMP = 125.000000 and TNOM = 27.000000

Using SPARSE 1.3 as Direct Linear Solver

No. of Data Rows : 3

No. of Data Rows : 1
m_s11_db_lo = -8.058079266e-01
m_s11_db_mid = -8.602881765e-01
m_s11_db_hi = -9.187477785e-01
m_s21_db_lo = 1.0104705244e+01
m_s21_db_mid = 1.0039304927e+01
m_s21_db_hi = 9.9687047377e+00
m_s22_db_lo = -4.734914779e+00
m_s22_db_mid = -4.792850318e+00
m_s22_db_hi = -4.854100315e+00
m_s12_db_lo = -2.469500088e+01
m_s12_db_mid = -2.394183527e+01
m_s12_db_hi = -2.326451147e+01
m_k_lo = 2.7817658117e-01
m_k_mid = 2.8267959864e-01
m_k_hi = 2.8896434719e-01
m_nf_db_lo = 4.4019560087e+00
m_nf_db_mid = 4.4128278603e+00
m_nf_db_hi = 4.4248356110e+00
Note: Simulation executed from .control section 



The temperature limiting function received NaN.
Please check your power dissipation and improve your heat sink Rth!
    This message will be shown only once.

Note: Starting dynamic gmin stepping
Note: Dynamic gmin stepping completed
Note: Starting dynamic gmin stepping
Note: Dynamic gmin stepping completed
Note: Starting dynamic gmin stepping
Note: Dynamic gmin stepping completed
