
Note: No compatibility mode selected!


Circuit: * lna-sparam-nf @ hbt_wcs_125c_2.50v -- generated by sim/harness, do not edit

Doing analysis at TEMP = 125.000000 and TNOM = 27.000000

Using SPARSE 1.3 as Direct Linear Solver

No. of Data Rows : 3
Reset re-loads circuit * lna-sparam-nf @ hbt_wcs_125c_2.50v -- generated by sim/harness, do not edit

Circuit: * lna-sparam-nf @ hbt_wcs_125c_2.50v -- generated by sim/harness, do not edit

Doing analysis at TEMP = 125.000000 and TNOM = 27.000000

Using SPARSE 1.3 as Direct Linear Solver

No. of Data Rows : 3
Reset re-loads circuit * lna-sparam-nf @ hbt_wcs_125c_2.50v -- generated by sim/harness, do not edit

Circuit: * lna-sparam-nf @ hbt_wcs_125c_2.50v -- generated by sim/harness, do not edit

Doing analysis at TEMP = 125.000000 and TNOM = 27.000000

Using SPARSE 1.3 as Direct Linear Solver

No. of Data Rows : 3

No. of Data Rows : 1
m_s11_db_lo = -9.570144381e-01
m_s11_db_mid = -1.023878927e+00
m_s11_db_hi = -1.095582947e+00
m_s21_db_lo = 7.5782201796e+00
m_s21_db_mid = 7.5059472328e+00
m_s21_db_hi = 7.4281697725e+00
m_s22_db_lo = -4.772039408e+00
m_s22_db_mid = -4.835130384e+00
m_s22_db_hi = -4.901705865e+00
m_s12_db_lo = -2.437377712e+01
m_s12_db_mid = -2.362793022e+01
m_s12_db_hi = -2.295821966e+01
m_k_lo = 4.6435843356e-01
m_k_mid = 4.6930333396e-01
m_k_hi = 4.7739800655e-01
m_nf_db_lo = 5.6941553342e+00
m_nf_db_mid = 5.7085962087e+00
m_nf_db_hi = 5.7244769606e+00
Note: Simulation executed from .control section 



The temperature limiting function received NaN.
Please check your power dissipation and improve your heat sink Rth!
    This message will be shown only once.

Note: Starting dynamic gmin stepping
Note: Dynamic gmin stepping completed
Note: Starting dynamic gmin stepping
Note: Dynamic gmin stepping completed
Note: Starting dynamic gmin stepping
Note: Dynamic gmin stepping completed
