
Note: No compatibility mode selected!


Circuit: * lna-sparam-nf @ hbt_typ_-40c_2.50v -- generated by sim/harness, do not edit

Doing analysis at TEMP = -40.000000 and TNOM = 27.000000

Using SPARSE 1.3 as Direct Linear Solver

No. of Data Rows : 3
Reset re-loads circuit * lna-sparam-nf @ hbt_typ_-40c_2.50v -- generated by sim/harness, do not edit

Circuit: * lna-sparam-nf @ hbt_typ_-40c_2.50v -- generated by sim/harness, do not edit

Doing analysis at TEMP = -40.000000 and TNOM = 27.000000

Using SPARSE 1.3 as Direct Linear Solver

No. of Data Rows : 3
Reset re-loads circuit * lna-sparam-nf @ hbt_typ_-40c_2.50v -- generated by sim/harness, do not edit

Circuit: * lna-sparam-nf @ hbt_typ_-40c_2.50v -- generated by sim/harness, do not edit

Doing analysis at TEMP = -40.000000 and TNOM = 27.000000

Using SPARSE 1.3 as Direct Linear Solver

No. of Data Rows : 3

No. of Data Rows : 1
m_s11_db_lo = -6.346108640e-01
m_s11_db_mid = -6.734703686e-01
m_s11_db_hi = -7.154362699e-01
m_s21_db_lo = 8.4837351157e+00
m_s21_db_mid = 8.4393706440e+00
m_s21_db_hi = 8.3911836331e+00
m_s22_db_lo = -4.696527213e+00
m_s22_db_mid = -4.736844220e+00
m_s22_db_hi = -4.779490596e+00
m_s12_db_lo = -2.512887701e+01
m_s12_db_mid = -2.435574779e+01
m_s12_db_hi = -2.365694602e+01
m_k_lo = 2.9842441183e-01
m_k_mid = 2.9809881637e-01
m_k_hi = 3.0009000781e-01
m_nf_db_lo = 3.7396836683e+00
m_nf_db_mid = 3.7450214652e+00
m_nf_db_hi = 3.7509512211e+00
Note: Simulation executed from .control section 

