
Note: No compatibility mode selected!


Circuit: * lna-sparam-nf @ hbt_wcs_125c_2.25v -- generated by sim/harness, do not edit

Doing analysis at TEMP = 125.000000 and TNOM = 27.000000

Using SPARSE 1.3 as Direct Linear Solver

No. of Data Rows : 3
Reset re-loads circuit * lna-sparam-nf @ hbt_wcs_125c_2.25v -- generated by sim/harness, do not edit

Circuit: * lna-sparam-nf @ hbt_wcs_125c_2.25v -- generated by sim/harness, do not edit

Doing analysis at TEMP = 125.000000 and TNOM = 27.000000

Using SPARSE 1.3 as Direct Linear Solver

No. of Data Rows : 3
Reset re-loads circuit * lna-sparam-nf @ hbt_wcs_125c_2.25v -- generated by sim/harness, do not edit

Circuit: * lna-sparam-nf @ hbt_wcs_125c_2.25v -- generated by sim/harness, do not edit

Doing analysis at TEMP = 125.000000 and TNOM = 27.000000

Using SPARSE 1.3 as Direct Linear Solver

No. of Data Rows : 3

No. of Data Rows : 1
m_s11_db_lo = -9.390085670e-01
m_s11_db_mid = -1.007594062e+00
m_s11_db_hi = -1.081104768e+00
m_s21_db_lo = 7.5374911995e+00
m_s21_db_mid = 7.4634550574e+00
m_s21_db_hi = 7.3838242173e+00
m_s22_db_lo = -4.746632891e+00
m_s22_db_mid = -4.811492103e+00
m_s22_db_hi = -4.879908210e+00
m_s12_db_lo = -2.418418427e+01
m_s12_db_mid = -2.344004694e+01
m_s12_db_hi = -2.277218834e+01
m_k_lo = 4.4188938928e-01
m_k_mid = 4.4925662629e-01
m_k_hi = 4.5940841365e-01
m_nf_db_lo = 5.6993791617e+00
m_nf_db_mid = 5.7138165935e+00
m_nf_db_hi = 5.7296908531e+00
Note: Simulation executed from .control section 



The temperature limiting function received NaN.
Please check your power dissipation and improve your heat sink Rth!
    This message will be shown only once.

Note: Starting dynamic gmin stepping
Note: Dynamic gmin stepping completed
Note: Starting dynamic gmin stepping
Note: Dynamic gmin stepping completed
Note: Starting dynamic gmin stepping
Note: Dynamic gmin stepping completed
