
Note: No compatibility mode selected!


Circuit: * lna-sparam-nf @ hbt_typ_27c_2.75v -- generated by sim/harness, do not edit

Doing analysis at TEMP = 27.000000 and TNOM = 27.000000

Using SPARSE 1.3 as Direct Linear Solver

No. of Data Rows : 3
Reset re-loads circuit * lna-sparam-nf @ hbt_typ_27c_2.75v -- generated by sim/harness, do not edit

Circuit: * lna-sparam-nf @ hbt_typ_27c_2.75v -- generated by sim/harness, do not edit

Doing analysis at TEMP = 27.000000 and TNOM = 27.000000

Using SPARSE 1.3 as Direct Linear Solver

No. of Data Rows : 3
Reset re-loads circuit * lna-sparam-nf @ hbt_typ_27c_2.75v -- generated by sim/harness, do not edit

Circuit: * lna-sparam-nf @ hbt_typ_27c_2.75v -- generated by sim/harness, do not edit

Doing analysis at TEMP = 27.000000 and TNOM = 27.000000

Using SPARSE 1.3 as Direct Linear Solver

No. of Data Rows : 3

No. of Data Rows : 1
m_s11_db_lo = -7.673862562e-01
m_s11_db_mid = -8.135091777e-01
m_s11_db_hi = -8.632062114e-01
m_s21_db_lo = 8.9815963409e+00
m_s21_db_mid = 8.9285676327e+00
m_s21_db_hi = 8.8711343561e+00
m_s22_db_lo = -4.769632610e+00
m_s22_db_mid = -4.817250712e+00
m_s22_db_hi = -4.867647882e+00
m_s12_db_lo = -2.514422582e+01
m_s12_db_mid = -2.438009302e+01
m_s12_db_hi = -2.369070395e+01
m_k_lo = 3.4863174377e-01
m_k_mid = 3.4728934388e-01
m_k_hi = 3.4872469540e-01
m_nf_db_lo = 4.2209684319e+00
m_nf_db_mid = 4.2292191582e+00
m_nf_db_hi = 4.2383455151e+00
Note: Simulation executed from .control section 

