
Note: No compatibility mode selected!


Circuit: * lna-sparam-nf @ hbt_bcs_-40c_2.25v -- generated by sim/harness, do not edit

Doing analysis at TEMP = -40.000000 and TNOM = 27.000000

Using SPARSE 1.3 as Direct Linear Solver

No. of Data Rows : 3
Reset re-loads circuit * lna-sparam-nf @ hbt_bcs_-40c_2.25v -- generated by sim/harness, do not edit

Circuit: * lna-sparam-nf @ hbt_bcs_-40c_2.25v -- generated by sim/harness, do not edit

Doing analysis at TEMP = -40.000000 and TNOM = 27.000000

Using SPARSE 1.3 as Direct Linear Solver

No. of Data Rows : 3
Reset re-loads circuit * lna-sparam-nf @ hbt_bcs_-40c_2.25v -- generated by sim/harness, do not edit

Circuit: * lna-sparam-nf @ hbt_bcs_-40c_2.25v -- generated by sim/harness, do not edit

Doing analysis at TEMP = -40.000000 and TNOM = 27.000000

Using SPARSE 1.3 as Direct Linear Solver

No. of Data Rows : 3

No. of Data Rows : 1
m_s11_db_lo = -5.865325440e-01
m_s11_db_mid = -6.181138161e-01
m_s11_db_hi = -6.522660103e-01
m_s21_db_lo = 9.3011946310e+00
m_s21_db_mid = 9.2634071391e+00
m_s21_db_hi = 9.2222314130e+00
m_s22_db_lo = -4.626692858e+00
m_s22_db_mid = -4.660811447e+00
m_s22_db_hi = -4.696869221e+00
m_s12_db_lo = -2.572838437e+01
m_s12_db_mid = -2.494788123e+01
m_s12_db_hi = -2.424139623e+01
m_k_lo = 2.4784998604e-01
m_k_mid = 2.4624486189e-01
m_k_hi = 2.4667598404e-01
m_nf_db_lo = 3.3104790443e+00
m_nf_db_mid = 3.3145201643e+00
m_nf_db_hi = 3.3190373520e+00
Note: Simulation executed from .control section 

