
Note: No compatibility mode selected!


Circuit: * lna-sparam-nf @ hbt_bcs_125c_2.75v -- generated by sim/harness, do not edit

Doing analysis at TEMP = 125.000000 and TNOM = 27.000000

Using SPARSE 1.3 as Direct Linear Solver

No. of Data Rows : 3
Reset re-loads circuit * lna-sparam-nf @ hbt_bcs_125c_2.75v -- generated by sim/harness, do not edit

Circuit: * lna-sparam-nf @ hbt_bcs_125c_2.75v -- generated by sim/harness, do not edit

Doing analysis at TEMP = 125.000000 and TNOM = 27.000000

Using SPARSE 1.3 as Direct Linear Solver

No. of Data Rows : 3
Reset re-loads circuit * lna-sparam-nf @ hbt_bcs_125c_2.75v -- generated by sim/harness, do not edit

Circuit: * lna-sparam-nf @ hbt_bcs_125c_2.75v -- generated by sim/harness, do not edit

Doing analysis at TEMP = 125.000000 and TNOM = 27.000000

Using SPARSE 1.3 as Direct Linear Solver

No. of Data Rows : 3

No. of Data Rows : 1
m_s11_db_lo = -7.702786788e-01
m_s11_db_mid = -8.190582583e-01
m_s11_db_hi = -8.715025585e-01
m_s21_db_lo = 1.0180407427e+01
m_s21_db_mid = 1.0121835513e+01
m_s21_db_hi = 1.0058464316e+01
m_s22_db_lo = -4.701492008e+00
m_s22_db_mid = -4.753434904e+00
m_s22_db_hi = -4.808399896e+00
m_s12_db_lo = -2.542175035e+01
m_s12_db_mid = -2.466154033e+01
m_s12_db_hi = -2.397675279e+01
m_k_lo = 2.8634583127e-01
m_k_mid = 2.8896565905e-01
m_k_hi = 2.9358065954e-01
m_nf_db_lo = 4.4097872111e+00
m_nf_db_mid = 4.4205028113e+00
m_nf_db_hi = 4.4323450396e+00
Note: Simulation executed from .control section 



The temperature limiting function received NaN.
Please check your power dissipation and improve your heat sink Rth!
    This message will be shown only once.

Note: Starting dynamic gmin stepping
Note: Dynamic gmin stepping completed
Note: Starting dynamic gmin stepping
Note: Dynamic gmin stepping completed
Note: Starting dynamic gmin stepping
Note: Dynamic gmin stepping completed
