
Note: No compatibility mode selected!


Circuit: * lna-sparam-nf @ hbt_typ_27c_2.25v -- generated by sim/harness, do not edit

Doing analysis at TEMP = 27.000000 and TNOM = 27.000000

Using SPARSE 1.3 as Direct Linear Solver

No. of Data Rows : 3
Reset re-loads circuit * lna-sparam-nf @ hbt_typ_27c_2.25v -- generated by sim/harness, do not edit

Circuit: * lna-sparam-nf @ hbt_typ_27c_2.25v -- generated by sim/harness, do not edit

Doing analysis at TEMP = 27.000000 and TNOM = 27.000000

Using SPARSE 1.3 as Direct Linear Solver

No. of Data Rows : 3
Reset re-loads circuit * lna-sparam-nf @ hbt_typ_27c_2.25v -- generated by sim/harness, do not edit

Circuit: * lna-sparam-nf @ hbt_typ_27c_2.25v -- generated by sim/harness, do not edit

Doing analysis at TEMP = 27.000000 and TNOM = 27.000000

Using SPARSE 1.3 as Direct Linear Solver

No. of Data Rows : 3

No. of Data Rows : 1
m_s11_db_lo = -7.137050914e-01
m_s11_db_mid = -7.606210701e-01
m_s11_db_hi = -8.111563066e-01
m_s21_db_lo = 8.6707626540e+00
m_s21_db_mid = 8.6173751838e+00
m_s21_db_hi = 8.5595589491e+00
m_s22_db_lo = -4.676546300e+00
m_s22_db_mid = -4.724581079e+00
m_s22_db_hi = -4.775392460e+00
m_s12_db_lo = -2.491277029e+01
m_s12_db_mid = -2.414784938e+01
m_s12_db_hi = -2.345801841e+01
m_k_lo = 3.0771918657e-01
m_k_mid = 3.1067652189e-01
m_k_hi = 3.1576135244e-01
m_nf_db_lo = 4.2960671749e+00
m_nf_db_mid = 4.3039640941e+00
m_nf_db_hi = 4.3127028800e+00
Note: Simulation executed from .control section 

