
Note: No compatibility mode selected!


Circuit: * lna-sparam-nf @ hbt_wcs_125c_2.75v -- generated by sim/harness, do not edit

Doing analysis at TEMP = 125.000000 and TNOM = 27.000000

Using SPARSE 1.3 as Direct Linear Solver

No. of Data Rows : 3
Reset re-loads circuit * lna-sparam-nf @ hbt_wcs_125c_2.75v -- generated by sim/harness, do not edit

Circuit: * lna-sparam-nf @ hbt_wcs_125c_2.75v -- generated by sim/harness, do not edit

Doing analysis at TEMP = 125.000000 and TNOM = 27.000000

Using SPARSE 1.3 as Direct Linear Solver

No. of Data Rows : 3
Reset re-loads circuit * lna-sparam-nf @ hbt_wcs_125c_2.75v -- generated by sim/harness, do not edit

Circuit: * lna-sparam-nf @ hbt_wcs_125c_2.75v -- generated by sim/harness, do not edit

Doing analysis at TEMP = 125.000000 and TNOM = 27.000000

Using SPARSE 1.3 as Direct Linear Solver

No. of Data Rows : 3

No. of Data Rows : 1
m_s11_db_lo = -1.014531388e+00
m_s11_db_mid = -1.080248720e+00
m_s11_db_hi = -1.150749818e+00
m_s21_db_lo = 7.6901751951e+00
m_s21_db_mid = 7.6188068256e+00
m_s21_db_hi = 7.5419836870e+00
m_s22_db_lo = -4.853757902e+00
m_s22_db_mid = -4.915890177e+00
m_s22_db_hi = -4.981473100e+00
m_s12_db_lo = -2.453315744e+01
m_s12_db_mid = -2.378787374e+01
m_s12_db_hi = -2.311828649e+01
m_k_lo = 5.1095513917e-01
m_k_mid = 5.1136242375e-01
m_k_hi = 5.1562603415e-01
m_nf_db_lo = 5.6668783760e+00
m_nf_db_mid = 5.6815096794e+00
m_nf_db_hi = 5.6976015284e+00
Note: Simulation executed from .control section 



The temperature limiting function received NaN.
Please check your power dissipation and improve your heat sink Rth!
    This message will be shown only once.

Note: Starting dynamic gmin stepping
Note: Dynamic gmin stepping completed
Note: Starting dynamic gmin stepping
Note: Dynamic gmin stepping completed
Note: Starting dynamic gmin stepping
Note: Dynamic gmin stepping completed
