
Note: No compatibility mode selected!


Circuit: * lna-sparam-nf @ hbt_typ_-40c_2.75v -- generated by sim/harness, do not edit

Doing analysis at TEMP = -40.000000 and TNOM = 27.000000

Using SPARSE 1.3 as Direct Linear Solver

No. of Data Rows : 3
Reset re-loads circuit * lna-sparam-nf @ hbt_typ_-40c_2.75v -- generated by sim/harness, do not edit

Circuit: * lna-sparam-nf @ hbt_typ_-40c_2.75v -- generated by sim/harness, do not edit

Doing analysis at TEMP = -40.000000 and TNOM = 27.000000

Using SPARSE 1.3 as Direct Linear Solver

No. of Data Rows : 3
Reset re-loads circuit * lna-sparam-nf @ hbt_typ_-40c_2.75v -- generated by sim/harness, do not edit

Circuit: * lna-sparam-nf @ hbt_typ_-40c_2.75v -- generated by sim/harness, do not edit

Doing analysis at TEMP = -40.000000 and TNOM = 27.000000

Using SPARSE 1.3 as Direct Linear Solver

No. of Data Rows : 3

No. of Data Rows : 1
m_s11_db_lo = -6.650930395e-01
m_s11_db_mid = -7.045036017e-01
m_s11_db_hi = -7.470579970e-01
m_s21_db_lo = 8.9295825823e+00
m_s21_db_mid = 8.8840534891e+00
m_s21_db_hi = 8.8346236263e+00
m_s22_db_lo = -4.766471787e+00
m_s22_db_mid = -4.807766890e+00
m_s22_db_hi = -4.851467260e+00
m_s12_db_lo = -2.519767528e+01
m_s12_db_mid = -2.442714084e+01
m_s12_db_hi = -2.373063265e+01
m_k_lo = 3.1236829213e-01
m_k_mid = 3.1015309489e-01
m_k_hi = 3.1050455246e-01
m_nf_db_lo = 3.6365210665e+00
m_nf_db_mid = 3.6421131534e+00
m_nf_db_hi = 3.6483191848e+00
Note: Simulation executed from .control section 

