
Note: No compatibility mode selected!


Circuit: * lna-sparam-nf @ hbt_wcs_27c_2.50v -- generated by sim/harness, do not edit

Doing analysis at TEMP = 27.000000 and TNOM = 27.000000

Using SPARSE 1.3 as Direct Linear Solver

No. of Data Rows : 3
Reset re-loads circuit * lna-sparam-nf @ hbt_wcs_27c_2.50v -- generated by sim/harness, do not edit

Circuit: * lna-sparam-nf @ hbt_wcs_27c_2.50v -- generated by sim/harness, do not edit

Doing analysis at TEMP = 27.000000 and TNOM = 27.000000

Using SPARSE 1.3 as Direct Linear Solver

No. of Data Rows : 3
Reset re-loads circuit * lna-sparam-nf @ hbt_wcs_27c_2.50v -- generated by sim/harness, do not edit

Circuit: * lna-sparam-nf @ hbt_wcs_27c_2.50v -- generated by sim/harness, do not edit

Doing analysis at TEMP = 27.000000 and TNOM = 27.000000

Using SPARSE 1.3 as Direct Linear Solver

No. of Data Rows : 3

No. of Data Rows : 1
m_s11_db_lo = -8.008276412e-01
m_s11_db_mid = -8.557200740e-01
m_s11_db_hi = -9.147732143e-01
m_s21_db_lo = 7.6302276818e+00
m_s21_db_mid = 7.5703765291e+00
m_s21_db_hi = 7.5057345506e+00
m_s22_db_lo = -4.753423673e+00
m_s22_db_mid = -4.806982136e+00
m_s22_db_hi = -4.863596196e+00
m_s12_db_lo = -2.447914141e+01
m_s12_db_mid = -2.372150252e+01
m_s12_db_hi = -2.303920686e+01
m_k_lo = 3.9702922262e-01
m_k_mid = 3.9997848348e-01
m_k_hi = 4.0572780329e-01
m_nf_db_lo = 4.8457401514e+00
m_nf_db_mid = 4.8553603424e+00
m_nf_db_hi = 4.8659728017e+00
Note: Simulation executed from .control section 

