
Note: No compatibility mode selected!


Circuit: * lna-sparam-nf @ hbt_wcs_-40c_2.50v -- generated by sim/harness, do not edit

Doing analysis at TEMP = -40.000000 and TNOM = 27.000000

Using SPARSE 1.3 as Direct Linear Solver

No. of Data Rows : 3
Reset re-loads circuit * lna-sparam-nf @ hbt_wcs_-40c_2.50v -- generated by sim/harness, do not edit

Circuit: * lna-sparam-nf @ hbt_wcs_-40c_2.50v -- generated by sim/harness, do not edit

Doing analysis at TEMP = -40.000000 and TNOM = 27.000000

Using SPARSE 1.3 as Direct Linear Solver

No. of Data Rows : 3
Reset re-loads circuit * lna-sparam-nf @ hbt_wcs_-40c_2.50v -- generated by sim/harness, do not edit

Circuit: * lna-sparam-nf @ hbt_wcs_-40c_2.50v -- generated by sim/harness, do not edit

Doing analysis at TEMP = -40.000000 and TNOM = 27.000000

Using SPARSE 1.3 as Direct Linear Solver

No. of Data Rows : 3

No. of Data Rows : 1
m_s11_db_lo = -6.680227660e-01
m_s11_db_mid = -7.145799311e-01
m_s11_db_hi = -7.647855205e-01
m_s21_db_lo = 7.3603501200e+00
m_s21_db_mid = 7.3096353883e+00
m_s21_db_hi = 7.2547095010e+00
m_s22_db_lo = -4.721080128e+00
m_s22_db_mid = -4.767200884e+00
m_s22_db_hi = -4.815968727e+00
m_s12_db_lo = -2.451054268e+01
m_s12_db_mid = -2.374423073e+01
m_s12_db_hi = -2.305265639e+01
m_k_lo = 3.4591729267e-01
m_k_mid = 3.4869098637e-01
m_k_hi = 3.5389059357e-01
m_nf_db_lo = 4.2769394458e+00
m_nf_db_mid = 4.2835030971e+00
m_nf_db_hi = 4.2907668991e+00
Note: Simulation executed from .control section 

