
Note: No compatibility mode selected!


Circuit: * lna-sparam-nf @ hbt_bcs_27c_2.50v -- generated by sim/harness, do not edit

Doing analysis at TEMP = 27.000000 and TNOM = 27.000000

Using SPARSE 1.3 as Direct Linear Solver

No. of Data Rows : 3
Reset re-loads circuit * lna-sparam-nf @ hbt_bcs_27c_2.50v -- generated by sim/harness, do not edit

Circuit: * lna-sparam-nf @ hbt_bcs_27c_2.50v -- generated by sim/harness, do not edit

Doing analysis at TEMP = 27.000000 and TNOM = 27.000000

Using SPARSE 1.3 as Direct Linear Solver

No. of Data Rows : 3
Reset re-loads circuit * lna-sparam-nf @ hbt_bcs_27c_2.50v -- generated by sim/harness, do not edit

Circuit: * lna-sparam-nf @ hbt_bcs_27c_2.50v -- generated by sim/harness, do not edit

Doing analysis at TEMP = 27.000000 and TNOM = 27.000000

Using SPARSE 1.3 as Direct Linear Solver

No. of Data Rows : 3

No. of Data Rows : 1
m_s11_db_lo = -6.658543690e-01
m_s11_db_mid = -7.042728785e-01
m_s11_db_hi = -7.457173477e-01
m_s21_db_lo = 9.9650099931e+00
m_s21_db_mid = 9.9186328454e+00
m_s21_db_hi = 9.8682550907e+00
m_s22_db_lo = -4.664650639e+00
m_s22_db_mid = -4.706193565e+00
m_s22_db_hi = -4.750159573e+00
m_s12_db_lo = -2.566131481e+01
m_s12_db_mid = -2.488913959e+01
m_s12_db_hi = -2.419158908e+01
m_k_lo = 2.5935970162e-01
m_k_mid = 2.5936809688e-01
m_k_hi = 2.6137312248e-01
m_nf_db_lo = 3.7257951750e+00
m_nf_db_mid = 3.7322583244e+00
m_nf_db_hi = 3.7394361881e+00
Note: Simulation executed from .control section 

