
Note: No compatibility mode selected!


Circuit: * lna-sparam-nf @ hbt_wcs_27c_2.25v -- generated by sim/harness, do not edit

Doing analysis at TEMP = 27.000000 and TNOM = 27.000000

Using SPARSE 1.3 as Direct Linear Solver

No. of Data Rows : 3
Reset re-loads circuit * lna-sparam-nf @ hbt_wcs_27c_2.25v -- generated by sim/harness, do not edit

Circuit: * lna-sparam-nf @ hbt_wcs_27c_2.25v -- generated by sim/harness, do not edit

Doing analysis at TEMP = 27.000000 and TNOM = 27.000000

Using SPARSE 1.3 as Direct Linear Solver

No. of Data Rows : 3
Reset re-loads circuit * lna-sparam-nf @ hbt_wcs_27c_2.25v -- generated by sim/harness, do not edit

Circuit: * lna-sparam-nf @ hbt_wcs_27c_2.25v -- generated by sim/harness, do not edit

Doing analysis at TEMP = 27.000000 and TNOM = 27.000000

Using SPARSE 1.3 as Direct Linear Solver

No. of Data Rows : 3

No. of Data Rows : 1
m_s11_db_lo = -7.782685710e-01
m_s11_db_mid = -8.335441127e-01
m_s11_db_hi = -8.930014123e-01
m_s21_db_lo = 7.4329933038e+00
m_s21_db_mid = 7.3730050836e+00
m_s21_db_hi = 7.3082208765e+00
m_s22_db_lo = -4.707480390e+00
m_s22_db_mid = -4.761174289e+00
m_s22_db_hi = -4.817915024e+00
m_s12_db_lo = -2.435960867e+01
m_s12_db_mid = -2.360172768e+01
m_s12_db_hi = -2.291932813e+01
m_k_lo = 3.8010333373e-01
m_k_mid = 3.8510501435e-01
m_k_hi = 3.9261484578e-01
m_nf_db_lo = 4.8969331771e+00
m_nf_db_mid = 4.9064259565e+00
m_nf_db_hi = 4.9168982363e+00
Note: Simulation executed from .control section 

