
Note: No compatibility mode selected!


Circuit: * lna-sparam-nf @ hbt_bcs_-40c_2.75v -- generated by sim/harness, do not edit

Doing analysis at TEMP = -40.000000 and TNOM = 27.000000

Using SPARSE 1.3 as Direct Linear Solver

No. of Data Rows : 3
Reset re-loads circuit * lna-sparam-nf @ hbt_bcs_-40c_2.75v -- generated by sim/harness, do not edit

Circuit: * lna-sparam-nf @ hbt_bcs_-40c_2.75v -- generated by sim/harness, do not edit

Doing analysis at TEMP = -40.000000 and TNOM = 27.000000

Using SPARSE 1.3 as Direct Linear Solver

No. of Data Rows : 3
Reset re-loads circuit * lna-sparam-nf @ hbt_bcs_-40c_2.75v -- generated by sim/harness, do not edit

Circuit: * lna-sparam-nf @ hbt_bcs_-40c_2.75v -- generated by sim/harness, do not edit

Doing analysis at TEMP = -40.000000 and TNOM = 27.000000

Using SPARSE 1.3 as Direct Linear Solver

No. of Data Rows : 3

No. of Data Rows : 1
m_s11_db_lo = -6.314644210e-01
m_s11_db_mid = -6.637077163e-01
m_s11_db_hi = -6.985714776e-01
m_s21_db_lo = 9.9945612542e+00
m_s21_db_mid = 9.9551809104e+00
m_s21_db_hi = 9.9123024636e+00
m_s22_db_lo = -4.733593226e+00
m_s22_db_mid = -4.768889713e+00
m_s22_db_hi = -4.806226344e+00
m_s12_db_lo = -2.588036160e+01
m_s12_db_mid = -2.510315916e+01
m_s12_db_hi = -2.439963069e+01
m_k_lo = 2.7274873112e-01
m_k_mid = 2.6820309318e-01
m_k_hi = 2.6611055413e-01
m_nf_db_lo = 3.1618935330e+00
m_nf_db_mid = 3.1662878710e+00
m_nf_db_hi = 3.1711874560e+00
Note: Simulation executed from .control section 

