
Note: No compatibility mode selected!


Circuit: * lna-sparam-nf @ hbt_typ_125c_2.50v -- generated by sim/harness, do not edit

Doing analysis at TEMP = 125.000000 and TNOM = 27.000000

Using SPARSE 1.3 as Direct Linear Solver

No. of Data Rows : 3
Reset re-loads circuit * lna-sparam-nf @ hbt_typ_125c_2.50v -- generated by sim/harness, do not edit

Circuit: * lna-sparam-nf @ hbt_typ_125c_2.50v -- generated by sim/harness, do not edit

Doing analysis at TEMP = 125.000000 and TNOM = 27.000000

Using SPARSE 1.3 as Direct Linear Solver

No. of Data Rows : 3
Reset re-loads circuit * lna-sparam-nf @ hbt_typ_125c_2.50v -- generated by sim/harness, do not edit

Circuit: * lna-sparam-nf @ hbt_typ_125c_2.50v -- generated by sim/harness, do not edit

Doing analysis at TEMP = 125.000000 and TNOM = 27.000000

Using SPARSE 1.3 as Direct Linear Solver

No. of Data Rows : 3

No. of Data Rows : 1
m_s11_db_lo = -8.506317102e-01
m_s11_db_mid = -9.089832464e-01
m_s11_db_hi = -9.716274381e-01
m_s21_db_lo = 8.8853184645e+00
m_s21_db_mid = 8.8192157291e+00
m_s21_db_hi = 8.7479037132e+00
m_s22_db_lo = -4.724691297e+00
m_s22_db_mid = -4.783205015e+00
m_s22_db_hi = -4.845046900e+00
m_s12_db_lo = -2.478456749e+01
m_s12_db_mid = -2.403209763e+01
m_s12_db_hi = -2.335548194e+01
m_k_lo = 3.5606278804e-01
m_k_mid = 3.6084021175e-01
m_k_hi = 3.6796771970e-01
m_nf_db_lo = 5.0298942657e+00
m_nf_db_mid = 5.0424044795e+00
m_nf_db_hi = 5.0561950469e+00
Note: Simulation executed from .control section 



The temperature limiting function received NaN.
Please check your power dissipation and improve your heat sink Rth!
    This message will be shown only once.

Note: Starting dynamic gmin stepping
Note: Dynamic gmin stepping completed
Note: Starting dynamic gmin stepping
Note: Dynamic gmin stepping completed
Note: Starting dynamic gmin stepping
Note: Dynamic gmin stepping completed
