
Note: No compatibility mode selected!


Circuit: * lna-sparam-nf @ hbt_wcs_-40c_2.75v -- generated by sim/harness, do not edit

Doing analysis at TEMP = -40.000000 and TNOM = 27.000000

Using SPARSE 1.3 as Direct Linear Solver

No. of Data Rows : 3
Reset re-loads circuit * lna-sparam-nf @ hbt_wcs_-40c_2.75v -- generated by sim/harness, do not edit

Circuit: * lna-sparam-nf @ hbt_wcs_-40c_2.75v -- generated by sim/harness, do not edit

Doing analysis at TEMP = -40.000000 and TNOM = 27.000000

Using SPARSE 1.3 as Direct Linear Solver

No. of Data Rows : 3
Reset re-loads circuit * lna-sparam-nf @ hbt_wcs_-40c_2.75v -- generated by sim/harness, do not edit

Circuit: * lna-sparam-nf @ hbt_wcs_-40c_2.75v -- generated by sim/harness, do not edit

Doing analysis at TEMP = -40.000000 and TNOM = 27.000000

Using SPARSE 1.3 as Direct Linear Solver

No. of Data Rows : 3

No. of Data Rows : 1
m_s11_db_lo = -6.990534294e-01
m_s11_db_mid = -7.463033525e-01
m_s11_db_hi = -7.972449812e-01
m_s21_db_lo = 7.8977897294e+00
m_s21_db_mid = 7.8456853005e+00
m_s21_db_hi = 7.7892770387e+00
m_s22_db_lo = -4.797589924e+00
m_s22_db_mid = -4.845059541e+00
m_s22_db_hi = -4.895277526e+00
m_s12_db_lo = -2.458212435e+01
m_s12_db_mid = -2.381867955e+01
m_s12_db_hi = -2.312964716e+01
m_k_lo = 3.5597231042e-01
m_k_mid = 3.5674486003e-01
m_k_hi = 3.6017260501e-01
m_nf_db_lo = 4.1455645078e+00
m_nf_db_mid = 4.1523739302e+00
m_nf_db_hi = 4.1599052324e+00
Note: Simulation executed from .control section 

