
Note: No compatibility mode selected!


Circuit: * lna-sparam-nf @ hbt_bcs_-40c_2.50v -- generated by sim/harness, do not edit

Doing analysis at TEMP = -40.000000 and TNOM = 27.000000

Using SPARSE 1.3 as Direct Linear Solver

No. of Data Rows : 3
Reset re-loads circuit * lna-sparam-nf @ hbt_bcs_-40c_2.50v -- generated by sim/harness, do not edit

Circuit: * lna-sparam-nf @ hbt_bcs_-40c_2.50v -- generated by sim/harness, do not edit

Doing analysis at TEMP = -40.000000 and TNOM = 27.000000

Using SPARSE 1.3 as Direct Linear Solver

No. of Data Rows : 3
Reset re-loads circuit * lna-sparam-nf @ hbt_bcs_-40c_2.50v -- generated by sim/harness, do not edit

Circuit: * lna-sparam-nf @ hbt_bcs_-40c_2.50v -- generated by sim/harness, do not edit

Doing analysis at TEMP = -40.000000 and TNOM = 27.000000

Using SPARSE 1.3 as Direct Linear Solver

No. of Data Rows : 3

No. of Data Rows : 1
m_s11_db_lo = -6.021190879e-01
m_s11_db_mid = -6.339336440e-01
m_s11_db_hi = -6.683367784e-01
m_s21_db_lo = 9.6159924886e+00
m_s21_db_mid = 9.5776014520e+00
m_s21_db_hi = 9.5357794799e+00
m_s22_db_lo = -4.669742116e+00
m_s22_db_mid = -4.704316776e+00
m_s22_db_hi = -4.740872496e+00
m_s12_db_lo = -2.581333919e+01
m_s12_db_mid = -2.503384818e+01
m_s12_db_hi = -2.432829649e+01
m_k_lo = 2.5680740610e-01
m_k_mid = 2.5405172453e-01
m_k_hi = 2.5349108534e-01
m_nf_db_lo = 3.2429801413e+00
m_nf_db_mid = 3.2471478905e+00
m_nf_db_hi = 3.2518016600e+00
Note: Simulation executed from .control section 

