
Note: No compatibility mode selected!


Circuit: * lna-sparam-nf @ hbt_bcs_27c_2.25v -- generated by sim/harness, do not edit

Doing analysis at TEMP = 27.000000 and TNOM = 27.000000

Using SPARSE 1.3 as Direct Linear Solver

No. of Data Rows : 3
Reset re-loads circuit * lna-sparam-nf @ hbt_bcs_27c_2.25v -- generated by sim/harness, do not edit

Circuit: * lna-sparam-nf @ hbt_bcs_27c_2.25v -- generated by sim/harness, do not edit

Doing analysis at TEMP = 27.000000 and TNOM = 27.000000

Using SPARSE 1.3 as Direct Linear Solver

No. of Data Rows : 3
Reset re-loads circuit * lna-sparam-nf @ hbt_bcs_27c_2.25v -- generated by sim/harness, do not edit

Circuit: * lna-sparam-nf @ hbt_bcs_27c_2.25v -- generated by sim/harness, do not edit

Doing analysis at TEMP = 27.000000 and TNOM = 27.000000

Using SPARSE 1.3 as Direct Linear Solver

No. of Data Rows : 3

No. of Data Rows : 1
m_s11_db_lo = -6.575528954e-01
m_s11_db_mid = -6.966663056e-01
m_s11_db_hi = -7.388494407e-01
m_s21_db_lo = 9.9029324325e+00
m_s21_db_mid = 9.8558202550e+00
m_s21_db_hi = 9.8046590043e+00
m_s22_db_lo = -4.650602160e+00
m_s22_db_mid = -4.692782295e+00
m_s22_db_hi = -4.737412392e+00
m_s12_db_lo = -2.552278816e+01
m_s12_db_mid = -2.475133914e+01
m_s12_db_hi = -2.405457918e+01
m_k_lo = 2.4963630393e-01
m_k_mid = 2.5070935420e-01
m_k_hi = 2.5361946954e-01
m_nf_db_lo = 3.7362911208e+00
m_nf_db_mid = 3.7426804286e+00
m_nf_db_hi = 3.7497772123e+00
Note: Simulation executed from .control section 

