
Note: No compatibility mode selected!


Circuit: * lna-sparam-nf @ hbt_bcs_27c_2.75v -- generated by sim/harness, do not edit

Doing analysis at TEMP = 27.000000 and TNOM = 27.000000

Using SPARSE 1.3 as Direct Linear Solver

No. of Data Rows : 3
Reset re-loads circuit * lna-sparam-nf @ hbt_bcs_27c_2.75v -- generated by sim/harness, do not edit

Circuit: * lna-sparam-nf @ hbt_bcs_27c_2.75v -- generated by sim/harness, do not edit

Doing analysis at TEMP = 27.000000 and TNOM = 27.000000

Using SPARSE 1.3 as Direct Linear Solver

No. of Data Rows : 3
Reset re-loads circuit * lna-sparam-nf @ hbt_bcs_27c_2.75v -- generated by sim/harness, do not edit

Circuit: * lna-sparam-nf @ hbt_bcs_27c_2.75v -- generated by sim/harness, do not edit

Doing analysis at TEMP = 27.000000 and TNOM = 27.000000

Using SPARSE 1.3 as Direct Linear Solver

No. of Data Rows : 3

No. of Data Rows : 1
m_s11_db_lo = -6.935470090e-01
m_s11_db_mid = -7.316027142e-01
m_s11_db_hi = -7.726633730e-01
m_s21_db_lo = 1.0088093437e+01
m_s21_db_mid = 1.0041892240e+01
m_s21_db_hi = 9.9917052276e+00
m_s22_db_lo = -4.708776396e+00
m_s22_db_mid = -4.750108285e+00
m_s22_db_hi = -4.793862393e+00
m_s12_db_lo = -2.577275045e+01
m_s12_db_mid = -2.500083088e+01
m_s12_db_hi = -2.430340398e+01
m_k_lo = 2.8063394533e-01
m_k_mid = 2.7855324914e-01
m_k_hi = 2.7879688724e-01
m_nf_db_lo = 3.6985681684e+00
m_nf_db_mid = 3.7052087386e+00
m_nf_db_hi = 3.7125805087e+00
Note: Simulation executed from .control section 

