
Note: No compatibility mode selected!


Circuit: * lna-sparam-nf @ hbt_typ_-40c_2.25v -- generated by sim/harness, do not edit

Doing analysis at TEMP = -40.000000 and TNOM = 27.000000

Using SPARSE 1.3 as Direct Linear Solver

No. of Data Rows : 3
Reset re-loads circuit * lna-sparam-nf @ hbt_typ_-40c_2.25v -- generated by sim/harness, do not edit

Circuit: * lna-sparam-nf @ hbt_typ_-40c_2.25v -- generated by sim/harness, do not edit

Doing analysis at TEMP = -40.000000 and TNOM = 27.000000

Using SPARSE 1.3 as Direct Linear Solver

No. of Data Rows : 3
Reset re-loads circuit * lna-sparam-nf @ hbt_typ_-40c_2.25v -- generated by sim/harness, do not edit

Circuit: * lna-sparam-nf @ hbt_typ_-40c_2.25v -- generated by sim/harness, do not edit

Doing analysis at TEMP = -40.000000 and TNOM = 27.000000

Using SPARSE 1.3 as Direct Linear Solver

No. of Data Rows : 3

No. of Data Rows : 1
m_s11_db_lo = -6.202607143e-01
m_s11_db_mid = -6.587457677e-01
m_s11_db_hi = -7.003116053e-01
m_s21_db_lo = 8.0937657244e+00
m_s21_db_mid = 8.0502085669e+00
m_s21_db_hi = 8.0028860892e+00
m_s22_db_lo = -4.648723003e+00
m_s22_db_mid = -4.688332008e+00
m_s22_db_hi = -4.730210732e+00
m_s12_db_lo = -2.504377403e+01
m_s12_db_mid = -2.426939778e+01
m_s12_db_hi = -2.356943886e+01
m_k_lo = 2.9290717076e-01
m_k_mid = 2.9369115633e-01
m_k_hi = 2.9666267364e-01
m_nf_db_lo = 3.8313364117e+00
m_nf_db_mid = 3.8365469905e+00
m_nf_db_hi = 3.8423396487e+00
Note: Simulation executed from .control section 

