
Note: No compatibility mode selected!


Circuit: * lna-sparam-nf @ hbt_typ_125c_2.25v -- generated by sim/harness, do not edit

Doing analysis at TEMP = 125.000000 and TNOM = 27.000000

Using SPARSE 1.3 as Direct Linear Solver

No. of Data Rows : 3
Reset re-loads circuit * lna-sparam-nf @ hbt_typ_125c_2.25v -- generated by sim/harness, do not edit

Circuit: * lna-sparam-nf @ hbt_typ_125c_2.25v -- generated by sim/harness, do not edit

Doing analysis at TEMP = 125.000000 and TNOM = 27.000000

Using SPARSE 1.3 as Direct Linear Solver

No. of Data Rows : 3
Reset re-loads circuit * lna-sparam-nf @ hbt_typ_125c_2.25v -- generated by sim/harness, do not edit

Circuit: * lna-sparam-nf @ hbt_typ_125c_2.25v -- generated by sim/harness, do not edit

Doing analysis at TEMP = 125.000000 and TNOM = 27.000000

Using SPARSE 1.3 as Direct Linear Solver

No. of Data Rows : 3

No. of Data Rows : 1
m_s11_db_lo = -8.595484372e-01
m_s11_db_mid = -9.200452871e-01
m_s11_db_hi = -9.849484641e-01
m_s21_db_lo = 8.8614715426e+00
m_s21_db_mid = 8.7929259016e+00
m_s21_db_hi = 8.7190379591e+00
m_s22_db_lo = -4.734190411e+00
m_s22_db_mid = -4.794995386e+00
m_s22_db_hi = -4.859231373e+00
m_s12_db_lo = -2.453709558e+01
m_s12_db_mid = -2.378717099e+01
m_s12_db_hi = -2.311324309e+01
m_k_lo = 3.5043085246e-01
m_k_mid = 3.5616436091e-01
m_k_hi = 3.6412787389e-01
m_nf_db_lo = 5.0259857552e+00
m_nf_db_mid = 5.0385527846e+00
m_nf_db_hi = 5.0524027055e+00
Note: Simulation executed from .control section 



The temperature limiting function received NaN.
Please check your power dissipation and improve your heat sink Rth!
    This message will be shown only once.

Note: Starting dynamic gmin stepping
Note: Dynamic gmin stepping completed
Note: Starting dynamic gmin stepping
Note: Dynamic gmin stepping completed
Note: Starting dynamic gmin stepping
Note: Dynamic gmin stepping completed
