
Note: No compatibility mode selected!


Circuit: * lna-sparam-nf @ hbt_typ_27c_2.50v -- generated by sim/harness, do not edit

Doing analysis at TEMP = 27.000000 and TNOM = 27.000000

Using SPARSE 1.3 as Direct Linear Solver

No. of Data Rows : 3
Reset re-loads circuit * lna-sparam-nf @ hbt_typ_27c_2.50v -- generated by sim/harness, do not edit

Circuit: * lna-sparam-nf @ hbt_typ_27c_2.50v -- generated by sim/harness, do not edit

Doing analysis at TEMP = 27.000000 and TNOM = 27.000000

Using SPARSE 1.3 as Direct Linear Solver

No. of Data Rows : 3
Reset re-loads circuit * lna-sparam-nf @ hbt_typ_27c_2.50v -- generated by sim/harness, do not edit

Circuit: * lna-sparam-nf @ hbt_typ_27c_2.50v -- generated by sim/harness, do not edit

Doing analysis at TEMP = 27.000000 and TNOM = 27.000000

Using SPARSE 1.3 as Direct Linear Solver

No. of Data Rows : 3

No. of Data Rows : 1
m_s11_db_lo = -7.311709806e-01
m_s11_db_mid = -7.774931912e-01
m_s11_db_hi = -8.273995766e-01
m_s21_db_lo = 8.7845609677e+00
m_s21_db_mid = 8.7316672958e+00
m_s21_db_hi = 8.6743754426e+00
m_s22_db_lo = -4.707510161e+00
m_s22_db_mid = -4.755066699e+00
m_s22_db_hi = -4.805385116e+00
m_s12_db_lo = -2.504044812e+01
m_s12_db_mid = -2.427518494e+01
m_s12_db_hi = -2.358492166e+01
m_k_lo = 3.2312690937e-01
m_k_mid = 3.2440298046e-01
m_k_hi = 3.2805826960e-01
m_nf_db_lo = 4.2696081976e+00
m_nf_db_mid = 4.2776147005e+00
m_nf_db_hi = 4.2864736882e+00
Note: Simulation executed from .control section 

