
Note: No compatibility mode selected!


Circuit: * lna-sparam-nf @ hbt_typ_125c_2.75v -- generated by sim/harness, do not edit

Doing analysis at TEMP = 125.000000 and TNOM = 27.000000

Using SPARSE 1.3 as Direct Linear Solver

No. of Data Rows : 3
Reset re-loads circuit * lna-sparam-nf @ hbt_typ_125c_2.75v -- generated by sim/harness, do not edit

Circuit: * lna-sparam-nf @ hbt_typ_125c_2.75v -- generated by sim/harness, do not edit

Doing analysis at TEMP = 125.000000 and TNOM = 27.000000

Using SPARSE 1.3 as Direct Linear Solver

No. of Data Rows : 3
Reset re-loads circuit * lna-sparam-nf @ hbt_typ_125c_2.75v -- generated by sim/harness, do not edit

Circuit: * lna-sparam-nf @ hbt_typ_125c_2.75v -- generated by sim/harness, do not edit

Doing analysis at TEMP = 125.000000 and TNOM = 27.000000

Using SPARSE 1.3 as Direct Linear Solver

No. of Data Rows : 3

No. of Data Rows : 1
m_s11_db_lo = -8.697861010e-01
m_s11_db_mid = -9.266335876e-01
m_s11_db_hi = -9.876938097e-01
m_s21_db_lo = 8.9131281042e+00
m_s21_db_mid = 8.8486256984e+00
m_s21_db_hi = 8.7790053725e+00
m_s22_db_lo = -4.749265116e+00
m_s22_db_mid = -4.806230675e+00
m_s22_db_hi = -4.866456408e+00
m_s12_db_lo = -2.497123892e+01
m_s12_db_mid = -2.421724177e+01
m_s12_db_hi = -2.353896478e+01
m_k_lo = 3.7753972470e-01
m_k_mid = 3.8011319466e-01
m_k_hi = 3.8537676812e-01
m_nf_db_lo = 5.0298048745e+00
m_nf_db_mid = 5.0423746304e+00
m_nf_db_hi = 5.0562321699e+00
Note: Simulation executed from .control section 



The temperature limiting function received NaN.
Please check your power dissipation and improve your heat sink Rth!
    This message will be shown only once.

Note: Starting dynamic gmin stepping
Note: Dynamic gmin stepping completed
Note: Starting dynamic gmin stepping
Note: Dynamic gmin stepping completed
Note: Starting dynamic gmin stepping
Note: Dynamic gmin stepping completed
