
Note: No compatibility mode selected!


Circuit: * mixer-conversion-iip3 @ hbt_bcs_125c_2.25v -- generated by sim/harness, do not edit

Doing analysis at TEMP = 125.000000 and TNOM = 27.000000

Using SPARSE 1.3 as Direct Linear Solver

Initial Transient Solution
--------------------------

Node                                   Voltage
----                                   -------
vdd                                       2.25
coll                                  0.476586
base                                  0.870966
emit                                 0.0592106
xq1.s1                             1.19949e-06
xq1.t                                  8.06917
bb                                         0.9
rfsrc                                        0
prf                                          0
rfsrc2                                       0
prf2                                         0
losrc                                        0
plo                                          0
vlo#branch                                   0
vrf2#branch                                  0
vrf#branch                                   0
vbb#branch                        -9.67789e-06
vdd#branch                         -0.00591138


No. of Data Rows : 5411
FFT: Time span: 5.411e-08 s, input length: 5411, zero padding: 2781
FFT: Frequency resolution: 1.84809e+07 Hz, output length: 4097
m_pin_dbm = -3.602059991e+01
m_pfund_dbm = -3.890281858e+01
m_pim3_dbm = -5.047949938e+01
m_conversion_gain_db = -2.882218668e+00
m_conv_gain_voltage_secondary_db = -8.902818581e+00
m_iip3_dbm = -3.023225951e+01
m_lo_rf_leak_dbm = -2.725882226e+01



The temperature limiting function received NaN.
Please check your power dissipation and improve your heat sink Rth!
    This message will be shown only once.

doAnalyses: TRAN:  Timestep too small; time = 7.41028e-08, timestep = 1.25e-23: trouble with xq1:npn13g2_nx_vbic-instance q.xq1.qnpn13g2


tran simulation(s) aborted
Error: incomplete or empty netlist
       or no ".plot", ".print", or ".fourier" lines in batch mode;
no simulations run!
