
Note: No compatibility mode selected!


Circuit: * mixer-conversion-iip3 @ hbt_bcs_27c_2.25v -- generated by sim/harness, do not edit

Doing analysis at TEMP = 27.000000 and TNOM = 27.000000

Using SPARSE 1.3 as Direct Linear Solver

Initial Transient Solution
--------------------------

Node                                   Voltage
----                                   -------
vdd                                       2.25
coll                                   1.17484
base                                  0.890802
emit                                 0.0358692
xq1.s1                             8.19642e-10
xq1.t                                  13.3156
bb                                         0.9
rfsrc                                        0
prf                                          0
rfsrc2                                       0
prf2                                         0
losrc                                        0
plo                                          0
vlo#branch                                   0
vrf2#branch                                  0
vrf#branch                                   0
vbb#branch                        -3.06599e-06
vdd#branch                         -0.00358386


No. of Data Rows : 8001
FFT: Time span: 8.00058e-08 s, input length: 8001, zero padding: 191
FFT: Frequency resolution: 1.24991e+07 Hz, output length: 4097
m_pin_dbm = -3.602059991e+01
m_pfund_dbm = -4.725427816e+01
m_pim3_dbm = -7.831116413e+01
m_conversion_gain_db = -1.123367825e+01
m_conv_gain_voltage_secondary_db = -1.725427816e+01
m_iip3_dbm = -2.049215693e+01
m_lo_rf_leak_dbm = -2.379257912e+01
Note: Simulation executed from .control section 

