
Note: No compatibility mode selected!


Circuit: * mixer-conversion-iip3 @ hbt_typ_27c_2.50v -- generated by sim/harness, do not edit

Doing analysis at TEMP = 27.000000 and TNOM = 27.000000

Using SPARSE 1.3 as Direct Linear Solver

Initial Transient Solution
--------------------------

Node                                   Voltage
----                                   -------
vdd                                        2.5
coll                                   1.58286
base                                  0.887822
emit                                 0.0306121
xq1.s1                             1.10977e-09
xq1.t                                  15.4817
bb                                         0.9
rfsrc                                        0
prf                                          0
rfsrc2                                       0
prf2                                         0
losrc                                        0
plo                                          0
vlo#branch                                   0
vrf2#branch                                  0
vrf#branch                                   0
vbb#branch                        -4.05923e-06
vdd#branch                         -0.00305715


No. of Data Rows : 8001
FFT: Time span: 8.00058e-08 s, input length: 8001, zero padding: 191
FFT: Frequency resolution: 1.24991e+07 Hz, output length: 4097
m_pin_dbm = -3.602059991e+01
m_pfund_dbm = -4.762805685e+01
m_pim3_dbm = -7.851788892e+01
m_conversion_gain_db = -1.160745693e+01
m_conv_gain_voltage_secondary_db = -1.762805685e+01
m_iip3_dbm = -2.057568388e+01
m_lo_rf_leak_dbm = -2.377557724e+01
Note: Simulation executed from .control section 

