
Note: No compatibility mode selected!


Circuit: * mixer-conversion-iip3 @ hbt_wcs_27c_2.25v -- generated by sim/harness, do not edit

Doing analysis at TEMP = 27.000000 and TNOM = 27.000000

Using SPARSE 1.3 as Direct Linear Solver

Initial Transient Solution
--------------------------

Node                                   Voltage
----                                   -------
vdd                                       2.25
coll                                   1.54452
base                                  0.883045
emit                                 0.0235725
xq1.s1                             1.07428e-09
xq1.t                                  11.6764
bb                                         0.9
rfsrc                                        0
prf                                          0
rfsrc2                                       0
prf2                                         0
losrc                                        0
plo                                          0
vlo#branch                                   0
vrf2#branch                                  0
vrf#branch                                   0
vbb#branch                        -5.65183e-06
vdd#branch                          -0.0023516


No. of Data Rows : 8001
FFT: Time span: 8.00058e-08 s, input length: 8001, zero padding: 191
FFT: Frequency resolution: 1.24991e+07 Hz, output length: 4097
m_pin_dbm = -3.602059991e+01
m_pfund_dbm = -4.758671376e+01
m_pim3_dbm = -7.858891415e+01
m_conversion_gain_db = -1.156611384e+01
m_conv_gain_voltage_secondary_db = -1.758671376e+01
m_iip3_dbm = -2.051949972e+01
m_lo_rf_leak_dbm = -2.375788884e+01
Note: Simulation executed from .control section 

