
Note: No compatibility mode selected!


Circuit: * mixer-conversion-iip3 @ hbt_typ_125c_2.25v -- generated by sim/harness, do not edit

Doing analysis at TEMP = 125.000000 and TNOM = 27.000000

Using SPARSE 1.3 as Direct Linear Solver

Initial Transient Solution
--------------------------

Node                                   Voltage
----                                   -------
vdd                                       2.25
coll                                  0.811293
base                                  0.858054
emit                                 0.0480967
xq1.s1                             4.49176e-07
xq1.t                                  11.9687
bb                                         0.9
rfsrc                                        0
prf                                          0
rfsrc2                                       0
prf2                                         0
losrc                                        0
plo                                          0
vlo#branch                                   0
vrf2#branch                                  0
vrf#branch                                   0
vbb#branch                        -1.39819e-05
vdd#branch                         -0.00479569


No. of Data Rows : 8001
FFT: Time span: 8.00058e-08 s, input length: 8001, zero padding: 191
FFT: Frequency resolution: 1.24991e+07 Hz, output length: 4097
m_pin_dbm = -3.602059991e+01
m_pfund_dbm = -5.336954444e+01
m_pim3_dbm = -8.350862119e+01
m_conversion_gain_db = -1.734894453e+01
m_conv_gain_voltage_secondary_db = -2.336954444e+01
m_iip3_dbm = -2.095106154e+01
m_lo_rf_leak_dbm = -2.408310245e+01
Note: Simulation executed from .control section 



The temperature limiting function received NaN.
Please check your power dissipation and improve your heat sink Rth!
    This message will be shown only once.

Note: Starting dynamic gmin stepping
Note: Dynamic gmin stepping completed
