
Note: No compatibility mode selected!


Circuit: * mixer-conversion-iip3 @ hbt_typ_27c_2.75v -- generated by sim/harness, do not edit

Doing analysis at TEMP = 27.000000 and TNOM = 27.000000

Using SPARSE 1.3 as Direct Linear Solver

Initial Transient Solution
--------------------------

Node                                   Voltage
----                                   -------
vdd                                       2.75
coll                                   1.76094
base                                  0.891903
emit                                 0.0329957
xq1.s1                               1.245e-09
xq1.t                                  18.5794
bb                                         0.9
rfsrc                                        0
prf                                          0
rfsrc2                                       0
prf2                                         0
losrc                                        0
plo                                          0
vlo#branch                                   0
vrf2#branch                                  0
vrf#branch                                   0
vbb#branch                        -2.69914e-06
vdd#branch                         -0.00329688


No. of Data Rows : 8001
FFT: Time span: 8.00058e-08 s, input length: 8001, zero padding: 191
FFT: Frequency resolution: 1.24991e+07 Hz, output length: 4097
m_pin_dbm = -3.602059991e+01
m_pfund_dbm = -4.783747483e+01
m_pim3_dbm = -7.896234279e+01
m_conversion_gain_db = -1.181687491e+01
m_conv_gain_voltage_secondary_db = -1.783747483e+01
m_iip3_dbm = -2.045816593e+01
m_lo_rf_leak_dbm = -2.378854913e+01
Note: Simulation executed from .control section 

