
Note: No compatibility mode selected!


Circuit: * mixer-conversion-iip3 @ hbt_wcs_125c_2.75v -- generated by sim/harness, do not edit

Doing analysis at TEMP = 125.000000 and TNOM = 27.000000

Using SPARSE 1.3 as Direct Linear Solver

Initial Transient Solution
--------------------------

Node                                   Voltage
----                                   -------
vdd                                       2.75
coll                                   1.59185
base                                  0.844242
emit                                 0.0387909
xq1.s1                             8.45352e-07
xq1.t                                  19.5944
bb                                         0.9
rfsrc                                        0
prf                                          0
rfsrc2                                       0
prf2                                         0
losrc                                        0
plo                                          0
vlo#branch                                   0
vrf2#branch                                  0
vrf#branch                                   0
vbb#branch                         -1.8586e-05
vdd#branch                         -0.00386051


No. of Data Rows : 8001
FFT: Time span: 8.00058e-08 s, input length: 8001, zero padding: 191
FFT: Frequency resolution: 1.24991e+07 Hz, output length: 4097
m_pin_dbm = -3.602059991e+01
m_pfund_dbm = -5.078505111e+01
m_pim3_dbm = -8.097444548e+01
m_conversion_gain_db = -1.476445120e+01
m_conv_gain_voltage_secondary_db = -2.078505111e+01
m_iip3_dbm = -2.092590273e+01
m_lo_rf_leak_dbm = -2.388567025e+01
Note: Simulation executed from .control section 

Warning: singular matrix:  check nodes q.xq1.qnpn13g2#collCI and q.xq1.qnpn13g2#emitter

Note: Starting dynamic gmin stepping


The temperature limiting function received NaN.
Please check your power dissipation and improve your heat sink Rth!
    This message will be shown only once.

Note: Dynamic gmin stepping completed
