
Note: No compatibility mode selected!


Circuit: * mixer-conversion-iip3 @ hbt_bcs_125c_2.50v -- generated by sim/harness, do not edit

Doing analysis at TEMP = 125.000000 and TNOM = 27.000000

Using SPARSE 1.3 as Direct Linear Solver

Initial Transient Solution
--------------------------

Node                                   Voltage
----                                   -------
vdd                                        2.5
coll                                  0.695987
base                                  0.869743
emit                                 0.0602346
xq1.s1                             4.71943e-07
xq1.t                                  12.4896
bb                                         0.9
rfsrc                                        0
prf                                          0
rfsrc2                                       0
prf2                                         0
losrc                                        0
plo                                          0
vlo#branch                                   0
vrf2#branch                                  0
vrf#branch                                   0
vbb#branch                        -1.00856e-05
vdd#branch                         -0.00601338


No. of Data Rows : 8001
FFT: Time span: 8.00058e-08 s, input length: 8001, zero padding: 191
FFT: Frequency resolution: 1.24991e+07 Hz, output length: 4097
m_pin_dbm = -3.602059991e+01
m_pfund_dbm = -6.883276843e+01
m_pim3_dbm = -8.083653124e+01
m_conversion_gain_db = -3.281216852e+01
m_conv_gain_voltage_secondary_db = -3.883276843e+01
m_iip3_dbm = -3.001871851e+01
m_lo_rf_leak_dbm = -2.422640693e+01
Note: Simulation executed from .control section 



The temperature limiting function received NaN.
Please check your power dissipation and improve your heat sink Rth!
    This message will be shown only once.

Note: Starting dynamic gmin stepping
Note: Dynamic gmin stepping completed
