
Note: No compatibility mode selected!


Circuit: * mixer-conversion-iip3 @ hbt_typ_125c_2.75v -- generated by sim/harness, do not edit

Doing analysis at TEMP = 125.000000 and TNOM = 27.000000

Using SPARSE 1.3 as Direct Linear Solver

Initial Transient Solution
--------------------------

Node                                   Voltage
----                                   -------
vdd                                       2.75
coll                                   1.27517
base                                  0.855064
emit                                 0.0493108
xq1.s1                             8.51427e-07
xq1.t                                  19.6855
bb                                         0.9
rfsrc                                        0
prf                                          0
rfsrc2                                       0
prf2                                         0
losrc                                        0
plo                                          0
vlo#branch                                   0
vrf2#branch                                  0
vrf#branch                                   0
vbb#branch                        -1.49786e-05
vdd#branch                          -0.0049161


No. of Data Rows : 8001
FFT: Time span: 8.00058e-08 s, input length: 8001, zero padding: 191
FFT: Frequency resolution: 1.24991e+07 Hz, output length: 4097
m_pin_dbm = -3.602059991e+01
m_pfund_dbm = -5.198323789e+01
m_pim3_dbm = -8.212656691e+01
m_conversion_gain_db = -1.596263798e+01
m_conv_gain_voltage_secondary_db = -2.198323789e+01
m_iip3_dbm = -2.094893540e+01
m_lo_rf_leak_dbm = -2.393123766e+01
Note: Simulation executed from .control section 



The temperature limiting function received NaN.
Please check your power dissipation and improve your heat sink Rth!
    This message will be shown only once.

Note: Starting dynamic gmin stepping
Note: Dynamic gmin stepping completed
